{
  "count": 3,
  "observations": [
    {
      "table": "agents",
      "reached": true,
      "identityCalls": 4,
      "attempts": 0,
      "commits": 0,
      "result": null,
      "errorData": {
        "version": 1,
        "code": "REGISTRY_OPERATION_FAILED",
        "message": "Registry operation failed",
        "retryable": false,
        "outcome": "failed"
      }
    },
    {
      "table": "memorySpaces",
      "reached": true,
      "identityCalls": 5,
      "attempts": 0,
      "commits": 0,
      "result": null,
      "errorData": {
        "version": 1,
        "code": "REGISTRY_OPERATION_FAILED",
        "message": "Registry operation failed",
        "retryable": false,
        "outcome": "failed"
      }
    },
    {
      "table": "contexts",
      "reached": true,
      "identityCalls": 4,
      "attempts": 0,
      "commits": 0,
      "result": null,
      "errorData": {
        "version": 1,
        "code": "REGISTRY_OPERATION_FAILED",
        "message": "Registry operation failed",
        "retryable": false,
        "outcome": "failed"
      }
    }
  ]
}
