{
  "count": 36,
  "reached": 36,
  "mismatches": 0,
  "committedReceipts": 0,
  "observations": [
    {
      "table": "agents",
      "stage": "initial",
      "injectedCode": "UNAUTHENTICATED",
      "reached": true,
      "identityCalls": 1,
      "attempts": 0,
      "commits": 0,
      "result": null,
      "actualErrorData": {
        "version": 1,
        "code": "REGISTRY_OPERATION_FAILED",
        "message": "Registry operation failed",
        "retryable": false,
        "outcome": "failed"
      },
      "expectedErrorData": {
        "version": 1,
        "code": "REGISTRY_OPERATION_FAILED",
        "message": "Registry operation failed",
        "retryable": false,
        "outcome": "failed"
      },
      "requiredOutcomeSatisfied": true,
      "assertionFailure": null
    },
    {
      "table": "agents",
      "stage": "initial",
      "injectedCode": "FORBIDDEN",
      "reached": true,
      "identityCalls": 1,
      "attempts": 0,
      "commits": 0,
      "result": null,
      "actualErrorData": {
        "version": 1,
        "code": "REGISTRY_OPERATION_FAILED",
        "message": "Registry operation failed",
        "retryable": false,
        "outcome": "failed"
      },
      "expectedErrorData": {
        "version": 1,
        "code": "REGISTRY_OPERATION_FAILED",
        "message": "Registry operation failed",
        "retryable": false,
        "outcome": "failed"
      },
      "requiredOutcomeSatisfied": true,
      "assertionFailure": null
    },
    {
      "table": "agents",
      "stage": "initial",
      "injectedCode": "INVALID_INPUT",
      "reached": true,
      "identityCalls": 1,
      "attempts": 0,
      "commits": 0,
      "result": null,
      "actualErrorData": {
        "version": 1,
        "code": "REGISTRY_OPERATION_FAILED",
        "message": "Registry operation failed",
        "retryable": false,
        "outcome": "failed"
      },
      "expectedErrorData": {
        "version": 1,
        "code": "REGISTRY_OPERATION_FAILED",
        "message": "Registry operation failed",
        "retryable": false,
        "outcome": "failed"
      },
      "requiredOutcomeSatisfied": true,
      "assertionFailure": null
    },
    {
      "table": "agents",
      "stage": "initial",
      "injectedCode": "CAPABILITY_NOT_READY",
      "reached": true,
      "identityCalls": 1,
      "attempts": 0,
      "commits": 0,
      "result": null,
      "actualErrorData": {
        "version": 1,
        "code": "REGISTRY_OPERATION_FAILED",
        "message": "Registry operation failed",
        "retryable": false,
        "outcome": "failed"
      },
      "expectedErrorData": {
        "version": 1,
        "code": "REGISTRY_OPERATION_FAILED",
        "message": "Registry operation failed",
        "retryable": false,
        "outcome": "failed"
      },
      "requiredOutcomeSatisfied": true,
      "assertionFailure": null
    },
    {
      "table": "memorySpaces",
      "stage": "initial",
      "injectedCode": "UNAUTHENTICATED",
      "reached": true,
      "identityCalls": 1,
      "attempts": 0,
      "commits": 0,
      "result": null,
      "actualErrorData": {
        "version": 1,
        "code": "REGISTRY_OPERATION_FAILED",
        "message": "Registry operation failed",
        "retryable": false,
        "outcome": "failed"
      },
      "expectedErrorData": {
        "version": 1,
        "code": "REGISTRY_OPERATION_FAILED",
        "message": "Registry operation failed",
        "retryable": false,
        "outcome": "failed"
      },
      "requiredOutcomeSatisfied": true,
      "assertionFailure": null
    },
    {
      "table": "memorySpaces",
      "stage": "initial",
      "injectedCode": "FORBIDDEN",
      "reached": true,
      "identityCalls": 1,
      "attempts": 0,
      "commits": 0,
      "result": null,
      "actualErrorData": {
        "version": 1,
        "code": "REGISTRY_OPERATION_FAILED",
        "message": "Registry operation failed",
        "retryable": false,
        "outcome": "failed"
      },
      "expectedErrorData": {
        "version": 1,
        "code": "REGISTRY_OPERATION_FAILED",
        "message": "Registry operation failed",
        "retryable": false,
        "outcome": "failed"
      },
      "requiredOutcomeSatisfied": true,
      "assertionFailure": null
    },
    {
      "table": "memorySpaces",
      "stage": "initial",
      "injectedCode": "INVALID_INPUT",
      "reached": true,
      "identityCalls": 1,
      "attempts": 0,
      "commits": 0,
      "result": null,
      "actualErrorData": {
        "version": 1,
        "code": "REGISTRY_OPERATION_FAILED",
        "message": "Registry operation failed",
        "retryable": false,
        "outcome": "failed"
      },
      "expectedErrorData": {
        "version": 1,
        "code": "REGISTRY_OPERATION_FAILED",
        "message": "Registry operation failed",
        "retryable": false,
        "outcome": "failed"
      },
      "requiredOutcomeSatisfied": true,
      "assertionFailure": null
    },
    {
      "table": "memorySpaces",
      "stage": "initial",
      "injectedCode": "CAPABILITY_NOT_READY",
      "reached": true,
      "identityCalls": 1,
      "attempts": 0,
      "commits": 0,
      "result": null,
      "actualErrorData": {
        "version": 1,
        "code": "REGISTRY_OPERATION_FAILED",
        "message": "Registry operation failed",
        "retryable": false,
        "outcome": "failed"
      },
      "expectedErrorData": {
        "version": 1,
        "code": "REGISTRY_OPERATION_FAILED",
        "message": "Registry operation failed",
        "retryable": false,
        "outcome": "failed"
      },
      "requiredOutcomeSatisfied": true,
      "assertionFailure": null
    },
    {
      "table": "contexts",
      "stage": "initial",
      "injectedCode": "UNAUTHENTICATED",
      "reached": true,
      "identityCalls": 1,
      "attempts": 0,
      "commits": 0,
      "result": null,
      "actualErrorData": {
        "version": 1,
        "code": "REGISTRY_OPERATION_FAILED",
        "message": "Registry operation failed",
        "retryable": false,
        "outcome": "failed"
      },
      "expectedErrorData": {
        "version": 1,
        "code": "REGISTRY_OPERATION_FAILED",
        "message": "Registry operation failed",
        "retryable": false,
        "outcome": "failed"
      },
      "requiredOutcomeSatisfied": true,
      "assertionFailure": null
    },
    {
      "table": "contexts",
      "stage": "initial",
      "injectedCode": "FORBIDDEN",
      "reached": true,
      "identityCalls": 1,
      "attempts": 0,
      "commits": 0,
      "result": null,
      "actualErrorData": {
        "version": 1,
        "code": "REGISTRY_OPERATION_FAILED",
        "message": "Registry operation failed",
        "retryable": false,
        "outcome": "failed"
      },
      "expectedErrorData": {
        "version": 1,
        "code": "REGISTRY_OPERATION_FAILED",
        "message": "Registry operation failed",
        "retryable": false,
        "outcome": "failed"
      },
      "requiredOutcomeSatisfied": true,
      "assertionFailure": null
    },
    {
      "table": "contexts",
      "stage": "initial",
      "injectedCode": "INVALID_INPUT",
      "reached": true,
      "identityCalls": 1,
      "attempts": 0,
      "commits": 0,
      "result": null,
      "actualErrorData": {
        "version": 1,
        "code": "REGISTRY_OPERATION_FAILED",
        "message": "Registry operation failed",
        "retryable": false,
        "outcome": "failed"
      },
      "expectedErrorData": {
        "version": 1,
        "code": "REGISTRY_OPERATION_FAILED",
        "message": "Registry operation failed",
        "retryable": false,
        "outcome": "failed"
      },
      "requiredOutcomeSatisfied": true,
      "assertionFailure": null
    },
    {
      "table": "contexts",
      "stage": "initial",
      "injectedCode": "CAPABILITY_NOT_READY",
      "reached": true,
      "identityCalls": 1,
      "attempts": 0,
      "commits": 0,
      "result": null,
      "actualErrorData": {
        "version": 1,
        "code": "REGISTRY_OPERATION_FAILED",
        "message": "Registry operation failed",
        "retryable": false,
        "outcome": "failed"
      },
      "expectedErrorData": {
        "version": 1,
        "code": "REGISTRY_OPERATION_FAILED",
        "message": "Registry operation failed",
        "retryable": false,
        "outcome": "failed"
      },
      "requiredOutcomeSatisfied": true,
      "assertionFailure": null
    },
    {
      "table": "agents",
      "stage": "optionalRead",
      "injectedCode": "UNAUTHENTICATED",
      "reached": true,
      "identityCalls": 4,
      "attempts": 0,
      "commits": 0,
      "result": null,
      "actualErrorData": {
        "version": 1,
        "code": "REGISTRY_OPERATION_FAILED",
        "message": "Registry operation failed",
        "retryable": false,
        "outcome": "failed"
      },
      "expectedErrorData": {
        "version": 1,
        "code": "REGISTRY_OPERATION_FAILED",
        "message": "Registry operation failed",
        "retryable": false,
        "outcome": "failed"
      },
      "requiredOutcomeSatisfied": true,
      "assertionFailure": null
    },
    {
      "table": "agents",
      "stage": "optionalRead",
      "injectedCode": "FORBIDDEN",
      "reached": true,
      "identityCalls": 4,
      "attempts": 0,
      "commits": 0,
      "result": null,
      "actualErrorData": {
        "version": 1,
        "code": "REGISTRY_OPERATION_FAILED",
        "message": "Registry operation failed",
        "retryable": false,
        "outcome": "failed"
      },
      "expectedErrorData": {
        "version": 1,
        "code": "REGISTRY_OPERATION_FAILED",
        "message": "Registry operation failed",
        "retryable": false,
        "outcome": "failed"
      },
      "requiredOutcomeSatisfied": true,
      "assertionFailure": null
    },
    {
      "table": "agents",
      "stage": "optionalRead",
      "injectedCode": "INVALID_INPUT",
      "reached": true,
      "identityCalls": 4,
      "attempts": 0,
      "commits": 0,
      "result": null,
      "actualErrorData": {
        "version": 1,
        "code": "REGISTRY_OPERATION_FAILED",
        "message": "Registry operation failed",
        "retryable": false,
        "outcome": "failed"
      },
      "expectedErrorData": {
        "version": 1,
        "code": "REGISTRY_OPERATION_FAILED",
        "message": "Registry operation failed",
        "retryable": false,
        "outcome": "failed"
      },
      "requiredOutcomeSatisfied": true,
      "assertionFailure": null
    },
    {
      "table": "agents",
      "stage": "optionalRead",
      "injectedCode": "CAPABILITY_NOT_READY",
      "reached": true,
      "identityCalls": 4,
      "attempts": 0,
      "commits": 0,
      "result": null,
      "actualErrorData": {
        "version": 1,
        "code": "REGISTRY_OPERATION_FAILED",
        "message": "Registry operation failed",
        "retryable": false,
        "outcome": "failed"
      },
      "expectedErrorData": {
        "version": 1,
        "code": "REGISTRY_OPERATION_FAILED",
        "message": "Registry operation failed",
        "retryable": false,
        "outcome": "failed"
      },
      "requiredOutcomeSatisfied": true,
      "assertionFailure": null
    },
    {
      "table": "memorySpaces",
      "stage": "optionalRead",
      "injectedCode": "UNAUTHENTICATED",
      "reached": true,
      "identityCalls": 5,
      "attempts": 0,
      "commits": 0,
      "result": null,
      "actualErrorData": {
        "version": 1,
        "code": "REGISTRY_OPERATION_FAILED",
        "message": "Registry operation failed",
        "retryable": false,
        "outcome": "failed"
      },
      "expectedErrorData": {
        "version": 1,
        "code": "REGISTRY_OPERATION_FAILED",
        "message": "Registry operation failed",
        "retryable": false,
        "outcome": "failed"
      },
      "requiredOutcomeSatisfied": true,
      "assertionFailure": null
    },
    {
      "table": "memorySpaces",
      "stage": "optionalRead",
      "injectedCode": "FORBIDDEN",
      "reached": true,
      "identityCalls": 5,
      "attempts": 0,
      "commits": 0,
      "result": null,
      "actualErrorData": {
        "version": 1,
        "code": "REGISTRY_OPERATION_FAILED",
        "message": "Registry operation failed",
        "retryable": false,
        "outcome": "failed"
      },
      "expectedErrorData": {
        "version": 1,
        "code": "REGISTRY_OPERATION_FAILED",
        "message": "Registry operation failed",
        "retryable": false,
        "outcome": "failed"
      },
      "requiredOutcomeSatisfied": true,
      "assertionFailure": null
    },
    {
      "table": "memorySpaces",
      "stage": "optionalRead",
      "injectedCode": "INVALID_INPUT",
      "reached": true,
      "identityCalls": 5,
      "attempts": 0,
      "commits": 0,
      "result": null,
      "actualErrorData": {
        "version": 1,
        "code": "REGISTRY_OPERATION_FAILED",
        "message": "Registry operation failed",
        "retryable": false,
        "outcome": "failed"
      },
      "expectedErrorData": {
        "version": 1,
        "code": "REGISTRY_OPERATION_FAILED",
        "message": "Registry operation failed",
        "retryable": false,
        "outcome": "failed"
      },
      "requiredOutcomeSatisfied": true,
      "assertionFailure": null
    },
    {
      "table": "memorySpaces",
      "stage": "optionalRead",
      "injectedCode": "CAPABILITY_NOT_READY",
      "reached": true,
      "identityCalls": 5,
      "attempts": 0,
      "commits": 0,
      "result": null,
      "actualErrorData": {
        "version": 1,
        "code": "REGISTRY_OPERATION_FAILED",
        "message": "Registry operation failed",
        "retryable": false,
        "outcome": "failed"
      },
      "expectedErrorData": {
        "version": 1,
        "code": "REGISTRY_OPERATION_FAILED",
        "message": "Registry operation failed",
        "retryable": false,
        "outcome": "failed"
      },
      "requiredOutcomeSatisfied": true,
      "assertionFailure": null
    },
    {
      "table": "contexts",
      "stage": "optionalRead",
      "injectedCode": "UNAUTHENTICATED",
      "reached": true,
      "identityCalls": 4,
      "attempts": 0,
      "commits": 0,
      "result": null,
      "actualErrorData": {
        "version": 1,
        "code": "REGISTRY_OPERATION_FAILED",
        "message": "Registry operation failed",
        "retryable": false,
        "outcome": "failed"
      },
      "expectedErrorData": {
        "version": 1,
        "code": "REGISTRY_OPERATION_FAILED",
        "message": "Registry operation failed",
        "retryable": false,
        "outcome": "failed"
      },
      "requiredOutcomeSatisfied": true,
      "assertionFailure": null
    },
    {
      "table": "contexts",
      "stage": "optionalRead",
      "injectedCode": "FORBIDDEN",
      "reached": true,
      "identityCalls": 4,
      "attempts": 0,
      "commits": 0,
      "result": null,
      "actualErrorData": {
        "version": 1,
        "code": "REGISTRY_OPERATION_FAILED",
        "message": "Registry operation failed",
        "retryable": false,
        "outcome": "failed"
      },
      "expectedErrorData": {
        "version": 1,
        "code": "REGISTRY_OPERATION_FAILED",
        "message": "Registry operation failed",
        "retryable": false,
        "outcome": "failed"
      },
      "requiredOutcomeSatisfied": true,
      "assertionFailure": null
    },
    {
      "table": "contexts",
      "stage": "optionalRead",
      "injectedCode": "INVALID_INPUT",
      "reached": true,
      "identityCalls": 4,
      "attempts": 0,
      "commits": 0,
      "result": null,
      "actualErrorData": {
        "version": 1,
        "code": "REGISTRY_OPERATION_FAILED",
        "message": "Registry operation failed",
        "retryable": false,
        "outcome": "failed"
      },
      "expectedErrorData": {
        "version": 1,
        "code": "REGISTRY_OPERATION_FAILED",
        "message": "Registry operation failed",
        "retryable": false,
        "outcome": "failed"
      },
      "requiredOutcomeSatisfied": true,
      "assertionFailure": null
    },
    {
      "table": "contexts",
      "stage": "optionalRead",
      "injectedCode": "CAPABILITY_NOT_READY",
      "reached": true,
      "identityCalls": 4,
      "attempts": 0,
      "commits": 0,
      "result": null,
      "actualErrorData": {
        "version": 1,
        "code": "REGISTRY_OPERATION_FAILED",
        "message": "Registry operation failed",
        "retryable": false,
        "outcome": "failed"
      },
      "expectedErrorData": {
        "version": 1,
        "code": "REGISTRY_OPERATION_FAILED",
        "message": "Registry operation failed",
        "retryable": false,
        "outcome": "failed"
      },
      "requiredOutcomeSatisfied": true,
      "assertionFailure": null
    },
    {
      "table": "agents",
      "stage": "postInsert",
      "injectedCode": "UNAUTHENTICATED",
      "reached": true,
      "identityCalls": 4,
      "attempts": 1,
      "commits": 0,
      "result": null,
      "actualErrorData": {
        "version": 1,
        "code": "REGISTRY_OPERATION_FAILED",
        "message": "Registry operation failed",
        "retryable": false,
        "outcome": "rolled_back"
      },
      "expectedErrorData": {
        "version": 1,
        "code": "REGISTRY_OPERATION_FAILED",
        "message": "Registry operation failed",
        "retryable": false,
        "outcome": "rolled_back"
      },
      "requiredOutcomeSatisfied": true,
      "assertionFailure": null
    },
    {
      "table": "agents",
      "stage": "postInsert",
      "injectedCode": "FORBIDDEN",
      "reached": true,
      "identityCalls": 4,
      "attempts": 1,
      "commits": 0,
      "result": null,
      "actualErrorData": {
        "version": 1,
        "code": "REGISTRY_OPERATION_FAILED",
        "message": "Registry operation failed",
        "retryable": false,
        "outcome": "rolled_back"
      },
      "expectedErrorData": {
        "version": 1,
        "code": "REGISTRY_OPERATION_FAILED",
        "message": "Registry operation failed",
        "retryable": false,
        "outcome": "rolled_back"
      },
      "requiredOutcomeSatisfied": true,
      "assertionFailure": null
    },
    {
      "table": "agents",
      "stage": "postInsert",
      "injectedCode": "INVALID_INPUT",
      "reached": true,
      "identityCalls": 4,
      "attempts": 1,
      "commits": 0,
      "result": null,
      "actualErrorData": {
        "version": 1,
        "code": "REGISTRY_OPERATION_FAILED",
        "message": "Registry operation failed",
        "retryable": false,
        "outcome": "rolled_back"
      },
      "expectedErrorData": {
        "version": 1,
        "code": "REGISTRY_OPERATION_FAILED",
        "message": "Registry operation failed",
        "retryable": false,
        "outcome": "rolled_back"
      },
      "requiredOutcomeSatisfied": true,
      "assertionFailure": null
    },
    {
      "table": "agents",
      "stage": "postInsert",
      "injectedCode": "CAPABILITY_NOT_READY",
      "reached": true,
      "identityCalls": 4,
      "attempts": 1,
      "commits": 0,
      "result": null,
      "actualErrorData": {
        "version": 1,
        "code": "REGISTRY_OPERATION_FAILED",
        "message": "Registry operation failed",
        "retryable": false,
        "outcome": "rolled_back"
      },
      "expectedErrorData": {
        "version": 1,
        "code": "REGISTRY_OPERATION_FAILED",
        "message": "Registry operation failed",
        "retryable": false,
        "outcome": "rolled_back"
      },
      "requiredOutcomeSatisfied": true,
      "assertionFailure": null
    },
    {
      "table": "memorySpaces",
      "stage": "postInsert",
      "injectedCode": "UNAUTHENTICATED",
      "reached": true,
      "identityCalls": 5,
      "attempts": 1,
      "commits": 0,
      "result": null,
      "actualErrorData": {
        "version": 1,
        "code": "REGISTRY_OPERATION_FAILED",
        "message": "Registry operation failed",
        "retryable": false,
        "outcome": "rolled_back"
      },
      "expectedErrorData": {
        "version": 1,
        "code": "REGISTRY_OPERATION_FAILED",
        "message": "Registry operation failed",
        "retryable": false,
        "outcome": "rolled_back"
      },
      "requiredOutcomeSatisfied": true,
      "assertionFailure": null
    },
    {
      "table": "memorySpaces",
      "stage": "postInsert",
      "injectedCode": "FORBIDDEN",
      "reached": true,
      "identityCalls": 5,
      "attempts": 1,
      "commits": 0,
      "result": null,
      "actualErrorData": {
        "version": 1,
        "code": "REGISTRY_OPERATION_FAILED",
        "message": "Registry operation failed",
        "retryable": false,
        "outcome": "rolled_back"
      },
      "expectedErrorData": {
        "version": 1,
        "code": "REGISTRY_OPERATION_FAILED",
        "message": "Registry operation failed",
        "retryable": false,
        "outcome": "rolled_back"
      },
      "requiredOutcomeSatisfied": true,
      "assertionFailure": null
    },
    {
      "table": "memorySpaces",
      "stage": "postInsert",
      "injectedCode": "INVALID_INPUT",
      "reached": true,
      "identityCalls": 5,
      "attempts": 1,
      "commits": 0,
      "result": null,
      "actualErrorData": {
        "version": 1,
        "code": "REGISTRY_OPERATION_FAILED",
        "message": "Registry operation failed",
        "retryable": false,
        "outcome": "rolled_back"
      },
      "expectedErrorData": {
        "version": 1,
        "code": "REGISTRY_OPERATION_FAILED",
        "message": "Registry operation failed",
        "retryable": false,
        "outcome": "rolled_back"
      },
      "requiredOutcomeSatisfied": true,
      "assertionFailure": null
    },
    {
      "table": "memorySpaces",
      "stage": "postInsert",
      "injectedCode": "CAPABILITY_NOT_READY",
      "reached": true,
      "identityCalls": 5,
      "attempts": 1,
      "commits": 0,
      "result": null,
      "actualErrorData": {
        "version": 1,
        "code": "REGISTRY_OPERATION_FAILED",
        "message": "Registry operation failed",
        "retryable": false,
        "outcome": "rolled_back"
      },
      "expectedErrorData": {
        "version": 1,
        "code": "REGISTRY_OPERATION_FAILED",
        "message": "Registry operation failed",
        "retryable": false,
        "outcome": "rolled_back"
      },
      "requiredOutcomeSatisfied": true,
      "assertionFailure": null
    },
    {
      "table": "contexts",
      "stage": "postInsert",
      "injectedCode": "UNAUTHENTICATED",
      "reached": true,
      "identityCalls": 7,
      "attempts": 1,
      "commits": 0,
      "result": null,
      "actualErrorData": {
        "version": 1,
        "code": "REGISTRY_OPERATION_FAILED",
        "message": "Registry operation failed",
        "retryable": false,
        "outcome": "rolled_back"
      },
      "expectedErrorData": {
        "version": 1,
        "code": "REGISTRY_OPERATION_FAILED",
        "message": "Registry operation failed",
        "retryable": false,
        "outcome": "rolled_back"
      },
      "requiredOutcomeSatisfied": true,
      "assertionFailure": null
    },
    {
      "table": "contexts",
      "stage": "postInsert",
      "injectedCode": "FORBIDDEN",
      "reached": true,
      "identityCalls": 7,
      "attempts": 1,
      "commits": 0,
      "result": null,
      "actualErrorData": {
        "version": 1,
        "code": "REGISTRY_OPERATION_FAILED",
        "message": "Registry operation failed",
        "retryable": false,
        "outcome": "rolled_back"
      },
      "expectedErrorData": {
        "version": 1,
        "code": "REGISTRY_OPERATION_FAILED",
        "message": "Registry operation failed",
        "retryable": false,
        "outcome": "rolled_back"
      },
      "requiredOutcomeSatisfied": true,
      "assertionFailure": null
    },
    {
      "table": "contexts",
      "stage": "postInsert",
      "injectedCode": "INVALID_INPUT",
      "reached": true,
      "identityCalls": 7,
      "attempts": 1,
      "commits": 0,
      "result": null,
      "actualErrorData": {
        "version": 1,
        "code": "REGISTRY_OPERATION_FAILED",
        "message": "Registry operation failed",
        "retryable": false,
        "outcome": "rolled_back"
      },
      "expectedErrorData": {
        "version": 1,
        "code": "REGISTRY_OPERATION_FAILED",
        "message": "Registry operation failed",
        "retryable": false,
        "outcome": "rolled_back"
      },
      "requiredOutcomeSatisfied": true,
      "assertionFailure": null
    },
    {
      "table": "contexts",
      "stage": "postInsert",
      "injectedCode": "CAPABILITY_NOT_READY",
      "reached": true,
      "identityCalls": 7,
      "attempts": 1,
      "commits": 0,
      "result": null,
      "actualErrorData": {
        "version": 1,
        "code": "REGISTRY_OPERATION_FAILED",
        "message": "Registry operation failed",
        "retryable": false,
        "outcome": "rolled_back"
      },
      "expectedErrorData": {
        "version": 1,
        "code": "REGISTRY_OPERATION_FAILED",
        "message": "Registry operation failed",
        "retryable": false,
        "outcome": "rolled_back"
      },
      "requiredOutcomeSatisfied": true,
      "assertionFailure": null
    }
  ]
}
