{
  "mode": "post-repair exact negative outcomes",
  "count": 44,
  "outcomes": [
    {
      "path": "agents:get",
      "scopes": "spaces",
      "corruption": "tenantScope",
      "reached": true,
      "attempts": 0,
      "writes": 0,
      "success": false,
      "result": null,
      "errorData": {
        "version": 1,
        "code": "REGISTRY_OPERATION_FAILED",
        "message": "Registry operation failed",
        "retryable": false,
        "outcome": "failed"
      },
      "errorMessage": "{\"version\":1,\"code\":\"REGISTRY_OPERATION_FAILED\",\"message\":\"Registry operation failed\",\"retryable\":false,\"outcome\":\"failed\"}"
    },
    {
      "path": "agents:get",
      "scopes": "spaces",
      "corruption": "spaceScope",
      "reached": true,
      "attempts": 0,
      "writes": 0,
      "success": false,
      "result": null,
      "errorData": {
        "version": 1,
        "code": "REGISTRY_OPERATION_FAILED",
        "message": "Registry operation failed",
        "retryable": false,
        "outcome": "failed"
      },
      "errorMessage": "{\"version\":1,\"code\":\"REGISTRY_OPERATION_FAILED\",\"message\":\"Registry operation failed\",\"retryable\":false,\"outcome\":\"failed\"}"
    },
    {
      "path": "agents:get",
      "scopes": "spaces",
      "corruption": "tenantTombstone",
      "reached": true,
      "attempts": 0,
      "writes": 0,
      "success": false,
      "result": null,
      "errorData": {
        "version": 1,
        "code": "REGISTRY_OPERATION_FAILED",
        "message": "Registry operation failed",
        "retryable": false,
        "outcome": "failed"
      },
      "errorMessage": "{\"version\":1,\"code\":\"REGISTRY_OPERATION_FAILED\",\"message\":\"Registry operation failed\",\"retryable\":false,\"outcome\":\"failed\"}"
    },
    {
      "path": "agents:get",
      "scopes": "spaces",
      "corruption": "spaceTombstone",
      "reached": true,
      "attempts": 0,
      "writes": 0,
      "success": false,
      "result": null,
      "errorData": {
        "version": 1,
        "code": "REGISTRY_OPERATION_FAILED",
        "message": "Registry operation failed",
        "retryable": false,
        "outcome": "failed"
      },
      "errorMessage": "{\"version\":1,\"code\":\"REGISTRY_OPERATION_FAILED\",\"message\":\"Registry operation failed\",\"retryable\":false,\"outcome\":\"failed\"}"
    },
    {
      "path": "agents:update",
      "scopes": "spaces",
      "corruption": "tenantScope",
      "reached": true,
      "attempts": 0,
      "writes": 0,
      "success": false,
      "result": null,
      "errorData": {
        "version": 1,
        "code": "REGISTRY_OPERATION_FAILED",
        "message": "Registry operation failed",
        "retryable": false,
        "outcome": "failed"
      },
      "errorMessage": "{\"version\":1,\"code\":\"REGISTRY_OPERATION_FAILED\",\"message\":\"Registry operation failed\",\"retryable\":false,\"outcome\":\"failed\"}"
    },
    {
      "path": "agents:update",
      "scopes": "spaces",
      "corruption": "spaceScope",
      "reached": true,
      "attempts": 0,
      "writes": 0,
      "success": false,
      "result": null,
      "errorData": {
        "version": 1,
        "code": "REGISTRY_OPERATION_FAILED",
        "message": "Registry operation failed",
        "retryable": false,
        "outcome": "failed"
      },
      "errorMessage": "{\"version\":1,\"code\":\"REGISTRY_OPERATION_FAILED\",\"message\":\"Registry operation failed\",\"retryable\":false,\"outcome\":\"failed\"}"
    },
    {
      "path": "agents:update",
      "scopes": "spaces",
      "corruption": "tenantTombstone",
      "reached": true,
      "attempts": 0,
      "writes": 0,
      "success": false,
      "result": null,
      "errorData": {
        "version": 1,
        "code": "REGISTRY_OPERATION_FAILED",
        "message": "Registry operation failed",
        "retryable": false,
        "outcome": "failed"
      },
      "errorMessage": "{\"version\":1,\"code\":\"REGISTRY_OPERATION_FAILED\",\"message\":\"Registry operation failed\",\"retryable\":false,\"outcome\":\"failed\"}"
    },
    {
      "path": "agents:update",
      "scopes": "spaces",
      "corruption": "spaceTombstone",
      "reached": true,
      "attempts": 0,
      "writes": 0,
      "success": false,
      "result": null,
      "errorData": {
        "version": 1,
        "code": "REGISTRY_OPERATION_FAILED",
        "message": "Registry operation failed",
        "retryable": false,
        "outcome": "failed"
      },
      "errorMessage": "{\"version\":1,\"code\":\"REGISTRY_OPERATION_FAILED\",\"message\":\"Registry operation failed\",\"retryable\":false,\"outcome\":\"failed\"}"
    },
    {
      "path": "contexts:get",
      "scopes": "spaces",
      "corruption": "tenantScope",
      "reached": true,
      "attempts": 0,
      "writes": 0,
      "success": false,
      "result": null,
      "errorData": {
        "version": 1,
        "code": "REGISTRY_OPERATION_FAILED",
        "message": "Registry operation failed",
        "retryable": false,
        "outcome": "failed"
      },
      "errorMessage": "{\"version\":1,\"code\":\"REGISTRY_OPERATION_FAILED\",\"message\":\"Registry operation failed\",\"retryable\":false,\"outcome\":\"failed\"}"
    },
    {
      "path": "contexts:get",
      "scopes": "spaces",
      "corruption": "spaceScope",
      "reached": true,
      "attempts": 0,
      "writes": 0,
      "success": false,
      "result": null,
      "errorData": {
        "version": 1,
        "code": "REGISTRY_OPERATION_FAILED",
        "message": "Registry operation failed",
        "retryable": false,
        "outcome": "failed"
      },
      "errorMessage": "{\"version\":1,\"code\":\"REGISTRY_OPERATION_FAILED\",\"message\":\"Registry operation failed\",\"retryable\":false,\"outcome\":\"failed\"}"
    },
    {
      "path": "contexts:get",
      "scopes": "spaces",
      "corruption": "tenantTombstone",
      "reached": true,
      "attempts": 0,
      "writes": 0,
      "success": false,
      "result": null,
      "errorData": {
        "version": 1,
        "code": "REGISTRY_OPERATION_FAILED",
        "message": "Registry operation failed",
        "retryable": false,
        "outcome": "failed"
      },
      "errorMessage": "{\"version\":1,\"code\":\"REGISTRY_OPERATION_FAILED\",\"message\":\"Registry operation failed\",\"retryable\":false,\"outcome\":\"failed\"}"
    },
    {
      "path": "contexts:get",
      "scopes": "spaces",
      "corruption": "spaceTombstone",
      "reached": true,
      "attempts": 0,
      "writes": 0,
      "success": false,
      "result": null,
      "errorData": {
        "version": 1,
        "code": "REGISTRY_OPERATION_FAILED",
        "message": "Registry operation failed",
        "retryable": false,
        "outcome": "failed"
      },
      "errorMessage": "{\"version\":1,\"code\":\"REGISTRY_OPERATION_FAILED\",\"message\":\"Registry operation failed\",\"retryable\":false,\"outcome\":\"failed\"}"
    },
    {
      "path": "contexts:update",
      "scopes": "spaces",
      "corruption": "tenantScope",
      "reached": true,
      "attempts": 0,
      "writes": 0,
      "success": false,
      "result": null,
      "errorData": {
        "version": 1,
        "code": "REGISTRY_OPERATION_FAILED",
        "message": "Registry operation failed",
        "retryable": false,
        "outcome": "failed"
      },
      "errorMessage": "{\"version\":1,\"code\":\"REGISTRY_OPERATION_FAILED\",\"message\":\"Registry operation failed\",\"retryable\":false,\"outcome\":\"failed\"}"
    },
    {
      "path": "contexts:update",
      "scopes": "spaces",
      "corruption": "spaceScope",
      "reached": true,
      "attempts": 0,
      "writes": 0,
      "success": false,
      "result": null,
      "errorData": {
        "version": 1,
        "code": "REGISTRY_OPERATION_FAILED",
        "message": "Registry operation failed",
        "retryable": false,
        "outcome": "failed"
      },
      "errorMessage": "{\"version\":1,\"code\":\"REGISTRY_OPERATION_FAILED\",\"message\":\"Registry operation failed\",\"retryable\":false,\"outcome\":\"failed\"}"
    },
    {
      "path": "contexts:update",
      "scopes": "spaces",
      "corruption": "tenantTombstone",
      "reached": true,
      "attempts": 0,
      "writes": 0,
      "success": false,
      "result": null,
      "errorData": {
        "version": 1,
        "code": "REGISTRY_OPERATION_FAILED",
        "message": "Registry operation failed",
        "retryable": false,
        "outcome": "failed"
      },
      "errorMessage": "{\"version\":1,\"code\":\"REGISTRY_OPERATION_FAILED\",\"message\":\"Registry operation failed\",\"retryable\":false,\"outcome\":\"failed\"}"
    },
    {
      "path": "contexts:update",
      "scopes": "spaces",
      "corruption": "spaceTombstone",
      "reached": true,
      "attempts": 0,
      "writes": 0,
      "success": false,
      "result": null,
      "errorData": {
        "version": 1,
        "code": "REGISTRY_OPERATION_FAILED",
        "message": "Registry operation failed",
        "retryable": false,
        "outcome": "failed"
      },
      "errorMessage": "{\"version\":1,\"code\":\"REGISTRY_OPERATION_FAILED\",\"message\":\"Registry operation failed\",\"retryable\":false,\"outcome\":\"failed\"}"
    },
    {
      "path": "agents:get",
      "scopes": "tenants",
      "corruption": "tenantScope",
      "reached": true,
      "attempts": 0,
      "writes": 0,
      "success": false,
      "result": null,
      "errorData": {
        "version": 1,
        "code": "REGISTRY_OPERATION_FAILED",
        "message": "Registry operation failed",
        "retryable": false,
        "outcome": "failed"
      },
      "errorMessage": "{\"version\":1,\"code\":\"REGISTRY_OPERATION_FAILED\",\"message\":\"Registry operation failed\",\"retryable\":false,\"outcome\":\"failed\"}"
    },
    {
      "path": "agents:get",
      "scopes": "tenants",
      "corruption": "spaceScope",
      "reached": true,
      "attempts": 0,
      "writes": 0,
      "success": false,
      "result": null,
      "errorData": {
        "version": 1,
        "code": "REGISTRY_OPERATION_FAILED",
        "message": "Registry operation failed",
        "retryable": false,
        "outcome": "failed"
      },
      "errorMessage": "{\"version\":1,\"code\":\"REGISTRY_OPERATION_FAILED\",\"message\":\"Registry operation failed\",\"retryable\":false,\"outcome\":\"failed\"}"
    },
    {
      "path": "agents:get",
      "scopes": "tenants",
      "corruption": "tenantTombstone",
      "reached": true,
      "attempts": 0,
      "writes": 0,
      "success": false,
      "result": null,
      "errorData": {
        "version": 1,
        "code": "REGISTRY_OPERATION_FAILED",
        "message": "Registry operation failed",
        "retryable": false,
        "outcome": "failed"
      },
      "errorMessage": "{\"version\":1,\"code\":\"REGISTRY_OPERATION_FAILED\",\"message\":\"Registry operation failed\",\"retryable\":false,\"outcome\":\"failed\"}"
    },
    {
      "path": "agents:get",
      "scopes": "tenants",
      "corruption": "spaceTombstone",
      "reached": true,
      "attempts": 0,
      "writes": 0,
      "success": false,
      "result": null,
      "errorData": {
        "version": 1,
        "code": "REGISTRY_OPERATION_FAILED",
        "message": "Registry operation failed",
        "retryable": false,
        "outcome": "failed"
      },
      "errorMessage": "{\"version\":1,\"code\":\"REGISTRY_OPERATION_FAILED\",\"message\":\"Registry operation failed\",\"retryable\":false,\"outcome\":\"failed\"}"
    },
    {
      "path": "agents:update",
      "scopes": "tenants",
      "corruption": "tenantScope",
      "reached": true,
      "attempts": 0,
      "writes": 0,
      "success": false,
      "result": null,
      "errorData": {
        "version": 1,
        "code": "REGISTRY_OPERATION_FAILED",
        "message": "Registry operation failed",
        "retryable": false,
        "outcome": "failed"
      },
      "errorMessage": "{\"version\":1,\"code\":\"REGISTRY_OPERATION_FAILED\",\"message\":\"Registry operation failed\",\"retryable\":false,\"outcome\":\"failed\"}"
    },
    {
      "path": "agents:update",
      "scopes": "tenants",
      "corruption": "spaceScope",
      "reached": true,
      "attempts": 0,
      "writes": 0,
      "success": false,
      "result": null,
      "errorData": {
        "version": 1,
        "code": "REGISTRY_OPERATION_FAILED",
        "message": "Registry operation failed",
        "retryable": false,
        "outcome": "failed"
      },
      "errorMessage": "{\"version\":1,\"code\":\"REGISTRY_OPERATION_FAILED\",\"message\":\"Registry operation failed\",\"retryable\":false,\"outcome\":\"failed\"}"
    },
    {
      "path": "agents:update",
      "scopes": "tenants",
      "corruption": "tenantTombstone",
      "reached": true,
      "attempts": 0,
      "writes": 0,
      "success": false,
      "result": null,
      "errorData": {
        "version": 1,
        "code": "REGISTRY_OPERATION_FAILED",
        "message": "Registry operation failed",
        "retryable": false,
        "outcome": "failed"
      },
      "errorMessage": "{\"version\":1,\"code\":\"REGISTRY_OPERATION_FAILED\",\"message\":\"Registry operation failed\",\"retryable\":false,\"outcome\":\"failed\"}"
    },
    {
      "path": "agents:update",
      "scopes": "tenants",
      "corruption": "spaceTombstone",
      "reached": true,
      "attempts": 0,
      "writes": 0,
      "success": false,
      "result": null,
      "errorData": {
        "version": 1,
        "code": "REGISTRY_OPERATION_FAILED",
        "message": "Registry operation failed",
        "retryable": false,
        "outcome": "failed"
      },
      "errorMessage": "{\"version\":1,\"code\":\"REGISTRY_OPERATION_FAILED\",\"message\":\"Registry operation failed\",\"retryable\":false,\"outcome\":\"failed\"}"
    },
    {
      "path": "contexts:get",
      "scopes": "tenants",
      "corruption": "tenantScope",
      "reached": true,
      "attempts": 0,
      "writes": 0,
      "success": false,
      "result": null,
      "errorData": {
        "version": 1,
        "code": "REGISTRY_OPERATION_FAILED",
        "message": "Registry operation failed",
        "retryable": false,
        "outcome": "failed"
      },
      "errorMessage": "{\"version\":1,\"code\":\"REGISTRY_OPERATION_FAILED\",\"message\":\"Registry operation failed\",\"retryable\":false,\"outcome\":\"failed\"}"
    },
    {
      "path": "contexts:get",
      "scopes": "tenants",
      "corruption": "spaceScope",
      "reached": true,
      "attempts": 0,
      "writes": 0,
      "success": false,
      "result": null,
      "errorData": {
        "version": 1,
        "code": "REGISTRY_OPERATION_FAILED",
        "message": "Registry operation failed",
        "retryable": false,
        "outcome": "failed"
      },
      "errorMessage": "{\"version\":1,\"code\":\"REGISTRY_OPERATION_FAILED\",\"message\":\"Registry operation failed\",\"retryable\":false,\"outcome\":\"failed\"}"
    },
    {
      "path": "contexts:get",
      "scopes": "tenants",
      "corruption": "tenantTombstone",
      "reached": true,
      "attempts": 0,
      "writes": 0,
      "success": false,
      "result": null,
      "errorData": {
        "version": 1,
        "code": "REGISTRY_OPERATION_FAILED",
        "message": "Registry operation failed",
        "retryable": false,
        "outcome": "failed"
      },
      "errorMessage": "{\"version\":1,\"code\":\"REGISTRY_OPERATION_FAILED\",\"message\":\"Registry operation failed\",\"retryable\":false,\"outcome\":\"failed\"}"
    },
    {
      "path": "contexts:get",
      "scopes": "tenants",
      "corruption": "spaceTombstone",
      "reached": true,
      "attempts": 0,
      "writes": 0,
      "success": false,
      "result": null,
      "errorData": {
        "version": 1,
        "code": "REGISTRY_OPERATION_FAILED",
        "message": "Registry operation failed",
        "retryable": false,
        "outcome": "failed"
      },
      "errorMessage": "{\"version\":1,\"code\":\"REGISTRY_OPERATION_FAILED\",\"message\":\"Registry operation failed\",\"retryable\":false,\"outcome\":\"failed\"}"
    },
    {
      "path": "contexts:update",
      "scopes": "tenants",
      "corruption": "tenantScope",
      "reached": true,
      "attempts": 0,
      "writes": 0,
      "success": false,
      "result": null,
      "errorData": {
        "version": 1,
        "code": "REGISTRY_OPERATION_FAILED",
        "message": "Registry operation failed",
        "retryable": false,
        "outcome": "failed"
      },
      "errorMessage": "{\"version\":1,\"code\":\"REGISTRY_OPERATION_FAILED\",\"message\":\"Registry operation failed\",\"retryable\":false,\"outcome\":\"failed\"}"
    },
    {
      "path": "contexts:update",
      "scopes": "tenants",
      "corruption": "spaceScope",
      "reached": true,
      "attempts": 0,
      "writes": 0,
      "success": false,
      "result": null,
      "errorData": {
        "version": 1,
        "code": "REGISTRY_OPERATION_FAILED",
        "message": "Registry operation failed",
        "retryable": false,
        "outcome": "failed"
      },
      "errorMessage": "{\"version\":1,\"code\":\"REGISTRY_OPERATION_FAILED\",\"message\":\"Registry operation failed\",\"retryable\":false,\"outcome\":\"failed\"}"
    },
    {
      "path": "contexts:update",
      "scopes": "tenants",
      "corruption": "tenantTombstone",
      "reached": true,
      "attempts": 0,
      "writes": 0,
      "success": false,
      "result": null,
      "errorData": {
        "version": 1,
        "code": "REGISTRY_OPERATION_FAILED",
        "message": "Registry operation failed",
        "retryable": false,
        "outcome": "failed"
      },
      "errorMessage": "{\"version\":1,\"code\":\"REGISTRY_OPERATION_FAILED\",\"message\":\"Registry operation failed\",\"retryable\":false,\"outcome\":\"failed\"}"
    },
    {
      "path": "contexts:update",
      "scopes": "tenants",
      "corruption": "spaceTombstone",
      "reached": true,
      "attempts": 0,
      "writes": 0,
      "success": false,
      "result": null,
      "errorData": {
        "version": 1,
        "code": "REGISTRY_OPERATION_FAILED",
        "message": "Registry operation failed",
        "retryable": false,
        "outcome": "failed"
      },
      "errorMessage": "{\"version\":1,\"code\":\"REGISTRY_OPERATION_FAILED\",\"message\":\"Registry operation failed\",\"retryable\":false,\"outcome\":\"failed\"}"
    },
    {
      "path": "memorySpaces:list",
      "scopes": "spaces",
      "corruption": "tenantScope",
      "reached": true,
      "attempts": 0,
      "writes": 0,
      "success": false,
      "result": null,
      "errorData": {
        "version": 1,
        "code": "REGISTRY_OPERATION_FAILED",
        "message": "Registry operation failed",
        "retryable": false,
        "outcome": "failed"
      },
      "errorMessage": "{\"version\":1,\"code\":\"REGISTRY_OPERATION_FAILED\",\"message\":\"Registry operation failed\",\"retryable\":false,\"outcome\":\"failed\"}"
    },
    {
      "path": "memorySpaces:list",
      "scopes": "spaces",
      "corruption": "spaceScope",
      "reached": true,
      "attempts": 0,
      "writes": 0,
      "success": false,
      "result": null,
      "errorData": {
        "version": 1,
        "code": "REGISTRY_OPERATION_FAILED",
        "message": "Registry operation failed",
        "retryable": false,
        "outcome": "failed"
      },
      "errorMessage": "{\"version\":1,\"code\":\"REGISTRY_OPERATION_FAILED\",\"message\":\"Registry operation failed\",\"retryable\":false,\"outcome\":\"failed\"}"
    },
    {
      "path": "memorySpaces:list",
      "scopes": "spaces",
      "corruption": "tenantTombstone",
      "reached": true,
      "attempts": 0,
      "writes": 0,
      "success": false,
      "result": null,
      "errorData": {
        "version": 1,
        "code": "REGISTRY_OPERATION_FAILED",
        "message": "Registry operation failed",
        "retryable": false,
        "outcome": "failed"
      },
      "errorMessage": "{\"version\":1,\"code\":\"REGISTRY_OPERATION_FAILED\",\"message\":\"Registry operation failed\",\"retryable\":false,\"outcome\":\"failed\"}"
    },
    {
      "path": "memorySpaces:list",
      "scopes": "spaces",
      "corruption": "spaceTombstone",
      "reached": true,
      "attempts": 0,
      "writes": 0,
      "success": false,
      "result": null,
      "errorData": {
        "version": 1,
        "code": "REGISTRY_OPERATION_FAILED",
        "message": "Registry operation failed",
        "retryable": false,
        "outcome": "failed"
      },
      "errorMessage": "{\"version\":1,\"code\":\"REGISTRY_OPERATION_FAILED\",\"message\":\"Registry operation failed\",\"retryable\":false,\"outcome\":\"failed\"}"
    },
    {
      "path": "memorySpaces:get",
      "scopes": "tenants",
      "corruption": "tenantScope",
      "reached": true,
      "attempts": 0,
      "writes": 0,
      "success": false,
      "result": null,
      "errorData": {
        "version": 1,
        "code": "REGISTRY_OPERATION_FAILED",
        "message": "Registry operation failed",
        "retryable": false,
        "outcome": "failed"
      },
      "errorMessage": "{\"version\":1,\"code\":\"REGISTRY_OPERATION_FAILED\",\"message\":\"Registry operation failed\",\"retryable\":false,\"outcome\":\"failed\"}"
    },
    {
      "path": "memorySpaces:get",
      "scopes": "tenants",
      "corruption": "spaceScope",
      "reached": true,
      "attempts": 0,
      "writes": 0,
      "success": false,
      "result": null,
      "errorData": {
        "version": 1,
        "code": "REGISTRY_OPERATION_FAILED",
        "message": "Registry operation failed",
        "retryable": false,
        "outcome": "failed"
      },
      "errorMessage": "{\"version\":1,\"code\":\"REGISTRY_OPERATION_FAILED\",\"message\":\"Registry operation failed\",\"retryable\":false,\"outcome\":\"failed\"}"
    },
    {
      "path": "memorySpaces:get",
      "scopes": "tenants",
      "corruption": "tenantTombstone",
      "reached": true,
      "attempts": 0,
      "writes": 0,
      "success": false,
      "result": null,
      "errorData": {
        "version": 1,
        "code": "REGISTRY_OPERATION_FAILED",
        "message": "Registry operation failed",
        "retryable": false,
        "outcome": "failed"
      },
      "errorMessage": "{\"version\":1,\"code\":\"REGISTRY_OPERATION_FAILED\",\"message\":\"Registry operation failed\",\"retryable\":false,\"outcome\":\"failed\"}"
    },
    {
      "path": "memorySpaces:get",
      "scopes": "tenants",
      "corruption": "spaceTombstone",
      "reached": true,
      "attempts": 0,
      "writes": 0,
      "success": false,
      "result": null,
      "errorData": {
        "version": 1,
        "code": "REGISTRY_OPERATION_FAILED",
        "message": "Registry operation failed",
        "retryable": false,
        "outcome": "failed"
      },
      "errorMessage": "{\"version\":1,\"code\":\"REGISTRY_OPERATION_FAILED\",\"message\":\"Registry operation failed\",\"retryable\":false,\"outcome\":\"failed\"}"
    },
    {
      "path": "memorySpaces:update",
      "scopes": "tenants",
      "corruption": "tenantScope",
      "reached": true,
      "attempts": 0,
      "writes": 0,
      "success": false,
      "result": null,
      "errorData": {
        "version": 1,
        "code": "REGISTRY_OPERATION_FAILED",
        "message": "Registry operation failed",
        "retryable": false,
        "outcome": "failed"
      },
      "errorMessage": "{\"version\":1,\"code\":\"REGISTRY_OPERATION_FAILED\",\"message\":\"Registry operation failed\",\"retryable\":false,\"outcome\":\"failed\"}"
    },
    {
      "path": "memorySpaces:update",
      "scopes": "tenants",
      "corruption": "spaceScope",
      "reached": true,
      "attempts": 0,
      "writes": 0,
      "success": false,
      "result": null,
      "errorData": {
        "version": 1,
        "code": "REGISTRY_OPERATION_FAILED",
        "message": "Registry operation failed",
        "retryable": false,
        "outcome": "failed"
      },
      "errorMessage": "{\"version\":1,\"code\":\"REGISTRY_OPERATION_FAILED\",\"message\":\"Registry operation failed\",\"retryable\":false,\"outcome\":\"failed\"}"
    },
    {
      "path": "memorySpaces:update",
      "scopes": "tenants",
      "corruption": "tenantTombstone",
      "reached": true,
      "attempts": 0,
      "writes": 0,
      "success": false,
      "result": null,
      "errorData": {
        "version": 1,
        "code": "REGISTRY_OPERATION_FAILED",
        "message": "Registry operation failed",
        "retryable": false,
        "outcome": "failed"
      },
      "errorMessage": "{\"version\":1,\"code\":\"REGISTRY_OPERATION_FAILED\",\"message\":\"Registry operation failed\",\"retryable\":false,\"outcome\":\"failed\"}"
    },
    {
      "path": "memorySpaces:update",
      "scopes": "tenants",
      "corruption": "spaceTombstone",
      "reached": true,
      "attempts": 0,
      "writes": 0,
      "success": false,
      "result": null,
      "errorData": {
        "version": 1,
        "code": "REGISTRY_OPERATION_FAILED",
        "message": "Registry operation failed",
        "retryable": false,
        "outcome": "failed"
      },
      "errorMessage": "{\"version\":1,\"code\":\"REGISTRY_OPERATION_FAILED\",\"message\":\"Registry operation failed\",\"retryable\":false,\"outcome\":\"failed\"}"
    }
  ]
}
