src/agents/index.ts(189,29): error TS2339: Property 'agentId' does not exist on type '{ _id: Id<"agents">; _creationTime: number; metadata?: any; lastActive?: number | undefined; memorySpaceId?: string | undefined; tenantId?: string | undefined; ownerPrincipalId?: string | undefined; ... 7 more ...; status: "active" | ... 1 more ... | "inactive"; } | { ...; }'.
  Property 'agentId' does not exist on type '{ accepted: true; resourceType: RegistryTable; resourceId: string; }'.
src/agents/index.ts(190,26): error TS2339: Property 'name' does not exist on type '{ _id: Id<"agents">; _creationTime: number; metadata?: any; lastActive?: number | undefined; memorySpaceId?: string | undefined; tenantId?: string | undefined; ownerPrincipalId?: string | undefined; ... 7 more ...; status: "active" | ... 1 more ... | "inactive"; } | { ...; }'.
  Property 'name' does not exist on type '{ accepted: true; resourceType: RegistryTable; resourceId: string; }'.
src/agents/index.ts(191,33): error TS2339: Property 'description' does not exist on type '{ _id: Id<"agents">; _creationTime: number; metadata?: any; lastActive?: number | undefined; memorySpaceId?: string | undefined; tenantId?: string | undefined; ownerPrincipalId?: string | undefined; ... 7 more ...; status: "active" | ... 1 more ... | "inactive"; } | { ...; }'.
  Property 'description' does not exist on type '{ accepted: true; resourceType: RegistryTable; resourceId: string; }'.
src/agents/index.ts(192,28): error TS2339: Property 'status' does not exist on type '{ _id: Id<"agents">; _creationTime: number; metadata?: any; lastActive?: number | undefined; memorySpaceId?: string | undefined; tenantId?: string | undefined; ownerPrincipalId?: string | undefined; ... 7 more ...; status: "active" | ... 1 more ... | "inactive"; } | { ...; }'.
  Property 'status' does not exist on type '{ accepted: true; resourceType: RegistryTable; resourceId: string; }'.
src/agents/index.ts(193,34): error TS2339: Property 'registeredAt' does not exist on type '{ _id: Id<"agents">; _creationTime: number; metadata?: any; lastActive?: number | undefined; memorySpaceId?: string | undefined; tenantId?: string | undefined; ownerPrincipalId?: string | undefined; ... 7 more ...; status: "active" | ... 1 more ... | "inactive"; } | { ...; }'.
  Property 'registeredAt' does not exist on type '{ accepted: true; resourceType: RegistryTable; resourceId: string; }'.
src/agents/index.ts(194,31): error TS2339: Property 'updatedAt' does not exist on type '{ _id: Id<"agents">; _creationTime: number; metadata?: any; lastActive?: number | undefined; memorySpaceId?: string | undefined; tenantId?: string | undefined; ownerPrincipalId?: string | undefined; ... 7 more ...; status: "active" | ... 1 more ... | "inactive"; } | { ...; }'.
  Property 'updatedAt' does not exist on type '{ accepted: true; resourceType: RegistryTable; resourceId: string; }'.
src/agents/index.ts(195,32): error TS2339: Property 'lastActive' does not exist on type '{ _id: Id<"agents">; _creationTime: number; metadata?: any; lastActive?: number | undefined; memorySpaceId?: string | undefined; tenantId?: string | undefined; ownerPrincipalId?: string | undefined; ... 7 more ...; status: "active" | ... 1 more ... | "inactive"; } | { ...; }'.
  Property 'lastActive' does not exist on type '{ accepted: true; resourceType: RegistryTable; resourceId: string; }'.
src/agents/index.ts(208,18): error TS2339: Property 'agentId' does not exist on type '{ _id: Id<"agents">; _creationTime: number; metadata?: any; lastActive?: number | undefined; memorySpaceId?: string | undefined; tenantId?: string | undefined; ownerPrincipalId?: string | undefined; ... 7 more ...; status: "active" | ... 1 more ... | "inactive"; } | { ...; }'.
  Property 'agentId' does not exist on type '{ accepted: true; resourceType: RegistryTable; resourceId: string; }'.
src/agents/index.ts(209,20): error TS2339: Property 'name' does not exist on type '{ _id: Id<"agents">; _creationTime: number; metadata?: any; lastActive?: number | undefined; memorySpaceId?: string | undefined; tenantId?: string | undefined; ownerPrincipalId?: string | undefined; ... 7 more ...; status: "active" | ... 1 more ... | "inactive"; } | { ...; }'.
  Property 'name' does not exist on type '{ accepted: true; resourceType: RegistryTable; resourceId: string; }'.
src/agents/index.ts(210,27): error TS2339: Property 'description' does not exist on type '{ _id: Id<"agents">; _creationTime: number; metadata?: any; lastActive?: number | undefined; memorySpaceId?: string | undefined; tenantId?: string | undefined; ownerPrincipalId?: string | undefined; ... 7 more ...; status: "active" | ... 1 more ... | "inactive"; } | { ...; }'.
  Property 'description' does not exist on type '{ accepted: true; resourceType: RegistryTable; resourceId: string; }'.
src/agents/index.ts(211,25): error TS2339: Property 'metadata' does not exist on type '{ _id: Id<"agents">; _creationTime: number; metadata?: any; lastActive?: number | undefined; memorySpaceId?: string | undefined; tenantId?: string | undefined; ownerPrincipalId?: string | undefined; ... 7 more ...; status: "active" | ... 1 more ... | "inactive"; } | { ...; }'.
  Property 'metadata' does not exist on type '{ accepted: true; resourceType: RegistryTable; resourceId: string; }'.
src/agents/index.ts(212,23): error TS2339: Property 'config' does not exist on type '{ _id: Id<"agents">; _creationTime: number; metadata?: any; lastActive?: number | undefined; memorySpaceId?: string | undefined; tenantId?: string | undefined; ownerPrincipalId?: string | undefined; ... 7 more ...; status: "active" | ... 1 more ... | "inactive"; } | { ...; }'.
  Property 'config' does not exist on type '{ accepted: true; resourceType: RegistryTable; resourceId: string; }'.
src/agents/index.ts(213,22): error TS2339: Property 'status' does not exist on type '{ _id: Id<"agents">; _creationTime: number; metadata?: any; lastActive?: number | undefined; memorySpaceId?: string | undefined; tenantId?: string | undefined; ownerPrincipalId?: string | undefined; ... 7 more ...; status: "active" | ... 1 more ... | "inactive"; } | { ...; }'.
  Property 'status' does not exist on type '{ accepted: true; resourceType: RegistryTable; resourceId: string; }'.
src/agents/index.ts(214,28): error TS2339: Property 'registeredAt' does not exist on type '{ _id: Id<"agents">; _creationTime: number; metadata?: any; lastActive?: number | undefined; memorySpaceId?: string | undefined; tenantId?: string | undefined; ownerPrincipalId?: string | undefined; ... 7 more ...; status: "active" | ... 1 more ... | "inactive"; } | { ...; }'.
  Property 'registeredAt' does not exist on type '{ accepted: true; resourceType: RegistryTable; resourceId: string; }'.
src/agents/index.ts(215,25): error TS2339: Property 'updatedAt' does not exist on type '{ _id: Id<"agents">; _creationTime: number; metadata?: any; lastActive?: number | undefined; memorySpaceId?: string | undefined; tenantId?: string | undefined; ownerPrincipalId?: string | undefined; ... 7 more ...; status: "active" | ... 1 more ... | "inactive"; } | { ...; }'.
  Property 'updatedAt' does not exist on type '{ accepted: true; resourceType: RegistryTable; resourceId: string; }'.
src/agents/index.ts(216,26): error TS2339: Property 'lastActive' does not exist on type '{ _id: Id<"agents">; _creationTime: number; metadata?: any; lastActive?: number | undefined; memorySpaceId?: string | undefined; tenantId?: string | undefined; ownerPrincipalId?: string | undefined; ... 7 more ...; status: "active" | ... 1 more ... | "inactive"; } | { ...; }'.
  Property 'lastActive' does not exist on type '{ accepted: true; resourceType: RegistryTable; resourceId: string; }'.
src/agents/index.ts(468,18): error TS2339: Property 'agentId' does not exist on type '{ accepted: true; resourceType: RegistryTable; resourceId: string; } | { _id: Id<"agents">; _creationTime: number; metadata?: any; lastActive?: number | undefined; memorySpaceId?: string | undefined; ... 9 more ...; status: "active" | ... 1 more ... | "inactive"; }'.
  Property 'agentId' does not exist on type '{ accepted: true; resourceType: RegistryTable; resourceId: string; }'.
src/agents/index.ts(469,20): error TS2339: Property 'name' does not exist on type '{ accepted: true; resourceType: RegistryTable; resourceId: string; } | { _id: Id<"agents">; _creationTime: number; metadata?: any; lastActive?: number | undefined; memorySpaceId?: string | undefined; ... 9 more ...; status: "active" | ... 1 more ... | "inactive"; }'.
  Property 'name' does not exist on type '{ accepted: true; resourceType: RegistryTable; resourceId: string; }'.
src/agents/index.ts(470,27): error TS2339: Property 'description' does not exist on type '{ accepted: true; resourceType: RegistryTable; resourceId: string; } | { _id: Id<"agents">; _creationTime: number; metadata?: any; lastActive?: number | undefined; memorySpaceId?: string | undefined; ... 9 more ...; status: "active" | ... 1 more ... | "inactive"; }'.
  Property 'description' does not exist on type '{ accepted: true; resourceType: RegistryTable; resourceId: string; }'.
src/agents/index.ts(471,25): error TS2339: Property 'metadata' does not exist on type '{ accepted: true; resourceType: RegistryTable; resourceId: string; } | { _id: Id<"agents">; _creationTime: number; metadata?: any; lastActive?: number | undefined; memorySpaceId?: string | undefined; ... 9 more ...; status: "active" | ... 1 more ... | "inactive"; }'.
  Property 'metadata' does not exist on type '{ accepted: true; resourceType: RegistryTable; resourceId: string; }'.
src/agents/index.ts(472,23): error TS2339: Property 'config' does not exist on type '{ accepted: true; resourceType: RegistryTable; resourceId: string; } | { _id: Id<"agents">; _creationTime: number; metadata?: any; lastActive?: number | undefined; memorySpaceId?: string | undefined; ... 9 more ...; status: "active" | ... 1 more ... | "inactive"; }'.
  Property 'config' does not exist on type '{ accepted: true; resourceType: RegistryTable; resourceId: string; }'.
src/agents/index.ts(473,22): error TS2339: Property 'status' does not exist on type '{ accepted: true; resourceType: RegistryTable; resourceId: string; } | { _id: Id<"agents">; _creationTime: number; metadata?: any; lastActive?: number | undefined; memorySpaceId?: string | undefined; ... 9 more ...; status: "active" | ... 1 more ... | "inactive"; }'.
  Property 'status' does not exist on type '{ accepted: true; resourceType: RegistryTable; resourceId: string; }'.
src/agents/index.ts(474,28): error TS2339: Property 'registeredAt' does not exist on type '{ accepted: true; resourceType: RegistryTable; resourceId: string; } | { _id: Id<"agents">; _creationTime: number; metadata?: any; lastActive?: number | undefined; memorySpaceId?: string | undefined; ... 9 more ...; status: "active" | ... 1 more ... | "inactive"; }'.
  Property 'registeredAt' does not exist on type '{ accepted: true; resourceType: RegistryTable; resourceId: string; }'.
src/agents/index.ts(475,25): error TS2339: Property 'updatedAt' does not exist on type '{ accepted: true; resourceType: RegistryTable; resourceId: string; } | { _id: Id<"agents">; _creationTime: number; metadata?: any; lastActive?: number | undefined; memorySpaceId?: string | undefined; ... 9 more ...; status: "active" | ... 1 more ... | "inactive"; }'.
  Property 'updatedAt' does not exist on type '{ accepted: true; resourceType: RegistryTable; resourceId: string; }'.
src/agents/index.ts(476,26): error TS2339: Property 'lastActive' does not exist on type '{ accepted: true; resourceType: RegistryTable; resourceId: string; } | { _id: Id<"agents">; _creationTime: number; metadata?: any; lastActive?: number | undefined; memorySpaceId?: string | undefined; ... 9 more ...; status: "active" | ... 1 more ... | "inactive"; }'.
  Property 'lastActive' does not exist on type '{ accepted: true; resourceType: RegistryTable; resourceId: string; }'.
src/agents/index.ts(730,9): error TS2322: Type 'string[] | undefined' is not assignable to type 'string[]'.
  Type 'undefined' is not assignable to type 'string[]'.
src/governance/index.ts(380,28): error TS2339: Property 'enforce' does not exist on type '{ setPolicy: FunctionReference<"mutation", "public", { tenantId?: string | undefined; policy: { organizationId?: string | undefined; memorySpaceId?: string | undefined; sessions?: { limits?: { maxActiveSessions?: number | undefined; maxSessionsPerDevice?: number | undefined; } | undefined; lifecycle: { ...; }; clean...'.
tests/helpers/cleanup.ts(96,62): error TS2339: Property 'purgeAll' does not exist on type '{ create: FunctionReference<"mutation", "public", { userId?: string | undefined; tenantId?: string | undefined; status?: "active" | "completed" | "cancelled" | "blocked" | undefined; data?: any; conversationRef?: { ...; } | undefined; description?: string | undefined; parentId?: string | undefined; memorySpaceId: st...'.
tests/helpers/cleanup.ts(115,66): error TS2339: Property 'purgeAll' does not exist on type '{ register: FunctionReference<"mutation", "public", { metadata?: any; name?: string | undefined; tenantId?: string | undefined; participants?: { type: string; id: string; joinedAt: number; }[] | undefined; memorySpaceId: string; type: "custom" | ... 2 more ... | "project"; }, { ...; } | ... 1 more ... | null, string...'.
tests/unit/runtimeRegistryAuth/identityReadBoundary.test.ts(35,5): error TS2322: Type '() => Promise<{ issuer: string; subject: string; }>' is not assignable to type '() => Promise<UserIdentity | null>'.
  Type 'Promise<{ issuer: string; subject: string; }>' is not assignable to type 'Promise<UserIdentity | null>'.
    Property 'tokenIdentifier' is missing in type '{ issuer: string; subject: string; }' but required in type 'UserIdentity'.
