convex-dev/facts.ts(105,7): error TS2353: Object literal may only specify known properties, and 'runtimeEditor' does not exist in type '{ object?: string | undefined; metadata?: any; userId?: string | undefined; tenantId?: string | undefined; ownerPrincipalId?: string | undefined; subject?: string | undefined; lineage?: { ...; } | ... 2 more ... | undefined; ... 25 more ...; sourceType: "fact-extraction" | ... 4 more ... | "manual"; }'.
convex-dev/facts.ts(205,7): error TS2353: Object literal may only specify known properties, and 'runtimeEditor' does not exist in type '{ object?: string | undefined; metadata?: any; userId?: string | undefined; tenantId?: string | undefined; ownerPrincipalId?: string | undefined; subject?: string | undefined; lineage?: { ...; } | ... 2 more ... | undefined; ... 25 more ...; sourceType: "fact-extraction" | ... 4 more ... | "manual"; }'.
convex-dev/facts.ts(332,39): error TS2353: Object literal may only specify known properties, and 'runtimeEditor' does not exist in type 'PatchValue<{ _id: Id<"facts">; _creationTime: number; object?: string | undefined; metadata?: any; userId?: string | undefined; tenantId?: string | undefined; ownerPrincipalId?: string | undefined; ... 27 more ...; sourceType: "fact-extraction" | ... 4 more ... | "manual"; }>'.
convex-dev/facts.ts(339,39): error TS2353: Object literal may only specify known properties, and 'runtimeEditor' does not exist in type 'PatchValue<{ _id: Id<"facts">; _creationTime: number; object?: string | undefined; metadata?: any; userId?: string | undefined; tenantId?: string | undefined; ownerPrincipalId?: string | undefined; ... 27 more ...; sourceType: "fact-extraction" | ... 4 more ... | "manual"; }>'.
convex-dev/facts.ts(427,52): error TS2353: Object literal may only specify known properties, and 'runtimeEditor' does not exist in type 'PatchValue<{ _id: Id<"facts">; _creationTime: number; object?: string | undefined; metadata?: any; userId?: string | undefined; tenantId?: string | undefined; ownerPrincipalId?: string | undefined; ... 27 more ...; sourceType: "fact-extraction" | ... 4 more ... | "manual"; }>'.
convex-dev/facts.ts(1563,71): error TS2353: Object literal may only specify known properties, and 'runtimeEditor' does not exist in type 'PatchValue<{ _id: Id<"facts">; _creationTime: number; object?: string | undefined; metadata?: any; userId?: string | undefined; tenantId?: string | undefined; ownerPrincipalId?: string | undefined; ... 27 more ...; sourceType: "fact-extraction" | ... 4 more ... | "manual"; }>'.
convex-dev/facts.ts(1565,36): error TS2353: Object literal may only specify known properties, and 'runtimeEditor' does not exist in type 'PatchValue<{ _id: Id<"facts">; _creationTime: number; object?: string | undefined; metadata?: any; userId?: string | undefined; tenantId?: string | undefined; ownerPrincipalId?: string | undefined; ... 27 more ...; sourceType: "fact-extraction" | ... 4 more ... | "manual"; }>'.
convex-dev/memories.ts(105,7): error TS2353: Object literal may only specify known properties, and 'ownerPrincipalId' does not exist in type '{ metadata?: any; userId?: string | undefined; tenantId?: string | undefined; embedding?: number[] | undefined; participantId?: string | undefined; agentId?: string | undefined; sourceUserId?: string | undefined; ... 23 more ...; sourceTimestamp: number; }'.
convex-dev/memories.ts(172,7): error TS2353: Object literal may only specify known properties, and 'ownerPrincipalId' does not exist in type '{ metadata?: any; userId?: string | undefined; tenantId?: string | undefined; embedding?: number[] | undefined; participantId?: string | undefined; agentId?: string | undefined; sourceUserId?: string | undefined; ... 23 more ...; sourceTimestamp: number; }'.
convex-dev/memories.ts(225,38): error TS2353: Object literal may only specify known properties, and 'runtimeEditor' does not exist in type 'PatchValue<{ _id: Id<"memories">; _creationTime: number; metadata?: any; userId?: string | undefined; tenantId?: string | undefined; embedding?: number[] | undefined; participantId?: string | undefined; ... 25 more ...; sourceTimestamp: number; }>'.
convex-dev/memories.ts(266,38): error TS2353: Object literal may only specify known properties, and 'runtimeEditor' does not exist in type 'PatchValue<{ _id: Id<"memories">; _creationTime: number; metadata?: any; userId?: string | undefined; tenantId?: string | undefined; embedding?: number[] | undefined; participantId?: string | undefined; ... 25 more ...; sourceTimestamp: number; }>'.
convex-dev/memories.ts(535,38): error TS2353: Object literal may only specify known properties, and 'runtimeEditor' does not exist in type 'PatchValue<{ _id: Id<"memories">; _creationTime: number; metadata?: any; userId?: string | undefined; tenantId?: string | undefined; embedding?: number[] | undefined; participantId?: string | undefined; ... 25 more ...; sourceTimestamp: number; }>'.
convex-dev/memories.ts(549,79): error TS2339: Property 'ownerPrincipalId' does not exist on type '{ _id: Id<"memories">; _creationTime: number; metadata?: any; userId?: string | undefined; tenantId?: string | undefined; embedding?: number[] | undefined; participantId?: string | undefined; ... 25 more ...; sourceTimestamp: number; }'.
convex-dev/memories.ts(865,52): error TS2353: Object literal may only specify known properties, and 'runtimeEditor' does not exist in type 'PatchValue<{ _id: Id<"memories">; _creationTime: number; metadata?: any; userId?: string | undefined; tenantId?: string | undefined; embedding?: number[] | undefined; participantId?: string | undefined; ... 25 more ...; sourceTimestamp: number; }>'.
convex-dev/memories.ts(906,38): error TS2353: Object literal may only specify known properties, and 'runtimeEditor' does not exist in type 'PatchValue<{ _id: Id<"memories">; _creationTime: number; metadata?: any; userId?: string | undefined; tenantId?: string | undefined; embedding?: number[] | undefined; participantId?: string | undefined; ... 25 more ...; sourceTimestamp: number; }>'.
convex-dev/memories.ts(953,38): error TS2353: Object literal may only specify known properties, and 'runtimeEditor' does not exist in type 'PatchValue<{ _id: Id<"memories">; _creationTime: number; metadata?: any; userId?: string | undefined; tenantId?: string | undefined; embedding?: number[] | undefined; participantId?: string | undefined; ... 25 more ...; sourceTimestamp: number; }>'.
convex-dev/memories.ts(959,87): error TS2339: Property 'ownerPrincipalId' does not exist on type '{ _id: Id<"memories">; _creationTime: number; metadata?: any; userId?: string | undefined; tenantId?: string | undefined; embedding?: number[] | undefined; participantId?: string | undefined; ... 25 more ...; sourceTimestamp: number; }'.
convex-dev/runtimeDataAuth.ts(69,85): error TS2339: Property 'ownerPrincipalId' does not exist on type 'DataRow'.
  Property 'ownerPrincipalId' does not exist on type '{ _id: Id<"memories">; _creationTime: number; metadata?: any; userId?: string | undefined; tenantId?: string | undefined; embedding?: number[] | undefined; participantId?: string | undefined; ... 25 more ...; sourceTimestamp: number; }'.
convex-dev/runtimeDataAuth.ts(93,40): error TS2339: Property 'lineage' does not exist on type 'DataRow'.
  Property 'lineage' does not exist on type '{ _id: Id<"memories">; _creationTime: number; metadata?: any; userId?: string | undefined; tenantId?: string | undefined; embedding?: number[] | undefined; participantId?: string | undefined; ... 25 more ...; sourceTimestamp: number; }'.
convex-dev/runtimeDataAuth.ts(136,63): error TS2345: Argument of type '"by_runtime_scope_memoryId"' is not assignable to parameter of type '"by_tenant_space" | "by_memorySpace" | "by_tenantId" | "by_userId" | "by_memoryId" | "by_agentId" | "by_memorySpace_created" | "by_memorySpace_userId" | "by_memorySpace_agentId" | "by_participantId" | keyof SystemIndexes'.
convex-dev/runtimeDataAuth.ts(137,10): error TS2339: Property 'eq' does not exist on type 'IndexRange'.
convex-dev/runtimeDataAuth.ts(215,13): error TS2339: Property 'tombstonedAt' does not exist on type 'DataRow'.
  Property 'tombstonedAt' does not exist on type '{ _id: Id<"memories">; _creationTime: number; metadata?: any; userId?: string | undefined; tenantId?: string | undefined; embedding?: number[] | undefined; participantId?: string | undefined; ... 25 more ...; sourceTimestamp: number; }'.
convex-dev/runtimeDataAuth.ts(232,12): error TS2339: Property 'lineage' does not exist on type 'DataRow'.
  Property 'lineage' does not exist on type '{ _id: Id<"memories">; _creationTime: number; metadata?: any; userId?: string | undefined; tenantId?: string | undefined; embedding?: number[] | undefined; participantId?: string | undefined; ... 25 more ...; sourceTimestamp: number; }'.
convex-dev/runtimeDataAuth.ts(232,28): error TS2339: Property 'ownerPrincipalId' does not exist on type 'DataRow'.
  Property 'ownerPrincipalId' does not exist on type '{ _id: Id<"memories">; _creationTime: number; metadata?: any; userId?: string | undefined; tenantId?: string | undefined; embedding?: number[] | undefined; participantId?: string | undefined; ... 25 more ...; sourceTimestamp: number; }'.
convex-dev/runtimeDataAuth.ts(232,52): error TS2339: Property 'tombstonedAt' does not exist on type 'DataRow'.
  Property 'tombstonedAt' does not exist on type '{ _id: Id<"memories">; _creationTime: number; metadata?: any; userId?: string | undefined; tenantId?: string | undefined; embedding?: number[] | undefined; participantId?: string | undefined; ... 25 more ...; sourceTimestamp: number; }'.
convex-dev/runtimeDataAuth.ts(233,13): error TS2339: Property 'lineage' does not exist on type 'DataRow'.
  Property 'lineage' does not exist on type '{ _id: Id<"memories">; _creationTime: number; metadata?: any; userId?: string | undefined; tenantId?: string | undefined; embedding?: number[] | undefined; participantId?: string | undefined; ... 25 more ...; sourceTimestamp: number; }'.
convex-dev/runtimeDataAuth.ts(233,64): error TS2339: Property 'lineage' does not exist on type 'DataRow'.
  Property 'lineage' does not exist on type '{ _id: Id<"memories">; _creationTime: number; metadata?: any; userId?: string | undefined; tenantId?: string | undefined; embedding?: number[] | undefined; participantId?: string | undefined; ... 25 more ...; sourceTimestamp: number; }'.
convex-dev/runtimeDataAuth.ts(233,95): error TS2339: Property 'lineage' does not exist on type 'DataRow'.
  Property 'lineage' does not exist on type '{ _id: Id<"memories">; _creationTime: number; metadata?: any; userId?: string | undefined; tenantId?: string | undefined; embedding?: number[] | undefined; participantId?: string | undefined; ... 25 more ...; sourceTimestamp: number; }'.
convex-dev/runtimeDataAuth.ts(236,78): error TS2339: Property 'lineage' does not exist on type 'DataRow'.
  Property 'lineage' does not exist on type '{ _id: Id<"memories">; _creationTime: number; metadata?: any; userId?: string | undefined; tenantId?: string | undefined; embedding?: number[] | undefined; participantId?: string | undefined; ... 25 more ...; sourceTimestamp: number; }'.
convex-dev/runtimeDataAuth.ts(237,56): error TS2339: Property 'ownerPrincipalId' does not exist on type 'DataRow'.
  Property 'ownerPrincipalId' does not exist on type '{ _id: Id<"memories">; _creationTime: number; metadata?: any; userId?: string | undefined; tenantId?: string | undefined; embedding?: number[] | undefined; participantId?: string | undefined; ... 25 more ...; sourceTimestamp: number; }'.
convex-dev/runtimeDataAuth.ts(238,87): error TS2339: Property 'ownerPrincipalId' does not exist on type 'DataRow'.
  Property 'ownerPrincipalId' does not exist on type '{ _id: Id<"memories">; _creationTime: number; metadata?: any; userId?: string | undefined; tenantId?: string | undefined; embedding?: number[] | undefined; participantId?: string | undefined; ... 25 more ...; sourceTimestamp: number; }'.
convex-dev/runtimeDataAuth.ts(239,41): error TS2339: Property 'lineage' does not exist on type 'DataRow'.
  Property 'lineage' does not exist on type '{ _id: Id<"memories">; _creationTime: number; metadata?: any; userId?: string | undefined; tenantId?: string | undefined; embedding?: number[] | undefined; participantId?: string | undefined; ... 25 more ...; sourceTimestamp: number; }'.
convex-dev/runtimeDataAuth.ts(345,56): error TS2345: Argument of type '"by_runtime_scope_memoryId"' is not assignable to parameter of type '"by_tenant_space" | "by_memorySpace" | "by_tenantId" | "by_userId" | "by_memoryId" | "by_agentId" | "by_memorySpace_created" | "by_memorySpace_userId" | "by_memorySpace_agentId" | "by_participantId" | keyof SystemIndexes'.
convex-dev/runtimeDataAuth.ts(346,6): error TS2339: Property 'eq' does not exist on type 'IndexRange'.
convex-dev/runtimeDataAuth.ts(347,68): error TS2345: Argument of type '"ownerPrincipalId"' is not assignable to parameter of type '"_id" | ExtractFieldPaths<VObject<{ metadata?: any; userId?: string | undefined; tenantId?: string | undefined; embedding?: number[] | undefined; participantId?: string | undefined; agentId?: string | undefined; ... 24 more ...; sourceTimestamp: number; }, { ...; }, "required", "createdAt" | ... 43 more ... | `parti...'.
convex-dev/runtimeDataAuth.ts(348,23): error TS2345: Argument of type '"ownerPrincipalId"' is not assignable to parameter of type '"_id" | ExtractFieldPaths<VObject<{ metadata?: any; userId?: string | undefined; tenantId?: string | undefined; embedding?: number[] | undefined; participantId?: string | undefined; agentId?: string | undefined; ... 24 more ...; sourceTimestamp: number; }, { ...; }, "required", "createdAt" | ... 43 more ... | `parti...'.
convex-dev/runtimeDataAuth.ts(366,13): error TS2339: Property 'tombstonedAt' does not exist on type 'DataRow'.
  Property 'tombstonedAt' does not exist on type '{ _id: Id<"memories">; _creationTime: number; metadata?: any; userId?: string | undefined; tenantId?: string | undefined; embedding?: number[] | undefined; participantId?: string | undefined; ... 25 more ...; sourceTimestamp: number; }'.
convex-dev/runtimeDataAuth.ts(366,48): error TS2339: Property 'lineage' does not exist on type 'DataRow'.
  Property 'lineage' does not exist on type '{ _id: Id<"memories">; _creationTime: number; metadata?: any; userId?: string | undefined; tenantId?: string | undefined; embedding?: number[] | undefined; participantId?: string | undefined; ... 25 more ...; sourceTimestamp: number; }'.
convex-dev/runtimeDataAuth.ts(366,64): error TS2339: Property 'ownerPrincipalId' does not exist on type 'DataRow'.
  Property 'ownerPrincipalId' does not exist on type '{ _id: Id<"memories">; _creationTime: number; metadata?: any; userId?: string | undefined; tenantId?: string | undefined; embedding?: number[] | undefined; participantId?: string | undefined; ... 25 more ...; sourceTimestamp: number; }'.
convex-dev/runtimeDataAuth.ts(381,37): error TS2345: Argument of type '"tombstonedAt"' is not assignable to parameter of type '"_id" | ExtractFieldPaths<VObject<{ metadata?: any; userId?: string | undefined; tenantId?: string | undefined; embedding?: number[] | undefined; participantId?: string | undefined; agentId?: string | undefined; ... 24 more ...; sourceTimestamp: number; }, { ...; }, "required", "createdAt" | ... 43 more ... | `parti...'.
convex-dev/runtimeDataAuth.ts(382,57): error TS2345: Argument of type '"ownerPrincipalId"' is not assignable to parameter of type '"_id" | ExtractFieldPaths<VObject<{ metadata?: any; userId?: string | undefined; tenantId?: string | undefined; embedding?: number[] | undefined; participantId?: string | undefined; agentId?: string | undefined; ... 24 more ...; sourceTimestamp: number; }, { ...; }, "required", "createdAt" | ... 43 more ... | `parti...'.
convex-dev/runtimeDataAuth.ts(382,117): error TS2345: Argument of type '"ownerPrincipalId"' is not assignable to parameter of type '"_id" | ExtractFieldPaths<VObject<{ metadata?: any; userId?: string | undefined; tenantId?: string | undefined; embedding?: number[] | undefined; participantId?: string | undefined; agentId?: string | undefined; ... 24 more ...; sourceTimestamp: number; }, { ...; }, "required", "createdAt" | ... 43 more ... | `parti...'.
convex-dev/runtimeDataAuth.ts(394,59): error TS2345: Argument of type '"ownerPrincipalId"' is not assignable to parameter of type '"memorySpaceId" | "userId" | "tenantId" | "sourceType" | "participantId" | "agentId"'.
convex-dev/runtimeDataAuth.ts(401,59): error TS2345: Argument of type '"ownerPrincipalId"' is not assignable to parameter of type '"memorySpaceId" | "tenantId" | "factType"'.
convex-dev/runtimeDataAuth.ts(405,60): error TS2339: Property 'manualSourceBinding' does not exist on type '{ _id: Id<"facts">; _creationTime: number; object?: string | undefined; metadata?: any; userId?: string | undefined; tenantId?: string | undefined; ownerPrincipalId?: string | undefined; ... 27 more ...; sourceType: "fact-extraction" | ... 4 more ... | "manual"; }'.
convex-dev/runtimeDataAuth.ts(444,23): error TS2339: Property 'lineage' does not exist on type 'DataRow'.
  Property 'lineage' does not exist on type '{ _id: Id<"memories">; _creationTime: number; metadata?: any; userId?: string | undefined; tenantId?: string | undefined; embedding?: number[] | undefined; participantId?: string | undefined; ... 25 more ...; sourceTimestamp: number; }'.
convex-dev/runtimeDataAuth.ts(445,23): error TS2339: Property 'manualSourceBinding' does not exist on type 'DataRow'.
  Property 'manualSourceBinding' does not exist on type '{ _id: Id<"facts">; _creationTime: number; object?: string | undefined; metadata?: any; userId?: string | undefined; tenantId?: string | undefined; ownerPrincipalId?: string | undefined; ... 27 more ...; sourceType: "fact-extraction" | ... 4 more ... | "manual"; }'.
convex-dev/runtimeDataAuth.ts(454,91): error TS2339: Property 'ownerPrincipalId' does not exist on type 'DataRow'.
  Property 'ownerPrincipalId' does not exist on type '{ _id: Id<"memories">; _creationTime: number; metadata?: any; userId?: string | undefined; tenantId?: string | undefined; embedding?: number[] | undefined; participantId?: string | undefined; ... 25 more ...; sourceTimestamp: number; }'.
convex-dev/runtimeDataAuth.ts(462,56): error TS2339: Property 'ownerPrincipalId' does not exist on type 'DataRow'.
  Property 'ownerPrincipalId' does not exist on type '{ _id: Id<"memories">; _creationTime: number; metadata?: any; userId?: string | undefined; tenantId?: string | undefined; embedding?: number[] | undefined; participantId?: string | undefined; ... 25 more ...; sourceTimestamp: number; }'.
convex-dev/runtimeDataAuth.ts(492,92): error TS2353: Object literal may only specify known properties, and 'tombstonedAt' does not exist in type 'PatchValue<{ _id: Id<"memories">; _creationTime: number; metadata?: any; userId?: string | undefined; tenantId?: string | undefined; embedding?: number[] | undefined; participantId?: string | undefined; ... 25 more ...; sourceTimestamp: number; }>'.
convex-dev/runtimeDataAuth.ts(493,120): error TS2353: Object literal may only specify known properties, and 'runtimeEditor' does not exist in type 'PatchValue<{ _id: Id<"facts">; _creationTime: number; object?: string | undefined; metadata?: any; userId?: string | undefined; tenantId?: string | undefined; ownerPrincipalId?: string | undefined; ... 27 more ...; sourceType: "fact-extraction" | ... 4 more ... | "manual"; }>'.
convex-dev/runtimeDataAuth.ts(501,22): error TS2345: Argument of type '"ownerPrincipalId"' is not assignable to parameter of type '"_id" | ExtractFieldPaths<VObject<{ metadata?: any; userId?: string | undefined; tenantId?: string | undefined; embedding?: number[] | undefined; participantId?: string | undefined; agentId?: string | undefined; ... 24 more ...; sourceTimestamp: number; }, { ...; }, "required", "createdAt" | ... 43 more ... | `parti...'.
convex-dev/runtimeDataAuth.ts(501,82): error TS2345: Argument of type '"ownerPrincipalId"' is not assignable to parameter of type '"_id" | ExtractFieldPaths<VObject<{ metadata?: any; userId?: string | undefined; tenantId?: string | undefined; embedding?: number[] | undefined; participantId?: string | undefined; agentId?: string | undefined; ... 24 more ...; sourceTimestamp: number; }, { ...; }, "required", "createdAt" | ... 43 more ... | `parti...'.
convex-dev/runtimeDataAuth.ts(513,106): error TS2339: Property 'runtimeEditor' does not exist on type '{ _id: Id<"facts">; _creationTime: number; object?: string | undefined; metadata?: any; userId?: string | undefined; tenantId?: string | undefined; ownerPrincipalId?: string | undefined; ... 27 more ...; sourceType: "fact-extraction" | ... 4 more ... | "manual"; }'.
src/agents/index.ts(189,29): error TS2339: Property 'agentId' does not exist on type '{ _id: Id<"agents">; _creationTime: number; metadata?: any; lastActive?: number | undefined; memorySpaceId?: string | undefined; tenantId?: string | undefined; ownerPrincipalId?: string | undefined; ... 7 more ...; status: "active" | ... 1 more ... | "inactive"; } | { ...; }'.
  Property 'agentId' does not exist on type '{ accepted: true; resourceType: RegistryTable; resourceId: string; }'.
src/agents/index.ts(190,26): error TS2339: Property 'name' does not exist on type '{ _id: Id<"agents">; _creationTime: number; metadata?: any; lastActive?: number | undefined; memorySpaceId?: string | undefined; tenantId?: string | undefined; ownerPrincipalId?: string | undefined; ... 7 more ...; status: "active" | ... 1 more ... | "inactive"; } | { ...; }'.
  Property 'name' does not exist on type '{ accepted: true; resourceType: RegistryTable; resourceId: string; }'.
src/agents/index.ts(191,33): error TS2339: Property 'description' does not exist on type '{ _id: Id<"agents">; _creationTime: number; metadata?: any; lastActive?: number | undefined; memorySpaceId?: string | undefined; tenantId?: string | undefined; ownerPrincipalId?: string | undefined; ... 7 more ...; status: "active" | ... 1 more ... | "inactive"; } | { ...; }'.
  Property 'description' does not exist on type '{ accepted: true; resourceType: RegistryTable; resourceId: string; }'.
src/agents/index.ts(192,28): error TS2339: Property 'status' does not exist on type '{ _id: Id<"agents">; _creationTime: number; metadata?: any; lastActive?: number | undefined; memorySpaceId?: string | undefined; tenantId?: string | undefined; ownerPrincipalId?: string | undefined; ... 7 more ...; status: "active" | ... 1 more ... | "inactive"; } | { ...; }'.
  Property 'status' does not exist on type '{ accepted: true; resourceType: RegistryTable; resourceId: string; }'.
src/agents/index.ts(193,34): error TS2339: Property 'registeredAt' does not exist on type '{ _id: Id<"agents">; _creationTime: number; metadata?: any; lastActive?: number | undefined; memorySpaceId?: string | undefined; tenantId?: string | undefined; ownerPrincipalId?: string | undefined; ... 7 more ...; status: "active" | ... 1 more ... | "inactive"; } | { ...; }'.
  Property 'registeredAt' does not exist on type '{ accepted: true; resourceType: RegistryTable; resourceId: string; }'.
src/agents/index.ts(194,31): error TS2339: Property 'updatedAt' does not exist on type '{ _id: Id<"agents">; _creationTime: number; metadata?: any; lastActive?: number | undefined; memorySpaceId?: string | undefined; tenantId?: string | undefined; ownerPrincipalId?: string | undefined; ... 7 more ...; status: "active" | ... 1 more ... | "inactive"; } | { ...; }'.
  Property 'updatedAt' does not exist on type '{ accepted: true; resourceType: RegistryTable; resourceId: string; }'.
src/agents/index.ts(195,32): error TS2339: Property 'lastActive' does not exist on type '{ _id: Id<"agents">; _creationTime: number; metadata?: any; lastActive?: number | undefined; memorySpaceId?: string | undefined; tenantId?: string | undefined; ownerPrincipalId?: string | undefined; ... 7 more ...; status: "active" | ... 1 more ... | "inactive"; } | { ...; }'.
  Property 'lastActive' does not exist on type '{ accepted: true; resourceType: RegistryTable; resourceId: string; }'.
src/agents/index.ts(208,18): error TS2339: Property 'agentId' does not exist on type '{ _id: Id<"agents">; _creationTime: number; metadata?: any; lastActive?: number | undefined; memorySpaceId?: string | undefined; tenantId?: string | undefined; ownerPrincipalId?: string | undefined; ... 7 more ...; status: "active" | ... 1 more ... | "inactive"; } | { ...; }'.
  Property 'agentId' does not exist on type '{ accepted: true; resourceType: RegistryTable; resourceId: string; }'.
src/agents/index.ts(209,20): error TS2339: Property 'name' does not exist on type '{ _id: Id<"agents">; _creationTime: number; metadata?: any; lastActive?: number | undefined; memorySpaceId?: string | undefined; tenantId?: string | undefined; ownerPrincipalId?: string | undefined; ... 7 more ...; status: "active" | ... 1 more ... | "inactive"; } | { ...; }'.
  Property 'name' does not exist on type '{ accepted: true; resourceType: RegistryTable; resourceId: string; }'.
src/agents/index.ts(210,27): error TS2339: Property 'description' does not exist on type '{ _id: Id<"agents">; _creationTime: number; metadata?: any; lastActive?: number | undefined; memorySpaceId?: string | undefined; tenantId?: string | undefined; ownerPrincipalId?: string | undefined; ... 7 more ...; status: "active" | ... 1 more ... | "inactive"; } | { ...; }'.
  Property 'description' does not exist on type '{ accepted: true; resourceType: RegistryTable; resourceId: string; }'.
src/agents/index.ts(211,25): error TS2339: Property 'metadata' does not exist on type '{ _id: Id<"agents">; _creationTime: number; metadata?: any; lastActive?: number | undefined; memorySpaceId?: string | undefined; tenantId?: string | undefined; ownerPrincipalId?: string | undefined; ... 7 more ...; status: "active" | ... 1 more ... | "inactive"; } | { ...; }'.
  Property 'metadata' does not exist on type '{ accepted: true; resourceType: RegistryTable; resourceId: string; }'.
src/agents/index.ts(212,23): error TS2339: Property 'config' does not exist on type '{ _id: Id<"agents">; _creationTime: number; metadata?: any; lastActive?: number | undefined; memorySpaceId?: string | undefined; tenantId?: string | undefined; ownerPrincipalId?: string | undefined; ... 7 more ...; status: "active" | ... 1 more ... | "inactive"; } | { ...; }'.
  Property 'config' does not exist on type '{ accepted: true; resourceType: RegistryTable; resourceId: string; }'.
src/agents/index.ts(213,22): error TS2339: Property 'status' does not exist on type '{ _id: Id<"agents">; _creationTime: number; metadata?: any; lastActive?: number | undefined; memorySpaceId?: string | undefined; tenantId?: string | undefined; ownerPrincipalId?: string | undefined; ... 7 more ...; status: "active" | ... 1 more ... | "inactive"; } | { ...; }'.
  Property 'status' does not exist on type '{ accepted: true; resourceType: RegistryTable; resourceId: string; }'.
src/agents/index.ts(214,28): error TS2339: Property 'registeredAt' does not exist on type '{ _id: Id<"agents">; _creationTime: number; metadata?: any; lastActive?: number | undefined; memorySpaceId?: string | undefined; tenantId?: string | undefined; ownerPrincipalId?: string | undefined; ... 7 more ...; status: "active" | ... 1 more ... | "inactive"; } | { ...; }'.
  Property 'registeredAt' does not exist on type '{ accepted: true; resourceType: RegistryTable; resourceId: string; }'.
src/agents/index.ts(215,25): error TS2339: Property 'updatedAt' does not exist on type '{ _id: Id<"agents">; _creationTime: number; metadata?: any; lastActive?: number | undefined; memorySpaceId?: string | undefined; tenantId?: string | undefined; ownerPrincipalId?: string | undefined; ... 7 more ...; status: "active" | ... 1 more ... | "inactive"; } | { ...; }'.
  Property 'updatedAt' does not exist on type '{ accepted: true; resourceType: RegistryTable; resourceId: string; }'.
src/agents/index.ts(216,26): error TS2339: Property 'lastActive' does not exist on type '{ _id: Id<"agents">; _creationTime: number; metadata?: any; lastActive?: number | undefined; memorySpaceId?: string | undefined; tenantId?: string | undefined; ownerPrincipalId?: string | undefined; ... 7 more ...; status: "active" | ... 1 more ... | "inactive"; } | { ...; }'.
  Property 'lastActive' does not exist on type '{ accepted: true; resourceType: RegistryTable; resourceId: string; }'.
src/agents/index.ts(468,18): error TS2339: Property 'agentId' does not exist on type '{ accepted: true; resourceType: RegistryTable; resourceId: string; } | { _id: Id<"agents">; _creationTime: number; metadata?: any; lastActive?: number | undefined; memorySpaceId?: string | undefined; ... 9 more ...; status: "active" | ... 1 more ... | "inactive"; }'.
  Property 'agentId' does not exist on type '{ accepted: true; resourceType: RegistryTable; resourceId: string; }'.
src/agents/index.ts(469,20): error TS2339: Property 'name' does not exist on type '{ accepted: true; resourceType: RegistryTable; resourceId: string; } | { _id: Id<"agents">; _creationTime: number; metadata?: any; lastActive?: number | undefined; memorySpaceId?: string | undefined; ... 9 more ...; status: "active" | ... 1 more ... | "inactive"; }'.
  Property 'name' does not exist on type '{ accepted: true; resourceType: RegistryTable; resourceId: string; }'.
src/agents/index.ts(470,27): error TS2339: Property 'description' does not exist on type '{ accepted: true; resourceType: RegistryTable; resourceId: string; } | { _id: Id<"agents">; _creationTime: number; metadata?: any; lastActive?: number | undefined; memorySpaceId?: string | undefined; ... 9 more ...; status: "active" | ... 1 more ... | "inactive"; }'.
  Property 'description' does not exist on type '{ accepted: true; resourceType: RegistryTable; resourceId: string; }'.
src/agents/index.ts(471,25): error TS2339: Property 'metadata' does not exist on type '{ accepted: true; resourceType: RegistryTable; resourceId: string; } | { _id: Id<"agents">; _creationTime: number; metadata?: any; lastActive?: number | undefined; memorySpaceId?: string | undefined; ... 9 more ...; status: "active" | ... 1 more ... | "inactive"; }'.
  Property 'metadata' does not exist on type '{ accepted: true; resourceType: RegistryTable; resourceId: string; }'.
src/agents/index.ts(472,23): error TS2339: Property 'config' does not exist on type '{ accepted: true; resourceType: RegistryTable; resourceId: string; } | { _id: Id<"agents">; _creationTime: number; metadata?: any; lastActive?: number | undefined; memorySpaceId?: string | undefined; ... 9 more ...; status: "active" | ... 1 more ... | "inactive"; }'.
  Property 'config' does not exist on type '{ accepted: true; resourceType: RegistryTable; resourceId: string; }'.
src/agents/index.ts(473,22): error TS2339: Property 'status' does not exist on type '{ accepted: true; resourceType: RegistryTable; resourceId: string; } | { _id: Id<"agents">; _creationTime: number; metadata?: any; lastActive?: number | undefined; memorySpaceId?: string | undefined; ... 9 more ...; status: "active" | ... 1 more ... | "inactive"; }'.
  Property 'status' does not exist on type '{ accepted: true; resourceType: RegistryTable; resourceId: string; }'.
src/agents/index.ts(474,28): error TS2339: Property 'registeredAt' does not exist on type '{ accepted: true; resourceType: RegistryTable; resourceId: string; } | { _id: Id<"agents">; _creationTime: number; metadata?: any; lastActive?: number | undefined; memorySpaceId?: string | undefined; ... 9 more ...; status: "active" | ... 1 more ... | "inactive"; }'.
  Property 'registeredAt' does not exist on type '{ accepted: true; resourceType: RegistryTable; resourceId: string; }'.
src/agents/index.ts(475,25): error TS2339: Property 'updatedAt' does not exist on type '{ accepted: true; resourceType: RegistryTable; resourceId: string; } | { _id: Id<"agents">; _creationTime: number; metadata?: any; lastActive?: number | undefined; memorySpaceId?: string | undefined; ... 9 more ...; status: "active" | ... 1 more ... | "inactive"; }'.
  Property 'updatedAt' does not exist on type '{ accepted: true; resourceType: RegistryTable; resourceId: string; }'.
src/agents/index.ts(476,26): error TS2339: Property 'lastActive' does not exist on type '{ accepted: true; resourceType: RegistryTable; resourceId: string; } | { _id: Id<"agents">; _creationTime: number; metadata?: any; lastActive?: number | undefined; memorySpaceId?: string | undefined; ... 9 more ...; status: "active" | ... 1 more ... | "inactive"; }'.
  Property 'lastActive' does not exist on type '{ accepted: true; resourceType: RegistryTable; resourceId: string; }'.
src/agents/index.ts(730,9): error TS2322: Type 'string[] | undefined' is not assignable to type 'string[]'.
  Type 'undefined' is not assignable to type 'string[]'.
tests/helpers/cleanup.ts(58,62): error TS2339: Property 'purgeAll' does not exist on type '{ store: FunctionReference<"mutation", "public", { userId?: string | undefined; tenantId?: string | undefined; embedding?: number[] | undefined; participantId?: string | undefined; agentId?: string | undefined; ... 14 more ...; contentType: "raw" | ... 1 more ... | "fact"; }, { ...; } | DataMutationReceipt, string |...'.
tests/helpers/cleanup.ts(77,59): error TS2339: Property 'purgeAll' does not exist on type '{ store: FunctionReference<"mutation", "public", { object?: string | undefined; metadata?: any; userId?: string | undefined; tenantId?: string | undefined; subject?: string | undefined; embedding?: number[] | undefined; ... 15 more ...; sourceType: "fact-extraction" | ... 4 more ... | "manual"; }, { ...; } | DataMut...'.
tests/helpers/cleanup.ts(96,62): error TS2339: Property 'purgeAll' does not exist on type '{ create: FunctionReference<"mutation", "public", { userId?: string | undefined; tenantId?: string | undefined; status?: "active" | "completed" | "cancelled" | "blocked" | undefined; data?: any; conversationRef?: { ...; } | undefined; description?: string | undefined; parentId?: string | undefined; memorySpaceId: st...'.
tests/helpers/cleanup.ts(115,66): error TS2339: Property 'purgeAll' does not exist on type '{ register: FunctionReference<"mutation", "public", { metadata?: any; name?: string | undefined; tenantId?: string | undefined; participants?: { type: string; id: string; joinedAt: number; }[] | undefined; memorySpaceId: string; type: "custom" | ... 2 more ... | "project"; }, { ...; } | ... 1 more ... | null, string...'.
tests/interactive-runner.ts(380,55): error TS2339: Property 'purgeAll' does not exist on type '{ store: FunctionReference<"mutation", "public", { userId?: string | undefined; tenantId?: string | undefined; embedding?: number[] | undefined; participantId?: string | undefined; agentId?: string | undefined; ... 14 more ...; contentType: "raw" | ... 1 more ... | "fact"; }, { ...; } | DataMutationReceipt, string |...'.
tests/unit/runtimeEndpointAuth/facts.test.ts(165,23): error TS2339: Property 'runtimeEditor' does not exist on type '{ _id: Id<"facts">; _creationTime: number; object?: string | undefined; metadata?: any; userId?: string | undefined; tenantId?: string | undefined; ownerPrincipalId?: string | undefined; ... 27 more ...; sourceType: "fact-extraction" | ... 4 more ... | "manual"; } & { ...; }'.
tests/unit/runtimeEndpointAuth/facts.test.ts(165,55): error TS2339: Property 'runtimeEditor' does not exist on type '{ _id: Id<"facts">; _creationTime: number; object?: string | undefined; metadata?: any; userId?: string | undefined; tenantId?: string | undefined; ownerPrincipalId?: string | undefined; ... 27 more ...; sourceType: "fact-extraction" | ... 4 more ... | "manual"; }'.
tests/unit/runtimeEndpointAuth/facts.test.ts(166,20): error TS2339: Property 'runtimeEditor' does not exist on type '{ _id: Id<"facts">; _creationTime: number; object?: string | undefined; metadata?: any; userId?: string | undefined; tenantId?: string | undefined; ownerPrincipalId?: string | undefined; ... 27 more ...; sourceType: "fact-extraction" | ... 4 more ... | "manual"; }'.
tests/unit/runtimeEndpointAuth/facts.test.ts(190,20): error TS2339: Property 'runtimeEditor' does not exist on type '{ _id: Id<"facts">; _creationTime: number; object?: string | undefined; metadata?: any; userId?: string | undefined; tenantId?: string | undefined; ownerPrincipalId?: string | undefined; ... 27 more ...; sourceType: "fact-extraction" | ... 4 more ... | "manual"; }'.
tests/unit/runtimeEndpointAuth/facts.test.ts(193,23): error TS2339: Property 'runtimeEditor' does not exist on type '{ _id: Id<"facts">; _creationTime: number; object?: string | undefined; metadata?: any; userId?: string | undefined; tenantId?: string | undefined; ownerPrincipalId?: string | undefined; ... 27 more ...; sourceType: "fact-extraction" | ... 4 more ... | "manual"; }'.
tests/unit/runtimeEndpointAuth/facts.test.ts(194,23): error TS2339: Property 'runtimeEditor' does not exist on type '{ _id: Id<"facts">; _creationTime: number; object?: string | undefined; metadata?: any; userId?: string | undefined; tenantId?: string | undefined; ownerPrincipalId?: string | undefined; ... 27 more ...; sourceType: "fact-extraction" | ... 4 more ... | "manual"; }'.
tests/unit/runtimeEndpointAuth/facts.test.ts(321,125): error TS2339: Property 'lineage' does not exist on type '{ _id: Id<"memories">; _creationTime: number; metadata?: any; userId?: string | undefined; tenantId?: string | undefined; embedding?: number[] | undefined; participantId?: string | undefined; ... 25 more ...; sourceTimestamp: number; }'.
tests/unit/runtimeEndpointAuth/facts.test.ts(332,56): error TS2339: Property 'lineage' does not exist on type '{ _id: Id<"memories">; _creationTime: number; metadata?: any; userId?: string | undefined; tenantId?: string | undefined; embedding?: number[] | undefined; participantId?: string | undefined; ... 25 more ...; sourceTimestamp: number; }'.
tests/unit/runtimeEndpointAuth/facts.test.ts(333,21): error TS2339: Property 'runtimeEditor' does not exist on type '{ _id: Id<"facts">; _creationTime: number; object?: string | undefined; metadata?: any; userId?: string | undefined; tenantId?: string | undefined; ownerPrincipalId?: string | undefined; ... 27 more ...; sourceType: "fact-extraction" | ... 4 more ... | "manual"; }'.
tests/unit/runtimeEndpointAuth/facts.test.ts(337,150): error TS2339: Property 'lineage' does not exist on type '{ _id: Id<"memories">; _creationTime: number; metadata?: any; userId?: string | undefined; tenantId?: string | undefined; embedding?: number[] | undefined; participantId?: string | undefined; ... 25 more ...; sourceTimestamp: number; }'.
tests/unit/runtimeEndpointAuth/facts.test.ts(338,107): error TS2339: Property 'manualSourceBinding' does not exist on type '{ _id: Id<"facts">; _creationTime: number; object?: string | undefined; metadata?: any; userId?: string | undefined; tenantId?: string | undefined; ownerPrincipalId?: string | undefined; ... 27 more ...; sourceType: "fact-extraction" | ... 4 more ... | "manual"; }'.
tests/unit/runtimeEndpointAuth/facts.test.ts(340,22): error TS2339: Property 'manualSourceBinding' does not exist on type '{ _id: Id<"facts">; _creationTime: number; object?: string | undefined; metadata?: any; userId?: string | undefined; tenantId?: string | undefined; ownerPrincipalId?: string | undefined; ... 27 more ...; sourceType: "fact-extraction" | ... 4 more ... | "manual"; }'.
tests/unit/runtimeEndpointAuth/facts.test.ts(340,58): error TS2339: Property 'manualSourceBinding' does not exist on type '{ _id: Id<"facts">; _creationTime: number; object?: string | undefined; metadata?: any; userId?: string | undefined; tenantId?: string | undefined; ownerPrincipalId?: string | undefined; ... 27 more ...; sourceType: "fact-extraction" | ... 4 more ... | "manual"; }'.
tests/unit/runtimeEndpointAuth/facts.test.ts(488,122): error TS2339: Property 'lineage' does not exist on type '{ _id: Id<"memories">; _creationTime: number; metadata?: any; userId?: string | undefined; tenantId?: string | undefined; embedding?: number[] | undefined; participantId?: string | undefined; ... 25 more ...; sourceTimestamp: number; }'.
tests/unit/runtimeEndpointAuth/memory.test.ts(96,18): error TS2339: Property 'lineage' does not exist on type '{ _id: Id<"memories">; _creationTime: number; metadata?: any; userId?: string | undefined; tenantId?: string | undefined; embedding?: number[] | undefined; participantId?: string | undefined; ... 25 more ...; sourceTimestamp: number; }'.
tests/unit/runtimeEndpointAuth/memory.test.ts(97,77): error TS2339: Property 'lineage' does not exist on type '{ _id: Id<"memories">; _creationTime: number; metadata?: any; userId?: string | undefined; tenantId?: string | undefined; embedding?: number[] | undefined; participantId?: string | undefined; ... 25 more ...; sourceTimestamp: number; }'.
tests/unit/runtimeEndpointAuth/memory.test.ts(182,16): error TS2339: Property 'lineage' does not exist on type '{ _id: Id<"memories">; _creationTime: number; metadata?: any; userId?: string | undefined; tenantId?: string | undefined; embedding?: number[] | undefined; participantId?: string | undefined; ... 25 more ...; sourceTimestamp: number; }'.
tests/unit/runtimeEndpointAuth/memory.test.ts(189,22): error TS2339: Property 'lineage' does not exist on type '{ _id: Id<"memories">; _creationTime: number; metadata?: any; userId?: string | undefined; tenantId?: string | undefined; embedding?: number[] | undefined; participantId?: string | undefined; ... 25 more ...; sourceTimestamp: number; }'.
tests/unit/runtimeEndpointAuth/memory.test.ts(190,22): error TS2339: Property 'runtimeEditor' does not exist on type '{ _id: Id<"memories">; _creationTime: number; metadata?: any; userId?: string | undefined; tenantId?: string | undefined; embedding?: number[] | undefined; participantId?: string | undefined; ... 25 more ...; sourceTimestamp: number; }'.
tests/unit/runtimeEndpointAuth/memory.test.ts(202,22): error TS2339: Property 'lineage' does not exist on type '{ _id: Id<"memories">; _creationTime: number; metadata?: any; userId?: string | undefined; tenantId?: string | undefined; embedding?: number[] | undefined; participantId?: string | undefined; ... 25 more ...; sourceTimestamp: number; }'.
tests/unit/runtimeEndpointAuth/memory.test.ts(203,22): error TS2339: Property 'manualSourceBinding' does not exist on type '{ _id: Id<"memories">; _creationTime: number; metadata?: any; userId?: string | undefined; tenantId?: string | undefined; embedding?: number[] | undefined; participantId?: string | undefined; ... 25 more ...; sourceTimestamp: number; }'.
