convex-dev/facts.ts(105,7): error TS2353: Object literal may only specify known properties, and 'runtimeEditor' does not exist in type '{ object?: string | undefined; tenantId?: string | undefined; ownerPrincipalId?: string | undefined; subject?: string | undefined; lineage?: { role: "user"; trust: "user_assertion"; sourceId: string; sourceEventId: string; sourceRevision: number; } | { ...; } | { ...; } | undefined; ... 27 more ...; updatedAt: numbe...'.
convex-dev/facts.ts(205,7): error TS2353: Object literal may only specify known properties, and 'runtimeEditor' does not exist in type '{ object?: string | undefined; tenantId?: string | undefined; ownerPrincipalId?: string | undefined; subject?: string | undefined; lineage?: { role: "user"; trust: "user_assertion"; sourceId: string; sourceEventId: string; sourceRevision: number; } | { ...; } | { ...; } | undefined; ... 27 more ...; updatedAt: numbe...'.
convex-dev/facts.ts(332,39): error TS2353: Object literal may only specify known properties, and 'runtimeEditor' does not exist in type 'PatchValue<{ _id: Id<"facts">; _creationTime: number; object?: string | undefined; tenantId?: string | undefined; ownerPrincipalId?: string | undefined; subject?: string | undefined; lineage?: { ...; } | ... 2 more ... | undefined; ... 27 more ...; updatedAt: number; }>'.
convex-dev/facts.ts(339,39): error TS2353: Object literal may only specify known properties, and 'runtimeEditor' does not exist in type 'PatchValue<{ _id: Id<"facts">; _creationTime: number; object?: string | undefined; tenantId?: string | undefined; ownerPrincipalId?: string | undefined; subject?: string | undefined; lineage?: { ...; } | ... 2 more ... | undefined; ... 27 more ...; updatedAt: number; }>'.
convex-dev/facts.ts(427,52): error TS2353: Object literal may only specify known properties, and 'runtimeEditor' does not exist in type 'PatchValue<{ _id: Id<"facts">; _creationTime: number; object?: string | undefined; tenantId?: string | undefined; ownerPrincipalId?: string | undefined; subject?: string | undefined; lineage?: { ...; } | ... 2 more ... | undefined; ... 27 more ...; updatedAt: number; }>'.
convex-dev/facts.ts(1563,71): error TS2353: Object literal may only specify known properties, and 'runtimeEditor' does not exist in type 'PatchValue<{ _id: Id<"facts">; _creationTime: number; object?: string | undefined; tenantId?: string | undefined; ownerPrincipalId?: string | undefined; subject?: string | undefined; lineage?: { ...; } | ... 2 more ... | undefined; ... 27 more ...; updatedAt: number; }>'.
convex-dev/facts.ts(1565,36): error TS2353: Object literal may only specify known properties, and 'runtimeEditor' does not exist in type 'PatchValue<{ _id: Id<"facts">; _creationTime: number; object?: string | undefined; tenantId?: string | undefined; ownerPrincipalId?: string | undefined; subject?: string | undefined; lineage?: { ...; } | ... 2 more ... | undefined; ... 27 more ...; updatedAt: number; }>'.
convex-dev/memories.ts(105,7): error TS2353: Object literal may only specify known properties, and 'ownerPrincipalId' does not exist in type '{ tenantId?: string | undefined; embedding?: number[] | undefined; userId?: string | undefined; participantId?: string | undefined; agentId?: string | undefined; metadata?: any; sourceUserId?: string | undefined; ... 23 more ...; accessCount: number; }'.
convex-dev/memories.ts(172,7): error TS2353: Object literal may only specify known properties, and 'ownerPrincipalId' does not exist in type '{ tenantId?: string | undefined; embedding?: number[] | undefined; userId?: string | undefined; participantId?: string | undefined; agentId?: string | undefined; metadata?: any; sourceUserId?: string | undefined; ... 23 more ...; accessCount: number; }'.
convex-dev/memories.ts(225,38): error TS2353: Object literal may only specify known properties, and 'runtimeEditor' does not exist in type 'PatchValue<{ _id: Id<"memories">; _creationTime: number; tenantId?: string | undefined; embedding?: number[] | undefined; userId?: string | undefined; participantId?: string | undefined; agentId?: string | undefined; ... 25 more ...; accessCount: number; }>'.
convex-dev/memories.ts(266,38): error TS2353: Object literal may only specify known properties, and 'runtimeEditor' does not exist in type 'PatchValue<{ _id: Id<"memories">; _creationTime: number; tenantId?: string | undefined; embedding?: number[] | undefined; userId?: string | undefined; participantId?: string | undefined; agentId?: string | undefined; ... 25 more ...; accessCount: number; }>'.
convex-dev/memories.ts(535,38): error TS2353: Object literal may only specify known properties, and 'runtimeEditor' does not exist in type 'PatchValue<{ _id: Id<"memories">; _creationTime: number; tenantId?: string | undefined; embedding?: number[] | undefined; userId?: string | undefined; participantId?: string | undefined; agentId?: string | undefined; ... 25 more ...; accessCount: number; }>'.
convex-dev/memories.ts(549,79): error TS2339: Property 'ownerPrincipalId' does not exist on type '{ _id: Id<"memories">; _creationTime: number; tenantId?: string | undefined; embedding?: number[] | undefined; userId?: string | undefined; participantId?: string | undefined; agentId?: string | undefined; ... 25 more ...; accessCount: number; }'.
convex-dev/memories.ts(865,52): error TS2353: Object literal may only specify known properties, and 'runtimeEditor' does not exist in type 'PatchValue<{ _id: Id<"memories">; _creationTime: number; tenantId?: string | undefined; embedding?: number[] | undefined; userId?: string | undefined; participantId?: string | undefined; agentId?: string | undefined; ... 25 more ...; accessCount: number; }>'.
convex-dev/memories.ts(906,38): error TS2353: Object literal may only specify known properties, and 'runtimeEditor' does not exist in type 'PatchValue<{ _id: Id<"memories">; _creationTime: number; tenantId?: string | undefined; embedding?: number[] | undefined; userId?: string | undefined; participantId?: string | undefined; agentId?: string | undefined; ... 25 more ...; accessCount: number; }>'.
convex-dev/memories.ts(953,38): error TS2353: Object literal may only specify known properties, and 'runtimeEditor' does not exist in type 'PatchValue<{ _id: Id<"memories">; _creationTime: number; tenantId?: string | undefined; embedding?: number[] | undefined; userId?: string | undefined; participantId?: string | undefined; agentId?: string | undefined; ... 25 more ...; accessCount: number; }>'.
convex-dev/memories.ts(959,87): error TS2339: Property 'ownerPrincipalId' does not exist on type '{ _id: Id<"memories">; _creationTime: number; tenantId?: string | undefined; embedding?: number[] | undefined; userId?: string | undefined; participantId?: string | undefined; agentId?: string | undefined; ... 25 more ...; accessCount: number; }'.
convex-dev/runtimeDataAuth.ts(69,85): error TS2339: Property 'ownerPrincipalId' does not exist on type 'DataRow'.
  Property 'ownerPrincipalId' does not exist on type '{ _id: Id<"memories">; _creationTime: number; tenantId?: string | undefined; embedding?: number[] | undefined; userId?: string | undefined; participantId?: string | undefined; agentId?: string | undefined; ... 25 more ...; accessCount: number; }'.
convex-dev/runtimeDataAuth.ts(93,40): error TS2339: Property 'lineage' does not exist on type 'DataRow'.
  Property 'lineage' does not exist on type '{ _id: Id<"memories">; _creationTime: number; tenantId?: string | undefined; embedding?: number[] | undefined; userId?: string | undefined; participantId?: string | undefined; agentId?: string | undefined; ... 25 more ...; accessCount: number; }'.
convex-dev/runtimeDataAuth.ts(136,63): error TS2345: Argument of type '"by_runtime_scope_memoryId"' is not assignable to parameter of type '"by_tenant_space" | "by_memorySpace" | "by_tenantId" | "by_userId" | "by_memoryId" | "by_agentId" | "by_memorySpace_created" | "by_memorySpace_userId" | "by_memorySpace_agentId" | "by_participantId" | keyof SystemIndexes'.
convex-dev/runtimeDataAuth.ts(137,10): error TS2339: Property 'eq' does not exist on type 'IndexRange'.
convex-dev/runtimeDataAuth.ts(215,13): error TS2339: Property 'tombstonedAt' does not exist on type 'DataRow'.
  Property 'tombstonedAt' does not exist on type '{ _id: Id<"memories">; _creationTime: number; tenantId?: string | undefined; embedding?: number[] | undefined; userId?: string | undefined; participantId?: string | undefined; agentId?: string | undefined; ... 25 more ...; accessCount: number; }'.
convex-dev/runtimeDataAuth.ts(232,12): error TS2339: Property 'lineage' does not exist on type 'DataRow'.
  Property 'lineage' does not exist on type '{ _id: Id<"memories">; _creationTime: number; tenantId?: string | undefined; embedding?: number[] | undefined; userId?: string | undefined; participantId?: string | undefined; agentId?: string | undefined; ... 25 more ...; accessCount: number; }'.
convex-dev/runtimeDataAuth.ts(232,28): error TS2339: Property 'ownerPrincipalId' does not exist on type 'DataRow'.
  Property 'ownerPrincipalId' does not exist on type '{ _id: Id<"memories">; _creationTime: number; tenantId?: string | undefined; embedding?: number[] | undefined; userId?: string | undefined; participantId?: string | undefined; agentId?: string | undefined; ... 25 more ...; accessCount: number; }'.
convex-dev/runtimeDataAuth.ts(232,52): error TS2339: Property 'tombstonedAt' does not exist on type 'DataRow'.
  Property 'tombstonedAt' does not exist on type '{ _id: Id<"memories">; _creationTime: number; tenantId?: string | undefined; embedding?: number[] | undefined; userId?: string | undefined; participantId?: string | undefined; agentId?: string | undefined; ... 25 more ...; accessCount: number; }'.
convex-dev/runtimeDataAuth.ts(233,13): error TS2339: Property 'lineage' does not exist on type 'DataRow'.
  Property 'lineage' does not exist on type '{ _id: Id<"memories">; _creationTime: number; tenantId?: string | undefined; embedding?: number[] | undefined; userId?: string | undefined; participantId?: string | undefined; agentId?: string | undefined; ... 25 more ...; accessCount: number; }'.
convex-dev/runtimeDataAuth.ts(233,64): error TS2339: Property 'lineage' does not exist on type 'DataRow'.
  Property 'lineage' does not exist on type '{ _id: Id<"memories">; _creationTime: number; tenantId?: string | undefined; embedding?: number[] | undefined; userId?: string | undefined; participantId?: string | undefined; agentId?: string | undefined; ... 25 more ...; accessCount: number; }'.
convex-dev/runtimeDataAuth.ts(233,95): error TS2339: Property 'lineage' does not exist on type 'DataRow'.
  Property 'lineage' does not exist on type '{ _id: Id<"memories">; _creationTime: number; tenantId?: string | undefined; embedding?: number[] | undefined; userId?: string | undefined; participantId?: string | undefined; agentId?: string | undefined; ... 25 more ...; accessCount: number; }'.
convex-dev/runtimeDataAuth.ts(236,78): error TS2339: Property 'lineage' does not exist on type 'DataRow'.
  Property 'lineage' does not exist on type '{ _id: Id<"memories">; _creationTime: number; tenantId?: string | undefined; embedding?: number[] | undefined; userId?: string | undefined; participantId?: string | undefined; agentId?: string | undefined; ... 25 more ...; accessCount: number; }'.
convex-dev/runtimeDataAuth.ts(237,56): error TS2339: Property 'ownerPrincipalId' does not exist on type 'DataRow'.
  Property 'ownerPrincipalId' does not exist on type '{ _id: Id<"memories">; _creationTime: number; tenantId?: string | undefined; embedding?: number[] | undefined; userId?: string | undefined; participantId?: string | undefined; agentId?: string | undefined; ... 25 more ...; accessCount: number; }'.
convex-dev/runtimeDataAuth.ts(238,87): error TS2339: Property 'ownerPrincipalId' does not exist on type 'DataRow'.
  Property 'ownerPrincipalId' does not exist on type '{ _id: Id<"memories">; _creationTime: number; tenantId?: string | undefined; embedding?: number[] | undefined; userId?: string | undefined; participantId?: string | undefined; agentId?: string | undefined; ... 25 more ...; accessCount: number; }'.
convex-dev/runtimeDataAuth.ts(239,41): error TS2339: Property 'lineage' does not exist on type 'DataRow'.
  Property 'lineage' does not exist on type '{ _id: Id<"memories">; _creationTime: number; tenantId?: string | undefined; embedding?: number[] | undefined; userId?: string | undefined; participantId?: string | undefined; agentId?: string | undefined; ... 25 more ...; accessCount: number; }'.
convex-dev/runtimeDataAuth.ts(345,56): error TS2345: Argument of type '"by_runtime_scope_memoryId"' is not assignable to parameter of type '"by_tenant_space" | "by_memorySpace" | "by_tenantId" | "by_userId" | "by_memoryId" | "by_agentId" | "by_memorySpace_created" | "by_memorySpace_userId" | "by_memorySpace_agentId" | "by_participantId" | keyof SystemIndexes'.
convex-dev/runtimeDataAuth.ts(346,6): error TS2339: Property 'eq' does not exist on type 'IndexRange'.
convex-dev/runtimeDataAuth.ts(347,68): error TS2345: Argument of type '"ownerPrincipalId"' is not assignable to parameter of type '"_id" | ExtractFieldPaths<VObject<{ tenantId?: string | undefined; embedding?: number[] | undefined; userId?: string | undefined; participantId?: string | undefined; agentId?: string | undefined; metadata?: any; ... 24 more ...; accessCount: number; }, { ...; }, "required", "tenantId" | ... 43 more ... | `partialMet...'.
convex-dev/runtimeDataAuth.ts(348,23): error TS2345: Argument of type '"ownerPrincipalId"' is not assignable to parameter of type '"_id" | ExtractFieldPaths<VObject<{ tenantId?: string | undefined; embedding?: number[] | undefined; userId?: string | undefined; participantId?: string | undefined; agentId?: string | undefined; metadata?: any; ... 24 more ...; accessCount: number; }, { ...; }, "required", "tenantId" | ... 43 more ... | `partialMet...'.
convex-dev/runtimeDataAuth.ts(366,13): error TS2339: Property 'tombstonedAt' does not exist on type 'DataRow'.
  Property 'tombstonedAt' does not exist on type '{ _id: Id<"memories">; _creationTime: number; tenantId?: string | undefined; embedding?: number[] | undefined; userId?: string | undefined; participantId?: string | undefined; agentId?: string | undefined; ... 25 more ...; accessCount: number; }'.
convex-dev/runtimeDataAuth.ts(366,48): error TS2339: Property 'lineage' does not exist on type 'DataRow'.
  Property 'lineage' does not exist on type '{ _id: Id<"memories">; _creationTime: number; tenantId?: string | undefined; embedding?: number[] | undefined; userId?: string | undefined; participantId?: string | undefined; agentId?: string | undefined; ... 25 more ...; accessCount: number; }'.
convex-dev/runtimeDataAuth.ts(366,64): error TS2339: Property 'ownerPrincipalId' does not exist on type 'DataRow'.
  Property 'ownerPrincipalId' does not exist on type '{ _id: Id<"memories">; _creationTime: number; tenantId?: string | undefined; embedding?: number[] | undefined; userId?: string | undefined; participantId?: string | undefined; agentId?: string | undefined; ... 25 more ...; accessCount: number; }'.
convex-dev/runtimeDataAuth.ts(381,37): error TS2345: Argument of type '"tombstonedAt"' is not assignable to parameter of type '"_id" | ExtractFieldPaths<VObject<{ tenantId?: string | undefined; embedding?: number[] | undefined; userId?: string | undefined; participantId?: string | undefined; agentId?: string | undefined; metadata?: any; ... 24 more ...; accessCount: number; }, { ...; }, "required", "tenantId" | ... 43 more ... | `partialMet...'.
convex-dev/runtimeDataAuth.ts(382,57): error TS2345: Argument of type '"ownerPrincipalId"' is not assignable to parameter of type '"_id" | ExtractFieldPaths<VObject<{ tenantId?: string | undefined; embedding?: number[] | undefined; userId?: string | undefined; participantId?: string | undefined; agentId?: string | undefined; metadata?: any; ... 24 more ...; accessCount: number; }, { ...; }, "required", "tenantId" | ... 43 more ... | `partialMet...'.
convex-dev/runtimeDataAuth.ts(382,117): error TS2345: Argument of type '"ownerPrincipalId"' is not assignable to parameter of type '"_id" | ExtractFieldPaths<VObject<{ tenantId?: string | undefined; embedding?: number[] | undefined; userId?: string | undefined; participantId?: string | undefined; agentId?: string | undefined; metadata?: any; ... 24 more ...; accessCount: number; }, { ...; }, "required", "tenantId" | ... 43 more ... | `partialMet...'.
convex-dev/runtimeDataAuth.ts(394,59): error TS2345: Argument of type '"ownerPrincipalId"' is not assignable to parameter of type '"tenantId" | "memorySpaceId" | "sourceType" | "userId" | "participantId" | "agentId"'.
convex-dev/runtimeDataAuth.ts(401,59): error TS2345: Argument of type '"ownerPrincipalId"' is not assignable to parameter of type '"tenantId" | "memorySpaceId" | "factType"'.
convex-dev/runtimeDataAuth.ts(405,60): error TS2339: Property 'manualSourceBinding' does not exist on type '{ _id: Id<"facts">; _creationTime: number; object?: string | undefined; tenantId?: string | undefined; ownerPrincipalId?: string | undefined; subject?: string | undefined; lineage?: { ...; } | ... 2 more ... | undefined; ... 27 more ...; updatedAt: number; }'.
convex-dev/runtimeDataAuth.ts(444,23): error TS2339: Property 'lineage' does not exist on type 'DataRow'.
  Property 'lineage' does not exist on type '{ _id: Id<"memories">; _creationTime: number; tenantId?: string | undefined; embedding?: number[] | undefined; userId?: string | undefined; participantId?: string | undefined; agentId?: string | undefined; ... 25 more ...; accessCount: number; }'.
convex-dev/runtimeDataAuth.ts(445,23): error TS2339: Property 'manualSourceBinding' does not exist on type 'DataRow'.
  Property 'manualSourceBinding' does not exist on type '{ _id: Id<"facts">; _creationTime: number; object?: string | undefined; tenantId?: string | undefined; ownerPrincipalId?: string | undefined; subject?: string | undefined; lineage?: { ...; } | ... 2 more ... | undefined; ... 27 more ...; updatedAt: number; }'.
convex-dev/runtimeDataAuth.ts(454,91): error TS2339: Property 'ownerPrincipalId' does not exist on type 'DataRow'.
  Property 'ownerPrincipalId' does not exist on type '{ _id: Id<"memories">; _creationTime: number; tenantId?: string | undefined; embedding?: number[] | undefined; userId?: string | undefined; participantId?: string | undefined; agentId?: string | undefined; ... 25 more ...; accessCount: number; }'.
convex-dev/runtimeDataAuth.ts(462,56): error TS2339: Property 'ownerPrincipalId' does not exist on type 'DataRow'.
  Property 'ownerPrincipalId' does not exist on type '{ _id: Id<"memories">; _creationTime: number; tenantId?: string | undefined; embedding?: number[] | undefined; userId?: string | undefined; participantId?: string | undefined; agentId?: string | undefined; ... 25 more ...; accessCount: number; }'.
convex-dev/runtimeDataAuth.ts(492,92): error TS2353: Object literal may only specify known properties, and 'tombstonedAt' does not exist in type 'PatchValue<{ _id: Id<"memories">; _creationTime: number; tenantId?: string | undefined; embedding?: number[] | undefined; userId?: string | undefined; participantId?: string | undefined; agentId?: string | undefined; ... 25 more ...; accessCount: number; }>'.
convex-dev/runtimeDataAuth.ts(493,120): error TS2353: Object literal may only specify known properties, and 'runtimeEditor' does not exist in type 'PatchValue<{ _id: Id<"facts">; _creationTime: number; object?: string | undefined; tenantId?: string | undefined; ownerPrincipalId?: string | undefined; subject?: string | undefined; lineage?: { ...; } | ... 2 more ... | undefined; ... 27 more ...; updatedAt: number; }>'.
convex-dev/runtimeDataAuth.ts(501,22): error TS2345: Argument of type '"ownerPrincipalId"' is not assignable to parameter of type '"_id" | ExtractFieldPaths<VObject<{ tenantId?: string | undefined; embedding?: number[] | undefined; userId?: string | undefined; participantId?: string | undefined; agentId?: string | undefined; metadata?: any; ... 24 more ...; accessCount: number; }, { ...; }, "required", "tenantId" | ... 43 more ... | `partialMet...'.
convex-dev/runtimeDataAuth.ts(501,82): error TS2345: Argument of type '"ownerPrincipalId"' is not assignable to parameter of type '"_id" | ExtractFieldPaths<VObject<{ tenantId?: string | undefined; embedding?: number[] | undefined; userId?: string | undefined; participantId?: string | undefined; agentId?: string | undefined; metadata?: any; ... 24 more ...; accessCount: number; }, { ...; }, "required", "tenantId" | ... 43 more ... | `partialMet...'.
convex-dev/runtimeDataAuth.ts(513,106): error TS2339: Property 'runtimeEditor' does not exist on type '{ _id: Id<"facts">; _creationTime: number; object?: string | undefined; tenantId?: string | undefined; ownerPrincipalId?: string | undefined; subject?: string | undefined; lineage?: { ...; } | ... 2 more ... | undefined; ... 27 more ...; updatedAt: number; }'.
