(node:78981) ExperimentalWarning: VM Modules is an experimental feature and might change at any time
(Use `node --trace-warnings ...` to show where the warning was created)
FAIL tests/unit/runtime/gateway-dispatch.test.ts (5.675 s)
  ● bounded governed Gateway middleware › captures known charge durably before revocation denies ordinary settle

    expect(received).toEqual(expected) // deep equality

    - Expected  - 0
    + Received  + 1

      Array [
        "admit",
        "checkpoint",
        "native",
        "capture",
    +   "visible",
        "settle",
      ]

      143 |   it("captures known charge durably before revocation denies ordinary settle", async () => {
      144 |     const f = fixture(); const capture = f.composition.terminalSink.capture; f.composition.terminalSink.capture = async (e) => { const result = await capture(e); f.revoke(); return result; };
    > 145 |     const h = governGatewayLanguageModel(f.model, f.composition, f.b, f.r); await expect(h.model.doGenerate(params())).rejects.toMatchObject({ code: "TERMINAL_RECONCILIATION_PENDING" }); expect(f.receipts).toHaveLength(1); expect(f.events).toEqual(["admit", "checkpoint", "native", "capture", "settle"]);
          |                                                                                                                                                                                                                                                 ^
      146 |   });
      147 |   it("missing durable capture withholds output, retains checkpoint and never assumes admin recovery", async () => {
      148 |     const f = fixture(); f.captureFail(); const h = governGatewayLanguageModel(f.model, f.composition, f.b, f.r);

      at Object.<anonymous> (tests/unit/runtime/gateway-dispatch.test.ts:145:241)

Test Suites: 1 failed, 1 total
Tests:       1 failed, 46 passed, 47 total
Snapshots:   0 total
Time:        5.922 s, estimated 7 s
