npm notice run @cortexmemory/chat-sdk-quickstart@1.0.0 build
npm notice run next build --webpack
▲ Next.js 16.3.8 (webpack)
✓ Running next.config.ts took 38ms
Attention: Next.js now collects completely anonymous telemetry regarding usage.
This information is used to shape Next.js' roadmap and prioritize features.
You can learn more, including how to opt-out if you'd not like to participate in this anonymous program, by visiting the following URL:
https://nextjs.org/telemetry


  Creating an optimized production build ...
✓ Compiled successfully in 37.2s
  Running TypeScript ...
  Finished TypeScript in 7.3s ...
  Collecting page data using 4 workers ...
  Generating static pages using 4 workers (0/16) ...
  Generating static pages using 4 workers (4/16)
  Generating static pages using 4 workers (8/16)
  Generating static pages using 4 workers (12/16)
✓ Generating static pages using 4 workers (16/16) in 872ms
  Finalizing page optimization ...
  Collecting build traces ...

Route (app)
┌ ƒ /
├ ○ /_not-found
├ ƒ /api/auth/[...nextauth]
├ ƒ /api/auth/guest
├ ƒ /api/chat
├ ƒ /api/chat/[id]/stream
├ ƒ /api/document
├ ƒ /api/files/upload
├ ƒ /api/history
├ ƒ /api/share
├ ƒ /api/suggestions
├ ƒ /api/vote
├ ƒ /chat/[id]
├ ○ /login
├ ○ /opengraph-image-12cog0.png
├ ○ /register
├ ƒ /share/[id]
└ ○ /twitter-image-12cog0.png


ƒ Proxy (Middleware)

○  (Static)   prerendered as static content
ƒ  (Dynamic)  server-rendered on demand
