npm notice run @cortexmemory/vercel-ai-provider@0.37.0 build
npm notice run tsup src/index.ts react/index.ts --format cjs,esm --dts --clean
CLI Building entry: react/index.ts, src/index.ts
CLI Using tsconfig: tsconfig.json
CLI tsup v8.5.1
CLI Target: es2022
CLI Cleaning output folder
CJS Build start
ESM Build start
ESM dist/chunk-ZPWP4LTD.js 20.61 KB
ESM dist/react/index.js    15.14 KB
ESM dist/src/index.js      32.78 KB
ESM ⚡️ Build success in 181ms
CJS dist/react/index.cjs 24.29 KB
CJS dist/src/index.cjs   56.63 KB
CJS ⚡️ Build success in 183ms
DTS Build start
DTS ⚡️ Build success in 4077ms
DTS dist/react/index.d.cts    16.05 KB
DTS dist/src/index.d.cts      37.87 KB
DTS dist/types-DKEzlhpU.d.cts 21.81 KB
DTS dist/react/index.d.ts     16.05 KB
DTS dist/src/index.d.ts       37.87 KB
DTS dist/types-DKEzlhpU.d.ts  21.81 KB
