node:internal/modules/run_main:107
    triggerUncaughtException(
    ^

AssertionError [ERR_ASSERTION]: Exact current source hash convex-dev/schema.ts
+ actual - expected

+ 'd350e379fe31c6362f3c9ccafa2a8e9dc76505bd6312f90fc353ddc44ce17cb1'
- '07df1b0be4647848a3e9fbd1eb9d27d81ad78194f77d3c447c7ee4f2de419b1d'

    at verify (file:///workspace/Project-Cortex/work/resume/artifact-schema-index-repair-review/clean-replica/_goals/convex-backend-runtime-2026-10-02/qa/task03-artifact-schema-index-repair/strict-compose.mjs:48:12)
    at file:///workspace/Project-Cortex/work/resume/artifact-schema-index-repair-review/clean-replica/_goals/convex-backend-runtime-2026-10-02/qa/task03-artifact-schema-index-repair/strict-compose.mjs:52:1
    at ModuleJob.run (node:internal/modules/esm/module_job:439:25)
    at async node:internal/modules/esm/loader:643:26
    at async asyncRunEntryPointWithESMLoader (node:internal/modules/run_main:101:5) {
  generatedMessage: false,
  code: 'ERR_ASSERTION',
  actual: 'd350e379fe31c6362f3c9ccafa2a8e9dc76505bd6312f90fc353ddc44ce17cb1',
  expected: '07df1b0be4647848a3e9fbd1eb9d27d81ad78194f77d3c447c7ee4f2de419b1d',
  operator: 'strictEqual',
  diff: 'simple'
}

Node.js v24.19.0
