node:internal/modules/run_main:107
    triggerUncaughtException(
    ^

AssertionError [ERR_ASSERTION]: Exact current source hash convex-dev/runtimeArtifactAuth.ts
+ actual - expected

+ 'bb93897fcd5d5ae458842da27a06b6254136b4e91075d3cef57d8744f91f9ba6'
- 'aa75122698632dfb836b10a12251de7c580f58aa8c16d866913f07fc657962c8'

    at verify (file:///workspace/Project-Cortex/work/resume/artifact-schema-index-repair-review/clean-replica/_goals/convex-backend-runtime-2026-10-02/qa/task03-artifact-schema-index-repair/strict-compose.mjs:48:12)
    at file:///workspace/Project-Cortex/work/resume/artifact-schema-index-repair-review/clean-replica/_goals/convex-backend-runtime-2026-10-02/qa/task03-artifact-schema-index-repair/strict-compose.mjs:52:1
    at ModuleJob.run (node:internal/modules/esm/module_job:439:25)
    at async node:internal/modules/esm/loader:643:26
    at async asyncRunEntryPointWithESMLoader (node:internal/modules/run_main:101:5) {
  generatedMessage: false,
  code: 'ERR_ASSERTION',
  actual: 'bb93897fcd5d5ae458842da27a06b6254136b4e91075d3cef57d8744f91f9ba6',
  expected: 'aa75122698632dfb836b10a12251de7c580f58aa8c16d866913f07fc657962c8',
  operator: 'strictEqual',
  diff: 'simple'
}

Node.js v24.19.0
