
FILE _goals/convex-backend-runtime-2026-10-02/qa/task03c2-live-fixture/fixture/convex/runtimeAuth.ts
/** Trusted authorization boundary. Registered functions in this module are internal only. */
import { ConvexError, v } from "convex/values";
import type { UserIdentity } from "convex/server";
import { internalMutation, internalQuery } from "./_generated/server";
import type { MutationCtx, QueryCtx } from "./_generated/server";
import type {
  RuntimeActorKind, RuntimeAuthority, RuntimeAuthorityReference, RuntimeAuthorityRequirement,
  RuntimeCapability, RuntimeResource, RuntimeResourceAccess, RuntimeResourceType,
} from "../src/auth/verified";
import {
  runtimeActorKind, runtimeAuthorityReference, runtimeAuthorityRequirement,
  runtimeCapability, runtimeResourceAccess, runtimeResourceType,
} from "./runtimeAuthSchema";

type Lifecycle = { version: number; revokedAt?: number; deletedAt?: number };
export interface PrincipalRecord extends Lifecycle {
  _id: string; issuer: string; subject: string; actorKind: RuntimeActorKind; metadataUserId?: string;
}
export interface MembershipRecord extends Lifecycle {
  _id: string; principalId: string; tenantId: string;
}
export interface GrantRecord extends Lifecycle {
  _id: string; principalId: string; membershipId: string; tenantId: string;
  memorySpaceId?: string; tenantEpoch: number; memorySpaceEpoch?: number;
  capabilities: RuntimeCapability[]; resourceAccess: RuntimeResourceAccess; expiresAt?: number;
}
export interface ScopeRecord {
  tenantId: string; memorySpaceId?: string; epoch: number; deletedAt?: number;
}
export interface TombstoneKey {
  tenantId: string; memorySpaceId?: string; resourceType: RuntimeResourceType; resourceId: string;
}
/** Adapter reads only trusted control tables; no user metadata or semantic memory. */
export interface AuthorityReader {
  findPrincipal(issuer: string, subject: string): Promise<PrincipalRecord | null>;
  getPrincipal(id: string): Promise<PrincipalRecord | null>;
  listMemberships(principalId: string): Promise<MembershipRecord[]>;
  getMembership(id: string): Promise<MembershipRecord | null>;
  listGrants(membershipId: string): Promise<GrantRecord[]>;
  getGrant(id: string): Promise<GrantRecord | null>;
  getScope(tenantId: string, memorySpaceId?: string): Promise<ScopeRecord | null>;
  hasTombstone(key: TombstoneKey): Promise<boolean>;
}

function deny(code: "UNAUTHENTICATED" | "FORBIDDEN" | "INVALID_INPUT" = "FORBIDDEN"): never {
  throw new ConvexError({ version: 1, code, message: code === "UNAUTHENTICATED"
    ? "Verified identity required" : code === "INVALID_INPUT" ? "Invalid authority configuration" : "Access denied",
  retryable: false, outcome: "not_dispatched" });
}

function active(record: Lifecycle | null): record is Lifecycle {
  return record !== null && Number.isSafeInteger(record.version) && record.version > 0
    && record.revokedAt === undefined && record.deletedAt === undefined;
}

/** Inspect the trusted raw grant scope before capability/ownership/currentness pruning. */
function boundGrants(
  grants: GrantRecord[], principalId: string, membership: MembershipRecord,
  memorySpaceId?: string, exactScope = false,
): GrantRecord[] {
  return grants.filter((grant) => grant.principalId === principalId && grant.membershipId === membership._id
    && grant.tenantId === membership.tenantId && (exactScope ? grant.memorySpaceId === memorySpaceId
      : memorySpaceId === undefined || grant.memorySpaceId === undefined || grant.memorySpaceId === memorySpaceId));
}

function assertSingleActiveGeneration(grants: GrantRecord[]): void {
  const groups = new Set<string>();
  for (const grant of grants) {
    // Expiry or a malformed version does not repair duplicate unrevoked generations.
    // Provisioning revokes the old generation before replacement, including expired grants.
    if (grant.revokedAt !== undefined || grant.deletedAt !== undefined) continue;
    const key = JSON.stringify([grant.principalId, grant.membershipId, grant.tenantId, grant.memorySpaceId]);
    if (groups.has(key)) deny();
    groups.add(key);
  }
}

function validateRequirement(requirement: RuntimeAuthorityRequirement): void {
  const resource = requirement.resource;
  if (resource && (!resource.tenantId || !resource.resourceId
    || (requirement.tenantId !== undefined && requirement.tenantId !== resource.tenantId)
    || (requirement.memorySpaceId !== undefined && requirement.memorySpaceId !== resource.memorySpaceId))) deny();
  if (requirement.tenantId === "" || requirement.memorySpaceId === "") deny();
}

/** Scope/ownership check for canonical rows. A missing row tenant is never global permission. */
export function assertResourceScope(authority: RuntimeAuthority, resource: RuntimeResource): void {
  if (!resource.tenantId || resource.tenantId !== authority.tenantId
    || (authority.memorySpaceId !== undefined && resource.memorySpaceId !== authority.memorySpaceId)) deny();
  if (authority.resourceAccess === "own" && resource.ownerPrincipalId !== authority.principalId) deny();
  if (authority.resourceAccess === "space"
    && (authority.memorySpaceId === undefined || resource.memorySpaceId !== authority.memorySpaceId)) deny();
}

async function assertCurrentScope(
  reader: AuthorityReader, tenantId: string, memorySpaceId?: string,
): Promise<{ tenantEpoch: number; memorySpaceEpoch?: number }> {
  const tenant = await reader.getScope(tenantId);
  if (!tenant || tenant.tenantId !== tenantId || tenant.memorySpaceId !== undefined
    || tenant.deletedAt !== undefined || !Number.isSafeInteger(tenant.epoch) || tenant.epoch < 1
    || await reader.hasTombstone({ tenantId, resourceType: "tenant", resourceId: tenantId })) deny();
  if (memorySpaceId === undefined) return { tenantEpoch: tenant.epoch };
  const space = await reader.getScope(tenantId, memorySpaceId);
  if (!space || space.tenantId !== tenantId || space.memorySpaceId !== memorySpaceId
    || space.deletedAt !== undefined || !Number.isSafeInteger(space.epoch) || space.epoch < 1
    || await reader.hasTombstone({ tenantId, memorySpaceId, resourceType: "memorySpace", resourceId: memorySpaceId })) deny();
  return { tenantEpoch: tenant.epoch, memorySpaceEpoch: space.epoch };
}

async function materialize(
  reader: AuthorityReader, principal: PrincipalRecord, membership: MembershipRecord,
  grant: GrantRecord, requirement: RuntimeAuthorityRequirement, now: number,
  pinned?: RuntimeAuthorityReference,
): Promise<RuntimeAuthority> {
  const tenantId = requirement.resource?.tenantId ?? requirement.tenantId ?? pinned?.tenantId ?? grant.tenantId;
  const memorySpaceId = requirement.resource?.memorySpaceId ?? requirement.memorySpaceId
    ?? pinned?.memorySpaceId ?? grant.memorySpaceId;
  if (!active(principal) || !active(membership) || !active(grant)
    || membership.principalId !== principal._id || grant.principalId !== principal._id
    || grant.membershipId !== membership._id || membership.tenantId !== grant.tenantId
    || tenantId !== grant.tenantId || !grant.capabilities.includes(requirement.capability)
    || (requirement.actorKind !== undefined && requirement.actorKind !== principal.actorKind)
    || (grant.expiresAt !== undefined && (!Number.isFinite(grant.expiresAt) || now >= grant.expiresAt))
    || (grant.memorySpaceId !== undefined && grant.memorySpaceId !== memorySpaceId)
    || (grant.resourceAccess === "space" && grant.memorySpaceId === undefined)
    || (grant.resourceAccess === "tenant" && grant.memorySpaceId !== undefined)) deny();
  const epochs = await assertCurrentScope(reader, tenantId, memorySpaceId);
  if (epochs.tenantEpoch !== grant.tenantEpoch
    || (grant.memorySpaceId !== undefined && epochs.memorySpaceEpoch !== grant.memorySpaceEpoch)) deny();
  const authority: RuntimeAuthority = {
    principalId: principal._id, principalVersion: principal.version,
    membershipId: membership._id, membershipVersion: membership.version,
    grantId: grant._id, grantVersion: grant.version, tenantId, ...epochs,
    ...(memorySpaceId === undefined ? {} : { memorySpaceId }),
    actorKind: principal.actorKind, userId: principal.metadataUserId ?? principal._id,
    capabilities: [...grant.capabilities], resourceAccess: grant.resourceAccess,
  };
  if (pinned && (pinned.principalId !== authority.principalId || pinned.principalVersion !== authority.principalVersion
    || pinned.membershipId !== authority.membershipId || pinned.membershipVersion !== authority.membershipVersion
    || pinned.grantId !== authority.grantId || pinned.grantVersion !== authority.grantVersion
    || pinned.tenantId !== authority.tenantId || pinned.tenantEpoch !== authority.tenantEpoch
    || pinned.memorySpaceId !== authority.memorySpaceId
    || pinned.memorySpaceEpoch !== authority.memorySpaceEpoch)) deny();
  if (requirement.resource) {
    assertResourceScope(authority, requirement.resource);
    const key = { tenantId, memorySpaceId: requirement.resource.memorySpaceId,
      resourceType: requirement.resource.resourceType, resourceId: requirement.resource.resourceId };
    if (await reader.hasTombstone(key)
      || (key.memorySpaceId !== undefined && await reader.hasTombstone({ ...key, memorySpaceId: undefined }))) deny();
  }
  return authority;
}

/** Pure authority resolution. Only Convex-verified issuer/subject enter this function. */
export async function resolveAuthority(
  reader: AuthorityReader, identity: Pick<UserIdentity, "issuer" | "subject"> | null,
  requirement: RuntimeAuthorityRequirement, now = Date.now(),
): Promise<RuntimeAuthority> {
  if (!identity?.issuer || !identity.subject) deny("UNAUTHENTICATED");
  validateRequirement(requirement);
  const principal = await reader.findPrincipal(identity.issuer, identity.subject);
  if (!principal || !active(principal) || principal.issuer !== identity.issuer || principal.subject !== identity.subject) deny();
  const candidates: RuntimeAuthority[] = [];
  const tenantId = requirement.resource?.tenantId ?? requirement.tenantId;
  const memorySpaceId = requirement.resource?.memorySpaceId ?? requirement.memorySpaceId;
  for (const membership of await reader.listMemberships(principal._id)) {
    if (!active(membership) || membership.principalId !== principal._id
      || (tenantId !== undefined && membership.tenantId !== tenantId)) continue;
    const grants = boundGrants(await reader.listGrants(membership._id), principal._id, membership, memorySpaceId);
    assertSingleActiveGeneration(grants);
    for (const grant of grants) {
      if (!active(grant) || !grant.capabilities.includes(requirement.capability)) continue;
      try {
        candidates.push(await materialize(reader, principal, membership, grant, requirement, now));
      } catch (error) {
        if (!(error instanceof ConvexError) || error.data.code !== "FORBIDDEN") throw error;
      }
    }
  }
  const scopes = new Set(candidates.map((candidate) => JSON.stringify([candidate.tenantId, candidate.memorySpaceId])));
  if (scopes.size !== 1) deny(); // No eligible grant or omitted selectors are ambiguous.
  // Provisioning admits only one active grant per membership/scope; fail closed on corrupt duplicates.
  if (candidates.length !== 1) deny();
  return candidates[0]!;
}

/** Background authority is reloaded at each sensitive read/effect/commit; it needs no session JWT. */
export async function resolveAuthorityReference(
  reader: AuthorityReader, reference: RuntimeAuthorityReference,
  requirement: RuntimeAuthorityRequirement, now = Date.now(),
): Promise<RuntimeAuthority> {
  validateRequirement(requirement);
  const principal = await reader.getPrincipal(reference.principalId);
  const membership = await reader.getMembership(reference.membershipId);
  const grant = await reader.getGrant(reference.grantId);
  if (!principal || !membership || !grant) deny();
  // A pinned ID is not an exception to the one-active-generation invariant.
  // Group by the grant's raw scope, not an effective space narrowed from a tenant-wide grant.
  const grants = boundGrants(await reader.listGrants(membership._id), principal._id, membership, grant.memorySpaceId, true);
  assertSingleActiveGeneration(grants);
  if (!grants.some((candidate) => candidate._id === grant._id)) deny();
  return await materialize(reader, principal, membership, grant, requirement, now, reference);
}

/** Avoid native unique() diagnostics containing trusted control document IDs. */
async function boundedSingle<T>(query: { take(limit: number): Promise<T[]> }): Promise<T | null> {
  const rows = await query.take(2);
  if (rows.length > 1) throw new ConvexError({ version: 1, code: "AUTHORITY_LOOKUP_AMBIGUOUS",
    message: "Authority lookup is ambiguous", retryable: false, outcome: "not_dispatched" });
  return rows[0] ?? null;
}

export function createAuthorityReader(ctx: Pick<QueryCtx, "db">): AuthorityReader {
  return {
    findPrincipal: async (issuer, subject) => await boundedSingle(ctx.db.query("runtimeAuthPrincipals")
      .withIndex("by_issuer_subject", (q) => q.eq("issuer", issuer).eq("subject", subject))),
    getPrincipal: async (id) => {
      const normalized = ctx.db.normalizeId("runtimeAuthPrincipals", id);
      return normalized ? await ctx.db.get("runtimeAuthPrincipals", normalized) : null;
    },
    listMemberships: async (id) => {
      const normalized = ctx.db.normalizeId("runtimeAuthPrincipals", id);
      return normalized ? await ctx.db.query("runtimeAuthMemberships")
        .withIndex("by_principal_tenant", (q) => q.eq("principalId", normalized)).collect() : [];
    },
    getMembership: async (id) => {
      const normalized = ctx.db.normalizeId("runtimeAuthMemberships", id);
      return normalized ? await ctx.db.get("runtimeAuthMemberships", normalized) : null;
    },
    listGrants: async (id) => {
      const normalized = ctx.db.normalizeId("runtimeAuthMemberships", id);
      return normalized ? await ctx.db.query("runtimeAuthGrants")
        .withIndex("by_membership", (q) => q.eq("membershipId", normalized)).collect() : [];
    },
    getGrant: async (id) => {
      const normalized = ctx.db.normalizeId("runtimeAuthGrants", id);
      return normalized ? await ctx.db.get("runtimeAuthGrants", normalized) : null;
    },
    getScope: async (tenantId, memorySpaceId) => await boundedSingle(ctx.db.query("runtimeAuthScopes")
      .withIndex("by_tenant_space", (q) => q.eq("tenantId", tenantId).eq("memorySpaceId", memorySpaceId))),
    hasTombstone: async (key) => (await boundedSingle(ctx.db.query("runtimeAuthTombstones")
      .withIndex("by_resource", (q) => q.eq("tenantId", key.tenantId).eq("memorySpaceId", key.memorySpaceId)
        .eq("resourceType", key.resourceType).eq("resourceId", key.resourceId)))) !== null,
  };
}

export async function requireAuthority(
  ctx: Pick<QueryCtx, "auth" | "db">, requirement: RuntimeAuthorityRequirement,
): Promise<RuntimeAuthority> {
  return await resolveAuthority(createAuthorityReader(ctx), await ctx.auth.getUserIdentity(), requirement);
}

export async function recheckAuthority(
  ctx: Pick<QueryCtx, "db">, reference: RuntimeAuthorityReference, requirement: RuntimeAuthorityRequirement,
): Promise<RuntimeAuthority> {
  return await resolveAuthorityReference(createAuthorityReader(ctx), reference, requirement);
}

/** Actions invoke this internal query with inherited verified Convex auth (codegen in Task 03B/06). */
export const authorize = internalQuery({
  args: { requirement: runtimeAuthorityRequirement },
  handler: async (ctx, args) => await requireAuthority(ctx, args.requirement),
});
export const recheck = internalQuery({
  args: { reference: runtimeAuthorityReference, requirement: runtimeAuthorityRequirement },
  handler: async (ctx, args) => await recheckAuthority(ctx, args.reference, args.requirement),
});

function nonempty(value: string): void {
  if (!value.trim()) deny("INVALID_INPUT");
}

async function ensureScope(ctx: MutationCtx, tenantId: string, memorySpaceId?: string): Promise<ScopeRecord> {
  const existing = await ctx.db.query("runtimeAuthScopes")
    .withIndex("by_tenant_space", (q) => q.eq("tenantId", tenantId).eq("memorySpaceId", memorySpaceId)).unique();
  if (existing) {
    if (existing.deletedAt !== undefined) deny();
    return existing;
  }
  if (await createAuthorityReader(ctx).hasTombstone({ tenantId, memorySpaceId,
    resourceType: memorySpaceId === undefined ? "tenant" : "memorySpace", resourceId: memorySpaceId ?? tenantId })) deny();
  const scope = { tenantId, ...(memorySpaceId === undefined ? {} : { memorySpaceId }), epoch: 1, createdAt: Date.now() };
  await ctx.db.insert("runtimeAuthScopes", scope);
  return scope;
}

/** Trusted deployment operator only. No public self-provisioning, even with an admin claim. */
export const provision = internalMutation({
  args: {
    issuer: v.string(), subject: v.string(), actorKind: runtimeActorKind,
    metadataUserId: v.optional(v.string()), tenantId: v.string(), memorySpaceId: v.optional(v.string()),
    capabilities: v.array(runtimeCapability), resourceAccess: runtimeResourceAccess, expiresAt: v.optional(v.number()),
  },
  handler: async (ctx, args) => {
    [args.issuer, args.subject, args.tenantId].forEach(nonempty);
    if (args.memorySpaceId !== undefined) nonempty(args.memorySpaceId);
    if (args.metadataUserId !== undefined) nonempty(args.metadataUserId);
    if (args.capabilities.length === 0 || (args.resourceAccess === "space" && args.memorySpaceId === undefined)
      || (args.resourceAccess === "tenant" && args.memorySpaceId !== undefined)
      || (args.expiresAt !== undefined && (!Number.isFinite(args.expiresAt) || args.expiresAt <= Date.now()))) deny("INVALID_INPUT");
    const now = Date.now();
    const reader = createAuthorityReader(ctx);
    const tenant = await ensureScope(ctx, args.tenantId);
    const space = args.memorySpaceId === undefined ? undefined : await ensureScope(ctx, args.tenantId, args.memorySpaceId);
    let principal = await ctx.db.query("runtimeAuthPrincipals")
      .withIndex("by_issuer_subject", (q) => q.eq("issuer", args.issuer).eq("subject", args.subject)).unique();
    if (principal && (!active(principal) || principal.actorKind !== args.actorKind
      || principal.metadataUserId !== args.metadataUserId)) deny();
    if (!principal) {
      const id = await ctx.db.insert("runtimeAuthPrincipals", {
        issuer: args.issuer, subject: args.subject, actorKind: args.actorKind,
        ...(args.metadataUserId === undefined ? {} : { metadataUserId: args.metadataUserId }), version: 1, createdAt: now,
      });
      principal = await ctx.db.get("runtimeAuthPrincipals", id);
    }
    if (!principal) deny();
    let membership = await ctx.db.query("runtimeAuthMemberships")
      .withIndex("by_principal_tenant", (q) => q.eq("principalId", principal._id).eq("tenantId", args.tenantId)).unique();
    if (membership && !active(membership)) deny();
    if (!membership) {
      const id = await ctx.db.insert("runtimeAuthMemberships", {
        principalId: principal._id, tenantId: args.tenantId, version: 1, createdAt: now,
      });
      membership = await ctx.db.get("runtimeAuthMemberships", id);
    }
    if (!membership) deny();
    const previous = (await reader.listGrants(membership._id)).filter((grant) => grant.memorySpaceId === args.memorySpaceId);
    const capabilities = [...new Set(args.capabilities)].sort();
    const current = previous.filter((grant) => active(grant));
    if (current.length > 1) deny();
    if (current[0] && JSON.stringify([...current[0].capabilities].sort()) === JSON.stringify(capabilities)
      && current[0].resourceAccess === args.resourceAccess && current[0].expiresAt === args.expiresAt
      && current[0].tenantEpoch === tenant.epoch && current[0].memorySpaceEpoch === space?.epoch) {
      return await materialize(reader, principal, membership, current[0], { capability: capabilities[0]! }, now);
    }
    // Changing authority creates a new immutable grant generation and invalidates the old reference.
    for (const old of current) {
      const id = ctx.db.normalizeId("runtimeAuthGrants", old._id);
      if (!id) deny();
      await ctx.db.patch("runtimeAuthGrants", id, { revokedAt: now });
    }
    const id = await ctx.db.insert("runtimeAuthGrants", {
      principalId: principal._id, membershipId: membership._id, tenantId: args.tenantId,
      ...(args.memorySpaceId === undefined ? {} : { memorySpaceId: args.memorySpaceId, memorySpaceEpoch: space!.epoch }),
      tenantEpoch: tenant.epoch, capabilities, resourceAccess: args.resourceAccess,
      version: Math.max(0, ...previous.map((grant) => grant.version)) + 1, createdAt: now,
      ...(args.expiresAt === undefined ? {} : { expiresAt: args.expiresAt }),
    });
    const grant = await ctx.db.get("runtimeAuthGrants", id);
    if (!grant) deny();
    return await materialize(reader, principal, membership, grant, { capability: capabilities[0]! }, now);
  },
});

export const revokeGrant = internalMutation({
  args: { grantId: v.id("runtimeAuthGrants") },
  handler: async (ctx, args) => {
    const grant = await ctx.db.get("runtimeAuthGrants", args.grantId);
    if (grant && grant.revokedAt === undefined) await ctx.db.patch("runtimeAuthGrants", grant._id, { revokedAt: Date.now() });
  },
});
export const revokeMembership = internalMutation({
  args: { membershipId: v.id("runtimeAuthMemberships") },
  handler: async (ctx, args) => {
    const membership = await ctx.db.get("runtimeAuthMemberships", args.membershipId);
    if (membership && membership.revokedAt === undefined) await ctx.db.patch("runtimeAuthMemberships", membership._id,
      { revokedAt: Date.now(), version: membership.version + 1 });
  },
});
export const deletePrincipal = internalMutation({
  args: { principalId: v.id("runtimeAuthPrincipals") },
  handler: async (ctx, args) => {
    const principal = await ctx.db.get("runtimeAuthPrincipals", args.principalId);
    if (principal && principal.deletedAt === undefined) await ctx.db.patch("runtimeAuthPrincipals", principal._id,
      { deletedAt: Date.now(), version: principal.version + 1 });
  },
});
export const deleteScope = internalMutation({
  args: { tenantId: v.string(), memorySpaceId: v.optional(v.string()) },
  handler: async (ctx, args) => {
    const scope = await ctx.db.query("runtimeAuthScopes")
      .withIndex("by_tenant_space", (q) => q.eq("tenantId", args.tenantId).eq("memorySpaceId", args.memorySpaceId)).unique();
    if (scope && scope.deletedAt === undefined) await ctx.db.patch("runtimeAuthScopes", scope._id,
      { deletedAt: Date.now(), epoch: scope.epoch + 1 });
    const key = { ...args, resourceType: args.memorySpaceId === undefined ? "tenant" as const : "memorySpace" as const,
      resourceId: args.memorySpaceId ?? args.tenantId };
    if (!await createAuthorityReader(ctx).hasTombstone(key)) await ctx.db.insert("runtimeAuthTombstones", { ...key, deletedAt: Date.now() });
  },
});
export const tombstoneResource = internalMutation({
  args: { tenantId: v.string(), memorySpaceId: v.optional(v.string()), resourceType: runtimeResourceType, resourceId: v.string() },
  handler: async (ctx, args) => {
    nonempty(args.tenantId); nonempty(args.resourceId);
    if (!await createAuthorityReader(ctx).hasTombstone(args)) await ctx.db.insert("runtimeAuthTombstones", { ...args, deletedAt: Date.now() });
  },
});


FILE _goals/convex-backend-runtime-2026-10-02/qa/task03c2-live-fixture/fixture/convex/auth.config.ts
import type { AuthConfig } from "convex/server";
export default { providers: [{ type: "customJwt", applicationID: "cortex-task01", issuer: "https://cortex-qualification.invalid", jwks: "data:text/plain;charset=utf-8;base64,eyJrZXlzIjpbeyJrdHkiOiJSU0EiLCJuIjoicFhhbWxzcDIyY0s3bklwNF9MTHkxT0lKbHhmQV9aU3ZxeUs3NllnaWZMSEJFUmVXWDc2MURMcHd6U1FXVHliQVlPS2I1NDhpMXcxUHFSVmRDbXdhbkdTaEh1V0p2QnoxTEU2MkpiYXM3ZWtLanh5YmVjeWJJbC0tR0x1NTBiZjZpWEp6cXBLeUNqSkRSSjlPVW5FSVdfeGY1emtpcjcyVVVOTUhjRF83c3NDeW91dDdmd1RkbFd0bVpQWERVc3U1OVJmNmtMR196Vzg2MXRPNU53dDE4aVhaZFIybEp4UlRrTEpnUWxhR242MlA5T3V1NW1VZWxJbFlZQnkwekZMZTBXVENUazVNaC1DeDFaNzdtaGhKSjJxSGtmaUdHNUdsRlZDemxLSFN3Z1RNdjVnZk5fdUVyYlppeURzSDVJT3VMTkN0bkdxWWJLdlI2QUppR2JhMWdRIiwiZSI6IkFRQUIiLCJraWQiOiJ0YXNrMDEtcnMyNTYtdjEiLCJhbGciOiJSUzI1NiIsInVzZSI6InNpZyJ9XX0=", algorithm: "RS256" }] } satisfies AuthConfig;


FILE _goals/convex-backend-runtime-2026-10-02/qa/task03-metadata-native-errors/followup-review-2.md
# Task Judgment: SECOND metadata/shared-reader native ambiguity correction

## Verdict: FINAL PASS — bounded offline original41/affected03A correction only

**Dimension scores: Requirement Fulfillment 5/5; Code Quality 4/5; Test Quality 5/5; Pattern Adherence 4/5; Completeness 5/5. Average 4.6/5.** All dimensions are at least4 and Requirement Fulfillment is5 under the strict judge-task rubric. This is independent original-scope acceptance of the frozen correction, not an executor-awarded verdict or completion of whole Task03/all17.

Candidate `/workspace/Project-Cortex/work/backend-runtime/task03-metadata-native-errors-checkout` remains at accepted detached HEAD `c01ea6f06262d3a5eae9d171654e770c694ad409`. Final second freeze SHA256 is `a3c4411d7add6a8ebd56d970b2054391856be10a5a9671f509ea9ca82de440a8` (six source/test and138 QA records); report SHA256 supplied by parent is `684ef32b482e4faad19cb827f22ddd17a1e73a523505408d8e0ff73a30fdcf28`. All records verify against actual bytes before and after review. The first FINAL REJECT3.0 remains immutable: original report `3991298b6270e08c0827003364ac762bd3f18bab878f6bf3c5478b057c11d136`, original complete manifest `e65a086c489d1717bf2a42a816b2f4b492f9ccc0d2a879f8a4b6e019b315216a`.

## Evidence review and corrected failure

I read AGENTS, runtime/profile, pessimistic-judge, judge-task and feature workflow instructions, both bounded review prompts, original approved implementation prompt, goal/Task03, original03A contracts, decision register and architecture. I inspected the complete cumulative/second-only patches, actual helpers/handlers/fixtures/tests, complete mappings, frozen/source/preservation manifests, executor command receipts and raw checks, first rejection report and its actual-handler/baseline outcomes. The authority correction was judged through the existing resolver, not just from the helper's isolated lookup results.

The first candidate emitted `FORBIDDEN` from `boundedSingle`; `runtimeAuth.ts:174-177` deliberately catches that permission code and prunes an ineligible candidate. A duplicated scope or memorySpace fence could therefore leave the other eligible scope as a single candidate under omitted selectors. I independently reconstructed the preserved first candidate with import-only private copies and reproduced all four actual mutable read/write admissions. Its unchanged original18 finding collector passes against those first-cycle bytes. Current candidate runs the exact same fixtures against real registered handlers and preserved accepted-baseline handlers with installed native `QueryImpl.prototype.unique`. All six current actual operations deny; all four formerly admitted operations have0 attempted and0 committed effects, no result/receipt, and no private IDs/value in delivered error evidence. All12 baseline authority/actual-handler comparisons deny with reached native duplicate lookup as appropriate.

Current `boundedSingle` at `convex-dev/runtimeAuth.ts:208` emits the complete constant nonpermission ConvexError envelope:

```json
{"version":1,"code":"AUTHORITY_LOOKUP_AMBIGUOUS","message":"Authority lookup is ambiguous","retryable":false,"outcome":"not_dispatched"}
```

The unchanged resolver rethrows this error because it only prunes `FORBIDDEN`. Actual traces reach `.take(2)` with both corrupt control IDs, regardless of eligible candidate order. The distinct error also propagates through final exact-reference checks and pinned background checks. There is no generic catch, new READ rule, resolver/pruning edit, additional control lookup or alternative-scope fallback. Unknown infrastructure remains the same object. Canonical immutable/mutable/session duplicate row selection retains the first candidate's static `FORBIDDEN` and exact owner-filtered predicates.

The second-only production difference is exactly that constant-envelope branch. All three bounded reader bodies/index predicates, pure policy/resolver/pruning prefix, require/recheck/internal provisioning suffix and canonical metadata helper remain unchanged from FIRST. Cumulatively there are four tracked source/test edits and two new tests, the six frozen paths only. Schema, dependency manifests/lockfile, generated bindings, SDK/browser contracts, backend compiler config, validators/registrations, original fixtures and other tests remain byte-identical. Provisioning changes one duplicate-identity code/message expectation; native-errors strengthens only42 control expectations to the complete distinct envelope. Canonical privacy/reached/effect/infrastructure assertions stay unchanged. Original handler test compatibility retains names, grant-get thresholds, expiry/state/no-effect/rollback assertions, with take2 and explicit arming at the actually reached hook. No skipped/removed/weakened original test exists in the inspected patch.

## Requirements review

Every exact original endpoint with capability, scope, owner/resource and background contract appears in `original41-independent-requirement-mapping.json`, with actual native registration/validators and exact fresh endpoint test names. The full original affected03A criteria appear in `affected03A-independent-requirement-mapping.json`; downstream requirements are explicitly pending. The original240 public endpoint inventory plus3 existing helpers and8 auth registrations remains the wider03A foundation; the affected metadata boundary is41 endpoints, not a claim that all240 closure gates or whole03 passed.

| Original/affected requirement | Status in this review | Specific independent evidence |
|---|---|---|
| Exact immutable12/mutable11/users8/sessions10=41; public36 guarded/internal5; no public reference credential | PASS bounded | AST inventory and installed native registrations/validators equal original; original2 registration outcomes; inventory64 |
| Verified exact issuer/subject; trusted operator bootstrap; actor/profile/user metadata cannot grant privilege | PASS bounded | Original auth133; public36 authorized+36 missing identity+36 forged tenant cases; pure policy/provisioning unchanged |
| Explicit independent capabilities; admin not implicit read/write/run/tool/storage | PASS bounded | Original authority54/admin/profile controls; native WRITE-only3 success controls; no new READ requirement |
| Omitted selectors admit only one eligible scope; corrupt principal/scope/tombstone ambiguity aborts whole operation | PASS corrected | Current18 and six original denial predicates;16 new omitted corruption cases, both grant/membership orders and tenant/space layouts; original42 control cases |
| Explicit healthy selected scope remains usable when only an unselected scope has corrupt controls | PASS | Eight actual-handler positive read/write cases; corrupt unselected IDs remain present and absent from selected traces |
| Ordinary revoked/expired/absent/deleted/missing/single-fence eligibility pruning remains | PASS |24 new positives; four healthy two-scope ordinary FORBIDDEN denials; original authority54 |
| Exact tenant/optional-space/key/owner predicates before hydration/list/count/search/limit | PASS bounded | Three exact bounded row substitutions, original189, installed native traces, eight collection-hydration controls among33 extra probes |
| Canonical resource owner/profile binding, explicit eligible broader resourceAccess, no orphan/owner adoption | PASS bounded | Original actor/profile tests, unchanged resource/profile code, six initial READ eligibility probes |
| READ and WRITE independently eligible; WRITE-only safe receipt; later admitted READ failure cannot downgrade to receipt | PASS bounded | Original safe receipt controls;52 historical late read/write barriers; original native3 WRITE-only positives; final corruption/infrastructure rollback |
| All-key bulk/transaction preflight before any effect, including later invalid/foreign/missing-owner/duplicate keys | PASS bounded | Original bulk/transaction assertions;20 later bulk conflicts+8 transaction replay cases; canonical36 native duplicate/conflict denials |
| Retained row/control tombstones cannot privilege/revive; exact absent/single/foreign fence semantics | PASS bounded | Original retention/recreation/list/count tests,42 native duplicate controls, fence boolean control,24 normal eligibility cases,16 omitted corruption denials |
| Active-generation invariant before capability/expiry/ownership/version pruning; raw exact optional scope groups | PASS bounded | Original auth133 retained; pure boundGrants/assertSingleActiveGeneration bytes unchanged |
| Immutable principal/membership/grant versions, epochs, expiry/currentness and final synchronous deadlines | PASS bounded | Original metadata expiry/attempt/rollback tests with reached take2;151 historical barriers;12 new final/pinned cases |
| Pinned grant/source/session refs cannot switch scope; trusted creator/actor/resource exactness | PASS bounded | Internal5 actual registrations; original malformed/currentness tests;15 malformed bindings+15 late internal fences;12 ambiguity final/pinned rollback cases |
| Workers recheck exact stored authority before effects/final commit; internal visibility alone gives no privilege | PASS bounded | Original worker185; original session internal cases; exact creator/owner/user/source scope/ref validation preserved |
| Collision-safe JSON-array source IDs and optional-space same-ID coexistence | PASS bounded | Original collision/undefined-space tests, native undefined-space6/cross-scope3 positives, historical JSON-array replay; bridge source unchanged |
| Numeric null/invalid operands deny; omitted defaults/zero and safe counters/versions remain | PASS bounded | Original arithmetic outcomes;151 boundary invalid cases;19 historical observations |
| Timestamp indexed-last-element ES2021 compatibility preserves missing/null/order/inclusive behavior | PASS bounded |72 current/archived actual-handler equivalence outcomes; original indexed-last-element source unchanged; actual backend project check |
| Genuine installed native ambiguity mechanism; sanitized constant errors without private control/resource IDs/value | PASS bounded | Six installed diagnostic controls in native106; independent original canonical6+control6 baseline confirmations; current error privacy tests and comparison |
| Genuine infrastructure preserves object identity; no false permission/success conversion; final rollback/no receipt | PASS bounded | Native15 infrastructure outcomes; eight multi-grant infrastructure cases; direct same-object assertions and reached counters |
| Original189 metadata+133 auth+all original845 testcase names/multiplicities and assertions retained | PASS | Independent Counter/multiset comparison including repeated display names; no skipped/pending/todo/failed testcase |
| Unchanged schema/config/ES2021/validators/registrations/SDK/contracts and quality/build/pack | PASS candidate only | Protected3453 including2340 original QA; actual backend ES2021+DOM project, scoped/root quality,151 byte-matched build source records and packed/browser execution |
| Prior freeze/history/failed raw receipts preserved; inventory callback cleans temp files on all exits | PASS | Original first5 copies/114 QA,490 archive records+18 private reproducible omissions, original386 manifest records and69+101 older archive records; six callback cleanup modes |
| Managed live41/JWT refresh/subscriptions/private bytes/callbacks/native UI/whole03/full17 | PENDING downstream | No service/JWT/byte/callback/UI execution in this read-only offline review; no broader or live certification |

## Independent test quality and observed checks

| Check | Observed result |
|---|---|
| Selected ordinary Jest |867/867 across14 suites;0 failures/skips/pending/todo |
| Original metadata |189/189=187 handler+2 registration outcomes; all names/multiplicities retained |
| Accepted03A shared dependency |133/133=54 authority+15 provisioning+64 inventory |
| Original native errors |106/106=6 diagnostic controls+36 canonical/conflict denials+6 positives+42 control denials+1 fence semantics+15 infrastructure |
| New scope ambiguity |80/80=16 omitted corruption+8 explicit corrupt denial+8 explicit healthy positives+4 healthy ambiguity+24 pruning positives+8 infrastructure+12 final/pinned rollback |
| Workers and SDK consumers |185 workers=58 admin+39 governance+88 graph; SDK governance28; SDK metadata106=79 consumers+27 session maintenance |
| Separate auth replay |98/98=40 credentials+26 context+32 validators; credentials40 overlap selected |
| Honest testcase/discovery total |925 outcomes=867+98−40;16 exact discovered suites, all reached; original845 retained plus80 new |
| Original adverse actual-handler/baseline comparison | Current18 pass; six original required-denial predicates fail0; preserved FIRST18 independently reproduces four admissions |
| Old finding collector after correction | Exit1 preserved on obsolete expected-admission assertion; never relabeled PASS |
| Installed native accepted-baseline confirmations | Canonical6+control6 actual-handler mechanisms independently reproduced; real native duplicate diagnostics contain stored synthetic IDs,0 effects |
| Historical replays |118 boundary+33 extra=151,72 timestamp equivalence,19 qualified observations,6 callback cleanup; all pass |
| Native registration / AST catalog |41 exact paths, public36/internal5, unresolved0; exact validator/catalog identity |
| Actual backend compiler | `node node_modules/typescript/bin/tsc -p convex-dev/tsconfig.json --pretty false`, exit0; actual config targetESNext with ES2021+DOM libs, unmodified |
| Scoped strict types / changed lint |Exit0; lint0 errors/0 warnings |
| Accepted candidate root types / root lint |Exit0; root lint0 errors/118 pre-existing warnings outside changed scoped files |
| Independent root build / packed/browser contracts |Exit0 in own151 byte-matched source/config copy; CJS/ESM/declarations, actual npm12.2 pack, consumer types, URL round trips, browser sandbox execution |
| Independent evidence verifier |9102/9102 assertions pass, plus final preservation equality assertions |

Counts preserve testcase multiplicity. Duplicate descriptions and the repeated credential suite do not inflate or silently shrink925. The historical151/72/19/6 and baseline/current18/native12 are separate qualification observations, not extra Jest testcase outcomes.

The new80 cases are meaningful actual-handler outcomes using original transactional fixtures and installed native unique as a regression sentinel. They assert exact envelope, private-ID/value absence in message/stack/data, reached take2 traces with both corruption IDs, no mutable hydration on omitted-corruption paths, no alternative result or safe receipt, attempted/committed counters and complete snapshot equality. Final public/pinned cases independently preserve attempted1 versus committed0 and rollback; pinned-before attempts0. Eight explicit healthy-scope and24 normal pruning positives prevent a fix that blanket-denies all multi-grant requests. This is offline protocol/handler evidence, not proof of deployed Convex transaction/JWT transport or cross-service race semantics.

## Replay provenance, honest failures and preservation

All executable probes/scripts and source-context are retained under `/tmp/task03-metadata-native-errors-review2-7ogukSUg`. Accepted runtimeAuth/metadata/mutable/immutable/session baseline raw copies match `git show HEAD` byte-for-byte; executable copies relocate imports only. `source-context/current18-expectation-only.diff` proves the current comparison changes candidate admission expectations to required exact denial/zero attempts/zero commits/private-field absence and relocates output, while fixtures and12 baseline cases stay untouched. The old collector still has its original expected-admission finding assertions; its fresh current run exits1. The original six denial predicates are unchanged except reading the current output destination.

151/72/6 replays retain the prior script assertions and only relocate output/candidate roots. Timestamp equivalence uses archived endpoint bodies with current authority/fixtures, not the complete archived dependency set. Historical19 preserves the first authorized unique→take2 hook compatibility plus explicit reached assertions; it is qualified method-adapted evidence, not byte-exact original archival execution.

First-generation literal185/189 metadata and120/133 auth failures, every retained executor setup/compiler/npm failure and all first rejection raw findings remain canonical and are also represented in reviewer source-context. Reviewer-only harness failures are preserved honestly: an optional first-cycle copy setup assumed `.ts` rather than `.ts.text`, then the recorded missing-script execution exited1; corrected filename selection/import relocation produced FIRST18. Initial historical19 checker used earlier reviewer log labels and exited1 on ENOENT; only three output basenames changed for the final passing checker. `reviewer-harness-notes.txt`, initial checker, failed logs/receipts and corrected sources remain. Pre-run tool reads lack explicit UTC fields; no synthetic execution timestamps are invented. Every validation execution has argv/cwd/start/end UTC/exit and unfiltered stdout/stderr.

Final comparison matches all4204 candidate records, candidate HEAD/status/freeze and all6933 initially tracked main files and main status. No added/removed/changed main tracked record was observed during this review interval. I do not infer main initial HEAD equality, which was not separately recorded, or claim current-main aggregate quality. The canonical candidate/source/history was never written. Protected4061 before-cycle2 records match; original3453 tracked/2340 QA match; first5 source copies/114 frozen QA,490 archived records and18 private reproducible omissions match; original first386-record independent manifest and older69+101 archives match. Final preservation and snapshots retain the exact paths/hashes.

The historical dirty-MAIN root compiler receipt remains an honest exit2 with three rejected-MF maintenance-reference errors: two in tests/helpers/cleanup.ts and one in tests/interactive-runner.ts. It was examined with command/source context, not silently replaced by candidate root success or claimed as a new MAIN run. Rejected MF and artifact/registry gate states remain separate; this is not a fourth MF/artifact repair or recertification.

No agents/model changes, candidate/main/source/config/QA writes, Git staging/commits, network/service/credential/signing/rotation, target/model calls, Docker, codegen/deploy or dependency installation occurred. Own temporary scripts/receipts/cache/build/pack output stayed under this reviewer directory. npm12.2 reused the explicitly authorized scoped cache `work/backend-runtime/npm12-cache`, with distinct empty reviewer user/global configs; no home/global config/package installation occurred. Sentinel URLs are `http://127.0.0.1:1`. Inventory and packed-contract scratch directories are absent after execution.

## Dimension scores

| Dimension | Score | Evidence |
|---|---:|---|
| Requirement Fulfillment |5/5| Every authorized original41/affected03A offline requirement mapped; first failure independently reproduced and corrected across original fixtures; broader criteria explicitly pending |
| Code Quality |4/5| Minimal constant typed nonpermission state; no resolver/pruning/catch/capability expansion; awaited bounded indexed reads; exact source preservation |
| Test Quality |5/5|925 real testcase outcomes retained;80 meaningful composition/positive/error/rollback cases; actual installed native diagnostics, baseline comparisons and historical boundaries |
| Pattern Adherence |4/5| ConvexError static envelope, existing composite indexes/trusted controls/owner predicates and transaction fences retained; complete build/types/lint/packed evidence |
| Completeness |5/5| Original41 registrations/validators and shared-helper reachability intact; all required independent offline quality/behavior/provenance/preservation checks executed |

**Average4.6/5. FINAL PASS for the bounded correction.**

## Issues found and recommendation

Critical: none found within authorized offline correction scope. Important source repairs: none required. Minor source repairs: none required. Root118 warnings are retained existing diagnostics and do not occur in scoped changed-file lint. Known pending broader/service gates are limitations, not silently passed requirements or automatic rejection of this authorized offline correction.

Parent may integrate this exact accepted correction. **Parent integration and exact two-helper registry/live-fixture dependency provenance refresh, followed by affected independent review, must precede any real41 service execution.** Managed JWT refresh/subscriptions/private bytes/callbacks/live41/nativeUI/whole03/full17 remain PENDING; this report certifies none of them. Separate failed/in-progress MF/artifact/registry states persist.

Evidence root: `/tmp/task03-metadata-native-errors-review2-7ogukSUg`. Full raw executions: `commands.json`, `receipts/`, `logs/`. Source/probe context: `source-context/`, `replays/`, baseline/cycle1 raw and executable copies. Requirement mappings: `original41-independent-requirement-mapping.json`, `affected03A-independent-requirement-mapping.json`. Outcomes: `test-summary.json`, `selected.json`, `auth.json`, `current-required18-outcomes.json`, `cycle1-results/ambiguity-pruning-outcomes.json`. Integrity: `verification.json`, `before-snapshot.json`, `after-snapshot.json`, `final-snapshot.json`, `preservation-final.json`, `manifest.json`, `manifest.sha256`. Report SHA and manifest SHA are sent with FINAL; manifest covers this report and all retained reviewer evidence except explicitly disposable dependency links/caches/tmp.

## Exact original endpoint mapping

| Path | Visibility | Required capability | Fresh retained endpoint evidence |
|---|---|---|---|
| immutable:store | public | write | 3 exact original public outcomes + shared bounded checks |
| immutable:get | public | read | 3 exact original public outcomes + shared bounded checks |
| immutable:getVersion | public | read | 3 exact original public outcomes + shared bounded checks |
| immutable:getHistory | public | read | 3 exact original public outcomes + shared bounded checks |
| immutable:getAtTimestamp | public | read | 3 exact original public outcomes + shared bounded checks |
| immutable:list | public | read | 3 exact original public outcomes + shared bounded checks |
| immutable:count | public | read | 3 exact original public outcomes + shared bounded checks |
| immutable:search | public | read | 3 exact original public outcomes + shared bounded checks |
| immutable:purge | public | write | 3 exact original public outcomes + shared bounded checks |
| immutable:purgeMany | public | write | 3 exact original public outcomes + shared bounded checks |
| immutable:purgeVersions | public | write | 3 exact original public outcomes + shared bounded checks |
| immutable:purgeAll | internal | trusted deployment-operator internal invocation | exact internal registration + operator/pinned controls and rollback |
| mutable:set | public | write | 3 exact original public outcomes + shared bounded checks |
| mutable:update | public | write | 3 exact original public outcomes + shared bounded checks |
| mutable:get | public | read | 3 exact original public outcomes + shared bounded checks |
| mutable:exists | public | read | 3 exact original public outcomes + shared bounded checks |
| mutable:list | public | read | 3 exact original public outcomes + shared bounded checks |
| mutable:count | public | read | 3 exact original public outcomes + shared bounded checks |
| mutable:deleteKey | public | write | 3 exact original public outcomes + shared bounded checks |
| mutable:purgeMany | public | write | 3 exact original public outcomes + shared bounded checks |
| mutable:purgeNamespace | public | write | 3 exact original public outcomes + shared bounded checks |
| mutable:transaction | public | write | 3 exact original public outcomes + shared bounded checks |
| mutable:purgeAll | internal | trusted deployment-operator internal invocation | exact internal registration + operator/pinned controls and rollback |
| sessions:create | public | write | 3 exact original public outcomes + shared bounded checks |
| sessions:get | public | read | 3 exact original public outcomes + shared bounded checks |
| sessions:touch | public | write | 3 exact original public outcomes + shared bounded checks |
| sessions:end | public | write | 3 exact original public outcomes + shared bounded checks |
| sessions:endAll | public | write | 3 exact original public outcomes + shared bounded checks |
| sessions:list | public | read | 3 exact original public outcomes + shared bounded checks |
| sessions:count | public | read | 3 exact original public outcomes + shared bounded checks |
| sessions:incrementMessageCount | internal | write | exact internal registration + operator/pinned controls and rollback |
| sessions:incrementMemoryCount | internal | write | exact internal registration + operator/pinned controls and rollback |
| sessions:expireIdle | internal | write | exact internal registration + operator/pinned controls and rollback |
| users:get | public | read | 3 exact original public outcomes + shared bounded checks |
| users:list | public | read | 3 exact original public outcomes + shared bounded checks |
| users:count | public | read | 3 exact original public outcomes + shared bounded checks |
| users:getVersion | public | read | 3 exact original public outcomes + shared bounded checks |
| users:getHistory | public | read | 3 exact original public outcomes + shared bounded checks |
| users:getAtTimestamp | public | read | 3 exact original public outcomes + shared bounded checks |
| users:exists | public | read | 3 exact original public outcomes + shared bounded checks |
| users:deleteUserProfile | public | write | 3 exact original public outcomes + shared bounded checks |

