_goals/convex-backend-runtime-2026-10-02/qa/task03a/checks
_goals/convex-backend-runtime-2026-10-02/qa/task03a/commit-formatting.json
_goals/convex-backend-runtime-2026-10-02/qa/task03a/contracts.md
_goals/convex-backend-runtime-2026-10-02/qa/task03a/cycle3-checks.mjs
_goals/convex-backend-runtime-2026-10-02/qa/task03a/cycle3-grant-generation-checks.mjs
_goals/convex-backend-runtime-2026-10-02/qa/task03a/fix-history.md
_goals/convex-backend-runtime-2026-10-02/qa/task03a/history
_goals/convex-backend-runtime-2026-10-02/qa/task03a/inventory.mjs
_goals/convex-backend-runtime-2026-10-02/qa/task03a/public-path-inventory.json
_goals/convex-backend-runtime-2026-10-02/qa/task03a/public-path-inventory.md
_goals/convex-backend-runtime-2026-10-02/qa/task03a/report.md
_goals/convex-backend-runtime-2026-10-02/qa/task03a/reproduction
_goals/convex-backend-runtime-2026-10-02/qa/task03a/task03b-handoff.md
_goals/convex-backend-runtime-2026-10-02/qa/task03a/tsconfig.authority-backend.json
_goals/convex-backend-runtime-2026-10-02/qa/task03a/tsconfig.authority-root.json
_goals/convex-backend-runtime-2026-10-02/qa/task03a/tsconfig.policy-tests.json
_goals/convex-backend-runtime-2026-10-02/qa/task03c1/browser-bundle-final.txt
_goals/convex-backend-runtime-2026-10-02/qa/task03c1/browser-bundle-review-freeze.txt
_goals/convex-backend-runtime-2026-10-02/qa/task03c1/browser-consumer-source.txt
_goals/convex-backend-runtime-2026-10-02/qa/task03c1/browser-metafile-final.json
_goals/convex-backend-runtime-2026-10-02/qa/task03c1/browser-metafile-review-freeze.json
_goals/convex-backend-runtime-2026-10-02/qa/task03c1/browser-tsconfig.snapshot.json
_goals/convex-backend-runtime-2026-10-02/qa/task03c1/browser-typecheck-final.txt
_goals/convex-backend-runtime-2026-10-02/qa/task03c1/browser-types-review-freeze.txt
_goals/convex-backend-runtime-2026-10-02/qa/task03c1/build-coherent.txt
_goals/convex-backend-runtime-2026-10-02/qa/task03c1/build-final.txt
_goals/convex-backend-runtime-2026-10-02/qa/task03c1/command-receipts.json
_goals/convex-backend-runtime-2026-10-02/qa/task03c1/contracts-before-review.md
_goals/convex-backend-runtime-2026-10-02/qa/task03c1/contracts.md
_goals/convex-backend-runtime-2026-10-02/qa/task03c1/history
_goals/convex-backend-runtime-2026-10-02/qa/task03c1/host-contract-reviewed-snapshot.txt
_goals/convex-backend-runtime-2026-10-02/qa/task03c1/jest-auth-final.txt
_goals/convex-backend-runtime-2026-10-02/qa/task03c1/jest-auth-reactive-fix-2.txt
_goals/convex-backend-runtime-2026-10-02/qa/task03c1/jest-auth-reactive-fix.txt
_goals/convex-backend-runtime-2026-10-02/qa/task03c1/jest-auth-review-freeze.txt
_goals/convex-backend-runtime-2026-10-02/qa/task03c1/public-contracts-coherent.txt
_goals/convex-backend-runtime-2026-10-02/qa/task03c1/public-contracts-final.txt
_goals/convex-backend-runtime-2026-10-02/qa/task03c1/public-contracts-reviewed-snapshot.txt
_goals/convex-backend-runtime-2026-10-02/qa/task03c1/public-host-contract-packed.txt
_goals/convex-backend-runtime-2026-10-02/qa/task03c1/public-host-contract.mjs
_goals/convex-backend-runtime-2026-10-02/qa/task03c1/report-before-review.md
_goals/convex-backend-runtime-2026-10-02/qa/task03c1/report.md
_goals/convex-backend-runtime-2026-10-02/qa/task03c1/reviewed-snapshot-package-gate.json
_goals/convex-backend-runtime-2026-10-02/qa/task03c1/root-lint-final.txt
_goals/convex-backend-runtime-2026-10-02/qa/task03c1/root-typecheck-final.txt
_goals/convex-backend-runtime-2026-10-02/qa/task03c1/scoped-lint-final.txt
_goals/convex-backend-runtime-2026-10-02/qa/task03c1/scoped-lint-reactive-fix-final.txt
_goals/convex-backend-runtime-2026-10-02/qa/task03c1/scoped-lint-review-freeze.txt
_goals/convex-backend-runtime-2026-10-02/qa/task03c1/scoped-types-review-freeze.txt
_goals/convex-backend-runtime-2026-10-02/qa/task03c1/sdk-build-reviewed-snapshot.txt
_goals/convex-backend-runtime-2026-10-02/qa/task03c1/sourcehashes-before-review.json
_goals/convex-backend-runtime-2026-10-02/qa/task03c1/sourcehashes.json
_goals/convex-backend-runtime-2026-10-02/qa/task03c1/test-summary-before-review.json
_goals/convex-backend-runtime-2026-10-02/qa/task03c1/test-summary.json
_goals/convex-backend-runtime-2026-10-02/qa/task03c2-a/before.json
_goals/convex-backend-runtime-2026-10-02/qa/task03c2-a/browser-metafile.json
_goals/convex-backend-runtime-2026-10-02/qa/task03c2-a/browser-outcomes.json
_goals/convex-backend-runtime-2026-10-02/qa/task03c2-a/build-reviewed-archive.log
_goals/convex-backend-runtime-2026-10-02/qa/task03c2-a/commands.initial.json
_goals/convex-backend-runtime-2026-10-02/qa/task03c2-a/commands.json
_goals/convex-backend-runtime-2026-10-02/qa/task03c2-a/contracts.md
_goals/convex-backend-runtime-2026-10-02/qa/task03c2-a/existing-public-contracts.log
_goals/convex-backend-runtime-2026-10-02/qa/task03c2-a/independent-cycle1
_goals/convex-backend-runtime-2026-10-02/qa/task03c2-a/jest.scoped.cjs
_goals/convex-backend-runtime-2026-10-02/qa/task03c2-a/main-root-types.initial.log
_goals/convex-backend-runtime-2026-10-02/qa/task03c2-a/main-root-types.log
_goals/convex-backend-runtime-2026-10-02/qa/task03c2-a/owned-diff-whitespace.log
_goals/convex-backend-runtime-2026-10-02/qa/task03c2-a/owned-lint.initial.log
_goals/convex-backend-runtime-2026-10-02/qa/task03c2-a/owned-lint.log
_goals/convex-backend-runtime-2026-10-02/qa/task03c2-a/packed-browser-contract-final.log
_goals/convex-backend-runtime-2026-10-02/qa/task03c2-a/packed-browser-contract.initial.log
_goals/convex-backend-runtime-2026-10-02/qa/task03c2-a/packed-browser-contract.initial.mjs.text
_goals/convex-backend-runtime-2026-10-02/qa/task03c2-a/packed-browser-contract.log
_goals/convex-backend-runtime-2026-10-02/qa/task03c2-a/packed-browser-contract.mjs
_goals/convex-backend-runtime-2026-10-02/qa/task03c2-a/qualified-node-version.log
_goals/convex-backend-runtime-2026-10-02/qa/task03c2-a/qualified-npm-version.log
_goals/convex-backend-runtime-2026-10-02/qa/task03c2-a/report.md
_goals/convex-backend-runtime-2026-10-02/qa/task03c2-a/reviewed-archive-root-types.log
_goals/convex-backend-runtime-2026-10-02/qa/task03c2-a/reviewed-backend-ES2021.log
_goals/convex-backend-runtime-2026-10-02/qa/task03c2-a/run-build.py
_goals/convex-backend-runtime-2026-10-02/qa/task03c2-a/run-checks.py
_goals/convex-backend-runtime-2026-10-02/qa/task03c2-a/run-final-checks.py
_goals/convex-backend-runtime-2026-10-02/qa/task03c2-a/scoped-discovery.initial.log
_goals/convex-backend-runtime-2026-10-02/qa/task03c2-a/scoped-discovery.log
_goals/convex-backend-runtime-2026-10-02/qa/task03c2-a/scoped-outcomes.initial.log
_goals/convex-backend-runtime-2026-10-02/qa/task03c2-a/scoped-outcomes.log
_goals/convex-backend-runtime-2026-10-02/qa/task03c2-a/scoped-types.initial.log
_goals/convex-backend-runtime-2026-10-02/qa/task03c2-a/scoped-types.log
_goals/convex-backend-runtime-2026-10-02/qa/task03c2-a/snapshot-provenance.json
_goals/convex-backend-runtime-2026-10-02/qa/task03c2-a/source-boundary-final.log
_goals/convex-backend-runtime-2026-10-02/qa/task03c2-a/source-boundary.cjs
_goals/convex-backend-runtime-2026-10-02/qa/task03c2-a/source-boundary.initial.cjs.text
_goals/convex-backend-runtime-2026-10-02/qa/task03c2-a/source-boundary.initial.json
_goals/convex-backend-runtime-2026-10-02/qa/task03c2-a/source-boundary.json
_goals/convex-backend-runtime-2026-10-02/qa/task03c2-a/source-boundary.log
_goals/convex-backend-runtime-2026-10-02/qa/task03c2-a/source-freeze.json
_goals/convex-backend-runtime-2026-10-02/qa/task03c2-a/tests.initial.json
_goals/convex-backend-runtime-2026-10-02/qa/task03c2-a/tests.json
_goals/convex-backend-runtime-2026-10-02/qa/task03c2-a/tsconfig.scoped.json
_goals/convex-backend-runtime-2026-10-02/qa/task03c2-d/before.json
_goals/convex-backend-runtime-2026-10-02/qa/task03c2-d/browser-metafile.json
_goals/convex-backend-runtime-2026-10-02/qa/task03c2-d/build-reviewed-snapshot.log
_goals/convex-backend-runtime-2026-10-02/qa/task03c2-d/commands.json
_goals/convex-backend-runtime-2026-10-02/qa/task03c2-d/contracts.md
_goals/convex-backend-runtime-2026-10-02/qa/task03c2-d/independent
_goals/convex-backend-runtime-2026-10-02/qa/task03c2-d/jest-discovery.log
_goals/convex-backend-runtime-2026-10-02/qa/task03c2-d/jest-outcomes.log
_goals/convex-backend-runtime-2026-10-02/qa/task03c2-d/jest.scoped.cjs
_goals/convex-backend-runtime-2026-10-02/qa/task03c2-d/lint.log
_goals/convex-backend-runtime-2026-10-02/qa/task03c2-d/packed-browser-contract.log
_goals/convex-backend-runtime-2026-10-02/qa/task03c2-d/packed-browser-contract.mjs
_goals/convex-backend-runtime-2026-10-02/qa/task03c2-d/qualified-node-version.log
_goals/convex-backend-runtime-2026-10-02/qa/task03c2-d/qualified-npm-version.log
_goals/convex-backend-runtime-2026-10-02/qa/task03c2-d/report.md
_goals/convex-backend-runtime-2026-10-02/qa/task03c2-d/root-types-current.log
_goals/convex-backend-runtime-2026-10-02/qa/task03c2-d/run-build.py
_goals/convex-backend-runtime-2026-10-02/qa/task03c2-d/run-checks.py
_goals/convex-backend-runtime-2026-10-02/qa/task03c2-d/scoped-types-final.log
_goals/convex-backend-runtime-2026-10-02/qa/task03c2-d/scoped-types.log
_goals/convex-backend-runtime-2026-10-02/qa/task03c2-d/snapshot-provenance.json
_goals/convex-backend-runtime-2026-10-02/qa/task03c2-d/source-freeze.json
_goals/convex-backend-runtime-2026-10-02/qa/task03c2-d/tests.json
_goals/convex-backend-runtime-2026-10-02/qa/task03c2-d/tsconfig.scoped.json
_goals/convex-backend-runtime-2026-10-02/qa/task03-metadata-native-errors/control-source-context.json
_goals/convex-backend-runtime-2026-10-02/qa/task03-metadata-native-errors/followup-cycle2
_goals/convex-backend-runtime-2026-10-02/qa/task03-metadata-native-errors/followup-review-1.md
_goals/convex-backend-runtime-2026-10-02/qa/task03-metadata-native-errors/followup-review-2.md
_goals/convex-backend-runtime-2026-10-02/qa/task03-metadata-native-errors/history
_goals/convex-backend-runtime-2026-10-02/qa/task03-metadata-native-errors/main-integration-cycle2
_goals/convex-backend-runtime-2026-10-02/qa/task03-metadata-native-errors/metadata-control-native-error-confirmation.json
_goals/convex-backend-runtime-2026-10-02/qa/task03-metadata-native-errors/metadata-control-native-error-confirmation.mts.text
_goals/convex-backend-runtime-2026-10-02/qa/task03-metadata-native-errors/metadata-native-error-confirmation.json
_goals/convex-backend-runtime-2026-10-02/qa/task03-metadata-native-errors/metadata-native-error-confirmation.mts.text
_goals/convex-backend-runtime-2026-10-02/qa/task03-metadata-native-errors/report.md
_goals/convex-backend-runtime-2026-10-02/qa/task03-metadata-native-errors/review2-evidence
_goals/convex-backend-runtime-2026-10-02/qa/task03-metadata-native-errors/source-context.json
tests/unit/auth/credentials.test.ts
tests/unit/runtimeMetadataAuth/fixture.ts
tests/unit/runtimeMetadataAuth/handlers.test.ts
tests/unit/runtimeMetadataAuth/native-errors.test.ts
tests/unit/runtimeMetadataAuth/registrations.test.ts
tests/unit/runtimeMetadataAuth/scope-ambiguity.test.ts
tests/unit/runtimeWorkerClient/metadata-consumers.test.ts

SDK NATIVE files
src/auth/credentials.ts 247
node_modules/convex/src/browser/simple_client.ts 613
node_modules/convex/src/browser/sync/authentication_manager.ts 546
node_modules/convex/src/browser/sync/client.ts 1191
