
FILE _goals/convex-backend-runtime-2026-10-02/qa/task03a/contracts.md
# Task03A frozen verified authority contracts — v1

This freezes substep03A only. Task03 is incomplete until03B closes the inventoried
endpoints and03C verifies client JWT refresh, subscriptions and negative byte/callback
cases. No existing endpoint is protected by this substep, and no live mutation,
deployment, inference, host auth.config change or HTTP route change was performed.

Authority: approved decision register, architecture§9, Task01 frozen contracts and
fresh qualification PASS. This is a fresh-install contract; no existing ownership
adoption, legacy import, Python implementation or external media storage is added.

## Verified identity and operator provisioning

`ctx.auth.getUserIdentity()` supplies the identity after the host-configured Convex
JWT issuer/audience/signature/expiry verification. Cortex maps the **exact** verified
`issuer` and `subject` pair to `runtimeAuthPrincipals`, then reads trusted memberships,
scope epochs and grants. `tokenIdentifier`, JWT roles/tenant/user/email claims,
AuthContext, caller IDs and caller-created users/agents/participants are never grants.
Issuer strings are not normalized into another issuer. Host auth.config and unrelated
HTTP routes remain host-owned; Task06 composes additive installation fragments.

The internal `runtimeAuth:provision` mutation is invoked by the authenticated trusted
deployment operator through internal Convex tooling/host provisioning. It never accepts
a public JWT admin assertion as a provisioning credential. Its optional
`metadataUserId` is an immutable operator binding used to adapt existing metadata API
labels; public writes derive that binding from authority, never adopt a caller label.
Public user/agent/memory-space registration cannot change trusted control records.

Provisioning creates one principal per issuer/subject, one membership per
principal/tenant, registered tenant/space scopes and one active grant per
membership/space selector. Repeating identical provisioning is idempotent. Changing
capabilities/scope access/expiry creates a new immutable grant ID/version and revokes
the prior generation. Explicit operator provisioning after grant revocation may issue
a later grant generation; the old reference remains invalid forever. Principal deletion,
membership revocation/deletion, scope deletion and resource tombstones are retained
fences, with no public or internal reset/revival API. A new supported resource generation
uses a new resource ID and still requires an active current scope. No data adoption is
implied by control-table provisioning.

Foreground admission and pinned background rechecks enforce one unrevoked,
undeleted generation per trusted **raw** `(principalId,membershipId,tenantId,
memorySpaceId)` group before capability, ownership, expiry, version/epoch or
tombstone pruning. Different capabilities/access levels cannot hide a duplicate.
Expiry does not repair duplicate generations: an expired-but-unrevoked record still
counts for this invariant; operator replacement revokes it first. A lone expired
grant remains unusable. Revoked/deleted retained generations do not count. Malformed
versions cannot conceal a second unrevoked generation. This is a fail-closed control
record invariant, not a capability union or an authorization wildcard.

Foreground checks groups relevant to the trusted selected tenant/raw space (including
a tenant-wide undefined-space group); other explicitly unselected spaces/tenants
remain independent. Background rechecks enumerate the pinned grant's exact raw
membership/scope group and require the pinned grant to remain present. A tenant-wide
grant narrowed at admission still uses its raw undefined-space group for uniqueness.
Distinct raw tenant-wide/space grants are not duplicates; public admission still
denies multiple eligible candidate references, while an already pinned reference
checks its own exact group and explicit capability. A duplicate introduced after
admission blocks subsequent background sensitive work, even if the new grant has
different capabilities or would fail that resource's ownership/currentness check.

## Frozen types and helper signatures

Shared browser-safe types are in `src/auth/verified.ts`; they are not yet re-exported
from the SDK entrypoint. Backend implementation is `convex-dev/runtimeAuth.ts`.

```ts
type RuntimeCapability = "read" | "write" | "run" | "admin" | "tool"
  | "storage:read" | "storage:write";
type RuntimeResourceAccess = "own" | "space" | "tenant";
type RuntimeActorKind = "user" | "service";

interface RuntimeAuthorityReference {
  principalId: string; principalVersion: number;
  membershipId: string; membershipVersion: number;
  grantId: string; grantVersion: number;
  tenantId: string; tenantEpoch: number;
  memorySpaceId?: string; memorySpaceEpoch?: number;
}
interface RuntimeAuthority extends RuntimeAuthorityReference {
  actorKind: RuntimeActorKind;
  userId: string; // trusted operator metadataUserId binding, else principalId
  capabilities: RuntimeCapability[];
  resourceAccess: RuntimeResourceAccess;
}
interface RuntimeAuthorityRequirement {
  capability: RuntimeCapability;
  tenantId?: string; memorySpaceId?: string;
  resource?: RuntimeResource; // backend constructs from the canonical persisted row
  actorKind?: RuntimeActorKind;
}
interface RuntimeResource {
  resourceType: RuntimeResourceType; resourceId: string;
  tenantId?: string; memorySpaceId?: string; ownerPrincipalId?: string;
}

requireAuthority(ctx: Pick<QueryCtx,"auth"|"db">,
  requirement: RuntimeAuthorityRequirement): Promise<RuntimeAuthority>;
recheckAuthority(ctx: Pick<QueryCtx,"db">, reference: RuntimeAuthorityReference,
  requirement: RuntimeAuthorityRequirement): Promise<RuntimeAuthority>;
resolveAuthority(reader: AuthorityReader,
  verifiedIdentity: Pick<UserIdentity,"issuer"|"subject"> | null,
  requirement: RuntimeAuthorityRequirement, now?: number): Promise<RuntimeAuthority>;
resolveAuthorityReference(reader: AuthorityReader, reference: RuntimeAuthorityReference,
  requirement: RuntimeAuthorityRequirement, now?: number): Promise<RuntimeAuthority>;
assertResourceScope(authority: RuntimeAuthority, resource: RuntimeResource): void;
createAuthorityReader(ctx: Pick<QueryCtx,"db">): AuthorityReader;
```

`resolveAuthority` is pure except reads through its injected trusted control-table
adapter. Only Convex-verified identity enters it. `assertResourceScope` is the
synchronous scope/ownership portion; callers still use a current `requireAuthority`
or `recheckAuthority` with a resource to enforce lifecycle/tombstone fences. It cannot
replace the asynchronous currentness check. A client-provided reference is an ID
structure, never a bearer credential and never accepted as public authorization.

Internal registrations are `authorize`, `recheck`, `provision`, `revokeGrant`,
`revokeMembership`, `deletePrincipal`, `deleteScope`, and `tombstoneResource`.
Actions call the internal `authorize` query with inherited verified Convex auth;
background actions call internal `recheck`. Generated API references are deferred
to authorized codegen in later substeps; none are handwritten here. Query/mutation
adapters call the helpers directly. A domain adapter narrows optional memorySpaceId
to required scoped domain memorySpaceId and maps the authority versions/epochs.

## Direct API policy and row selection

Every capability is explicit: `admin` does not imply read/write/run/tool/storage.
`own` requires a canonical `ownerPrincipalId` matching the verified principal.
`space` explicitly grants cross-principal access in its one space, and `tenant`
explicitly grants cross-principal access in its tenant. Tenant membership alone
does not grant data access. JWT subject equality to a caller user ID is insufficient.

Selectors narrow grants. Omitted tenant/space derives one eligible trusted scope;
zero eligible grants, multiple eligible scopes or corrupt duplicate active grants
deny. A tenant-wide grant is explicit and can narrow to an existing registered
space. Optional list/count/search filters never authorize a global scan. Missing
tenant ownership on a persisted row denies public access. No legacy ownership
adoption or global-orphan fallback is provided.

Guarded modern memory/fact/artifact/read/write APIs remain available.03B must rewrite
the actual row selection and mutation path: use trusted composite keys and check
every row/relationship/version/source touched, not authorize a different same-ID
tenant row before the old handler performs an unscoped `first()`. Bulk operations
precheck every target before mutation. Scoped lists/search/counts constrain database
selection and verify canonical returned candidates; vector/keyword internal helpers
also recheck current source revision and tombstones. JSON result filtering alone is
insufficient for counts, private reads or effects. Caller IDs such as userId,
participantId, agentId, approvedBy, grantedBy/revokedBy, source/recipient spaces,
file IDs and tenantId are selectors/audit labels only; privileged actor fields are
derived and foreign references checked.

The frozen inventory classifies 240 existing public endpoints:198 guard and42
internalize. Three existing internal memory/fact fetch/search helpers remain
internal with scoped currentness checks. Eight new auth registrations are internal.
All251 AST builder calls resolve to exports; there are no registered HTTP routes or
connector callbacks in the configured baseline. `public-path-inventory.json` has
exact per-path validators, indexes, risk flags, required scope/permission/resource
lookup, ownership, background and extension contracts. Unsafe deployment-wide
admin/purge/worker paths are internalized, without disabling modern APIs wholesale.

## Background lifecycle, deletion and logout

Runs/jobs store the immutable reference above, never the caller JWT, provider key,
Gateway token or full identity claims. Memory-space jobs pin a concrete space and its
epoch, even when admitted by a tenant-wide grant. Recheck the exact principal and
membership versions, exact immutable grant ID/version/capability/expiry, tenant and
space epochs and resource tombstones before every sensitive read, external dispatch
and final commit. Deletion/revocation fences are authoritative control records,
never inferred from semantic memory. The commit check occurs in the same mutation
that writes the sensitive result/source state. Delayed stages cannot recreate a
tombstoned ID. Cleanup retains tombstones and reference-aware ownership checks.

Ordinary logout detaches that user's observers and prevents new authenticated public
calls, but does not revoke a trusted run grant. Explicit grant/membership revocation
or principal/scope deletion blocks later reads/effects/sensitive commits/delivery.
Already dispatched upstream work may finish or be charged; a revocation cannot
reverse an external effect. Preserve sanitized operation/usage/audit reconciliation
through trusted internal lifecycle controls without delivering private output or
resurrecting source rows. The external dispatch race is bounded by an admission
checkpoint plus the immediately preceding current authority check; no instantaneous
cross-service cancellation guarantee or blind replay is claimed.

## Transcript, shares, storage, tools and callbacks

Transcript reads use authorized canonical Agent state. Managed transcript mutation
is locked by default. A trusted `admin` capability may change the lock; direct
append/edit/delete still requires applicable `write` capability and current scope,
targets the same canonical store, records actor/source and revision, invalidates
derived memory, and fences stale run commits. Unlock never grants run/billing
permission.03B guards existing access; Task05 completes canonical store routing.

Existing share management endpoints require verified scoped grants and derive their
actor. Task05's dedicated public share view can authorize a server-issued, expiring,
revocable token solely for its approved redacted canonical transcript/artifact view.
It reconstructs allowlisted fields, excluding injected private context, raw reasoning,
memory/facts, credentials, private tool results and webhook secrets. It is read-only
and confers no continuation/fork/inference/tool/private-storage capability. Caller
user/email/domain claims do not establish the recipient identity.03A does not claim
that the existing raw share records are a safe public redacted view.

Storage admission/read require independent `storage:write`/`storage:read` capability,
an owned scoped upload/materialization receipt and authorization of every linked
conversation/memory/artifact/attachment. A caller _storage ID never proves ownership.
Raw upload/getUrl delivery functions are internalized pending scoped admission and
private authenticated HTTP delivery in Task12. Uploads/completed outputs/responses
have the20,000,000-byte cap. No external media storage or large bearer URL fallback
is added. Private bytes, upload expiry/abandonment and actual cross-tenant delivery
tests remain Task12/13 and03C coverage, not claimed by these pure unit tests.

Backend tools/connector services have explicit tool capability and pinned scope;
service actors are operator-provisioned verified issuer/subject principals or trusted
internal execution with a stored owner grant. Arbitrary caller closures and caller
service-role metadata are excluded. A later connector callback authenticates the
provider signature or an approved verified service identity, binds a persisted job
and one-time/idempotent callback identity, and rechecks its stored grant and deletion
fences before admitting result bytes/effects/commit. Payload tenant/grant/job IDs
cannot establish authority. Host HTTP routing is composed additively in later tasks.


FILE _goals/convex-backend-runtime-2026-10-02/qa/task03c1/contracts.md
# Task03C1 host credential transport contract

This freezes the bounded client credential foundation. It does not certify managed
JWT verification, endpoint closure or private media delivery. Task03A is frozen at
`cf579f3`; Task03B and Task03C2 remain separate gates. No host auth configuration,
HTTP routes, backend domain modules or package dependencies are changed here.

## Public constructor and credential API

```ts
import { Cortex, type HostTokenFetcher } from "@cortexmemory/sdk";

const fetchAuthToken: HostTokenFetcher = async ({ forceRefreshToken }) =>
  hostAuth.getToken({ skipCache: forceRefreshToken }); // raw host JWT or null

const cortex = new Cortex({
  convexUrl,
  fetchAuthToken,
  auth: { userId: "audit-label", tenantId: "selected-tenant" },
});

// Register with the host's actual session-change lifecycle:
// after login, logout or changing the signed-in identity
cortex.credentials?.notifySessionChanged();
```

`HostTokenRequest` is `{ forceRefreshToken: boolean }`.
`HostTokenFetcher` is `(request: HostTokenRequest) => Promise<string | null>`.
`CortexConfig.fetchAuthToken` is optional. `cortex.credentials` is absent when the
option is omitted, including when caller `auth` metadata is present.

`HostCredentials.fetchToken` has the official request/result shape, but direct
invocations reject on errors; only the reactive binding adapter returns fail-closed null. The
getter is validated as a function before the constructor allocates a Convex client.
Each callback obtains a new getter result, checks that it is asynchronous and checks
a raw, unpadded three-part compact JWT shape. `undefined`, a token object, a provider
key, empty/prefixed/whitespace strings and other malformed results fail with a generic
TypeError. Direct token/header/HTTP calls propagate expected host rejections unchanged. Reactive
binding catches those errors through the adapter described below. Credentials are never
logged, decoded, signed, cached or converted into memberships/capabilities.

Convex 1.46.0's `ConvexClient.setAuth` accepts an `AuthTokenFetcher` whose request
contains `forceRefreshToken`, returning `Promise<string | null | undefined>`.
Cortex intentionally narrows absence to `null`. The constructor calls
`credentials.bindReactiveClient(client)` and attaches a dedicated safe adapter
through that official API. Normal reactive refresh requests reach the host unchanged.
The installed auth manager refreshes the active socket identity, so subscriptions
share the refreshed credential rather than a captured startup token.

`bindReactiveClient` supports one live transport. An additional different live
binding throws. A closed transport cannot be bound. `notifySessionChanged` calls
`setAuth` once and forces the first getter request to bypass the host cache; later
requests are forwarded unchanged. It throws when unbound or closed and drops the
stored closed binding when notified. It creates no additional client or polling loop. Convex handles outdated
credential-fetch races itself; the adapter separately fences diagnostic updates and
one bounded deferred identity-removal event task.

## Reactive failures and Convex 1.46 transport workaround

`HostAuthFailure` is a readonly `{ code, attemptId }` snapshot, where code is
`"HOST_TOKEN_FETCH_FAILED"` or `"INVALID_HOST_TOKEN"`. It contains no token,
original error/message/stack, host claims or identity. `HostAuthErrorHandler` is
`(failure: HostAuthFailure) => void | Promise<void>`. Optional
`CortexConfig.onAuthError` observes new current reactive failures. The handler is
validated before transport allocation, and synchronous throws/async rejections from
it are isolated without logging or blocking null/deauthentication.

`credentials.authFailure` returns the latest frozen current reactive failure.
Only a later current successful JWT or null getter result clears it. Configuration
and callback attempt sequence fences prevent older delayed successes/rejections from
clearing or overwriting a newer diagnostic or recovered session. An auth-status true
notification does not clear a pending getter diagnostic. Closed transports ignore
late adapter completions and deferred delivery. Standalone token/header/HTTP errors
remain ordinary rejected promises; this state concerns the reactive adapter only.

The installed Convex 1.46 BaseConvexClient invokes AuthenticationManager.setConfig
without awaiting/catching its promise. Passing the throwing direct getter into
setAuth causes an unhandled rejection and leaves the socket paused. The reactive
adapter catches host/shape/asynchrony failures, publishes only the fixed diagnostic,
and returns null so the official manager can resume unauthenticated. Official
initial null handling may request the host getter a second time with forced refresh;
each failed latest attempt is observable rather than a hidden operation replay.

The installed manager has another transport gap: clearAuth during setConfig's pause
clears local identity, but its Authenticate(None) message is dropped and resume does
not send an absent identity. The adapter uses supported public APIs only: before
explicit configuration/session changes it calls `client.client.clearAuth()` when an
identity is attached. Its official setAuth status-false callback schedules one
`setTimeout(..., 0)` event task to clearAuth again after promise continuations resume
the socket, ensuring wire identity removal. That task is fenced by current config,
latest attempt and client.closed. Reconfiguration or another false notification
cancels the older pending task. It does not inspect private paused state, patch the
installed library, poll or redispatch an operation. Future Convex updates must
requalify this installed-version workaround.

Real installed-client tests use an inert opened WebSocket and record actual protocol
messages in memory. They verify rejecting/malformed/synchronous getters, synchronous
and async observer failures, no unhandled rejection, resumed query delivery, explicit
Authenticate(None), recovery, null/logout/login, server-rejected-token refresh,
overlapping notifications while paused, stale completions and closed/deferred fences.
This is actual client/manager qualification, not managed signature/grant verification.

## Authority, logout and host responsibilities

Caller `AuthContext.userId`, `tenantId`, claims and roles remain selector/context
metadata. They never produce a credential, verified identity, trusted membership,
grant or elevated capability. Convex's host-owned issuer/audience/signature/expiry
verification and Cortex's backend exact verified issuer/subject mapping establish
authority. An HTTP token is only a credential; all protected backend paths must
still enforce current grants and scoped resource ownership.

After host logout the getter returns `null`; the host calls `notifySessionChanged`
and stops/detaches private observers and clears private presentation state. Convex's
official null flow plus the public clearAuth delivery workaround below clears socket
identity, while later HTTP calls clear their static identity before invocation. No caller metadata fallback is attempted. This local
transport notification does not revoke durable backend grants, cancel already
dispatched effects or reverse charges. Explicit grant/membership revocation or
principal/scope deletion applies Task03A's retained backend fences to background
reads, dispatches and sensitive commits. Task09 owns UI observer/cache cleanup.

## HTTP and private-fetch seams

Convex 1.46.0's `ConvexHttpClient.setAuth` accepts a static raw token and exposes
`clearAuth`. It has no automatic host getter callback. Use a dedicated HTTP client
and `credentials.withHttpAuth(client, operation, request?)` for each authenticated
invocation. The helper obtains the current token immediately before the operation,
calls `setAuth(token)` or `clearAuth()` for null, and invokes the operation once.
Concurrent operations using the same credential object/client are serialized across
auth attachment and operation completion. Use this helper for all authenticated calls
on that dedicated client; calls outside it or sharing the client among different
credential objects do not participate in its queue.

Getter rejection/invalid results cause zero HTTP authentication writes, operation
calls or wire requests. HTTP operation errors propagate unchanged. They do not
refresh and redispatch the operation, and they do not poison later explicit calls.
No silent retry is added for a mutation, paid request or external effect. An explicit
caller request can pass `{ forceRefreshToken: true }` without replaying another call.

`getAuthorizationHeaders(request?)` obtains a fresh current host token and returns
`{ Authorization: "Bearer <host JWT>" }`, or `{}` on null. These are auth headers for
one request; never merge a previous Authorization header back into a logout request.
Header creation performs no fetch, follows no redirect and returns no bytes. Task12
must bind actual private fetches to a trusted configured Convex origin/route, reject
untrusted asset URLs and redirects, and enforce independent storage authorization
and the 20,000,000-byte response cap. Never send this bearer credential to a remote
provider, raw storage bearer URL or user-supplied asset origin. Route validation and
private byte lifecycle are intentionally not inferred from a header helper.

## Browser and downstream integration

The credential leaf module has only type imports from `convex/browser`. Its bundled
browser implementation has one source input, no Node/provider/backend modules and
no injected credentials. Its browser consumer compiles with `types: []` and only
ES2022/DOM libraries. The root package exports `HostCredentials`, `HostTokenFetcher`
and `HostTokenRequest`, plus `HostAuthFailure`/`HostAuthErrorHandler`. The retained
extracted-package runner now checks the new diagnostic declarations; the coordinator
must rebuild and execute it after this source freeze because shared build ownership
is serialized. Earlier package receipts cover the pre-review source snapshot only.
Task09 can reuse the live bound credential object for thin transports without
reintroducing model keys, token caches or a second client-owned agent loop.

Task03C2 must qualify actual signed host JWTs and identity changes against the
verified disposable service: reactive refresh/reconnect, cross-tenant subscription
denial, null/logout identity, forged/expired/missing issuer/audience/signature,
scoped tool execution and grant-revoked/deleted background outcomes. Task12/13 then
provide private byte/upload/storage-reference and authenticated callback negative
cases, trusted route binding and byte-cap outcomes. Mocked constructor tests, actual installed reactive manager/inert WebSocket tests
and HTTP-client requests with synthetic strings are transport plumbing evidence only.


FILE _goals/convex-backend-runtime-2026-10-02/qa/task03c1/report.md
# Task03C1 completion report — first review essential fix

## Status: COMPLETE/PASS — bounded credential foundation

The bounded implementation and local transport/source/browser checks are complete.
Fresh first independent review task03c1_review_1 passed4.2/5; see
../task03c1-review-1.md. The coordinator's serialized SDK build
and package checks passed for this updated source hash on committed reviewed
foundations6939678 plus the exact four frozen C1 sources. Earlier build/package
receipts cover the archived pre-review snapshot; they do not certify the current
source. Whole Task03 and actual signed-service qualification remain incomplete.

## Changes made

- `src/auth/credentials.ts`: typed browser-safe host credential foundation, official
  reactive binding/session notification, sanitized reactive failure diagnostics,
  current configuration/attempt/closed-client fences, supported clearAuth delivery
  workaround, fresh one-shot HTTP auth and private-fetch header seam.
- `src/auth/index.ts`: exports credential class/getter/request and diagnostic types.
- `src/index.ts`: `fetchAuthToken`, `onAuthError`, reachable constructor-bound
  `cortex.credentials`, and metadata-selector/logout/grant documentation. No model,
  runtime-default, domain-facade or general root-architecture changes.
- `tests/unit/auth/credentials.test.ts`: 40 outcome cases. Reactive error/wire cases
  exercise the actual installed ConvexClient/AuthenticationManager with an inert
  opened WebSocket; HTTP cases exercise actual ConvexHttpClient with supplied fetch.

## Essential review findings and repairs

The reviewer reproduced a paused socket/unhandled rejection when the original direct
throwing getter was passed to Convex1.46 setAuth. The reactive adapter now catches
host/shape/asynchrony failures, returns fail-closed null, and exposes a frozen
`{ code, attemptId }` diagnostic via `authFailure` and optional `onAuthError`.
No raw host error/token/message/stack enters that state. Sync callback throws and
async callback rejections are contained without delaying null/auth resumption.
Standalone `fetchToken`, header and HTTP calls preserve their rejection behavior.

Wire assertions then found that Convex1.46 clears local identity but drops its
Authenticate(None) message while setConfig pauses the socket. The current source
uses public `client.client.hasAuth()/clearAuth()` before explicit reconfiguration,
plus one fenced `setTimeout(...,0)` task from official auth-status false to deliver
clearAuth after promise continuations resume. New configuration/false notifications
cancel older pending tasks; current config/attempt and closed-client guards prevent
clearing a newer identity. Product code does not inspect private library state,
patch Convex, poll or retry a paid/effect operation.

## Requirements checklist

- [x] Installed Convex1.46 callback, static-HTTP and public clearAuth APIs inspected.
- [x] Strong async raw JWT/null host getter attached through official setAuth adapter.
- [x] Refresh options forwarded exactly; explicit session changes force first refresh.
- [x] Non-function/synchronous/malformed/undefined returns fail at the boundary without
  value disclosure. Reactive failures become null plus diagnostics; direct calls reject.
- [x] AuthContext user/tenant/claims do not set auth or manufacture credentials/grants.
- [x] Null/logout/failure clears local and actual wire identity, resumes the transport,
  and later valid notification recovers. Already-paused overlap and stale callbacks
  cannot overwrite latest diagnostics or clear recovered identity.
- [x] Auth-status true does not clear getter errors. Both synchronous and asynchronous
  diagnostic observer failures produce no unhandled rejection.
- [x] Actual constructor path and official server-rejection refresh flow tested using
  an inert WebSocket. No network/model/service calls occur.
- [x] Fresh HTTP setAuth/null clearAuth before one invocation; concurrent isolation;
  malformed/rejected getter causes zero operation/wire/auth writes; errors never retry.
- [x] Private-fetch headers are current and side-effect-free. Task12 owns trusted
  Convex origin/route binding, redirects, storage authorization and byte cap.
- [x] Local logout and private observer cleanup remain distinct from explicit backend
  revocation/deletion of persisted background grants and already dispatched effects.
- [x] Credential module browser graph: one source input, no runtime imports/provider/
  Node/backend modules; strict consumer uses `types: []`, ES2022/DOM only.
- [x] Current source hashes, raw commands and 98-test discovery retained.
- [x] Current SDK build and extracted-package declaration/export verification:
  coordinator ran serially in an isolated reviewed-foundation snapshot; diagnostic
  exports verified. This does not certify concurrent MF repairs or aggregate root quality.
- [x] Fresh first-review final verdict PASS4.2/5 after independent requalification.
- [ ] Aggregate strict root TypeScript/service gates: coordinator integration and03C2.

## Verification

| Current check | Result | Receipt |
|---|---|---|
| Auth Jest selection | PASS:3 suites/98 tests/0 skipped; credential suite40 | `jest-auth-review-freeze.txt`, `test-summary.json` |
| Affected ESLint | PASS:0 warnings/errors | `scoped-lint-review-freeze.txt` |
| Root source lint-project strict TypeScript | PASS | `scoped-types-review-freeze.txt` |
| Browser leaf strict types | PASS | `browser-types-review-freeze.txt` |
| Browser leaf bundle | PASS:1 source input/0 imports | `browser-bundle-review-freeze.txt`, metafile |
| SDK build/standard packed-browser/focused host contracts | PASS on reviewed-foundation snapshot plus exact frozen C1 overlay; npm12.2.0 | `reviewed-snapshot-package-gate.json` and3 reviewed-snapshot logs |

Pre-review strict root `tsc --noEmit` failed in unowned public purge helper/interactive
refs and then-active Task03B endpoint test typing. Those historical raw receipts are
preserved; they are not a current root-green claim. The pre-review root lint exit0
had113 existing warnings. The prior package failure caused by another clean build's
shared-dist overlap was confirmed by the coordinator; a serialized pre-review rebuild
passed. No shared dist build/package command was run during this essential fix.

Executor recorded Node v24.19.0/ambient npm11.9.0/Convex1.46.0; final source checks
invoke Node binaries directly. The coordinator's final build/package checks used
the declared npm12.2.0 with configured credential variables removed. Snapshot
base/overlay/dependency hashes and exact argv are retained. The focused QA runner
initially assumed array-shaped npm pack JSON; npm12 returns a keyed object. It now
uses the canonical runner's array/object handling. Original script/failure preserved
in history/npm12-pack-json-shape; only the failed focused gate reran successfully.
Jest's inert `https://example.convex.cloud` value only satisfies existing setup.
Its managed/graph banner is not service coverage. Synthetic compact strings and
inert protocol messages prove installed transport behavior, not signed identity,
trusted grants or real subscriptions/private bytes/callback authorization. Those
actual-service cases remain03C2/12/13 and the contract handoff describes them.

## Notes for reviewer

Current authoritative files are `contracts.md`, `report.md`, `sourcehashes.json`,
`test-summary.json` and the review-freeze receipts. `*-before-review.*` files and
older command outputs are explicitly historical. Preserve the two failed first
wire assertions in `jest-auth-reactive-fix.txt`; the final passing wire assertions
resolve them without relaxation. The macro-task variant supersedes the earlier
passing two-microtask prototype. No backend/schema/provider/CLI/UI edits, installed
library patch, staging, commits, codegen, deployment, paid calls or agent spawning.


FILE _goals/convex-backend-runtime-2026-10-02/qa/task03c1-review-1.md
# Task Judgment: bounded Task03C1 host JWT client plumbing

Fresh read-only judge `task03c1_review_1`: **PASS**, average **4.2/5**.
Coordinator transcription of the native final judgment,2026-10-03.

| Dimension | Score |
| --- | --- |
| Requirement fulfillment | 5/5 |
| Code quality | 4/5 |
| Test quality | 4/5 |
| Pattern adherence | 4/5 |
| Completeness | 4/5 |

All bounded requirements were independently verified: async raw JWT/null getter
and official refresh signature; browser-safe validation without signing/decoding/
cache/logging/claims privilege; metadata does not supply credentials; validation
before transport allocation; actual Cortex constructor binding; one reactive client;
forced session refresh and closed/unbound behavior; contained reactive failures and
frozen sanitized diagnostics; logout/failure removes wire identity; current config/
attempt/closed-client fences; fresh serialized HTTP credentials; invalid/rejected
HTTP getters cause no auth writes/effects; ambiguous effects invoked once; current
private-fetch headers without network effects; documented logout versus grant
revocation; reachable exports/declarations/package wiring; honest frozen evidence.

Independent final evidence:

-3 auth suites,98 outcomes,0 skipped, including40 credential cases.
- Scoped ESLint:0 errors/warnings; source/browser strict types PASS.
- Browser credential leaf:1 input,0 runtime imports.
-53 additional installed-client reactive assertions: wire removal, failure containment,
  sync/async observer errors, resumed transport, logout, recovery and stale fetches.
- Additional HTTP probes: queued failed/malformed getter recovery, fresh headers,
  null clearing and no replay of an ambiguous action.
- Four owned source hashes plus10 dependency/mechanics hashes independently match.
- Coordinator's immutable reviewed-foundation6939678 snapshot plus exact C1 overlay:
  SDK build, standard packed/browser contracts and focused extracted-package contracts
  PASS with npm12.2. Independent declaration/ESM/CJS inspection and actual built
  Cortex failure-binding probes also passed. This does not certify concurrent MF code.

No critical or important bounded finding remains. Two essential defects were fixed
during this first open review: official Convex1.46's unawaited config call allowed
unhandled getter rejection and left the socket paused; its paused null flow removed
local identity but dropped Authenticate(None) on the wire. The final adapter contains
failures and uses public clearAuth plus one canceled/fenced deferred event task.
Both corrections were independently reproduced without real sockets/model calls;
all clients were awaited closed. No polling or client-owned model loop was introduced.

The focused QA runner's npm12 keyed-object JSON incompatibility was corrected with
canonical array/object parsing. Original script/error retained; only that failed gate
reran. Historical failures and superseded receipts remain labeled and preserved.

This verdict certifies the credential foundation, not whole03/current working-tree
integration/managed-service authorization. Signed JWT verification, subscription
isolation, scoped tools, revocation/deletion, uploads/private bytes and connector
callbacks remain03C2/12/13 service gates. Historical root errors in purge consumers
and concurrent endpoint tests remain integration work; runtime/domain facade/model
configuration changes remain09. Private-fetch trusted origins/routes/redirects and
20,000,000-byte cap are explicitly12 responsibilities.

The judge made no repository edits, shared build/pack writes, deployment/model calls,
staging or commits. Recommendation: freeze bounded C1 and preserve its package
receipt; keep whole03 and aggregate integration incomplete.


FILE _goals/convex-backend-runtime-2026-10-02/qa/task03c2-a/contracts.md
# Task03C2-A metadata SDK consumer boundary

Authority is the original Task03 verified-identity/alternate-endpoint closure and
Task09 browser-safe modern TypeScript facade requirements, narrowed by the
parent's explicitly delegated metadata consumer correction. User execution of
all17 tasks is already authorized; planning-only cautions in original task files
do not override that authorization. No deployment, live service mutation, paid
inference, staging, commit or push is part of this substep.

Accepted prerequisites: frozen03A inventory/authority, accepted03C1 client auth,
Task03B2A final independent third-cycle PASS4.2 and parent source/schema integration,
and Task03C2-D governance consumer PASS4.4. The complete offline verification base
is signed reviewed MAIN `c92d548368791386c62f39895e381ef6bde2dc86`, containing the
accepted metadata and governance sources. Unreviewed MAIN memory/fact/schema work
is excluded from the isolated declaration/build/browser certification.

## Requirement mapping

| Original requirement / bounded contract | Implementation / outcome evidence |
|---|---|
| Task03 internal helpers stay internal; browser clients cannot invoke maintenance workers | Sessions.expireIdle removes the removed public API reference and returns SessionCapabilityError with zero query/mutation/action/resilience attempts. No worker reference, credential, generated binding, schema or backend visibility change. |
| Task03 scope validation remains meaningful | The unchanged resolveTenantId check executes first. Tenant mismatch keeps AuthValidationError/TENANT_SCOPE_MISMATCH and does not evaluate idleTimeout or dispatch. |
| Keep modern public session method signature/defaults | expireIdle remains Promise<{expired:number}>, reads the existing timeout/default before the capability error, and documents that it does not perform or schedule automatic maintenance. There was no idle-timeout validator in the reviewed source; this patch adds none. |
| Task03 authorization-safe response does not reveal private profile data | Users.update narrows the actual generated immutable.store union via its safe receipt marker. UserProfileWriteReceiptError includes only explicitly copied server receipt fields; no fabricated profile/version/timestamps, caller data, private payload or forwarded cause. |
| Preserve a truthful committed outcome without replay | Error literals are PROFILE_WRITE_COMMITTED_READ_UNAVAILABLE, retryable:false, outcome:committed, requiredCapability:read. Receipt translation occurs after the real resilience operation resolves; exactly one mutation and no post-commit query/retry. |
| Preserve normal hydrated profiles and merge behavior | Hydrated mapping is byte-unchanged. Deep merge/defaults/tenant injection and actual server canonical fields have positive outcomes. Initial read failures remain initial read failures; no blind merge/write is introduced. |
| Nested consumers do not misreport committed writes | getOrCreate and merge source stays byte-unchanged and propagates the error. updateMany rethrows this explicit committed error, including its safe receipt, rather than returning a false zero/unsuccessful count. Earlier items may already have committed; later items are not attempted. Ordinary bulk failures keep existing handling. |
| Task09 modern/browser-safe package boundary and public errors | Both errors are exported from their module and root. Packed ESM/CJS and strict DOM/types[] consumer declarations preserve method return types and literal error contracts. Actual packed Cortex.users and Cortex.sessions run in a browser VM with actual enabled resilience, scoped public-client transport fixtures, no Node globals, no provider keys, no model call and zero network sends/fetches. |
| Preserve accepted work and unrelated source | Only the five delegated source/test files changed. Exact unchanged method, original governance28-test source/QA, accepted metadata source/QA and unchanged reviewed archive file controls are retained in source-boundary.json and snapshot-provenance.json. |

The receipt's `memorySpaceId` is `string | undefined`, matching the actual backend
union for tenant-wide grants. Optional `createdId` is retained only when the server
provides it. The error stores a frozen copy and does not retain the backend object.
The public UserProfile-returning signatures are unchanged. This is a small boundary
correction, not the full Task03C2/Task09 thin facade. In particular, an initial
read-unavailable operation still fails before update; write-only/no-row paths have
not acquired blind writes.

The existing root exports include browser-compatible provider and graph libraries.
Their exact input graph is compared against the reviewed baseline; this patch adds
no inputs. Platform:browser bundling excludes Node builtins and backend implementations.
This bounded task does not redesign pre-existing package exports.


FILE _goals/convex-backend-runtime-2026-10-02/qa/task03c2-d/contracts.md
# Task03C2-D manual governance client boundary

The original frozen03A inventory assigns `governance:enforce` the disposition
`internalize`. Reviewed03B2D implements it as an internal worker mutation. Its
current adapter records simulation audits with zero versions deleted, records
purged and bytes freed. Actual retention deletion is unimplemented.

The public SDK method retains its `EnforcementOptions` input and
`Promise<EnforcementResult>` declaration. It first runs the existing, unchanged
`validateEnforcementOptions`. Invalid requests retain their existing
`GovernanceValidationError`. Valid requests reject with the exported
`GovernanceCapabilityError`: `BACKEND_ENFORCEMENT_ONLY`, `retryable: false`,
`outcome: not_dispatched`, `requiredExecution: trusted_backend_worker`, and
`enforcementAdapter: SIMULATION`. The message identifies the required trusted
backend execution boundary and explains that automatic retention deletion is
unimplemented. It does not expose worker references, grant credentials, or
operator provisioning details.

`enforce` calls neither the transport nor the resilience layer. The obsolete
public mutation reference and its exclusive error conversion helper are removed.
Other governance methods, their validation, public function references, transport
and resilience behavior are unchanged. Backend visibility, schema, generated
bindings, other SDK areas, CLI/provider and existing integration/history sources
are outside this patch.

The class is exported from the governance module and re-exported from the root
SDK. It contains only an ordinary `Error` subclass and browser-safe literal
metadata. It introduces no Node dependency or backend/operator import.

Validation uses a disposable archive of reviewed commit
`a2c9827783e9dd49b9811a2899ba4acbeadc21cd` (including the independently reviewed
two-expression compiler fix), with only the client source, new test and local QA
files overlaid. No unreviewed main memory/fact/schema declarations are used as
accepted dependencies. No paid call, deployment, live backend operation or upstream
key provision is part of this closure.


FILE src/auth/credentials.ts
import type { ConvexClient, ConvexHttpClient } from "convex/browser";

/** The host must bypass its token cache when Convex requests a refresh. */
export interface HostTokenRequest {
  forceRefreshToken: boolean;
}

/**
 * Retrieve the current host-issued JWT, or null after logout. This is an
 * authentication credential, never an upstream model/provider credential.
 */
export type HostTokenFetcher = (
  request: HostTokenRequest,
) => Promise<string | null>;

/** Sanitized reactive-auth failure; contains no token or host error content. */
export interface HostAuthFailure {
  readonly code: "HOST_TOKEN_FETCH_FAILED" | "INVALID_HOST_TOKEN";
  readonly attemptId: number;
}

/** Callback failures are isolated from the reactive transport's auth flow. */
export type HostAuthErrorHandler = (
  failure: HostAuthFailure,
) => void | Promise<void>;

class InvalidHostTokenResultError extends TypeError {}

type ReactiveAuthClient = Pick<ConvexClient, "closed" | "setAuth"> & {
  readonly client: Pick<ConvexClient["client"], "hasAuth" | "clearAuth">;
};

/**
 * Browser-safe host credentials shared by reactive and HTTP transports.
 * Tokens are not cached, decoded, logged or converted into authorization claims.
 * Convex verifies identity; Cortex's backend resolves trusted grants.
 */
export class HostCredentials {
  private readonly httpOperations = new WeakMap<ConvexHttpClient, Promise<void>>();
  private reactiveClient?: ReactiveAuthClient;
  private reactiveVersion = 0;
  private reactiveAttemptId = 0;
  private latestAuthFailure?: HostAuthFailure;
  private pendingDeauthTimer?: ReturnType<typeof setTimeout>;

  constructor(
    private readonly fetchAuthToken: HostTokenFetcher,
    private readonly onAuthError?: HostAuthErrorHandler,
  ) {
    if (typeof fetchAuthToken !== "function") {
      throw new TypeError("fetchAuthToken must be an async function");
    }
    if (onAuthError !== undefined && typeof onAuthError !== "function") {
      throw new TypeError("onAuthError must be a function");
    }
  }

  /** Latest reactive failure; only a later current successful token/null fetch clears it. */
  get authFailure(): HostAuthFailure | undefined {
    return this.latestAuthFailure;
  }

  /** Direct token retrieval rejects errors. Reactive binding uses a safe adapter. */
  readonly fetchToken: HostTokenFetcher = async (request) => {
    const pending: unknown = this.fetchAuthToken(request);
    if (
      typeof pending !== "object" ||
      pending === null ||
      !("then" in pending) ||
      typeof pending.then !== "function"
    ) {
      throw new InvalidHostTokenResultError("fetchAuthToken must return a Promise");
    }

    const token: unknown = await Promise.resolve(pending);
    if (token === null) {
      return null;
    }
    // Only validate the raw compact JWT shape. Signature, issuer, audience and
    // claims are checked by the host-configured Convex authentication boundary.
    if (
      typeof token !== "string" ||
      !/^[A-Za-z0-9_-]+\.[A-Za-z0-9_-]+\.[A-Za-z0-9_-]+$/.test(token)
    ) {
      throw new InvalidHostTokenResultError("fetchAuthToken must resolve to a raw JWT or null");
    }
    return token;
  };

  /** Bind one reactive transport using Convex's official refresh callback. */
  bindReactiveClient(client: ReactiveAuthClient): void {
    if (client.closed) {
      throw new Error("Cannot bind a closed reactive client");
    }
    if (this.reactiveClient && this.reactiveClient !== client && !this.reactiveClient.closed) {
      throw new Error("Host credentials already have a bound reactive client");
    }
    this.reactiveClient = client;
    this.configureReactiveAuth(client, false);
  }

  /**
   * Call after host login, logout or identity changes. Reconfigure official Convex
   * auth and force the first host token fetch to bypass its cache; later refresh
   * requests are forwarded unchanged. A null token clears Convex identity.
   * Stop private observers on logout; persisted background grants still require
   * explicit backend revocation/deletion. Throws when unbound or already closed.
   */
  notifySessionChanged(): void {
    const client = this.reactiveClient;
    if (!client) {
      throw new Error("No reactive client is bound to host credentials");
    }
    if (client.closed) {
      this.reactiveClient = undefined;
      throw new Error("Cannot refresh a closed reactive client");
    }
    this.configureReactiveAuth(client, true);
  }

  private configureReactiveAuth(
    client: ReactiveAuthClient,
    forceFirstFetch: boolean,
  ): void {
    const version = ++this.reactiveVersion;
    if (this.pendingDeauthTimer !== undefined) {
      clearTimeout(this.pendingDeauthTimer);
      this.pendingDeauthTimer = undefined;
    }
    const baseClient = client.client;
    // Remove the prior session identity before setAuth pauses the transport.
    if (baseClient.hasAuth()) {
      baseClient.clearAuth();
    }
    let firstFetch = forceFirstFetch;
    client.setAuth(async (request) => {
      if (version !== this.reactiveVersion || client.closed) {
        return null;
      }
      const currentRequest = firstFetch
        ? { ...request, forceRefreshToken: true }
        : request;
      firstFetch = false;
      const attemptId = ++this.reactiveAttemptId;
      try {
        const token = await this.fetchToken(currentRequest);
        if (this.isCurrentReactiveAttempt(client, version, attemptId)) {
          this.latestAuthFailure = undefined;
        }
        return token;
      } catch (error: unknown) {
        if (this.isCurrentReactiveAttempt(client, version, attemptId)) {
          const failure: HostAuthFailure = Object.freeze({
            code: error instanceof InvalidHostTokenResultError
              ? "INVALID_HOST_TOKEN"
              : "HOST_TOKEN_FETCH_FAILED",
            attemptId,
          });
          this.latestAuthFailure = failure;
          // Convex invokes setAuth's async callback without awaiting/catching it.
          // Isolate both synchronous and async diagnostic observer failures too.
          try {
            void Promise.resolve(this.onAuthError?.(failure)).catch(() => undefined);
          } catch (_observerError: unknown) {
            // The diagnostic remains readable even if the observer fails.
          }
        }
        // Official null handling clears identity and resumes the paused socket.
        return null;
      }
    }, (authenticated) => {
      if (authenticated || version !== this.reactiveVersion || client.closed) return;
      const attemptId = this.reactiveAttemptId;
      // Convex 1.46 drops Authenticate(None) while setConfig is paused. Its
      // false callback runs before the await-refetch continuation resumes the
      // socket. One event task lets those promise continuations finish, then
      // uses the public clearAuth API to actually deliver identity removal.
      if (this.pendingDeauthTimer !== undefined) {
        clearTimeout(this.pendingDeauthTimer);
      }
      const timer = setTimeout(() => {
        if (this.pendingDeauthTimer === timer) {
          this.pendingDeauthTimer = undefined;
        }
        if (this.isCurrentReactiveAttempt(client, version, attemptId)) {
          baseClient.clearAuth();
        }
      }, 0);
      this.pendingDeauthTimer = timer;
    });
  }

  private isCurrentReactiveAttempt(
    client: ReactiveAuthClient,
    version: number,
    attemptId: number,
  ): boolean {
    return version === this.reactiveVersion &&
      attemptId === this.reactiveAttemptId && !client.closed;
  }

  /**
   * Fresh headers for a host-approved private Convex HTTP request. Use this
   * result as the request's auth headers; do not retain old Authorization headers
   * after null/logout. The caller owns route/origin validation and byte limits.
   */
  async getAuthorizationHeaders(
    request: HostTokenRequest = { forceRefreshToken: false },
  ): Promise<Record<string, string>> {
    const token = await this.fetchToken(request);
    return token === null ? {} : { Authorization: `Bearer ${token}` };
  }

  /**
   * Attach the current credential before one HTTP operation. The official HTTP
   * client accepts a static token, so obtain it again for every invocation.
   * Serialize operations on this client to keep concurrent credentials separate.
   * No authentication failure or operation error triggers an operation retry.
   * Use a dedicated client with this helper for all of its authenticated calls.
   */
  async withHttpAuth<T>(
    client: ConvexHttpClient,
    operation: (client: ConvexHttpClient) => Promise<T>,
    request: HostTokenRequest = { forceRefreshToken: false },
  ): Promise<T> {
    const previous = this.httpOperations.get(client) ?? Promise.resolve();
    const result = previous.then(async () => {
      const token = await this.fetchToken(request);
      if (token === null) {
        client.clearAuth();
      } else {
        client.setAuth(token);
      }
      return await operation(client);
    });
    // A rejected operation must not poison the queue or replay that operation.
    const settled = result.then(() => undefined, () => undefined);
    this.httpOperations.set(client, settled);
    try {
      return await result;
    } finally {
      if (this.httpOperations.get(client) === settled) {
        this.httpOperations.delete(client);
      }
    }
  }
}


FILE tests/unit/auth/credentials.test.ts
import { beforeAll, describe, expect, it, jest } from "@jest/globals";
import { ConvexHttpClient, ConvexClient } from "convex/browser";
import { makeFunctionReference } from "convex/server";
import {
  HostCredentials,
  type HostTokenFetcher,
  type HostTokenRequest,
  type HostAuthFailure,
} from "../../../src/auth/credentials";

// Synthetic compact strings test transport plumbing only. No signed identity or
// managed Convex authorization qualification is claimed by this suite.
const firstToken = "header.payload.signatureA";
const refreshedToken = "header.payload.signatureB";
const testQuery = makeFunctionReference<"query", Record<string, never>, string>(
  "test:read",
);

function httpFixture() {
  const requests: Array<RequestInit | undefined> = [];
  const fetch: typeof globalThis.fetch = async (_input, init) => {
    requests.push(init);
    return new Response(JSON.stringify({ status: "success", value: "result" }), {
      status: 200,
      headers: { "Content-Type": "application/json" },
    });
  };
  const client = new ConvexHttpClient("https://example.convex.cloud", {
    fetch,
    logger: false,
  });
  return { client, requests };
}

describe("HostCredentials", () => {
  it("forwards the exact official force-refresh request and returns changed tokens", async () => {
    let token: string | null = firstToken;
    const getter = jest.fn<HostTokenFetcher>(async () => token);
    const credentials = new HostCredentials(getter);
    const ordinary = { forceRefreshToken: false };
    const forced = { forceRefreshToken: true };

    expect(await credentials.fetchToken(ordinary)).toBe(firstToken);
    token = refreshedToken;
    expect(await credentials.fetchToken(forced)).toBe(refreshedToken);
    token = null;
    expect(await credentials.fetchToken(forced)).toBeNull();
    expect(getter.mock.calls.map(([request]) => request)).toEqual([
      ordinary, forced, forced,
    ]);
    expect(getter.mock.calls[0][0]).toBe(ordinary);
    expect(getter.mock.calls[1][0]).toBe(forced);
  });

  it.each([undefined, null, "static-token", {}, 42])(
    "rejects a non-function getter (%p) before any client is allocated",
    (getter) => {
      expect(() => new HostCredentials(getter as HostTokenFetcher)).toThrow(
        "fetchAuthToken must be an async function",
      );
    },
  );

  it("rejects a synchronous getter result", async () => {
    const getter = (() => firstToken) as unknown as HostTokenFetcher;
    await expect(new HostCredentials(getter).fetchToken({ forceRefreshToken: false }))
      .rejects.toThrow("fetchAuthToken must return a Promise");
  });

  it.each([
    undefined, 7, {}, { token: firstToken }, "", " ", "provider-key",
    `Bearer ${firstToken}`, ` ${firstToken}`, `${firstToken}\n`,
    "header.payload.", "header.payload.signature.extra",
  ])("rejects malformed token results (%p) without disclosure or HTTP effects", async (value) => {
    const credentials = new HostCredentials(
      (async () => value) as HostTokenFetcher,
    );
    const { client, requests } = httpFixture();
    const setAuth = jest.spyOn(client, "setAuth");
    const clearAuth = jest.spyOn(client, "clearAuth");
    const operation = jest.fn(async () => "should not run");
    await expect(credentials.withHttpAuth(client, operation)).rejects.toMatchObject({
      name: "TypeError",
      message: "fetchAuthToken must resolve to a raw JWT or null",
    });
    expect(operation).not.toHaveBeenCalled();
    expect(setAuth).not.toHaveBeenCalled();
    expect(clearAuth).not.toHaveBeenCalled();
    expect(requests).toEqual([]);
  });

  it("preserves a host getter rejection and never invokes an HTTP operation", async () => {
    const rejection = new Error("host authentication unavailable");
    const credentials = new HostCredentials(async () => { throw rejection; });
    const { client, requests } = httpFixture();
    const setAuth = jest.spyOn(client, "setAuth");
    const clearAuth = jest.spyOn(client, "clearAuth");
    const operation = jest.fn(async () => "should not run");

    await expect(credentials.fetchToken({ forceRefreshToken: true }))
      .rejects.toBe(rejection);
    await expect(credentials.withHttpAuth(client, operation)).rejects.toBe(rejection);
    expect(operation).not.toHaveBeenCalled();
    expect(setAuth).not.toHaveBeenCalled();
    expect(clearAuth).not.toHaveBeenCalled();
    expect(requests).toEqual([]);
  });

  it("supplies fresh fetch headers, honors forced refresh, and removes auth on null", async () => {
    let token: string | null = firstToken;
    const getter = jest.fn<HostTokenFetcher>(async () => token);
    const credentials = new HostCredentials(getter);
    expect(await credentials.getAuthorizationHeaders()).toEqual({
      Authorization: `Bearer ${firstToken}`,
    });
    token = refreshedToken;
    expect(await credentials.getAuthorizationHeaders({ forceRefreshToken: true }))
      .toEqual({ Authorization: `Bearer ${refreshedToken}` });
    token = null;
    expect(await credentials.getAuthorizationHeaders()).toEqual({});
    expect(getter.mock.calls.map(([request]) => request.forceRefreshToken))
      .toEqual([false, true, false]);
  });

  it("propagates a header getter failure instead of returning stale headers", async () => {
    const rejection = new Error("host session expired");
    const credentials = new HostCredentials(async () => { throw rejection; });
    await expect(credentials.getAuthorizationHeaders()).rejects.toBe(rejection);
  });

  it("attaches changed JWTs to actual ConvexHttpClient wire requests and clears logout identity", async () => {
    let token: string | null = firstToken;
    const getter = jest.fn<HostTokenFetcher>(async () => token);
    const credentials = new HostCredentials(getter);
    const { client, requests } = httpFixture();
    const operation = (http: ConvexHttpClient) => http.query(testQuery, {});

    expect(await credentials.withHttpAuth(client, operation)).toBe("result");
    token = refreshedToken;
    expect(await credentials.withHttpAuth(client, operation, { forceRefreshToken: true }))
      .toBe("result");
    token = null;
    expect(await credentials.withHttpAuth(client, operation)).toBe("result");
    expect(requests.map((request) => new Headers(request?.headers).get("Authorization")))
      .toEqual([`Bearer ${firstToken}`, `Bearer ${refreshedToken}`, null]);
    expect(getter.mock.calls.map(([request]) => request.forceRefreshToken))
      .toEqual([false, true, false]);
  });

  it("does not retry an ambiguous operation error and permits the next explicit invocation", async () => {
    const credentials = new HostCredentials(async () => firstToken);
    const { client } = httpFixture();
    const uncertain = new Error("upstream outcome unknown");
    const operation = jest.fn(async () => { throw uncertain; });

    await expect(credentials.withHttpAuth(client, operation)).rejects.toBe(uncertain);
    expect(operation).toHaveBeenCalledTimes(1);
    const next = jest.fn(async () => "next explicit request");
    expect(await credentials.withHttpAuth(client, next)).toBe("next explicit request");
    expect(next).toHaveBeenCalledTimes(1);
    expect(operation).toHaveBeenCalledTimes(1);
  });

  it("serializes a shared HTTP client without fetching or replacing the next operation's token early", async () => {
    let token = firstToken;
    const getter = jest.fn<HostTokenFetcher>(async () => token);
    const credentials = new HostCredentials(getter);
    const { client, requests } = httpFixture();
    let release!: () => void;
    let entered!: () => void;
    const barrier = new Promise<void>((resolve) => { release = resolve; });
    const started = new Promise<void>((resolve) => { entered = resolve; });
    const first = credentials.withHttpAuth(client, async (http) => {
      entered();
      await barrier;
      return await http.query(testQuery, {});
    });
    await started;
    token = refreshedToken;
    const second = credentials.withHttpAuth(client, (http) => http.query(testQuery, {}));
    await Promise.resolve();
    expect(getter).toHaveBeenCalledTimes(1);
    release();
    expect(await Promise.all([first, second])).toEqual(["result", "result"]);
    expect(requests.map((request) => new Headers(request?.headers).get("Authorization")))
      .toEqual([`Bearer ${firstToken}`, `Bearer ${refreshedToken}`]);
  });
});

// Mock only the reactive transport constructor. Domain modules and Cortex's
// constructor execute normally; the captured official callback is invoked below.
class ReactiveClient {
  closed = false;
  readonly client = { hasAuth: () => false, clearAuth: jest.fn() };
  readonly setAuth = jest.fn<ConvexClient["setAuth"]>();
  readonly close = jest.fn(async () => undefined);
}
const reactiveInstances: ReactiveClient[] = [];
const reactiveConstructor = jest.fn((_url: string) => {
  const client = new ReactiveClient();
  reactiveInstances.push(client);
  return client;
});
jest.unstable_mockModule("convex/browser", () => ({
  ConvexClient: reactiveConstructor,
  ConvexHttpClient,
}));
const { Cortex } = await import("../../../src/index");

describe("Cortex host credential constructor binding", () => {
  it("binds the real credential callback and observes refresh/logout changes", async () => {
    let token: string | null = firstToken;
    const getter = jest.fn<HostTokenFetcher>(async () => token);
    const metadata = { userId: "caller-label", tenantId: "caller-tenant", claims: { role: "admin" } };
    const cortex = new Cortex({
      convexUrl: "https://example.convex.cloud",
      fetchAuthToken: getter,
      auth: metadata,
      resilience: { enabled: false },
    });
    const reactive = reactiveInstances.at(-1)!;
    expect(reactive.setAuth).toHaveBeenCalledTimes(1);
    expect(reactive.setAuth).toHaveBeenCalledWith(expect.any(Function), expect.any(Function));
    const callback = reactive.setAuth.mock.calls[0][0];
    const force: HostTokenRequest = { forceRefreshToken: true };
    expect(await callback({ forceRefreshToken: false })).toBe(firstToken);
    token = refreshedToken;
    expect(await callback(force)).toBe(refreshedToken);
    expect(getter.mock.calls.at(-1)![0]).toBe(force);
    token = null;
    expect(await callback(force)).toBeNull();
    expect(cortex.auth).toBe(metadata);
    cortex.close();
    expect(reactive.close).toHaveBeenCalledTimes(1);
  });

  it("does not set Convex auth from caller user/tenant/claims metadata", () => {
    const cortex = new Cortex({
      convexUrl: "https://example.convex.cloud",
      auth: { userId: "claimed-user", tenantId: "claimed-tenant", claims: { role: "admin", token: firstToken } },
      resilience: { enabled: false },
    });
    const reactive = reactiveInstances.at(-1)!;
    expect(reactive.setAuth).not.toHaveBeenCalled();
    expect(cortex.credentials).toBeUndefined();
    cortex.close();
  });

  it("notifies the active binding on logout, login and host identity replacement", async () => {
    let token: string | null = firstToken;
    const getter = jest.fn<HostTokenFetcher>(async () => token);
    const cortex = new Cortex({
      convexUrl: "https://example.convex.cloud",
      fetchAuthToken: getter,
      resilience: { enabled: false },
    });
    const reactive = reactiveInstances.at(-1)!;
    for (const nextToken of [null, firstToken, refreshedToken]) {
      token = nextToken;
      const calls = reactive.setAuth.mock.calls.length;
      cortex.credentials!.notifySessionChanged();
      expect(reactive.setAuth).toHaveBeenCalledTimes(calls + 1);
      const callback = reactive.setAuth.mock.calls.at(-1)![0];
      expect(await callback({ forceRefreshToken: false })).toBe(nextToken);
      expect(getter.mock.calls.at(-1)![0]).toEqual({ forceRefreshToken: true });
      const subsequent = { forceRefreshToken: false };
      expect(await callback(subsequent)).toBe(nextToken);
      expect(getter.mock.calls.at(-1)![0]).toBe(subsequent);
    }
    cortex.close();
  });

  it("rejects unbound/closed reactive notifications and prevents multiple active bindings", () => {
    const credentials = new HostCredentials(async () => firstToken);
    expect(() => credentials.notifySessionChanged()).toThrow("No reactive client is bound");
    const first = new ReactiveClient();
    const second = new ReactiveClient();
    credentials.bindReactiveClient(first);
    expect(first.setAuth).toHaveBeenCalledWith(expect.any(Function), expect.any(Function));
    expect(() => credentials.bindReactiveClient(second)).toThrow("already have a bound reactive client");
    expect(second.setAuth).not.toHaveBeenCalled();
    first.closed = true;
    expect(() => credentials.notifySessionChanged()).toThrow("Cannot refresh a closed reactive client");
    expect(first.setAuth).toHaveBeenCalledTimes(1);
    expect(() => credentials.bindReactiveClient(first)).toThrow("Cannot bind a closed reactive client");
    credentials.bindReactiveClient(second);
    expect(second.setAuth).toHaveBeenCalledTimes(1);
  });

  it("validates a configured non-function getter before constructing ConvexClient", () => {
    const calls = reactiveConstructor.mock.calls.length;
    expect(() => new Cortex({
      convexUrl: "https://example.convex.cloud",
      fetchAuthToken: "static-token" as unknown as HostTokenFetcher,
    })).toThrow("fetchAuthToken must be an async function");
    expect(reactiveConstructor.mock.calls.length).toBe(calls);
  });

  it("fails reactive callback errors closed with a sanitized diagnostic and no metadata credentials", async () => {
    const rejected = new Error("host auth failure");
    const cortex = new Cortex({
      convexUrl: "https://example.convex.cloud",
      fetchAuthToken: async () => { throw rejected; },
      auth: { userId: "claimed-user", claims: { token: firstToken } },
      resilience: { enabled: false },
    });
    const reactive = reactiveInstances.at(-1)!;
    const callback = reactive.setAuth.mock.calls[0][0];
    await expect(callback({ forceRefreshToken: true })).resolves.toBeNull();
    expect(cortex.credentials!.authFailure).toEqual({ code: "HOST_TOKEN_FETCH_FAILED", attemptId: 1 });
    expect(reactive.setAuth).toHaveBeenCalledTimes(1);
    cortex.close();
  });

  it("validates a configured diagnostic callback before allocating a client", () => {
    const calls = reactiveConstructor.mock.calls.length;
    expect(() => new Cortex({
      convexUrl: "https://example.convex.cloud",
      fetchAuthToken: async () => null,
      onAuthError: "invalid" as unknown as (failure: HostAuthFailure) => void,
    })).toThrow("onAuthError must be a function");
    expect(reactiveConstructor.mock.calls.length).toBe(calls);
  });

  it("auth success notifications cannot hide a getter diagnostic and stale/closed deferred clears are fenced", async () => {
    let rejectHost = true;
    const credentials = new HostCredentials(async () => {
      if (rejectHost) throw new Error("host failure");
      return refreshedToken;
    });
    const reactive = new ReactiveClient();
    credentials.bindReactiveClient(reactive);
    const [oldFetcher, oldStatus] = reactive.setAuth.mock.calls[0];
    await expect(oldFetcher({ forceRefreshToken: false })).resolves.toBeNull();
    const diagnostic = credentials.authFailure;
    oldStatus?.(true);
    expect(credentials.authFailure).toBe(diagnostic);
    oldStatus?.(false);
    rejectHost = false;
    credentials.notifySessionChanged();
    const [newFetcher, newStatus] = reactive.setAuth.mock.calls.at(-1)!;
    await expect(newFetcher({ forceRefreshToken: false })).resolves.toBe(refreshedToken);
    await flushAuthTasks();
    expect(reactive.client.clearAuth).not.toHaveBeenCalled();
    expect(credentials.authFailure).toBeUndefined();
    newStatus?.(false);
    oldStatus?.(false);
    await flushAuthTasks();
    expect(reactive.client.clearAuth).toHaveBeenCalledTimes(1);
    reactive.client.clearAuth.mockClear();
    newStatus?.(false);
    reactive.closed = true;
    await flushAuthTasks();
    expect(reactive.client.clearAuth).not.toHaveBeenCalled();
  });
});

interface WireMessage {
  type: string;
  tokenType?: string;
  value?: string;
}

/** Inert opened transport: records official messages in memory, performs no network. */
class InertWebSocket {
  static instances: InertWebSocket[] = [];
  readyState = 0;
  onopen: (() => void) | null = null;
  onclose: ((event: { code: number; reason: string; wasClean: boolean }) => void) | null = null;
  onerror: (() => void) | null = null;
  onmessage: ((event: { data: string }) => void) | null = null;
  readonly messages: WireMessage[] = [];

  constructor(readonly url: string) {
    InertWebSocket.instances.push(this);
    queueMicrotask(() => {
      if (this.readyState === 0) {
        this.readyState = 1;
        this.onopen?.();
      }
    });
  }

  send(message: string): void {
    // The installed Convex client produces these JSON protocol objects.
    this.messages.push(JSON.parse(message) as WireMessage);
  }

  close(): void {
    this.readyState = 3;
    queueMicrotask(() => this.onclose?.({ code: 1000, reason: "test complete", wasClean: true }));
  }
}

async function flushAuthTasks(): Promise<void> {
  // Include the single post-resume deauthentication event task.
  await new Promise<void>((resolve) => setImmediate(resolve));
  await new Promise<void>((resolve) => setTimeout(resolve, 0));
  await new Promise<void>((resolve) => setImmediate(resolve));
}

function assertResumedWithoutIdentity(client: ConvexClient, socket: InertWebSocket): void {
  expect(client.getAuth()).toBeUndefined();
  expect(client.connectionState().hasEverConnected).toBe(true);
  const before = socket.messages.length;
  const stop = client.onUpdate(testQuery, {}, () => undefined);
  expect(socket.messages.slice(before).some((message) => message.type === "ModifyQuerySet")).toBe(true);
  stop();
}

describe("Installed Convex reactive authentication error outcomes", () => {
  let ActualCortex: typeof Cortex;

  beforeAll(async () => {
    // Restore the official constructor for this proof; earlier tests retain their
    // already-imported narrow mocked Cortex constructor in their local binding.
    jest.unstable_unmockModule("convex/browser");
    jest.resetModules();
    ({ Cortex: ActualCortex } = await import("../../../src/index"));
  });

  it("actual Cortex constructor contains rejecting host callbacks, resumes unauthenticated and recovers", async () => {
    const originalWebSocket = globalThis.WebSocket;
    // Fake implements the small transport surface used by the installed client.
    globalThis.WebSocket = InertWebSocket as unknown as typeof WebSocket;
    const unhandled: unknown[] = [];
    const observeUnhandled = (error: unknown) => { unhandled.push(error); };
    process.on("unhandledRejection", observeUnhandled);
    let rejectHost = true;
    const observed: HostAuthFailure[] = [];
    const getter = jest.fn<HostTokenFetcher>(async () => {
      if (rejectHost) throw new Error("host-private-error-do-not-expose");
      return refreshedToken;
    });
    const cortex = new ActualCortex({
      convexUrl: "https://example.convex.cloud",
      fetchAuthToken: getter,
      onAuthError: (failure) => { observed.push(failure); throw new Error("observer failed"); },
      resilience: { enabled: false },
    });
    try {
      await flushAuthTasks();
      const client = cortex.getClient();
      const socket = InertWebSocket.instances.at(-1)!;
      assertResumedWithoutIdentity(client, socket);
      expect(unhandled).toEqual([]);
      expect(observed).toEqual([
        { code: "HOST_TOKEN_FETCH_FAILED", attemptId: 1 },
        { code: "HOST_TOKEN_FETCH_FAILED", attemptId: 2 },
      ]);
      expect(cortex.credentials!.authFailure).toEqual(observed[1]);
      expect(Object.isFrozen(cortex.credentials!.authFailure)).toBe(true);
      expect(socket.messages.some((message) => message.tokenType === "User")).toBe(false);
      rejectHost = false;
      cortex.credentials!.notifySessionChanged();
      await flushAuthTasks();
      expect(client.getAuth()?.token).toBe(refreshedToken);
      expect(cortex.credentials!.authFailure).toBeUndefined();
      expect(getter.mock.calls.map(([request]) => request.forceRefreshToken)).toEqual([false, true, true]);
      expect(unhandled).toEqual([]);
    } finally {
      await cortex.shutdown();
      process.off("unhandledRejection", observeUnhandled);
      globalThis.WebSocket = originalWebSocket;
    }
  });

  it.each([
    ["malformed", (async () => "Bearer invalid-secret-value") as HostTokenFetcher],
    ["synchronous", (() => firstToken) as unknown as HostTokenFetcher],
  ])("official client contains %s results, isolates async observers and clears an existing identity", async (_label, invalidGetter) => {
    let getter: HostTokenFetcher = async () => firstToken;
    const credentials = new HostCredentials(
      (request) => getter(request),
      async () => { throw new Error("async observer failure"); },
    );
    const client = new ConvexClient("https://example.convex.cloud", {
      webSocketConstructor: InertWebSocket as unknown as typeof WebSocket,
      logger: false,
    });
    const unhandled: unknown[] = [];
    const observeUnhandled = (error: unknown) => { unhandled.push(error); };
    process.on("unhandledRejection", observeUnhandled);
    try {
      credentials.bindReactiveClient(client);
      await flushAuthTasks();
      expect(client.getAuth()?.token).toBe(firstToken);
      getter = invalidGetter;
      credentials.notifySessionChanged();
      await flushAuthTasks();
      const socket = InertWebSocket.instances.at(-1)!;
      assertResumedWithoutIdentity(client, socket);
      expect(credentials.authFailure).toEqual({ code: "INVALID_HOST_TOKEN", attemptId: 3 });
      expect(socket.messages.filter((message) => message.tokenType === "User").map((message) => message.value))
        .toEqual([firstToken]);
      expect(socket.messages.some((message) => message.tokenType === "None")).toBe(true);
      expect(unhandled).toEqual([]);
      getter = async () => refreshedToken;
      credentials.notifySessionChanged();
      await flushAuthTasks();
      expect(client.getAuth()?.token).toBe(refreshedToken);
      expect(credentials.authFailure).toBeUndefined();
      expect(unhandled).toEqual([]);
    } finally {
      await client.close();
      process.off("unhandledRejection", observeUnhandled);
    }
  });

  it("official refresh/logout/login updates identity with no getter failure diagnostic", async () => {
    let token: string | null = firstToken;
    const getter = jest.fn<HostTokenFetcher>(async () => token);
    const credentials = new HostCredentials(getter);
    const client = new ConvexClient("https://example.convex.cloud", {
      webSocketConstructor: InertWebSocket as unknown as typeof WebSocket,
      logger: false,
    });
    try {
      credentials.bindReactiveClient(client);
      await flushAuthTasks();
      expect(client.getAuth()?.token).toBe(firstToken);
      token = null;
      credentials.notifySessionChanged();
      await flushAuthTasks();
      assertResumedWithoutIdentity(client, InertWebSocket.instances.at(-1)!);
      expect(credentials.authFailure).toBeUndefined();
      token = refreshedToken;
      credentials.notifySessionChanged();
      await flushAuthTasks();
      expect(client.getAuth()?.token).toBe(refreshedToken);
      expect(getter.mock.calls.map(([request]) => request.forceRefreshToken)).toEqual([false, true, true, true]);
    } finally {
      await client.close();
    }
  });

  it("official server rejection refresh contains host errors, reconnects unauthenticated and exposes a diagnostic", async () => {
    let rejectHost = false;
    const getter = jest.fn<HostTokenFetcher>(async () => {
      if (rejectHost) throw new Error("host refresh failed");
      return firstToken;
    });
    const credentials = new HostCredentials(getter);
    const client = new ConvexClient("https://example.convex.cloud", {
      webSocketConstructor: InertWebSocket as unknown as typeof WebSocket,
      logger: false,
    });
    const unhandled: unknown[] = [];
    const observeUnhandled = (error: unknown) => { unhandled.push(error); };
    process.on("unhandledRejection", observeUnhandled);
    try {
      credentials.bindReactiveClient(client);
      await flushAuthTasks();
      expect(client.getAuth()?.token).toBe(firstToken);
      const oldSocket = InertWebSocket.instances.at(-1)!;
      rejectHost = true;
      oldSocket.onmessage?.({ data: JSON.stringify({
        type: "AuthError", error: "test credential rejected", baseVersion: 0,
        authUpdateAttempted: true,
      }) });
      await flushAuthTasks();
      const newSocket = InertWebSocket.instances.at(-1)!;
      expect(newSocket).not.toBe(oldSocket);
      expect(oldSocket.readyState).toBe(3);
      assertResumedWithoutIdentity(client, newSocket);
      expect(credentials.authFailure).toEqual({ code: "HOST_TOKEN_FETCH_FAILED", attemptId: 2 });
      expect(newSocket.messages.some((message) => message.tokenType === "User")).toBe(false);
      expect(getter.mock.calls.map(([request]) => request.forceRefreshToken)).toEqual([false, true]);
      expect(unhandled).toEqual([]);
    } finally {
      await client.close();
      process.off("unhandledRejection", observeUnhandled);
    }
  });

  it("older delayed success/rejection cannot overwrite the latest failure or recovered official session", async () => {
    let settleOld!: (token: string | null) => void;
    let rejectOld!: (error: Error) => void;
    let getter: HostTokenFetcher = () => new Promise((resolve, reject) => {
      settleOld = resolve;
      rejectOld = reject;
    });
    const observed: HostAuthFailure[] = [];
    const credentials = new HostCredentials((request) => getter(request), (failure) => { observed.push(failure); });
    const client = new ConvexClient("https://example.convex.cloud", {
      webSocketConstructor: InertWebSocket as unknown as typeof WebSocket,
      logger: false,
    });
    try {
      credentials.bindReactiveClient(client);
      getter = async () => { throw new Error("latest host failure"); };
      credentials.notifySessionChanged();
      await flushAuthTasks();
      const latestFailure = credentials.authFailure;
      expect(latestFailure).toEqual({ code: "HOST_TOKEN_FETCH_FAILED", attemptId: 3 });
      settleOld(firstToken);
      await flushAuthTasks();
      expect(credentials.authFailure).toBe(latestFailure);
      expect(client.getAuth()).toBeUndefined();

      getter = () => new Promise((_resolve, reject) => { rejectOld = reject; });
      credentials.notifySessionChanged();
      getter = async () => refreshedToken;
      credentials.notifySessionChanged();
      await flushAuthTasks();
      expect(credentials.authFailure).toBeUndefined();
      expect(client.getAuth()?.token).toBe(refreshedToken);
      const observedBefore = observed.length;
      rejectOld(new Error("stale host failure"));
      await flushAuthTasks();
      expect(credentials.authFailure).toBeUndefined();
      expect(client.getAuth()?.token).toBe(refreshedToken);
      expect(observed).toHaveLength(observedBefore);
    } finally {
      await client.close();
    }
  });

  it("overlapping official notifications while paused deliver None and preserve a newer recovered identity", async () => {
    let settleOld!: (token: string | null) => void;
    let getter: HostTokenFetcher = async () => firstToken;
    const credentials = new HostCredentials((request) => getter(request));
    const client = new ConvexClient("https://example.convex.cloud", {
      webSocketConstructor: InertWebSocket as unknown as typeof WebSocket,
      logger: false,
    });
    try {
      credentials.bindReactiveClient(client);
      await flushAuthTasks();
      expect(client.getAuth()?.token).toBe(firstToken);
      getter = () => new Promise((resolve) => { settleOld = resolve; });
      credentials.notifySessionChanged();
      getter = async () => { throw new Error("latest host failure"); };
      credentials.notifySessionChanged();
      await flushAuthTasks();
      const socket = InertWebSocket.instances.at(-1)!;
      assertResumedWithoutIdentity(client, socket);
      expect(credentials.authFailure).toEqual({ code: "HOST_TOKEN_FETCH_FAILED", attemptId: 4 });
      expect(socket.messages.filter((message) => message.tokenType === "None").length).toBeGreaterThanOrEqual(2);
      getter = async () => refreshedToken;
      credentials.notifySessionChanged();
      await flushAuthTasks();
      settleOld(firstToken);
      await flushAuthTasks();
      expect(client.getAuth()?.token).toBe(refreshedToken);
      expect(credentials.authFailure).toBeUndefined();
      expect(socket.messages.filter((message) => message.tokenType === "User").map((message) => message.value))
        .toEqual([firstToken, refreshedToken]);
    } finally {
      await client.close();
    }
  });
});

