
FILE work/backend-runtime/task03c2-live-fixture/sdk/src/auth/credentials.ts
import type { ConvexClient, ConvexHttpClient } from "convex/browser";

/** The host must bypass its token cache when Convex requests a refresh. */
export interface HostTokenRequest {
  forceRefreshToken: boolean;
}

/**
 * Retrieve the current host-issued JWT, or null after logout. This is an
 * authentication credential, never an upstream model/provider credential.
 */
export type HostTokenFetcher = (
  request: HostTokenRequest,
) => Promise<string | null>;

/** Sanitized reactive-auth failure; contains no token or host error content. */
export interface HostAuthFailure {
  readonly code: "HOST_TOKEN_FETCH_FAILED" | "INVALID_HOST_TOKEN";
  readonly attemptId: number;
}

/** Callback failures are isolated from the reactive transport's auth flow. */
export type HostAuthErrorHandler = (
  failure: HostAuthFailure,
) => void | Promise<void>;

class InvalidHostTokenResultError extends TypeError {}

type ReactiveAuthClient = Pick<ConvexClient, "closed" | "setAuth"> & {
  readonly client: Pick<ConvexClient["client"], "hasAuth" | "clearAuth">;
};

/**
 * Browser-safe host credentials shared by reactive and HTTP transports.
 * Tokens are not cached, decoded, logged or converted into authorization claims.
 * Convex verifies identity; Cortex's backend resolves trusted grants.
 */
export class HostCredentials {
  private readonly httpOperations = new WeakMap<ConvexHttpClient, Promise<void>>();
  private reactiveClient?: ReactiveAuthClient;
  private reactiveVersion = 0;
  private reactiveAttemptId = 0;
  private latestAuthFailure?: HostAuthFailure;
  private pendingDeauthTimer?: ReturnType<typeof setTimeout>;

  constructor(
    private readonly fetchAuthToken: HostTokenFetcher,
    private readonly onAuthError?: HostAuthErrorHandler,
  ) {
    if (typeof fetchAuthToken !== "function") {
      throw new TypeError("fetchAuthToken must be an async function");
    }
    if (onAuthError !== undefined && typeof onAuthError !== "function") {
      throw new TypeError("onAuthError must be a function");
    }
  }

  /** Latest reactive failure; only a later current successful token/null fetch clears it. */
  get authFailure(): HostAuthFailure | undefined {
    return this.latestAuthFailure;
  }

  /** Direct token retrieval rejects errors. Reactive binding uses a safe adapter. */
  readonly fetchToken: HostTokenFetcher = async (request) => {
    const pending: unknown = this.fetchAuthToken(request);
    if (
      typeof pending !== "object" ||
      pending === null ||
      !("then" in pending) ||
      typeof pending.then !== "function"
    ) {
      throw new InvalidHostTokenResultError("fetchAuthToken must return a Promise");
    }

    const token: unknown = await Promise.resolve(pending);
    if (token === null) {
      return null;
    }
    // Only validate the raw compact JWT shape. Signature, issuer, audience and
    // claims are checked by the host-configured Convex authentication boundary.
    if (
      typeof token !== "string" ||
      !/^[A-Za-z0-9_-]+\.[A-Za-z0-9_-]+\.[A-Za-z0-9_-]+$/.test(token)
    ) {
      throw new InvalidHostTokenResultError("fetchAuthToken must resolve to a raw JWT or null");
    }
    return token;
  };

  /** Bind one reactive transport using Convex's official refresh callback. */
  bindReactiveClient(client: ReactiveAuthClient): void {
    if (client.closed) {
      throw new Error("Cannot bind a closed reactive client");
    }
    if (this.reactiveClient && this.reactiveClient !== client && !this.reactiveClient.closed) {
      throw new Error("Host credentials already have a bound reactive client");
    }
    this.reactiveClient = client;
    this.configureReactiveAuth(client, false);
  }

  /**
   * Call after host login, logout or identity changes. Reconfigure official Convex
   * auth and force the first host token fetch to bypass its cache; later refresh
   * requests are forwarded unchanged. A null token clears Convex identity.
   * Stop private observers on logout; persisted background grants still require
   * explicit backend revocation/deletion. Throws when unbound or already closed.
   */
  notifySessionChanged(): void {
    const client = this.reactiveClient;
    if (!client) {
      throw new Error("No reactive client is bound to host credentials");
    }
    if (client.closed) {
      this.reactiveClient = undefined;
      throw new Error("Cannot refresh a closed reactive client");
    }
    this.configureReactiveAuth(client, true);
  }

  private configureReactiveAuth(
    client: ReactiveAuthClient,
    forceFirstFetch: boolean,
  ): void {
    const version = ++this.reactiveVersion;
    if (this.pendingDeauthTimer !== undefined) {
      clearTimeout(this.pendingDeauthTimer);
      this.pendingDeauthTimer = undefined;
    }
    const baseClient = client.client;
    // Remove the prior session identity before setAuth pauses the transport.
    if (baseClient.hasAuth()) {
      baseClient.clearAuth();
    }
    let firstFetch = forceFirstFetch;
    client.setAuth(async (request) => {
      if (version !== this.reactiveVersion || client.closed) {
        return null;
      }
      const currentRequest = firstFetch
        ? { ...request, forceRefreshToken: true }
        : request;
      firstFetch = false;
      const attemptId = ++this.reactiveAttemptId;
      try {
        const token = await this.fetchToken(currentRequest);
        if (this.isCurrentReactiveAttempt(client, version, attemptId)) {
          this.latestAuthFailure = undefined;
        }
        return token;
      } catch (error: unknown) {
        if (this.isCurrentReactiveAttempt(client, version, attemptId)) {
          const failure: HostAuthFailure = Object.freeze({
            code: error instanceof InvalidHostTokenResultError
              ? "INVALID_HOST_TOKEN"
              : "HOST_TOKEN_FETCH_FAILED",
            attemptId,
          });
          this.latestAuthFailure = failure;
          // Convex invokes setAuth's async callback without awaiting/catching it.
          // Isolate both synchronous and async diagnostic observer failures too.
          try {
            void Promise.resolve(this.onAuthError?.(failure)).catch(() => undefined);
          } catch (_observerError: unknown) {
            // The diagnostic remains readable even if the observer fails.
          }
        }
        // Official null handling clears identity and resumes the paused socket.
        return null;
      }
    }, (authenticated) => {
      if (authenticated || version !== this.reactiveVersion || client.closed) return;
      const attemptId = this.reactiveAttemptId;
      // Convex 1.46 drops Authenticate(None) while setConfig is paused. Its
      // false callback runs before the await-refetch continuation resumes the
      // socket. One event task lets those promise continuations finish, then
      // uses the public clearAuth API to actually deliver identity removal.
      if (this.pendingDeauthTimer !== undefined) {
        clearTimeout(this.pendingDeauthTimer);
      }
      const timer = setTimeout(() => {
        if (this.pendingDeauthTimer === timer) {
          this.pendingDeauthTimer = undefined;
        }
        if (this.isCurrentReactiveAttempt(client, version, attemptId)) {
          baseClient.clearAuth();
        }
      }, 0);
      this.pendingDeauthTimer = timer;
    });
  }

  private isCurrentReactiveAttempt(
    client: ReactiveAuthClient,
    version: number,
    attemptId: number,
  ): boolean {
    return version === this.reactiveVersion &&
      attemptId === this.reactiveAttemptId && !client.closed;
  }

  /**
   * Fresh headers for a host-approved private Convex HTTP request. Use this
   * result as the request's auth headers; do not retain old Authorization headers
   * after null/logout. The caller owns route/origin validation and byte limits.
   */
  async getAuthorizationHeaders(
    request: HostTokenRequest = { forceRefreshToken: false },
  ): Promise<Record<string, string>> {
    const token = await this.fetchToken(request);
    return token === null ? {} : { Authorization: `Bearer ${token}` };
  }

  /**
   * Attach the current credential before one HTTP operation. The official HTTP
   * client accepts a static token, so obtain it again for every invocation.
   * Serialize operations on this client to keep concurrent credentials separate.
   * No authentication failure or operation error triggers an operation retry.
   * Use a dedicated client with this helper for all of its authenticated calls.
   */
  async withHttpAuth<T>(
    client: ConvexHttpClient,
    operation: (client: ConvexHttpClient) => Promise<T>,
    request: HostTokenRequest = { forceRefreshToken: false },
  ): Promise<T> {
    const previous = this.httpOperations.get(client) ?? Promise.resolve();
    const result = previous.then(async () => {
      const token = await this.fetchToken(request);
      if (token === null) {
        client.clearAuth();
      } else {
        client.setAuth(token);
      }
      return await operation(client);
    });
    // A rejected operation must not poison the queue or replay that operation.
    const settled = result.then(() => undefined, () => undefined);
    this.httpOperations.set(client, settled);
    try {
      return await result;
    } finally {
      if (this.httpOperations.get(client) === settled) {
        this.httpOperations.delete(client);
      }
    }
  }
}


FILE _goals/convex-backend-runtime-2026-10-02/qa/task03c1-review-1.md
# Task Judgment: bounded Task03C1 host JWT client plumbing

Fresh read-only judge `task03c1_review_1`: **PASS**, average **4.2/5**.
Coordinator transcription of the native final judgment,2026-10-03.

| Dimension | Score |
| --- | --- |
| Requirement fulfillment | 5/5 |
| Code quality | 4/5 |
| Test quality | 4/5 |
| Pattern adherence | 4/5 |
| Completeness | 4/5 |

All bounded requirements were independently verified: async raw JWT/null getter
and official refresh signature; browser-safe validation without signing/decoding/
cache/logging/claims privilege; metadata does not supply credentials; validation
before transport allocation; actual Cortex constructor binding; one reactive client;
forced session refresh and closed/unbound behavior; contained reactive failures and
frozen sanitized diagnostics; logout/failure removes wire identity; current config/
attempt/closed-client fences; fresh serialized HTTP credentials; invalid/rejected
HTTP getters cause no auth writes/effects; ambiguous effects invoked once; current
private-fetch headers without network effects; documented logout versus grant
revocation; reachable exports/declarations/package wiring; honest frozen evidence.

Independent final evidence:

-3 auth suites,98 outcomes,0 skipped, including40 credential cases.
- Scoped ESLint:0 errors/warnings; source/browser strict types PASS.
- Browser credential leaf:1 input,0 runtime imports.
-53 additional installed-client reactive assertions: wire removal, failure containment,
  sync/async observer errors, resumed transport, logout, recovery and stale fetches.
- Additional HTTP probes: queued failed/malformed getter recovery, fresh headers,
  null clearing and no replay of an ambiguous action.
- Four owned source hashes plus10 dependency/mechanics hashes independently match.
- Coordinator's immutable reviewed-foundation6939678 snapshot plus exact C1 overlay:
  SDK build, standard packed/browser contracts and focused extracted-package contracts
  PASS with npm12.2. Independent declaration/ESM/CJS inspection and actual built
  Cortex failure-binding probes also passed. This does not certify concurrent MF code.

No critical or important bounded finding remains. Two essential defects were fixed
during this first open review: official Convex1.46's unawaited config call allowed
unhandled getter rejection and left the socket paused; its paused null flow removed
local identity but dropped Authenticate(None) on the wire. The final adapter contains
failures and uses public clearAuth plus one canceled/fenced deferred event task.
Both corrections were independently reproduced without real sockets/model calls;
all clients were awaited closed. No polling or client-owned model loop was introduced.

The focused QA runner's npm12 keyed-object JSON incompatibility was corrected with
canonical array/object parsing. Original script/error retained; only that failed gate
reran. Historical failures and superseded receipts remain labeled and preserved.

This verdict certifies the credential foundation, not whole03/current working-tree
integration/managed-service authorization. Signed JWT verification, subscription
isolation, scoped tools, revocation/deletion, uploads/private bytes and connector
callbacks remain03C2/12/13 service gates. Historical root errors in purge consumers
and concurrent endpoint tests remain integration work; runtime/domain facade/model
configuration changes remain09. Private-fetch trusted origins/routes/redirects and
20,000,000-byte cap are explicitly12 responsibilities.

The judge made no repository edits, shared build/pack writes, deployment/model calls,
staging or commits. Recommendation: freeze bounded C1 and preserve its package
receipt; keep whole03 and aggregate integration incomplete.


FILE _goals/convex-backend-runtime-2026-10-02/qa/task03c2-a/contracts.md
# Task03C2-A metadata SDK consumer boundary

Authority is the original Task03 verified-identity/alternate-endpoint closure and
Task09 browser-safe modern TypeScript facade requirements, narrowed by the
parent's explicitly delegated metadata consumer correction. User execution of
all17 tasks is already authorized; planning-only cautions in original task files
do not override that authorization. No deployment, live service mutation, paid
inference, staging, commit or push is part of this substep.

Accepted prerequisites: frozen03A inventory/authority, accepted03C1 client auth,
Task03B2A final independent third-cycle PASS4.2 and parent source/schema integration,
and Task03C2-D governance consumer PASS4.4. The complete offline verification base
is signed reviewed MAIN `c92d548368791386c62f39895e381ef6bde2dc86`, containing the
accepted metadata and governance sources. Unreviewed MAIN memory/fact/schema work
is excluded from the isolated declaration/build/browser certification.

## Requirement mapping

| Original requirement / bounded contract | Implementation / outcome evidence |
|---|---|
| Task03 internal helpers stay internal; browser clients cannot invoke maintenance workers | Sessions.expireIdle removes the removed public API reference and returns SessionCapabilityError with zero query/mutation/action/resilience attempts. No worker reference, credential, generated binding, schema or backend visibility change. |
| Task03 scope validation remains meaningful | The unchanged resolveTenantId check executes first. Tenant mismatch keeps AuthValidationError/TENANT_SCOPE_MISMATCH and does not evaluate idleTimeout or dispatch. |
| Keep modern public session method signature/defaults | expireIdle remains Promise<{expired:number}>, reads the existing timeout/default before the capability error, and documents that it does not perform or schedule automatic maintenance. There was no idle-timeout validator in the reviewed source; this patch adds none. |
| Task03 authorization-safe response does not reveal private profile data | Users.update narrows the actual generated immutable.store union via its safe receipt marker. UserProfileWriteReceiptError includes only explicitly copied server receipt fields; no fabricated profile/version/timestamps, caller data, private payload or forwarded cause. |
| Preserve a truthful committed outcome without replay | Error literals are PROFILE_WRITE_COMMITTED_READ_UNAVAILABLE, retryable:false, outcome:committed, requiredCapability:read. Receipt translation occurs after the real resilience operation resolves; exactly one mutation and no post-commit query/retry. |
| Preserve normal hydrated profiles and merge behavior | Hydrated mapping is byte-unchanged. Deep merge/defaults/tenant injection and actual server canonical fields have positive outcomes. Initial read failures remain initial read failures; no blind merge/write is introduced. |
| Nested consumers do not misreport committed writes | getOrCreate and merge source stays byte-unchanged and propagates the error. updateMany rethrows this explicit committed error, including its safe receipt, rather than returning a false zero/unsuccessful count. Earlier items may already have committed; later items are not attempted. Ordinary bulk failures keep existing handling. |
| Task09 modern/browser-safe package boundary and public errors | Both errors are exported from their module and root. Packed ESM/CJS and strict DOM/types[] consumer declarations preserve method return types and literal error contracts. Actual packed Cortex.users and Cortex.sessions run in a browser VM with actual enabled resilience, scoped public-client transport fixtures, no Node globals, no provider keys, no model call and zero network sends/fetches. |
| Preserve accepted work and unrelated source | Only the five delegated source/test files changed. Exact unchanged method, original governance28-test source/QA, accepted metadata source/QA and unchanged reviewed archive file controls are retained in source-boundary.json and snapshot-provenance.json. |

The receipt's `memorySpaceId` is `string | undefined`, matching the actual backend
union for tenant-wide grants. Optional `createdId` is retained only when the server
provides it. The error stores a frozen copy and does not retain the backend object.
The public UserProfile-returning signatures are unchanged. This is a small boundary
correction, not the full Task03C2/Task09 thin facade. In particular, an initial
read-unavailable operation still fails before update; write-only/no-row paths have
not acquired blind writes.

The existing root exports include browser-compatible provider and graph libraries.
Their exact input graph is compared against the reviewed baseline; this patch adds
no inputs. Platform:browser bundling excludes Node builtins and backend implementations.
This bounded task does not redesign pre-existing package exports.


FILE _goals/convex-backend-runtime-2026-10-02/qa/task03c2-d/contracts.md
# Task03C2-D manual governance client boundary

The original frozen03A inventory assigns `governance:enforce` the disposition
`internalize`. Reviewed03B2D implements it as an internal worker mutation. Its
current adapter records simulation audits with zero versions deleted, records
purged and bytes freed. Actual retention deletion is unimplemented.

The public SDK method retains its `EnforcementOptions` input and
`Promise<EnforcementResult>` declaration. It first runs the existing, unchanged
`validateEnforcementOptions`. Invalid requests retain their existing
`GovernanceValidationError`. Valid requests reject with the exported
`GovernanceCapabilityError`: `BACKEND_ENFORCEMENT_ONLY`, `retryable: false`,
`outcome: not_dispatched`, `requiredExecution: trusted_backend_worker`, and
`enforcementAdapter: SIMULATION`. The message identifies the required trusted
backend execution boundary and explains that automatic retention deletion is
unimplemented. It does not expose worker references, grant credentials, or
operator provisioning details.

`enforce` calls neither the transport nor the resilience layer. The obsolete
public mutation reference and its exclusive error conversion helper are removed.
Other governance methods, their validation, public function references, transport
and resilience behavior are unchanged. Backend visibility, schema, generated
bindings, other SDK areas, CLI/provider and existing integration/history sources
are outside this patch.

The class is exported from the governance module and re-exported from the root
SDK. It contains only an ordinary `Error` subclass and browser-safe literal
metadata. It introduces no Node dependency or backend/operator import.

Validation uses a disposable archive of reviewed commit
`a2c9827783e9dd49b9811a2899ba4acbeadc21cd` (including the independently reviewed
two-expression compiler fix), with only the client source, new test and local QA
files overlaid. No unreviewed main memory/fact/schema declarations are used as
accepted dependencies. No paid call, deployment, live backend operation or upstream
key provision is part of this closure.

