FILE _research/convex-ai-gateway-2026-10-02/architecture.md
125 | Model and interface | Provider-qualified model ID and Chat/Messages/Responses/embedding/image/video capability |
126 | Scope and override | Deployment defaults, tenant rules, versioned agent policy and operation; only trusted administrators may override allowlists/budgets |
127 | Request constraints | Context/output limits, structured output/tool support, permitted options, timeouts and tool-step limits |
128 | Cost and concurrency | Per-operation, run and tenant admission reservations; total run includes secondary model calls and media |
129 | Fallback | Explicit compatible candidates and safe failure boundary; never replay visible output or ambiguous effects automatically |
130 | Audit | Requested/resolved/actual model when supplied, interface, policy version, source event, attempt, usage/cost and uncertain outcome |
131 
132 Pin a resolved policy snapshot to a run and ingestion event; retries cannot silently adopt a newer model/prompt. Emergency revocation/allowlist changes can still stop future steps. Internal memory calls bypass the user-chat recall/remember wrapper to prevent recursive ingestion.
133 
134 The embedding architecture is clean-slate. Keep logical source content and versioned chunks separate from derived vector records. Each vector references its source revision/chunk, tenant/space, immutable semantic profile and processing receipt. The profile defines model identity, dimensions and preprocessing/chunking version; index layouts are selected for the supported new-runtime models rather than copied from the old memory/fact/artifact schema. The core text slice declares its default profile up front; the embedding extension qualifies additional supported profiles.
135 
136 Storage and query policies resolve the same compatible profile. Pin that resolution to each job/query, filter by profile and current authorized source revision, and validate dimensions against the configured index. Same-dimensional vectors from different model profiles cannot be compared. Convex vector indexes require declared dimensions, so supported profiles/index configurations are registered during setup; arbitrary runtime model overrides cannot invent an index. [Vector requirements](https://docs.convex.dev/search/vector-search).
137 
138 Separate derived generations provide a future seam for new models and image-artifact analysis without redesigning source identity. This goal does not build old-corpus conversion, legacy compatibility or a general reindex workflow. Policy edits never relabel existing vectors or silently fall back across profiles; unavailable compatible vectors/indexes produce an explicit readiness/capability outcome. Provider aliases that drift require an operational policy; metadata cannot invent an immutable revision the provider does not expose.
139 
140 ## 7. Media: adopt generation, keep artifacts
141 
142 Gateway supplies image and video inference; Agent files supply message references; Cortex artifacts retain identity, versions, memory links, governance and storage ownership. Adopt Gateway generation now behind stable Cortex adapters, with alpha status and capability checks exposed. Do not replace artifacts.
143 
144 Current artifacts already store file references/history and attachments support image/audio/video. Missing pieces include first-class video output, generation provenance/jobs, binary-capable provider types, persisted React observation and bounded authenticated file delivery. [Artifact schema](../../convex-dev/schema.ts:994), [attachments](../../convex-dev/schema.ts:1202), [provider types](../../packages/vercel-ai-provider/src/artifacts/types.ts:145), [React hook](../../packages/vercel-ai-provider/react/useArtifacts.ts:203).
145 
146 Recommended flow: authorized media tool → durable job and pending artifact → operation policy → Gateway → download into owned storage → artifact version → reactive ready event. The default video path is an asynchronous job. A tool can wait on that job within a durable workflow or return its reference and let the client observe completion; never keep a browser connection as the job owner.
147 
148 Verified media limits: formats are alpha; async video may require Convex configuration. Create the job before submission, persist handles/private webhook secrets, disable blind submission retries, verify callbacks, deduplicate and poll missed completion. Operations expire after seven days and upstream retention can be shorter; materialize promptly. Cancellation/lost responses can still incur charges. [Media lifecycle](https://docs.convex.dev/ai-gateway/images-and-videos).
149 
150 Return artifact IDs and metadata rather than bytes/base64 in transcript/stream records. One asset catalog accounts for artifact versions, attachments and Agent message references; Agent's message vacuum alone cannot decide ownership. Artifact hard deletion and user/space cascades currently leave lifecycle gaps, while attachment deletion may remove shared bytes. [Agent files](https://docs.convex.dev/agents/files), [artifact deletion](../../convex-dev/artifacts.ts:298), [attachment deletion](../../convex-dev/attachments.ts:210), [space cascade](../../convex-dev/memorySpaces.ts:301), [user cascade](../../src/users/index.ts:1370).
151 
152 Media storage remains in Convex. Cortex enforces a 20,000,000-byte cap on supported assets and binary HTTP responses. Private delivery uses authenticated/authorized HTTP actions and client credential-bearing fetch/blob helpers; direct Convex URLs grant bearer access without automatic expiry and are not private delivery links. Oversized uploads fail before registration; oversized generated outputs fail materialization with a typed error/cleanup and honest incurred-cost state. There is no external fallback, R2 integration or workaround for larger videos. Private provider inputs also require a qualified authorized download path and obey the chosen model protocol's payload limits. [Serving files](https://docs.convex.dev/file-storage/serve-files).
153 
154 Keep stable artifact/version IDs, checksums, MIME metadata and source lineage so a future image-analysis processor can attach captions/OCR/visual embeddings to an exact asset revision and return artifact references during recall. That future processor/model/embedding work is excluded today; existing generic text vectors are not labeled visual embeddings.
155 
156 No standalone speech, transcription, realtime audio, dedicated image editing or arbitrary video transformation capability is established by the reviewed Gateway endpoints. Input audio/video and video-generated audio do not establish those separate APIs. Treat them as later qualification, outside this plan. [Gateway API](https://docs.convex.dev/ai-gateway/api).
157 
158 ## 8. Public APIs, packaging and defaults
159 
160 Recommend a primary Cortex `runs` facade, rather than recreating every AI SDK method. Illustrative methods are start, get, observe/events, cancel and approval continuation. These names are design placeholders, not a frozen API. A submission includes a versioned agent identity, conversation, new message/authorized attachment references and client request ID. Scope and model permission are resolved server-side.
161 
162 TypeScript becomes a thin client of the backend domain implementation, with React UI adapters. Modern explicit memory/fact/artifact APIs remain useful and their authorized direct endpoint access is preserved. Python is deprecated by user instruction and excluded from API implementation, transport, documentation examples and QA. The reconciled dev baseline archives Python under `_DEPRECATED/`; it is outside active implementation and QA.
163 
164 The Vercel package becomes an AI SDK 7 UI transport/adapter for remote runs and typed UI parts. The caller must not run a second tool loop or memory writer around a backend-owned run. Do not pretend a backend run is just a `LanguageModel` replacement if that duplicates tools or loses approval/artifact lifecycle. Qualify AI SDK 7 transport/hooks and terminal/cancel semantics in the first spike.
165 
166 Extract backend-friendly domain modules; do not instantiate `new Cortex()` in actions. Share pure normalization/ranking/prompts/types with transport adapters using Convex `ctx`. Deployed tools/connectors replace process-local closures. Node-only dependencies and graph code stay behind runtime-specific modules; browser clients must not bundle action credentials/runtime code.
167 
168 Recommended product default: Gateway for eligible new backend-run installations; explicit capability failure when inference is unavailable, with no hidden direct-provider fallback. Memory-only usage can remain available. A modern backend custom connector seam is useful, but implementing alternative hosted/self-hosted inference is not required for this goal and is not equivalent to maintaining old SDK majors.
169 
170 Published metadata checked read-only: `@convex-dev/ai-sdk-provider@0.2.1` peers AI SDK `^7.0.105` and requires Node ≥22; `@convex-dev/agent@0.7.3` peers AI SDK `^7.0.0`/provider v4 and Node ≥22; `@convex-dev/workflow@0.4.8` peers Convex `^1.36.1`. Plan Convex ≥1.46 for linked-local parity and independently qualify package locks/runtime behavior. The reconciled repository floor is Node ≥24.15.0 with npm 12.2.0; package Node ≥22 metadata does not lower that floor. Default-runtime actions remain usable; Node actions require the documented Node setting. Eligible linked local development still sends inference to cloud and bills its team; anonymous local/self-hosted inference is unavailable. [Provider package](https://www.npmjs.com/package/@convex-dev/ai-sdk-provider/v/0.2.1), [Agent package](https://www.npmjs.com/package/@convex-dev/agent/v/0.7.3), [setup](https://docs.convex.dev/ai-gateway/setup).
171 
172 ## 9. Authorization implications
173 
174 Current `AuthContext` is caller-provided data rather than verified identity. Inspected backend paths accept tenant/user fields, with some filters/ownership checks conditional on their presence. This is a source-level observation, not a live exploit claim. A new browser-facing runtime cannot rely on that boundary. [Auth construction](../../src/auth/context.ts:71), [conversation lookup](../../convex-dev/conversations.ts:974), [ownership check](../../convex-dev/conversations.ts:210), [memory write](../../convex-dev/memories.ts:20), [shares](../../convex-dev/conversationShares.ts:82).
175 
176 Verify JWT identity at every external boundary. Derive principal, tenant and memory capabilities from trusted membership/grant records. Guard new runs, subscriptions, agent configuration, policy mutation, uploads/downloads, tools and callbacks, and close alternate public memory/fact/search/conversation/share/graph endpoints reachable by the same identities. Internal helpers must remain internal; public APIs cannot provision their own inference grants by claiming a user/tenant ID.
177 
178 The run stores a scoped authorization reference, not the caller's JWT or Gateway token. Scheduled/workflow execution may lack an active session, so background tasks use that trusted grant and recheck revocation/deletion before sensitive reads, external effects and commits. Ordinary logout and explicit grant revocation are distinct. Revocation semantics must state what can still finish upstream and what output may be delivered. [Function auth](https://docs.convex.dev/auth/functions-auth), [Agent tools](https://docs.convex.dev/agents/tools).
179 
180 Public shares expose only approved/redacted transcript/artifact views. They do not confer inference privileges or expose injected memory, raw reasoning, tool credentials or private webhook secrets. Changing tool/model/agent policy requires administrative capability. Prompt text and retrieved memories never become authorization instructions.
181 
182 Deletion is a state transition across run jobs, Agent history/deltas, Cortex records, projections and owned files. Tombstones prevent resurrection; reference-aware cleanup and retry establish completion. Immediate revocation of previously leaked bearer file URLs is impossible without deleting/replacing those bytes, which reinforces the private-delivery requirement.
183 
184 ## 10. Delivery phases and remaining uncertainty
185 
186 1. Qualify the core AI SDK 7 Agent/Gateway/Workflow text, transaction, stream/tool and TypeScript UI boundaries on a disposable development target after execution is requested. Qualify extension-specific media/storage/vector/graph prerequisites at their later task entry gates.
187 2. Build shared backend domain services, verified identity/grants, per-operation model/budget policy and canonical transcript/run admission.
188 3. Add Agent execution and durable reactive output, then the asynchronous memory pipeline and clean-slate embedding storage and retrieval.
189 4. Add bounded Convex-owned media jobs/artifacts and modern TypeScript/Vercel clients, preserving tracked direct endpoint access and safe new host installation.
190 5. Complete CLI/templates/docs, scoped live/UI regressions and independent quality/module audit.
FILE _goals/convex-backend-runtime-2026-10-02/qa/task03c2-live-fixture/fixture/convex/auth.config.ts
1 import type { AuthConfig } from "convex/server";
2 export default { providers: [{ type: "customJwt", applicationID: "cortex-task01", issuer: "https://cortex-qualification.invalid", jwks: "data:text/plain;charset=utf-8;base64,eyJrZXlzIjpbeyJrdHkiOiJSU0EiLCJuIjoicFhhbWxzcDIyY0s3bklwNF9MTHkxT0lKbHhmQV9aU3ZxeUs3NllnaWZMSEJFUmVXWDc2MURMcHd6U1FXVHliQVlPS2I1NDhpMXcxUHFSVmRDbXdhbkdTaEh1V0p2QnoxTEU2MkpiYXM3ZWtLanh5YmVjeWJJbC0tR0x1NTBiZjZpWEp6cXBLeUNqSkRSSjlPVW5FSVdfeGY1emtpcjcyVVVOTUhjRF83c3NDeW91dDdmd1RkbFd0bVpQWERVc3U1OVJmNmtMR196Vzg2MXRPNU53dDE4aVhaZFIybEp4UlRrTEpnUWxhR242MlA5T3V1NW1VZWxJbFlZQnkwekZMZTBXVENUazVNaC1DeDFaNzdtaGhKSjJxSGtmaUdHNUdsRlZDemxLSFN3Z1RNdjVnZk5fdUVyYlppeURzSDVJT3VMTkN0bkdxWWJLdlI2QUppR2JhMWdRIiwiZSI6IkFRQUIiLCJraWQiOiJ0YXNrMDEtcnMyNTYtdjEiLCJhbGciOiJSUzI1NiIsInVzZSI6InNpZyJ9XX0=", algorithm: "RS256" }] } satisfies AuthConfig;
FILE tests/unit/auth/credentials.test.ts
270     cortex.close();
271   });
272 
273   it("rejects unbound/closed reactive notifications and prevents multiple active bindings", () => {
274     const credentials = new HostCredentials(async () => firstToken);
275     expect(() => credentials.notifySessionChanged()).toThrow("No reactive client is bound");
276     const first = new ReactiveClient();
277     const second = new ReactiveClient();
278     credentials.bindReactiveClient(first);
279     expect(first.setAuth).toHaveBeenCalledWith(expect.any(Function), expect.any(Function));
280     expect(() => credentials.bindReactiveClient(second)).toThrow("already have a bound reactive client");
281     expect(second.setAuth).not.toHaveBeenCalled();
282     first.closed = true;
283     expect(() => credentials.notifySessionChanged()).toThrow("Cannot refresh a closed reactive client");
284     expect(first.setAuth).toHaveBeenCalledTimes(1);
285     expect(() => credentials.bindReactiveClient(first)).toThrow("Cannot bind a closed reactive client");
286     credentials.bindReactiveClient(second);
287     expect(second.setAuth).toHaveBeenCalledTimes(1);
288   });
289 
290   it("validates a configured non-function getter before constructing ConvexClient", () => {
291     const calls = reactiveConstructor.mock.calls.length;
292     expect(() => new Cortex({
293       convexUrl: "https://example.convex.cloud",
294       fetchAuthToken: "static-token" as unknown as HostTokenFetcher,
295     })).toThrow("fetchAuthToken must be an async function");
296     expect(reactiveConstructor.mock.calls.length).toBe(calls);
297   });
298 
299   it("fails reactive callback errors closed with a sanitized diagnostic and no metadata credentials", async () => {
300     const rejected = new Error("host auth failure");
301     const cortex = new Cortex({
302       convexUrl: "https://example.convex.cloud",
303       fetchAuthToken: async () => { throw rejected; },
304       auth: { userId: "claimed-user", claims: { token: firstToken } },
305       resilience: { enabled: false },
306     });
307     const reactive = reactiveInstances.at(-1)!;
308     const callback = reactive.setAuth.mock.calls[0][0];
309     await expect(callback({ forceRefreshToken: true })).resolves.toBeNull();
310     expect(cortex.credentials!.authFailure).toEqual({ code: "HOST_TOKEN_FETCH_FAILED", attemptId: 1 });
311     expect(reactive.setAuth).toHaveBeenCalledTimes(1);
312     cortex.close();
313   });
314 
315   it("validates a configured diagnostic callback before allocating a client", () => {
316     const calls = reactiveConstructor.mock.calls.length;
317     expect(() => new Cortex({
318       convexUrl: "https://example.convex.cloud",
319       fetchAuthToken: async () => null,
320       onAuthError: "invalid" as unknown as (failure: HostAuthFailure) => void,
321     })).toThrow("onAuthError must be a function");
322     expect(reactiveConstructor.mock.calls.length).toBe(calls);
323   });
324 
325   it("auth success notifications cannot hide a getter diagnostic and stale/closed deferred clears are fenced", async () => {
326     let rejectHost = true;
327     const credentials = new HostCredentials(async () => {
328       if (rejectHost) throw new Error("host failure");
329       return refreshedToken;
330     });
331     const reactive = new ReactiveClient();
332     credentials.bindReactiveClient(reactive);
333     const [oldFetcher, oldStatus] = reactive.setAuth.mock.calls[0];
334     await expect(oldFetcher({ forceRefreshToken: false })).resolves.toBeNull();
335     const diagnostic = credentials.authFailure;
336     oldStatus?.(true);
337     expect(credentials.authFailure).toBe(diagnostic);
338     oldStatus?.(false);
339     rejectHost = false;
340     credentials.notifySessionChanged();
341     const [newFetcher, newStatus] = reactive.setAuth.mock.calls.at(-1)!;
342     await expect(newFetcher({ forceRefreshToken: false })).resolves.toBe(refreshedToken);
343     await flushAuthTasks();
344     expect(reactive.client.clearAuth).not.toHaveBeenCalled();
345     expect(credentials.authFailure).toBeUndefined();
346     newStatus?.(false);
347     oldStatus?.(false);
348     await flushAuthTasks();
349     expect(reactive.client.clearAuth).toHaveBeenCalledTimes(1);
350     reactive.client.clearAuth.mockClear();
351     newStatus?.(false);
352     reactive.closed = true;
353     await flushAuthTasks();
354     expect(reactive.client.clearAuth).not.toHaveBeenCalled();
355   });
356 });
357 
358 interface WireMessage {
359   type: string;
360   tokenType?: string;
361   value?: string;
362 }
363 
364 /** Inert opened transport: records official messages in memory, performs no network. */
365 class InertWebSocket {
366   static instances: InertWebSocket[] = [];
367   readyState = 0;
368   onopen: (() => void) | null = null;
369   onclose: ((event: { code: number; reason: string; wasClean: boolean }) => void) | null = null;
370   onerror: (() => void) | null = null;
371   onmessage: ((event: { data: string }) => void) | null = null;
372   readonly messages: WireMessage[] = [];
373 
374   constructor(readonly url: string) {
375     InertWebSocket.instances.push(this);
376     queueMicrotask(() => {
377       if (this.readyState === 0) {
378         this.readyState = 1;
379         this.onopen?.();
380       }
381     });
382   }
383 
384   send(message: string): void {
385     // The installed Convex client produces these JSON protocol objects.
386     this.messages.push(JSON.parse(message) as WireMessage);
387   }
388 
389   close(): void {
390     this.readyState = 3;
391     queueMicrotask(() => this.onclose?.({ code: 1000, reason: "test complete", wasClean: true }));
392   }
393 }
394 
395 async function flushAuthTasks(): Promise<void> {
396   // Include the single post-resume deauthentication event task.
397   await new Promise<void>((resolve) => setImmediate(resolve));
398   await new Promise<void>((resolve) => setTimeout(resolve, 0));
399   await new Promise<void>((resolve) => setImmediate(resolve));
400 }
401 
402 function assertResumedWithoutIdentity(client: ConvexClient, socket: InertWebSocket): void {
403   expect(client.getAuth()).toBeUndefined();
404   expect(client.connectionState().hasEverConnected).toBe(true);
405   const before = socket.messages.length;
406   const stop = client.onUpdate(testQuery, {}, () => undefined);
407   expect(socket.messages.slice(before).some((message) => message.type === "ModifyQuerySet")).toBe(true);
408   stop();
409 }
410 
FILE tests/unit/runtimeWorkerClient/metadata-consumers.test.ts
1 import { afterEach, describe, expect, it, jest } from "@jest/globals";
2 import { ConvexClient } from "convex/browser";
3 import type { FunctionReturnType } from "convex/server";
4 import type { Id } from "../../../convex-dev/_generated/dataModel";
5 import { api } from "../../../convex-dev/_generated/api";
6 import { UsersAPI, UserProfileWriteReceiptError, UserValidationError } from "../../../src/users";
7 import { ResilienceLayer } from "../../../src/resilience";
8 
9 type StoreResult = FunctionReturnType<typeof api.immutable.store>;
10 type Hydrated = Extract<StoreResult, { version: number }>;
11 type SafeReceipt = Extract<StoreResult, { updated: true }>;
12 
13 // Only the fixture's owned fake document ID is branded; response shapes use the
14 // actual generated backend union without casts between receipts and profiles.
15 const documentId = "owned-immutable-document" as Id<"immutable">;
16 const profile = {
17   _id: documentId,
18   _creationTime: 10,
19   type: "user",
20   id: "server-user",
21   tenantId: "tenant-a",
22   memorySpaceId: "space-a",
23   data: { name: "Existing", preferences: { theme: "dark", language: "en" } },
24   version: 7,
25   previousVersions: [],
26   createdAt: 20,
27   updatedAt: 30,
28 } satisfies Hydrated;
29 const hydrated = {
30   ...profile,
31   data: { name: "Server canonical", preferences: { theme: "light", language: "en" } },
32   version: 8,
33   updatedAt: 40,
34 } satisfies Hydrated;
35 const receipt = {
36   updated: true,
37   type: "user",
38   id: "server-user",
39   tenantId: "tenant-a",
40   memorySpaceId: "space-a",
41 } satisfies SafeReceipt;
42 const createdReceipt = { ...receipt, createdId: documentId } satisfies SafeReceipt;
43 const tenantReceipt = { ...receipt, memorySpaceId: undefined } satisfies SafeReceipt;
44 
45 function mapped(row: Hydrated) {
46   return {
47     id: row.id,
48     tenantId: row.tenantId,
49     data: row.data,
50     version: row.version,
51     createdAt: row.createdAt,
52     updatedAt: row.updatedAt,
53   };
54 }
55 
56 function fixture(mode: "absent" | "disabled" | "enabled") {
57   const client = new ConvexClient("https://example.convex.cloud", { disabled: true, logger: false });
58   const mutation = jest.spyOn(client, "mutation");
59   const query = jest.spyOn(client, "query");
60   const action = jest.spyOn(client, "action");
61   const onRetry = jest.fn();
62   const resilience = new ResilienceLayer({
63     enabled: mode === "enabled",
64     retry: { maxRetries: 2, baseDelayMs: 1, maxDelayMs: 1, jitter: false },
65     onRetry,
66   });
67   const execute = jest.spyOn(resilience, "execute");
68   const users = new UsersAPI(client, undefined,
69     mode === "absent" ? undefined : resilience,
70     { userId: "sdk-user", tenantId: "tenant-a" });
71   return { users, client, mutation, query, action, resilience, execute, onRetry };
72 }
73 
74 describe.each(["absent", "disabled", "enabled"] as const)(
75   "metadata consumers (resilience=%s)", (mode) => {
76     let current: ReturnType<typeof fixture> | undefined;
77 
78     afterEach(async () => {
79       await current?.client.close();
80       await current?.resilience.shutdown();
81       jest.restoreAllMocks();
82     });
83 
84     function assertAttempts(queries: number, writes: number) {
85       expect(current?.query).toHaveBeenCalledTimes(queries);
86       expect(current?.mutation).toHaveBeenCalledTimes(writes);
87       expect(current?.action).not.toHaveBeenCalled();
88       expect(current?.execute.mock.calls.map((call) => call[1]))
89         .toEqual(mode === "absent" ? [] : [
90           ...Array.from({ length: queries }, () => "users:get"),
91           ...Array.from({ length: writes }, () => "users:update"),
92         ]);
93       expect(current?.onRetry).not.toHaveBeenCalled();
94     }
95 
96     it("maps only the hydrated backend profile and preserves deep merge and tenant injection", async () => {
97       current = fixture(mode);
98       current.query.mockResolvedValue(profile);
99       current.mutation.mockResolvedValue(hydrated);
100       const result = await current.users.update("caller-user", { preferences: { theme: "light" } });
101       expect(result).toEqual(mapped(hydrated));
102       expect(current.query).toHaveBeenCalledWith(api.immutable.get, {
103         type: "user", id: "caller-user", tenantId: "tenant-a",
104       });
105       expect(current.mutation).toHaveBeenCalledWith(api.immutable.store, {
106         type: "user", id: "caller-user", tenantId: "tenant-a",
107         data: { name: "Existing", preferences: { theme: "light", language: "en" } },
108       });
109       assertAttempts(1, 1);
110     });
111 
112     it.each([receipt, createdReceipt, tenantReceipt])("reports a committed receipt without fabricating a profile or rereading (%j)", async (safeReceipt) => {
113       current = fixture(mode);
114       current.query.mockResolvedValue(profile);
115       current.mutation.mockResolvedValue(safeReceipt);
116       const error: unknown = await current.users.update("caller-user", { privateInput: "caller-payload" })
117         .catch((failure: unknown) => failure);
118       expect(error).toBeInstanceOf(UserProfileWriteReceiptError);
119       expect(error).not.toBeInstanceOf(UserValidationError);
120       if (!(error instanceof UserProfileWriteReceiptError)) throw new Error("Expected committed receipt");
121       expect(error).toMatchObject({
122         name: "UserProfileWriteReceiptError",
123         code: "PROFILE_WRITE_COMMITTED_READ_UNAVAILABLE",
124         retryable: false,
125         outcome: "committed",
126         requiredCapability: "read",
127       });
128       expect(error.receipt).toEqual(safeReceipt);
129       expect(error.receipt).not.toBe(safeReceipt);
130       expect(Object.isFrozen(error.receipt)).toBe(true);
131       expect(Object.keys(error).sort()).toEqual([
132         "code", "name", "outcome", "receipt", "requiredCapability", "retryable",
133       ]);
134       expect(JSON.stringify(error)).not.toMatch(/caller-payload|caller-user|Existing|data|version|createdAt|updatedAt|cause/);
135       assertAttempts(1, 1);
136       if (mode !== "absent") {
137         // The actual resilience operation resolves successfully before the SDK
138         // interprets its committed receipt. It never observes this public error.
139         await expect(current.execute.mock.results[1].value).resolves.toEqual(safeReceipt);
140       }
141     });
142 
143     it("copies only explicitly safe server receipt fields even if extra payload properties exist", async () => {
144       current = fixture(mode);
145       const extraPayload = {
146         ...createdReceipt, data: { token: "backend-secret" }, version: 12,
147         createdAt: 100, updatedAt: 200, cause: new Error("private-cause"),
148       };
149       const returned: StoreResult = extraPayload;
150       current.query.mockResolvedValue(null);
151       current.mutation.mockResolvedValue(returned);
152       const error: unknown = await current.users.update("caller-user", { token: "caller-secret" })
153         .catch((failure: unknown) => failure);
154       if (!(error instanceof UserProfileWriteReceiptError)) throw new Error("Expected committed receipt");
155       expect(error.receipt).toEqual(createdReceipt);
156       expect(JSON.stringify(error)).not.toMatch(/backend-secret|caller-secret|private-cause|data|version|createdAt|updatedAt|cause/);
157       assertAttempts(1, 1);
158     });
159 
160     it.each(["getOrCreate", "merge"] as const)("propagates the committed outcome from %s without rereading after the write", async (method) => {
161       current = fixture(mode);
162       current.query.mockResolvedValue(method === "getOrCreate" ? null : profile);
163       current.mutation.mockResolvedValue(createdReceipt);
164       const error: unknown = await current.users[method]("caller-user", { name: "caller-payload" })
165         .catch((failure: unknown) => failure);
166       expect(error).toBeInstanceOf(UserProfileWriteReceiptError);
167       expect(error).toMatchObject({ outcome: "committed", receipt: createdReceipt });
168       assertAttempts(2, 1);
169     });
170 
171     it("getOrCreate returns the existing profile without a write", async () => {
172       current = fixture(mode);
173       current.query.mockResolvedValue(profile);
174       await expect(current.users.getOrCreate("caller-user", { name: "unused" })).resolves.toEqual(mapped(profile));
175       assertAttempts(1, 0);
176     });
177 
178     it("getOrCreate preserves the empty defaults and hydrated creation result", async () => {
179       current = fixture(mode);
180       current.query.mockResolvedValue(null);
