
JSON task03c2-live-service/preservation-manifest.json
{
  "version": 1,
  "observedAt": "2026-10-03T14:24:45.977803+00:00",
  "status": "ACTUAL_SERVICE_FAIL; independent review pending",
  "records": [
    {
      "original": "/workspace/Project-Cortex/work/backend-runtime/auth-live-execution/cleanup-owned.command.json",
      "file": "_goals/convex-backend-runtime-2026-10-02/qa/task03c2-live-service/execution/cleanup-owned.command.json",
      "sha256": "e1e4d499b3889de2e7a782ce7ac9756026ca32edcaf8b62aad5eb4c3dc7bd532",
      "bytes": 674,
      "redacted": false
    },
    {
      "original": "/workspace/Project-Cortex/work/backend-runtime/auth-live-execution/cleanup-owned.stderr",
      "file": "_goals/convex-backend-runtime-2026-10-02/qa/task03c2-live-service/execution/cleanup-owned.stderr",
      "sha256": "e3b0c44298fc1c149afbf4c8996fb92427ae41e4649b934ca495991b7852b855",
      "bytes": 0,
      "redacted": false
    }
  ],
  "recordCount": 47,
  "privateOwnedFixtureLedger": {
    "path": "work/backend-runtime/task03c2-live-fixture/owned-b72a6d27-50fb-43bb-8442-81ec494125fa.json",
    "sha256": "8f134ba514d9e642bc602a46c0732d98905a5cca9667c3d57eefbda3cf6a3212",
    "bytes": 19036,
    "ownedRecords": 17,
    "attemptedScopes": 8,
    "operatorOperations": 32,
    "reason": "Private run-owned principal/grant identifiers retained for independent review; counts and exact binding public."
  },
  "secretsArchived": false,
  "capturedStreamsRedacted": false,
  "initialFailedProvisioningRawArchiveUnavailable": true,
  "successfulCliRawDiagnosticsDiscardedByAcceptedWrapper": true,
  "qualification": {
    "discovered": 41,
    "executed": 40,
    "passed": 39,
    "failed": 1,
    "blocked": 1
  },
  "fullGoalPass": false
}

JSON task03c2-live-service/source-bindings.json
{
  "observedAt": "2026-10-03T14:24:45.974154+00:00",
  "coordinatorHead": "6e98959292fe40d1f513b730de73e1f8527659b4",
  "harnessSourceRecords": [
    {
      "path": "_goals/convex-backend-runtime-2026-10-02/qa/task03c2-live-fixture/README.md",
      "sha256": "e2c80c6a6931fc7c83b4fa5feb9af789ce850378f6f1b954335d9cb1575b0dc7",
      "bytes": 13001
    },
    {
      "path": "_goals/convex-backend-runtime-2026-10-02/qa/task03c2-live-fixture/archive-preservation.json",
      "sha256": "9d207095a22736e1935550794828d4b8167a8fa9c72e0b41c4af82942cb6bcea",
      "bytes": 20702
    },
    {
      "path": "_goals/convex-backend-runtime-2026-10-02/qa/task03c2-live-fixture/client-tsconfig.json",
      "sha256": "c1f584078248945a00f429fc43a22a43fce3df9f402d409c32eaf699b79293b0",
      "bytes": 409
    },
    {
      "path": "_goals/convex-backend-runtime-2026-10-02/qa/task03c2-live-fixture/fixture/convex/_generated/dataModel.d.ts",
      "sha256": "db177073d16a4393c7a96bcdc3a2a904e88c2432d54d138ca7715cc431982c17",
      "bytes": 1736
    },
    {
      "path": "_goals/convex-backend-runtime-2026-10-02/qa/task03c2-live-fixture/fixture/convex/_generated/server.d.ts",
      "sha256": "2b536ee08d434dd044efe0302aeaf4ccb00cd08af10c9f8c7bc7a6734e4aa49b",
      "bytes": 6008
    },
    {
      "path": "_goals/convex-backend-runtime-2026-10-02/qa/task03c2-live-fixture/fixture/convex/_generated/server.js",
      "sha256": "0cdd1d842b9458d8a6f2444c35eb9929312316a384ca76a4b1d964bedde8a6f2",
      "bytes": 3872
    },
    {
      "path": "_goals/convex-backend-runtime-2026-10-02/qa/task03c2-live-fixture/fixture/convex/auth.config.ts",
      "sha256": "53f8ee99e02bd39bf4f9018e62d5ae0e1c1314b15a543ee2c59735876ac406d7",
      "bytes": 852
    },
    {
      "path": "_goals/convex-backend-runtime-2026-10-02/qa/task03c2-live-fixture/fixture/convex/immutable.ts",
      "sha256": "1bbeca8ed71dd089a8804d34b016900a261a22a65ac70e08330b3a56a4fd0804",
      "bytes": 9637
    },
    {
      "path": "_goals/convex-backend-runtime-2026-10-02/qa/task03c2-live-fixture/fixture/convex/mutable.ts",
      "sha256": "14feb91094f31b9f72cdab9ecb6faa5025a27972f234b1129d4c77ee4ee037e5",
      "bytes": 11904
    },
    {
      "path": "_goals/convex-backend-runtime-2026-10-02/qa/task03c2-live-fixture/fixture/convex/runtimeAuth.ts",
      "sha256": "03ec735f1791d2e9973a320e22dcc58d0f040432782398dcc95d0d65f99b0929",
      "bytes": 23246
    },
    {
      "path": "_goals/convex-backend-runtime-2026-10-02/qa/task03c2-live-fixture/fixture/convex/runtimeAuthSchema.ts",
      "sha256": "41859c943e06ed185d88bb4f0da21540e0999d9f736f933dfdcbd572ee9dd5d1",
      "bytes": 3515
    },
    {
      "path": "_goals/convex-backend-runtime-2026-10-02/qa/task03c2-live-fixture/fixture/convex/runtimeMemorySchema.ts",
      "sha256": "24abaebe350c4127c3b4b376b6749ef86ef6e4e1820b59b2d8a9538e7f257aba",
      "bytes": 4630
    },
    {
      "path": "_goals/convex-backend-runtime-2026-10-02/qa/task03c2-live-fixture/fixture/convex/runtimeMetadataAuth.ts",
      "sha256": "7ba6fe51bb8828a9a18b8486f63e5975b84a99b725b3ffac93ac61fff811428f",
      "bytes": 15064
    },
    {
      "path": "_goals/convex-backend-runtime-2026-10-02/qa/task03c2-live-fixture/fixture/convex/schema.ts",
      "sha256": "e234411738092228acc030a3c0034807cc9a1748cc96bfa61c96cd1f9a279d2a",
      "bytes": 52241
    },
    {
      "path": "_goals/convex-backend-runtime-2026-10-02/qa/task03c2-live-fixture/fixture/convex/sessions.ts",
      "sha256": "3f5b9649255899c04afd25bcb2ee4dbb126a047a513d4781f359ab4afd0f66c8",
      "bytes": 9886
    },
    {
      "path": "_goals/convex-backend-runtime-2026-10-02/qa/task03c2-live-fixture/fixture/convex/tsconfig.json",
      "sha256": "6b077cd115f1e1a1cd41fe22824624d9ee39d89b2a53b016aaf59dd2981fdc17",
      "bytes": 783
    },
    {
      "path": "_goals/convex-backend-runtime-2026-10-02/qa/task03c2-live-fixture/fixture/convex/users.ts",
      "sha256": "733c926437533d4113feea633e6a1ff365a45803c1db0e63b42a8d2a25550f0f",
      "bytes": 3230
    },
    {
      "path": "_goals/convex-backend-runtime-2026-10-02/qa/task03c2-live-fixture/fixture/convex.json",
      "sha256": "fb9e9c070c7e86f79b2bd46222300f9a42c52c9714dbb94ff668fc8608241243",
      "bytes": 24
    },
    {
      "path": "_goals/convex-backend-runtime-2026-10-02/qa/task03c2-live-fixture/fixture/package.json",
      "sha256": "5ac85cb8408a1fb160b9577174d20cb086a2286f088be6b26c75b95adb971c13",
      "bytes": 242
    },
    {
      "path": "_goals/convex-backend-runtime-2026-10-02/qa/task03c2-live-fixture/fixture/src/auth/verified.ts",
      "sha256": "d2e514b198dcccff783b67ee7c7a625f91bf7553a41342a02bea8fd23f6908b3",
      "bytes": 1871
    },
    {
      "path": "_goals/convex-backend-runtime-2026-10-02/qa/task03c2-live-fixture/private-file-inventory.json",
      "sha256": "55c0e28feffd66c565003ba3f58a22df72cbbbb6ae27ffae4fcb2f8a34e8261f",
      "bytes": 536646
    },
    {
      "path": "_goals/convex-backend-runtime-2026-10-02/qa/task03c2-live-fixture/project-request.json",
      "sha256": "d267624a9a654f1365cf595847004d52fc9bf41693bf83121f643a14b16b9dda",
      "bytes": 351
    },
    {
      "path": "_goals/convex-backend-runtime-2026-10-02/qa/task03c2-live-fixture/report.md",
      "sha256": "9f3d0213e60187d2464c794d01c8ab39c64d6b462df66c51cfca7f161189eb89",
      "bytes": 12717
    },
    {
      "path": "_goals/convex-backend-runtime-2026-10-02/qa/task03c2-live-fixture/scripts/bounds-check.mjs",
      "sha256": "d1c41bb521dc9b5805eaa0515940e23b5fca08204bc44d2863b1849173e8571e",
      "bytes": 2726
    },
    {
      "path": "_goals/convex-backend-runtime-2026-10-02/qa/task03c2-live-fixture/scripts/case-ledger.mjs",
      "sha256": "cd67c29608f9fe11dfa9862c3001f6b24282766c37e9eb7a4c340598fdee862a",
      "bytes": 2472
    },
    {
      "path": "_goals/convex-backend-runtime-2026-10-02/qa/task03c2-live-fixture/scripts/cases.d.mts",
      "sha256": "c4319cf37677f6e39d9b3cb89e7cb248717bc85d48dad99a97f4422b5bc29f04",
      "bytes": 1064
    },
    {
      "path": "_goals/convex-backend-runtime-2026-10-02/qa/task03c2-live-fixture/scripts/cases.mjs",
      "sha256": "eb19c169e7f66107a42948401f258ff3029f9a262c948ac2d3cc67d0e2e87f43",
      "bytes": 1150
    },
    {
      "path": "_goals/convex-backend-runtime-2026-10-02/qa/task03c2-live-fixture/scripts/classifier-adversarial.mjs",
      "sha256": "0b7143de36edb4f1bf2715cea7210d153ce662ad2181b521472ad78a67d9d1d7",
      "bytes": 3696
    },
    {
      "path": "_goals/convex-backend-runtime-2026-10-02/qa/task03c2-live-fixture/scripts/classifier-check.mjs",
      "sha256": "5f73a9892c57c7e297f1496e7c53933430368788587ef3cc185abf62a630daf7",
      "bytes": 3900
    },
    {
      "path": "_goals/convex-backend-runtime-2026-10-02/qa/task03c2-live-fixture/scripts/cleanup.mjs",
      "sha256": "a15c866917e18cae8b1e30202a02b3acbef8b5ec771a85070d7f41e81450aa2c",
      "bytes": 3485
    },
    {
      "path": "_goals/convex-backend-runtime-2026-10-02/qa/task03c2-live-fixture/scripts/client-prep.ts",
      "sha256": "54b9a03a2656a37cf40d460f19fa82f6075e8f3f434bc2a8e2d31dd1c1c59f59",
      "bytes": 2307
    },
    {
      "path": "_goals/convex-backend-runtime-2026-10-02/qa/task03c2-live-fixture/scripts/client.ts",
      "sha256": "009171083f62f14c9c9d14a8fbddb6bd6e5f56ee9e9ba0e1d444426c43a298fe",
      "bytes": 29628
    },
    {
      "path": "_goals/convex-backend-runtime-2026-10-02/qa/task03c2-live-fixture/scripts/create.mjs",
      "sha256": "396d4acf3c1d5877ed63345d78ac3870333a044900386b7f852773487cbdeda7",
      "bytes": 396
    },
    {
      "path": "_goals/convex-backend-runtime-2026-10-02/qa/task03c2-live-fixture/scripts/deploy.mjs",
      "sha256": "fbdad63e4aea958eafa27b40ba9f6efa667ccc881cd7ca666d9c5c9be08ba7ef",
      "bytes": 1684
    },
    {
      "path": "_goals/convex-backend-runtime-2026-10-02/qa/task03c2-live-fixture/scripts/driver-check.mjs",
      "sha256": "af8f3398c273617492bff6e38cfb6f4c98d0b99976f1ac72642393b4e07ac551",
      "bytes": 11792
    },
    {
      "path": "_goals/convex-backend-runtime-2026-10-02/qa/task03c2-live-fixture/scripts/driver-engine.mjs",
      "sha256": "2b34f8e3bc08175917220ac9423e3e455c2fd651ef27605d9e93a5ee4e31f507",
      "bytes": 5955
    },
    {
      "path": "_goals/convex-backend-runtime-2026-10-02/qa/task03c2-live-fixture/scripts/driver.mjs",
      "sha256": "ea2ebc9f0bf80518295ef9edf541f9013e6383643dc28fc3aa54b924b045022a",
      "bytes": 3271
    },
    {
      "path": "_goals/convex-backend-runtime-2026-10-02/qa/task03c2-live-fixture/scripts/entrypoint-check.mjs",
      "sha256": "c66e8e0044910849c336e5d8a3de455ba432480d148ecbe8090015690ceb29a2",
      "bytes": 2434
    },
    {
      "path": "_goals/convex-backend-runtime-2026-10-02/qa/task03c2-live-fixture/scripts/guard-check.mjs",
      "sha256": "2b0f6ac1823ea2b05dfb4b10fd297c0c8dce3aa783a20759a97a847c5d664d88",
      "bytes": 5882
    },
    {
      "path": "_goals/convex-backend-runtime-2026-10-02/qa/task03c2-live-fixture/scripts/guard.d.mts",
      "sha256": "05533ebcd85b5f785934fbd4ea0036664621153a2902dec43dda016ca9cd47c8",
      "bytes": 784
    },
    {
      "path": "_goals/convex-backend-runtime-2026-10-02/qa/task03c2-live-fixture/scripts/guard.mjs",
      "sha256": "77f2610d40a96c86450ef385c0739b4272b274d9564011bc7468ee10795a3314",
      "bytes": 9353
    },
    {
      "path": "_goals/convex-backend-runtime-2026-10-02/qa/task03c2-live-fixture/scripts/key-check.mjs",
      "sha256": "c53a2e8a4e8ab9554df8665f5fc4426ac6512d944b6391d3783916b0794ed22a",
      "bytes": 463
    },
    {
      "path": "_goals/convex-backend-runtime-2026-10-02/qa/task03c2-live-fixture/scripts/operator-classifier.mjs",
      "sha256": "45f51005af667575977a5d9ad9b5b2cb615c277d09825a591798250076ea27b6",
      "bytes": 1972
    },
    {
      "path": "_goals/convex-backend-runtime-2026-10-02/qa/task03c2-live-fixture/scripts/operator.d.mts",
      "sha256": "78ed9ac9db0ccd16e41a9b5b741969104457177147dd70c924ef2f1a3dc3d5ec",
      "bytes": 72
    },
    {
      "path": "_goals/convex-backend-runtime-2026-10-02/qa/task03c2-live-fixture/scripts/operator.mjs",
      "sha256": "2d44e775960be4825a148a9106600f7b00b23c6740a4c307c745b69583d9cece",
      "bytes": 1338
    },
    {
      "path": "_goals/convex-backend-runtime-2026-10-02/qa/task03c2-live-fixture/scripts/packed-prep.mjs",
      "sha256": "99c752f9f021a6a81c6a22d541b9189611c22e61799519079c64fbb09a5257c5",
      "bytes": 2067
    },
    {
      "path": "_goals/convex-backend-runtime-2026-10-02/qa/task03c2-live-fixture/scripts/parent-channel.ts",
      "sha256": "9f42b1c0fdab343bdff69a14b08e10f9bf46e2e5790b59a76665db25595bf3ef",
      "bytes": 3442
    },
    {
      "path": "_goals/convex-backend-runtime-2026-10-02/qa/task03c2-live-fixture/scripts/process-check-cycle3.mjs",
      "sha256": "63c0a01d889f4675fa29e560db3771675b290aa9720be9b394320ab4f8679fb9",
      "bytes": 6725
    },
    {
      "path": "_goals/convex-backend-runtime-2026-10-02/qa/task03c2-live-fixture/scripts/process-owner.mjs",
      "sha256": "cb69aff7162d4aae40542fc9d99e900c6c9cd3bf454deb4f0d3220ff6b72f3f8",
      "bytes": 3596
    },
    {
      "path": "_goals/convex-backend-runtime-2026-10-02/qa/task03c2-live-fixture/scripts/process-terminal.mjs",
      "sha256": "2f04fa9969468e62f93a8a6b38ee25c9904b48cfa558d2116d693e8b63ec9e46",
      "bytes": 1316
    },
    {
      "path": "_goals/convex-backend-runtime-2026-10-02/qa/task03c2-live-fixture/scripts/protocol.mjs",
      "sha256": "a3965cd2b0b2068f426e94f49660458c942c9440c60d42fbb04cbb837990a87f",
      "bytes": 7660
    },
    {
      "path": "_goals/convex-backend-runtime-2026-10-02/qa/task03c2-live-fixture/scripts/qualify.mjs",
      "sha256": "111d2fdd6c4d3b35062b3d0969c66787f89b5d5bfe269c895798d195fc50ef6a",
      "bytes": 268
    },
    {
      "path": "_goals/convex-backend-runtime-2026-10-02/qa/task03c2-live-fixture/scripts/reactive-transport.d.mts",
      "sha256": "b725d66a265185416b31d5a6f9d1e7c06ededa1f9b34b8a1bcb8031f3f4e1e78",
      "bytes": 85
    },
    {
      "path": "_goals/convex-backend-runtime-2026-10-02/qa/task03c2-live-fixture/scripts/reactive-transport.mjs",
      "sha256": "d579364e082504b4d978b80f483cdd6ecb3b531109062ab6cae553955d472c25",
      "bytes": 1062
    },
    {
      "path": "_goals/convex-backend-runtime-2026-10-02/qa/task03c2-live-fixture/scripts/receipt-check-cycle3.mjs",
      "sha256": "8ef32ee7a5dbf91d0c71cdf1f52a8f1c66a1ae00ee2c4d09a970bc78d9c7f70f",
      "bytes": 5528
    },
    {
      "path": "_goals/convex-backend-runtime-2026-10-02/qa/task03c2-live-fixture/sdk-provenance.json",
      "sha256": "e9cfa5fe7509c69e0398bd0956840624612405e7c186c20d181f4c709b9c1655",
      "bytes": 29782
    },
    {
      "path": "_goals/convex-backend-runtime-2026-10-02/qa/task03c2-live-fixture/service-outcomes.json",
      "sha256": "b59a56a12e3f7d497dadaea843caa3e5c0004929bd8985d0990b75b2618a3ca5",
      "bytes": 6979
    },
    {
      "path": "_goals/convex-backend-runtime-2026-10-02/qa/task03c2-live-fixture/source-provenance.json",
      "sha256": "e5d3021faece9d04b38700806e0172e9c831ce38c786dcb7a81fd932fb118cf9",
      "bytes": 4961
    }
  ],
  "frozenSourceRecordsVerified": 58,
  "sdkProvenanceRecordsVerified": 199,
  "privateOwnedFixtureLedger": {
    "path": "work/backend-runtime/task03c2-live-fixture/owned-b72a6d27-50fb-43bb-8442-81ec494125fa.json",
    "sha256": "8f134ba514d9e642bc602a46c0732d98905a5cca9667c3d57eefbda3cf6a3212",
    "bytes": 19036,
    "ownedRecords": 17,
    "attemptedScopes": 8,
    "operatorOperations": 32,
    "reason": "Private run-owned principal/grant identifiers retained for independent review; counts and exact binding public."
  },
  "actualService": {
    "discovered": 41,
    "executed": 40,
    "passed": 39,
    "failed": 1,
    "blocked": 1,
    "todo": 0
  },
  "rootCompiler": "BLOCKED_DIRTY_MF: no new root run inferred",
  "fullGoalPass": false
}

JSON task03c2-live-fixture/source-freeze.json
{
  "status": "FINAL THIRD AND LAST OFFLINE candidate; fresh independent third review pending",
  "frozenAt": "2026-10-03T13:45:41.211593+00:00",
  "acceptedCommit": "4fb3482c5e06fcab12ab8513b242a066ef761f2f",
  "backendAcceptedCommit": "c92d548368791386c62f39895e381ef6bde2dc86",
  "parentAcceptedHelperCommit": "022e2e3d61161766e90e91dd572bb9b7063d5957",
  "nativeErrorCorrectionCommit": "022e2e3d61161766e90e91dd572bb9b7063d5957",
  "independentReportSha256": "b608adce3d20d8fdac98f8c2541c243dfa72616b6204e21ca1e7cf0dc6d8a94d",
  "parentOwnedRefreshedHelpers": [
    {
      "source": "convex-dev/runtimeAuth.ts",
      "sourceCommit": "022e2e3d61161766e90e91dd572bb9b7063d5957",
      "sha256": "03ec735f1791d2e9973a320e22dcc58d0f040432782398dcc95d0d65f99b0929"
    },
    {
      "source": "convex-dev/runtimeMetadataAuth.ts",
      "sourceCommit": "022e2e3d61161766e90e91dd572bb9b7063d5957",
      "sha256": "7ba6fe51bb8828a9a18b8486f63e5975b84a99b725b3ffac93ac61fff811428f"
    }
  ],
  "sourceWritesAfterFinal": false,
  "scopedHouseLint": {
    "files": 39,
    "errors": 0,
    "warnings": 65
  },
  "scopedBackendPolicyLint": {
    "files": 39,
    "errors": 0,
    "warnings": 0
  },
  "serviceOutcomesExecuted": 0,
  "serviceCases": 41,
  "originalDriverControls": 34,
  "newClassifierControls": 22,
  "newGroupControls": 25,
  "newReceiptControls": 13,
  "newOfflineEnvironmentControls": 4,
  "preservation": [
    {
      "manifest": "history/cycle1/preservation-manifest.json",
      "sha256": "57b40f90400b5d6b52d9656a35194c0a01c7f98e77c8516b2a4f18e224361942",
      "unchangedRecords": 280
    },
    {
      "manifest": "history/cycle2-final/preservation-manifest.json",
      "sha256": "2e69693b95c7f2dec576c289fcaa0a8c58259f7c557a2fd691597f7da14a6833",
      "unchangedRecords": 1304
    }
  ],
  "files": [
    {
      "path": "README.md",
      "sha256": "e2c80c6a6931fc7c83b4fa5feb9af789ce850378f6f1b954335d9cb1575b0dc7"
    },
    {
      "path": "archive-preservation.json",
      "sha256": "9d207095a22736e1935550794828d4b8167a8fa9c72e0b41c4af82942cb6bcea"
    }
  ],
  "privateExecutorFiles": [
    {
      "path": "work/backend-runtime/task03c2-live-fixture/archive-preservation-initial.json",
      "sha256": "34e9bbcf510f5526acd0d52636a28d93ee542f6115c2da3ca2e1f3f34e32b6dc"
    },
    {
      "path": "work/backend-runtime/task03c2-live-fixture/bound-client-cycle2.mjs",
      "sha256": "cd87485f191226c67d1eb250759a2ddb85761a41c4ec02cc7ce0cf79707325ba"
    }
  ],
  "privateSymlinkBindings": [
    {
      "path": "work/backend-runtime/task03c2-live-fixture/offline-cycle3/replay-final-repo/node_modules/.bin",
      "target": "/workspace/Project-Cortex/node_modules/.bin"
    },
    {
      "path": "work/backend-runtime/task03c2-live-fixture/offline-cycle3/replay-final-repo/node_modules/.package-lock.json",
      "target": "/workspace/Project-Cortex/node_modules/.package-lock.json"
    }
  ],
  "inventoryExclusions": [
    "public inventory excludes only its own root file and root private inventory; all nested historical inventories included",
    "private inventory excludes installed dependency node_modules and symlink content; link destinations bound separately; accepted SDK source/build/pack bindings remain exact"
  ]
}

JSON task03c2-live-fixture/source-provenance.json
{
  "acceptedCommit": "4fb3482c5e06fcab12ab8513b242a066ef761f2f",
  "backendAcceptedCommit": "c92d548368791386c62f39895e381ef6bde2dc86",
  "scope": "03A/03C1/03B2A/accepted metadata SDK consumer boundary; two exact metadata/native-ambiguity helpers refreshed after independent SECOND PASS. Global acceptedCommit/backendAcceptedCommit identify historical base; each copied row sourceCommit and sha256 bind actual accepted bytes.",
  "copied": [
    {
      "source": "convex-dev/runtimeAuth.ts",
      "fixture": "fixture/convex/runtimeAuth.ts",
      "sha256": "03ec735f1791d2e9973a320e22dcc58d0f040432782398dcc95d0d65f99b0929",
      "acceptedBackendIdentical": true,
      "sourceCommit": "022e2e3d61161766e90e91dd572bb9b7063d5957"
    },
    {
      "source": "convex-dev/runtimeAuthSchema.ts",
      "fixture": "fixture/convex/runtimeAuthSchema.ts",
      "sha256": "41859c943e06ed185d88bb4f0da21540e0999d9f736f933dfdcbd572ee9dd5d1",
      "acceptedBackendIdentical": true,
      "sourceCommit": "c92d548368791386c62f39895e381ef6bde2dc86"
    }
  ],
  "authConfig": {
    "source": "archived Task01 public JWKS and fixture registration",
    "sha256": "53f8ee99e02bd39bf4f9018e62d5ae0e1c1314b15a543ee2c59735876ac406d7"
  },
  "nativeErrorCorrectionCommit": "022e2e3d61161766e90e91dd572bb9b7063d5957",
  "independentReportSha256": "b608adce3d20d8fdac98f8c2541c243dfa72616b6204e21ca1e7cf0dc6d8a94d"
}

JSON task03c2-live-fixture/sdk-provenance.json
{
  "acceptedCommit": "4fb3482c5e06fcab12ab8513b242a066ef761f2f",
  "source": "git archive accepted commit: src convex-dev package.json tsconfig.json",
  "build": "Node24.19.0 tsup8.5.1 private sdk/dist only",
  "files": [
    {
      "path": "sdk/convex-dev/README.md",
      "sha256": "9dd90e16e8e4a3ae0d1e9270a7090309d02481e2993996ceb216d6cff820e559"
    },
    {
      "path": "sdk/convex-dev/_generated/api.d.ts",
      "sha256": "ef17837015baea01a4c2035dd7efd94f9641d5d6024362c0b65426591082e682"
    }
  ],
  "package": {
    "path": "cortexmemory-sdk-0.37.0.tgz",
    "sha256": "cd97dabc1428e2dc7f217bf316aff0d7bf4ebf0d843a214a5777a2228275193d",
    "entryCount": 53,
    "private": true,
    "publishExecuted": false
  }
}

JSON task03c2-live-fixture/private-file-inventory.json
[
  {
    "path": "work/backend-runtime/task03c2-live-fixture/archive-preservation-initial.json",
    "sha256": "34e9bbcf510f5526acd0d52636a28d93ee542f6115c2da3ca2e1f3f34e32b6dc"
  },
  {
    "path": "work/backend-runtime/task03c2-live-fixture/bound-client-cycle2.mjs",
    "sha256": "cd87485f191226c67d1eb250759a2ddb85761a41c4ec02cc7ce0cf79707325ba"
  }
]

QA TOP
task03-metadata-native-errors
task03a
task03a-review-1.md
task03a-review-2.md
task03a-review-3.md
task03c1
task03c1-review-1.md
task03c2-a
task03c2-a-main-integration
task03c2-a-review-1.md
task03c2-d
task03c2-d-review-1.md
task03c2-live-fixture
task03c2-live-harness-readiness-notes.md
task03c2-live-harness-review-1.md
task03c2-live-harness-review-2.md
task03c2-live-harness-review-3.md
task03c2-live-harness-review3-evidence
task03c2-live-preparation.md
task03c2-live-service

ACTUAL TREE
execution/auth-provision-reconciliation.json
execution/cleanup-owned.command.json
execution/cleanup-owned.stderr
execution/cleanup-owned.stdout
execution/codegen-diagnostic-result.json
execution/codegen-diagnostic.command.json
execution/codegen-diagnostic.stderr
execution/codegen-diagnostic.stdout
execution/fixture-compiler-preparation.json
execution/official-codegen-with-local-compiler.command.json
execution/official-codegen-with-local-compiler.stderr
execution/official-codegen-with-local-compiler.stdout
execution/official-codegen.command.json
execution/official-codegen.stderr
execution/official-codegen.stdout
execution/provision-proxy-retry.json
execution/provision.stderr
execution/provision.stdout
execution/qualification-41.command.json
execution/qualification-41.stderr
execution/qualification-41.stdout
execution/retirement.command.json
execution/retirement.stderr
execution/retirement.stdout
initial-direct-provisioning-observation.json
official-generated/api.d.ts.text
official-generated/api.js.text
official-generated/dataModel.d.ts.text
official-generated/server.d.ts.text
official-generated/server.js.text
parent-scripts/diagnose-auth-codegen.mjs.text
parent-scripts/provision-qualification-auth.mjs.text
parent-scripts/retire-qualification-auth.mjs.text
parent-scripts/run-auth-operation.py.text
preservation-manifest.json
provenance/project-request.json
provenance/sdk-provenance.json
provenance/source-freeze.json
provenance/source-provenance.json
report.md
service/cleanup-35428fff-e2ae-4812-b730-ded81204b2ea.json
service/codegen-3a856ab1-77ba-43e3-bf97-6f2d3c14594d.json
service/codegen-aca83d11-336f-491a-8566-6420547666c9.json
service/qualify-b72a6d27-50fb-43bb-8442-81ec494125fa.json
service/target-retirement.json
source-bindings.json
target/created-project.json
target/target.json

FIXTURE FILES
scripts/bounds-check.mjs
scripts/case-ledger.mjs
scripts/cases.d.mts
scripts/cases.mjs
scripts/classifier-adversarial.mjs
scripts/classifier-check.mjs
scripts/cleanup.mjs
scripts/client-prep.ts
scripts/client.ts
scripts/create.mjs
scripts/deploy.mjs
scripts/driver-check.mjs
scripts/driver-engine.mjs
scripts/driver.mjs
scripts/entrypoint-check.mjs
scripts/guard-check.mjs
scripts/guard.d.mts
scripts/guard.mjs
scripts/key-check.mjs
scripts/operator-classifier.mjs
scripts/operator.d.mts
scripts/operator.mjs
scripts/packed-prep.mjs
scripts/parent-channel.ts
scripts/process-check-cycle3.mjs
scripts/process-owner.mjs
scripts/process-terminal.mjs
scripts/protocol.mjs
scripts/qualify.mjs
scripts/reactive-transport.d.mts
scripts/reactive-transport.mjs
scripts/receipt-check-cycle3.mjs
