tests/unit/sessions/validators.test.ts
tests/unit/runtimeWorkerClient/metadata-consumers.test.ts
tests/unit/runtimeWorkerClient/governance.test.ts
tests/unit/runtimeWorkerClient/sessions-maintenance.test.ts
_goals/convex-backend-runtime-2026-10-02/qa/task03c2-live-fixture/fixture/convex/runtimeMemorySchema.ts
_goals/convex-backend-runtime-2026-10-02/qa/task03c2-live-fixture/fixture/convex/schema.ts
_goals/convex-backend-runtime-2026-10-02/qa/task03c2-live-fixture/fixture/convex/tsconfig.json
_goals/convex-backend-runtime-2026-10-02/qa/task03c2-live-fixture/fixture/convex/runtimeMetadataAuth.ts
_goals/convex-backend-runtime-2026-10-02/qa/task03c2-live-fixture/fixture/convex/immutable.ts
_goals/convex-backend-runtime-2026-10-02/qa/task03c2-live-fixture/fixture/convex/mutable.ts
_goals/convex-backend-runtime-2026-10-02/qa/task03c2-live-fixture/fixture/convex/auth.config.ts
_goals/convex-backend-runtime-2026-10-02/qa/task03c2-live-fixture/fixture/convex/_generated/api.d.ts
_goals/convex-backend-runtime-2026-10-02/qa/task03c2-live-fixture/fixture/convex/_generated/dataModel.d.ts
_goals/convex-backend-runtime-2026-10-02/qa/task03c2-live-fixture/fixture/convex/_generated/server.js
_goals/convex-backend-runtime-2026-10-02/qa/task03c2-live-fixture/fixture/convex/_generated/api.js
_goals/convex-backend-runtime-2026-10-02/qa/task03c2-live-fixture/fixture/convex/_generated/server.d.ts
_goals/convex-backend-runtime-2026-10-02/qa/task03c2-live-fixture/fixture/convex/sessions.ts
_goals/convex-backend-runtime-2026-10-02/qa/task03c2-live-fixture/fixture/convex/runtimeAuthSchema.ts
_goals/convex-backend-runtime-2026-10-02/qa/task03c2-live-fixture/fixture/convex/runtimeAuth.ts
_goals/convex-backend-runtime-2026-10-02/qa/task03c2-live-fixture/fixture/convex/users.ts
