task03c2-live-harness-review-1.md SHA f243c87ea0eb9d76a11f724566b32df1a5c01250c1bb2540baa996ff3316ef9f lines 167

task03c2-live-harness-review-2.md SHA 46911f19faad1cf1d0be4b1ebe5a334cfec2d5c6081d85ec32ebbc0f7b44c2dc lines 162

task03c2-live-harness-review-3.md SHA 556643c11ca4a94a48a1c3d4ff91bdc185466a637e592c72db4db15193ffe9e4 lines 182
1 # Task Judgment: THIRD and last original41 offline Task03C2 harness review
2 
3 ## Verdict: FINAL PASS — bounded offline harness readiness only
4 
5 Requirement Fulfillment5, Code Quality4, Test Quality5, Pattern Adherence4, Completeness5: **average4.6/5**. All dimensions are at least4 and Requirement Fulfillment is5 under the strict judge-task rubric. This is the third review of the original gate, with the original scope and both REJECT2.6 histories retained.
6 
7 The frozen preparation repairs all first-five and second-four findings and includes only the independently accepted two-helper dependency refresh. The fresh independent checks below passed. **All41 real service outcomes remain UNEXECUTED.** Whole Task03/Task09, Task05 run/transcript/tool behavior, private bytes/uploads/assets/connector callbacks, automatic maintenance, UI and the full17-task goal remain PENDING. This PASS does not certify those outcomes or adopt rejected memory/facts/artifact/registry work.
8 
9 ## Evidence review and boundaries
10 
11 Reviewed the bounded third prompt, AGENTS, full runtime/profile, pessimistic-judge role, judge-task and feature workflow; approved implementation prompt, goal, original Tasks03/09, authoritative decisions/architecture, preparation requirements, and both complete FINAL REJECT2.6 reports. Exact first report is qa/task03c2-live-harness-review-1.md. Read active source, README/report/matrix, provenance, inventories/freeze, preserved histories/raw failures and installed Convex1.46 CLI/HTTP/error serialization. Read the accepted metadata SECOND PASS4.6 report, full original41/affected03A mappings and actual-handler/native baseline comparisons as prerequisite evidence.
12 
13 Canonical repository: /workspace/Project-Cortex. HEAD022e2e3d61161766e90e91dd572bb9b7063d5957 is unchanged. Own evidence is exclusively /tmp/task03c2-live-harness-review3-01t5pzfe. No canonical writer or live target/driver/operator/deploy/cleanup invocation, target.env/deploy.env/key-selector acquisition, network/service/model/signing/key-generation/codegen/deployment/project cleanup/retirement, Git mutation, package installation, global configuration change or agent spawn occurred. Own exact module copies ran only through explicit OFFLINE dependency interception. Git use was read-only rev-parse/status/cat-file.
14 
15 The disposable replay contains exact frozen script/fixture/SDK/pack/archive bytes and exact accepted root package.json, with installed dependencies linked. It has no actual target.json, deploy.env or RSA. The source and packed SDK preparation processes use the environment bootstrap before import and at exit; no upstream/provider/cluster/deployment/private-selector names reach them. The live SDK child separately has the endpoint/JWT/test-reference/minimal-environment/IPC code boundary. Same UID filesystem access is not OS isolation.
16 
17 commands.json records actual validation argv/cwd/UTC start/end/exit and separate raw stdout/stderr. The four environment child controls additionally record those fields in results/environment.json; expected exit1 controls are successful rejection assertions. Initial exploratory tool reads/setup failures did not all have explicit UTC/raw-file captures; those limits are stated, without invented timestamps. Original source and failure transcripts/notes are retained, and final successful validators have recorded executions. No failed required harness run was replaced by a later passing run.
18 
19 ## Observed checks
20 
21 | Independent check | Discovery / observed outcome | Evidence |
22 |---|---|---|
23 | Original guards |37/37 PASS, skipped0, network/subprocess/output0 |logs/guards.*, replay guards receipt |
24 | Actual original guarded entrypoint imports |4/4 PASS, network/subprocess/output0 |logs/entrypoints.*, replay entrypoints receipt |
25 | Original source SDK prep |6/6 PASS, skipped0, maintenance dispatch0, invalid-credential callbacks0 |logs/source-prep.*, replay client-prep receipt |
26 | Actual packed SDK prep |6/6 PASS, skipped0, dispatch/callback/network0 |logs/packed-prep.*, replay packed-prep receipt |
27 | Original classifier |28/28 PASS, skipped0, network0 |logs/classifier.*, replay classifier receipt |
28 | New supplied adversarial classifier |22/22 PASS, skipped0 |logs/adversarial.*, replay adversarial receipt |
29 | Original three independent second-review counterexamples |3/3 required false predicates now PASS |results/three-original-counterexamples.json; only import/output paths relocated |
30 | Own actual operator-module composition |20/20 PASS, skipped0, live effects0 |results/operator-integration.json; synthetic preflight and CLI result only |
31 | Original actual driver/environment/import/IPC/process/ledger |34/34 PASS, skipped0, network/service effects0,41 retained |logs/driver.*, replay driver-check receipt |
32 | New terminal-group/whole-ceiling controls |25/25 PASS, skipped0; ten actual repeated groups; forced nonterminal/unavailable remain FAIL |logs/group.*, replay process-cycle3 receipt |
33 | Actual deploy/cleanup module initial-binding controls |13/13 PASS, skipped0, actual CLI/operator/network effects0 |logs/receipts.*, replay receipt-cycle3 receipt |
34 | Actual SDK environment bootstrap |4/4 PASS, skipped0; zero callback/key-value/network/credential-file effects |results/environment.json |
35 | Original bounds |72 service/shutdown sites +4 configured ceilings =76 PASS |logs/bounds.*, AST receipt; source inspected beyond counting |
36 | Unchanged native backend ES2021+DOM library config |exit0 |logs/backend-types.* |
37 | Separate strict client types |exit0 |logs/client-types.* |
38 | Actual house scoped lint |39files,0 errors/fatal,65 warnings |logs/house-lint.* |
39 | Existing backend-policy selector |39files,0 errors/warnings/fatal |logs/backend-policy-lint.*; config/rules/ignores inspected unchanged |
40 | Source/runtime versions |Node24.19.0/npm12.2.0; Convex1.46.0/ws8.21.0/https-proxy-agent7.0.6/tsx4.23.15/TypeScript6.0.3 |results/quality.json |
41 | RSA/public JWKS |Match, existing owned0600/unlinked; comparison-only, no copy/sign/new key |results/key-comparison.json |
42 | Frozen inventory/preservation |1924 public,2035 private,58 active,1040 private executor,1604 link bindings exact;4068 file metadata +1604 links unchanged before/after |before.json,after.json,results/preservation.json |
