{
  "discovered": 41,
  "executed": 40,
  "passed": 39,
  "skipped": 1,
  "status": "FAIL",
  "effects": [
    {
      "type": "metric",
      "name": "sdk-logout",
      "baseline": 41,
      "updated": 42,
      "before": 1,
      "after": 1,
      "quietMs": 750,
      "payloadFields": [
        "value"
      ],
      "observedValues": [
        41
      ]
    },
    {
      "type": "metric",
      "name": "late-credential-fencing",
      "baseline": 42,
      "updated": 43,
      "before": 1,
      "after": 1,
      "quietMs": 750,
      "payloadFields": [
        "value"
      ],
      "observedValues": [
        42
      ]
    }
  ],
  "completed": true,
  "terminalReason": "completed",
  "phase": "live",
  "runId": "b72a6d27-50fb-43bb-8442-81ec494125fa",
  "ownedProcessGroups": 33,
  "remainingOwnedGroups": 0,
  "terminalVerifiedGroups": 33,
  "processCleanup": "REAPED",
  "ledgerCheckpoint": "saved",
  "startedAt": "2026-10-03T14:20:57.052Z",
  "completedAt": "2026-10-03T14:21:44.287Z",
  "deploymentName": "helpful-iguana-708",
  "cleanupLedger": "owned-b72a6d27-50fb-43bb-8442-81ec494125fa.json",
  "scope": "accepted03A/03C1/03B2A and metadata SDK consumers",
  "whole03Certified": false,
  "whole09Certified": false,
  "requestMs": 12000,
  "operatorMs": 25000,
  "wholeMs": 600000,
  "quietMs": 750,
  "isolation": "code/import/env/IPC boundary; same-UID filesystem is not an OS sandbox",
  "limitations": [
    "Tasks05/12/13 and UI remain pending",
    "No inference supplied"
  ]
}
1 {"name": "operator-provisioning", "status": "PASS", "reason": "observed_assertions"}
2 {"name": "valid-owned-metadata", "status": "PASS", "reason": "observed_assertions"}
3 {"name": "missing-identity", "status": "PASS", "reason": "observed_assertions"}
4 {"name": "forged-signature", "status": "PASS", "reason": "observed_assertions"}
5 {"name": "wrong-issuer", "status": "PASS", "reason": "observed_assertions"}
6 {"name": "wrong-audience", "status": "PASS", "reason": "observed_assertions"}
7 {"name": "expired-token", "status": "PASS", "reason": "observed_assertions"}
8 {"name": "wrong-tenant", "status": "PASS", "reason": "observed_assertions"}
9 {"name": "wrong-space", "status": "PASS", "reason": "observed_assertions"}
10 {"name": "owner-denied", "status": "PASS", "reason": "observed_assertions"}
11 {"name": "explicit-space-read", "status": "PASS", "reason": "observed_assertions"}
12 {"name": "admin-alone-read-denied", "status": "PASS", "reason": "observed_assertions"}
13 {"name": "admin-alone-write-denied", "status": "PASS", "reason": "observed_assertions"}
14 {"name": "ambiguous-omission-denied", "status": "PASS", "reason": "observed_assertions"}
15 {"name": "actor-binding-denied", "status": "PASS", "reason": "observed_assertions"}
16 {"name": "caller-metadata-no-principal", "status": "PASS", "reason": "observed_assertions"}
17 {"name": "public-internal-provision-denied", "status": "PASS", "reason": "observed_assertions"}
18 {"name": "public-internal-maintenance-denied", "status": "PASS", "reason": "observed_assertions"}
19 {"name": "immutable-delete-read-denied", "status": "PASS", "reason": "observed_assertions"}
20 {"name": "immutable-delete-write-denied", "status": "PASS", "reason": "observed_assertions"}
21 {"name": "mutable-delete-read-denied", "status": "PASS", "reason": "observed_assertions"}
22 {"name": "mutable-delete-write-denied", "status": "PASS", "reason": "observed_assertions"}
23 {"name": "negative-effect-counts", "status": "PASS", "reason": "observed_assertions"}
24 {"name": "reactive-wrong-tenant", "status": "PASS", "reason": "observed_assertions"}
25 {"name": "reactive-wrong-space", "status": "PASS", "reason": "observed_assertions"}
26 {"name": "resource-deletion-subscription", "status": "PASS", "reason": "observed_assertions"}
27 {"name": "grant-revocation", "status": "PASS", "reason": "observed_assertions"}
28 {"name": "principal-deletion", "status": "PASS", "reason": "observed_assertions"}
29 {"name": "membership-revocation", "status": "PASS", "reason": "observed_assertions"}
30 {"name": "space-deletion", "status": "PASS", "reason": "observed_assertions"}
31 {"name": "tenant-deletion", "status": "PASS", "reason": "observed_assertions"}
32 {"name": "sdk-metadata-consumers", "status": "PASS", "reason": "observed_assertions"}
33 {"name": "sdk-refresh", "status": "PASS", "reason": "observed_assertions"}
34 {"name": "sdk-logout", "status": "PASS", "reason": "observed_assertions"}
35 {"name": "sdk-labels-no-authority", "status": "PASS", "reason": "observed_assertions"}
36 {"name": "background-after-ordinary-logout", "status": "PASS", "reason": "observed_assertions"}
37 {"name": "late-credential-fencing", "status": "PASS", "reason": "observed_assertions"}
38 {"name": "sanitized-host-callback", "status": "FAIL", "reason": "unexpected_unauthenticated"}
39 {"name": "sdk-session-capability", "status": "PASS", "reason": "observed_assertions"}
40 {"name": "background-after-revocation", "status": "PASS", "reason": "observed_assertions"}
41 {"name": "session-end-not-grant-revocation", "status": "BLOCKED", "reason": "dependency_blocked"}
MAPPING_TYPE list KEYS [{'path': 'immutable:store', 'visibility': 'public', 'requiredCapability': 'write', 'scope': 'trusted tenant; explicitly space-scoped if resource/policy supports it', 'ownership': 'ownerPrincipalId must match for own access; cross-principal access within a tenant requires explicit space/tenant resourceAccess; admin never implies read/write/run', 'backgroundCheck': 'check verified identity and current authority on every invocation/subscription reevaluation; scheduled follow-up stores immutable reference', 'resourceLookup': '(trusted tenantId, type, id); every requested version uses the same trusted scope', 'nativeRegistration': {'path': 'immutable:store', 'visibility': 'public', 'args': {'type': 'object', 'value': {'type': {'fieldType': {'type': 'string'}, 'optional': False}, 'id': {'fieldType': {'type': 'string'}, 'optional': False}, 'tenantId': {'fieldType': {'type': 'string'}, 'optional': True}, 'memorySpaceId': {'fieldType': {'type': 'string'}, 'optional': True}, 'data': {'fieldType': {'type': 'any'}, 'optional': False}, 'userId': {'fieldType': {'type': 'string'}, 'optional': True}, 'metadata': {'fieldType': {'type': 'any'}, 'optional': True}}}}, 'outcomes': [{'file': 'tests/unit/runtimeMetadataAuth/handlers.test.ts', 'name': '36 registered modern public handlers immutable:store authorized outcomes', 'status': 'passed'}, {'file': 'tests/unit/runtimeMetadataAuth/handlers.test.ts', 'name': '36 registered modern public handlers immutable:store rejects missing verified identity without writes', 'status': 'passed'}, {'file': 'tests/unit/runtimeMetadataAuth/handlers.test.ts', 'name': '36 registered modern public handlers immutable:store rejects forged tenant without writes', 'status': 'passed'}], 'status': 'PASS bounded offline', 'sharedEvidence': ['original189 + affected03A133 + worker185 + historical151/72/19', 'native-errors106 exact bounded/private/control/infrastructure', 'scope-ambiguity80 omitted corruption, explicit healthy scope, eligibility pruning, final/pinned rollback', 'current-required18-outcomes + six required denial predicates'], 'liveEvidence': 'PENDING; no service/JWT/subscription/byte/callback/UI certification'}, {'path': 'immutable:get', 'visibility': 'public', 'requiredCapability': 'read', 'scope': 'trusted tenant; explicitly space-scoped if resource/policy supports it', 'ownership': 'ownerPrincipalId must match for own access; cross-principal access within a tenant requires explicit space/tenant resourceAccess; admin never implies read/write/run', 'backgroundCheck': 'check verified identity and current authority on every invocation/subscription reevaluation; scheduled follow-up stores immutable reference', 'resourceLookup': '(trusted tenantId, type, id); every requested version uses the same trusted scope', 'nativeRegistration': {'path': 'immutable:get', 'visibility': 'public', 'args': {'type': 'object', 'value': {'type': {'fieldType': {'type': 'string'}, 'optional': False}, 'id': {'fieldType': {'type': 'string'}, 'optional': False}, 'tenantId': {'fieldType': {'type': 'string'}, 'optional': True}, 'memorySpaceId': {'fieldType': {'type': 'string'}, 'optional': True}}}}, 'outcomes': [{'file': 'tests/unit/runtimeMetadataAuth/handlers.test.ts', 'name': '36 registered modern public handlers immutable:get authorized outcomes', 'status': 'passed'}, {'file': 'tests/unit/runtimeMetadataAuth/handlers.test.ts', 'name': '36 registered modern public handlers immutable:get rejects missing verified identity without writes', 'status': 'passed'}, {'file': 'tests/unit/runtimeMetadataAuth/handlers.test.ts', 'name': '36 registered modern public handlers immutable:get rejects forged tenant without writes', 'status': 'passed'}], 'status': 'PASS bounded offline', 'sharedEvidence': ['original189 + affected03A133 + worker185 + historical151/72/19', 'native-errors106 exact bounded/private/control/infrastructure', 'scope-ambiguity80 omitted corruption, explicit healthy scope, eligibility pruning, final/pinned rollback', 'current-required18-outcomes + six required denial predicates'], 'liveEvidence': 'PENDING; no service/JWT/subscription/byte/callback/UI certification'}, {'path': 'immutable:getVersion', 'visibility': 'public', 'requiredCapability': 'read', 'scope': 'trusted tenant; explicitly space-scoped if resource/policy supports it', 'ownership': 'ownerPrincipalId must match for own access; cross-principal access within a tenant requires explicit space/tenant resourceAccess; admin never implies read/write/run', 'backgroundCheck': 'check verified identity and current authority on every invocation/subscription reevaluation; scheduled follow-up stores immutable reference', 'resourceLookup': '(trusted tenantId, type, id); every requested version uses the same trusted scope', 'nativeRegistration': {'path': 'immutable:getVersion', 'visibility': 'public', 'args': {'type': 'object', 'value': {'type': {'fieldType': {'type': 'string'}, 'optional': False}, 'id': {'fieldType': {'type': 'string'}, 'optional': False}, 'tenantId': {'fieldType': {'type': 'string'}, 'optional': True}, 'memorySpaceId': {'fieldType': {'type': 'string'}, 'optional': True}, 'version': {'fieldType': {'type': 'number'}, 'optional': False}}}}, 'outcomes': [{'file': 'tests/unit/runtimeMetadataAuth/handlers.test.ts', 'name': '36 registered modern public handlers immutable:getVersion authorized outcomes', 'status': 'passed'}, {'file': 'tests/unit/runtimeMetadataAuth/handlers.test.ts', 'name': '36 registered modern public handlers immutable:getVersion rejects missing verified identity without writes', 'status': 'passed'}, {'file': 'tests/unit/runtimeMetadataAuth/handlers.test.ts', 'name': '36 registered modern public handlers immutable:getVersion rejects forged tenant without writes', 'status': 'passed'}], 'status': 'PASS bounded offline', 'sharedEvidence': ['original189 + affected03A133 + worker185 + historical151/72/19', 'native-errors106 exact bounded/private/control/infrastructure', 'scope-ambiguity80 omitted corruption, explicit healthy scope, eligibility pruning, final/pinned rollback', 'current-required18-outcomes + six required denial predicates'], 'liveEvidence': 'PENDING; no service/JWT/subscription/byte/callback/UI certification'}, {'path': 'immutable:getHistory', 'visibility': 'public', 'requiredCapability': 'read', 'scope': 'trusted tenant; explicitly space-scoped if resource/policy supports it', 'ownership': 'ownerPrincipalId must match for own access; cross-principal access within a tenant requires explicit space/tenant resourceAccess; admin never implies read/write/run', 'backgroundCheck': 'check verified identity and current authority on every invocation/subscription reevaluation; scheduled follow-up stores immutable reference', 'resourceLookup': '(trusted tenantId, type, id); every requested version uses the same trusted scope', 'nativeRegistration': {'path': 'immutable:getHistory', 'visibility': 'public', 'args': {'type': 'object', 'value': {'type': {'fieldType': {'type': 'string'}, 'optional': False}, 'id': {'fieldType': {'type': 'string'}, 'optional': False}, 'tenantId': {'fieldType': {'type': 'string'}, 'optional': True}, 'memorySpaceId': {'fieldType': {'type': 'string'}, 'optional': True}}}}, 'outcomes': [{'file': 'tests/unit/runtimeMetadataAuth/handlers.test.ts', 'name': '36 registered modern public handlers immutable:getHistory authorized outcomes', 'status': 'passed'}, {'file': 'tests/unit/runtimeMetadataAuth/handlers.test.ts', 'name': '36 registered modern public handlers immutable:getHistory rejects missing verified identity without writes', 'status': 'passed'}, {'file': 'tests/unit/runtimeMetadataAuth/handlers.test.ts', 'name': '36 registered modern public handlers immutable:getHistory rejects forged tenant without writes', 'status': 'passed'}], 'status': 'PASS bounded offline', 'sharedEvidence': ['original189 + affected03A133 + worker185 + historical151/72/19', 'native-errors106 exact bounded/private/control/infrastructure', 'scope-ambiguity80 omitted corruption, explicit healthy scope, eligibility pruning, final/pinned rollback', 'current-required18-outcomes + six required denial predicates'], 'liveEvidence': 'PENDING; no service/JWT/subscription/byte/callback/UI certification'}, {'path': 'immutable:getAtTimestamp', 'visibility': 'public', 'requiredCapability': 'read', 'scope': 'trusted tenant; explicitly space-scoped if resource/policy supports it', 'ownership': 'ownerPrincipalId must match for own access; cross-principal access within a tenant requires explicit space/tenant resourceAccess; admin never implies read/write/run', 'backgroundCheck': 'check verified identity and current authority on every invocation/subscription reevaluation; scheduled follow-up stores immutable reference', 'resourceLookup': '(trusted tenantId, type, id); every requested version uses the same trusted scope', 'nativeRegistration': {'path': 'immutable:getAtTimestamp', 'visibility': 'public', 'args': {'type': 'object', 'value': {'type': {'fieldType': {'type': 'string'}, 'optional': False}, 'id': {'fieldType': {'type': 'string'}, 'optional': False}, 'tenantId': {'fieldType': {'type': 'string'}, 'optional': True}, 'memorySpaceId': {'fieldType': {'type': 'string'}, 'optional': True}, 'timestamp': {'fieldType': {'type': 'number'}, 'optional': False}}}}, 'outcomes': [{'file': 'tests/unit/runtimeMetadataAuth/handlers.test.ts', 'name': '36 registered modern public handlers immutable:getAtTimestamp authorized outcomes', 'status': 'passed'}, {'file': 'tests/unit/runtimeMetadataAuth/handlers.test.ts', 'name': '36 registered modern public handlers immutable:getAtTimestamp rejects missing verified identity without writes', 'status': 'passed'}, {'file': 'tests/unit/runtimeMetadataAuth/handlers.test.ts', 'name': '36 registered modern public handlers immutable:getAtTimestamp rejects forged tenant without writes', 'status': 'passed'}], 'status': 'PASS bounded offline', 'sharedEvidence': ['original189 + affected03A133 + worker185 + historical151/72/19', 'native-errors106 exact bounded/private/control/infrastructure', 'scope-ambiguity80 omitted corruption, explicit healthy scope, eligibility pruning, final/pinned rollback', 'current-required18-outcomes + six required denial predicates'], 'liveEvidence': 'PENDING; no service/JWT/subscription/byte/callback/UI certification'}, {'path': 'immutable:list', 'visibility': 'public', 'requiredCapability': 'read', 'scope': 'trusted tenant; explicitly space-scoped if resource/policy supports it', 'ownership': 'ownerPrincipalId must match for own access; cross-principal access within a tenant requires explicit space/tenant resourceAccess; admin never implies read/write/run', 'backgroundCheck': 'check verified identity and current authority on every invocation/subscription reevaluation; scheduled follow-up stores immutable reference', 'resourceLookup': '(trusted tenantId, type, id); every requested version uses the same trusted scope', 'nativeRegistration': {'path': 'immutable:list', 'visibility': 'public', 'args': {'type': 'object', 'value': {'type': {'fieldType': {'type': 'string'}, 'optional': True}, 'userId': {'fieldType': {'type': 'string'}, 'optional': True}, 'tenantId': {'fieldType': {'type': 'string'}, 'optional': True}, 'memorySpaceId': {'fieldType': {'type': 'string'}, 'optional': True}, 'createdAfter': {'fieldType': {'type': 'number'}, 'optional': True}, 'createdBefore': {'fieldType': {'type': 'number'}, 'optional': True}, 'updatedAfter': {'fieldType': {'type': 'number'}, 'optional': True}, 'updatedBefore': {'fieldType': {'type': 'number'}, 'optional': True}, 'limit': {'fieldType': {'type': 'number'}, 'optional': True}, 'offset': {'fieldType': {'type': 'number'}, 'optional': True}, 'sortBy': {'fieldType': {'type': 'string'}, 'optional': True}, 'sortOrder': {'fieldType': {'type': 'string'}, 'optional': True}}}}, 'outcomes': [{'file': 'tests/unit/runtimeMetadataAuth/handlers.test.ts', 'name': '36 registered modern public handlers immutable:list authorized outcomes', 'status': 'passed'}, {'file': 'tests/unit/runtimeMetadataAuth/handlers.test.ts', 'name': '36 registered modern public handlers immutable:list rejects missing verified identity without writes', 'status': 'passed'}, {'file': 'tests/unit/runtimeMetadataAuth/handlers.test.ts', 'name': '36 registered modern public handlers immutable:list rejects forged tenant without writes', 'status': 'passed'}], 'status': 'PASS bounded offline', 'sharedEvidence': ['original189 + affected03A133 + worker185 + historical151/72/19', 'native-errors106 exact bounded/private/control/infrastructure', 'scope-ambiguity80 omitted corruption, explicit healthy scope, eligibility pruning, final/pinned rollback', 'current-required18-outcomes + six required denial predicates'], 'liveEvidence': 'PENDING; no service/JWT/subscription/byte/callback/UI certification'}, {'path': 'immutable:count', 'visibility': 'public', 'requiredCapability': 'read', 'scope': 'trusted tenant; explicitly space-scoped if resource/policy supports it', 'ownership': 'ownerPrincipalId must match for own access; cross-principal access within a tenant requires explicit space/tenant resourceAccess; admin never implies read/write/run', 'backgroundCheck': 'check verified identity and current authority on every invocation/subscription reevaluation; scheduled follow-up stores immutable reference', 'resourceLookup': '(trusted tenantId, type, id); every requested version uses the same trusted scope', 'nativeRegistration': {'path': 'immutable:count', 'visibility': 'public', 'args': {'type': 'object', 'value': {'type': {'fieldType': {'type': 'string'}, 'optional': True}, 'userId': {'fieldType': {'type': 'string'}, 'optional': True}, 'tenantId': {'fieldType': {'type': 'string'}, 'optional': True}, 'memorySpaceId': {'fieldType': {'type': 'string'}, 'optional': True}, 'createdAfter': {'fieldType': {'type': 'number'}, 'optional': True}, 'createdBefore': {'fieldType': {'type': 'number'}, 'optional': True}, 'updatedAfter': {'fieldType': {'type': 'number'}, 'optional': True}, 'updatedBefore': {'fieldType': {'type': 'number'}, 'optional': True}}}}, 'outcomes': [{'file': 'tests/unit/runtimeMetadataAuth/handlers.test.ts', 'name': '36 registered modern public handlers immutable:count authorized outcomes', 'status': 'passed'}, {'file': 'tests/unit/runtimeMetadataAuth/handlers.test.ts', 'name': '36 registered modern public handlers immutable:count rejects missing verified identity without writes', 'status': 'passed'}, {'file': 'tests/unit/runtimeMetadataAuth/handlers.test.ts', 'name': '36 registered modern public handlers immutable:count rejects forged tenant without writes', 'status': 'passed'}], 'status': 'PASS bounded offline', 'sharedEvidence': ['original189 + affected03A133 + worker185 + historical151/72/19', 'native-errors106 exact bounded/private/control/infrastructure', 'scope-ambiguity80 omitted corruption, explicit healthy scope, eligibility pruning, final/pinned rollback', 'current-required18-outcomes + six required denial predicates'], 'liveEvidence': 'PENDING; no service/JWT/subscription/byte/callback/UI certification'}, {'path': 'immutable:search', 'visibility': 'public', 'requiredCapability': 'read', 'scope': 'trusted tenant; explicitly space-scoped if resource/policy supports it', 'ownership': 'ownerPrincipalId must match for own access; cross-principal access within a tenant requires explicit space/tenant resourceAccess; admin never implies read/write/run', 'backgroundCheck': 'check verified identity and current authority on every invocation/subscription reevaluation; scheduled follow-up stores immutable reference', 'resourceLookup': '(trusted tenantId, type, id); every requested version uses the same trusted scope', 'nativeRegistration': {'path': 'immutable:search', 'visibility': 'public', 'args': {'type': 'object', 'value': {'type': {'fieldType': {'type': 'string'}, 'optional': True}, 'userId': {'fieldType': {'type': 'string'}, 'optional': True}, 'tenantId': {'fieldType': {'type': 'string'}, 'optional': True}, 'memorySpaceId': {'fieldType': {'type': 'string'}, 'optional': True}, 'createdAfter': {'fieldType': {'type': 'number'}, 'optional': True}, 'createdBefore': {'fieldType': {'type': 'number'}, 'optional': True}, 'updatedAfter': {'fieldType': {'type': 'number'}, 'optional': True}, 'updatedBefore': {'fieldType': {'type': 'number'}, 'optional': True}, 'query': {'fieldType': {'type': 'string'}, 'optional': False}, 'limit': {'fieldType': {'type': 'number'}, 'optional': True}}}}, 'outcomes': [{'file': 'tests/unit/runtimeMetadataAuth/handlers.test.ts', 'name': '36 registered modern public handlers immutable:search authorized outcomes', 'status': 'passed'}, {'file': 'tests/unit/runtimeMetadataAuth/handlers.test.ts', 'name': '36 registered modern public handlers immutable:search rejects missing verified identity without writes', 'status': 'passed'}, {'file': 'tests/unit/runtimeMetadataAuth/handlers.test.ts', 'name': '36 registered modern public handlers immutable:search rejects forged tenant without writes', 'status': 'passed'}], 'status': 'PASS bounded offline', 'sharedEvidence': ['original189 + affected03A133 + worker185 + historical151/72/19', 'native-errors106 exact bounded/private/control/infrastructure', 'scope-ambiguity80 omitted corruption, explicit healthy scope, eligibility pruning, final/pinned rollback', 'current-required18-outcomes + six required denial predicates'], 'liveEvidence': 'PENDING; no service/JWT/subscription/byte/callback/UI certification'}, {'path': 'immutable:purge', 'visibility': 'public', 'requiredCapability': 'write', 'scope': 'trusted tenant; explicitly space-scoped if resource/policy supports it', 'ownership': 'ownerPrincipalId must match for own access; cross-principal access within a tenant requires explicit space/tenant resourceAccess; admin never implies read/write/run', 'backgroundCheck': 'check verified identity and current authority on every invocation/subscription reevaluation; scheduled follow-up stores immutable reference', 'resourceLookup': '(trusted tenantId, type, id); every requested version uses the same trusted scope', 'nativeRegistration': {'path': 'immutable:purge', 'visibility': 'public', 'args': {'type': 'object', 'value': {'type': {'fieldType': {'type': 'string'}, 'optional': False}, 'id': {'fieldType': {'type': 'string'}, 'optional': False}, 'tenantId': {'fieldType': {'type': 'string'}, 'optional': True}, 'memorySpaceId': {'fieldType': {'type': 'string'}, 'optional': True}}}}, 'outcomes': [{'file': 'tests/unit/runtimeMetadataAuth/handlers.test.ts', 'name': '36 registered modern public handlers immutable:purge authorized outcomes', 'status': 'passed'}, {'file': 'tests/unit/runtimeMetadataAuth/handlers.test.ts', 'name': '36 registered modern public handlers immutable:purge rejects missing verified identity without writes', 'status': 'passed'}, {'file': 'tests/unit/runtimeMetadataAuth/handlers.test.ts', 'name': '36 registered modern public handlers immutable:purge rejects forged tenant without writes', 'status': 'passed'}], 'status': 'PASS bounded offline', 'sharedEvidence': ['original189 + affected03A133 + worker185 + historical151/72/19', 'native-errors106 exact bounded/private/control/infrastructure', 'scope-ambiguity80 omitted corruption, explicit healthy scope, eligibility pruning, final/pinned rollback', 'current-required18-outcomes + six required denial predicates'], 'liveEvidence': 'PENDING; no service/JWT/subscription/byte/callback/UI certification'}, {'path': 'immutable:purgeMany', 'visibility': 'public', 'requiredCapability': 'write', 'scope': 'trusted tenant; explicitly space-scoped if resource/policy supports it', 'ownership': 'ownerPrincipalId must match for own access; cross-principal access within a tenant requires explicit space/tenant resourceAccess; admin never implies read/write/run', 'backgroundCheck': 'check verified identity and current authority on every invocation/subscription reevaluation; scheduled follow-up stores immutable reference', 'resourceLookup': '(trusted tenantId, type, id); every requested version uses the same trusted scope', 'nativeRegistration': {'path': 'immutable:purgeMany', 'visibility': 'public', 'args': {'type': 'object', 'value': {'type': {'fieldType': {'type': 'string'}, 'optional': True}, 'userId': {'fieldType': {'type': 'string'}, 'optional': True}, 'tenantId': {'fieldType': {'type': 'string'}, 'optional': True}, 'memorySpaceId': {'fieldType': {'type': 'string'}, 'optional': True}, 'createdAfter': {'fieldType': {'type': 'number'}, 'optional': True}, 'createdBefore': {'fieldType': {'type': 'number'}, 'optional': True}, 'updatedAfter': {'fieldType': {'type': 'number'}, 'optional': True}, 'updatedBefore': {'fieldType': {'type': 'number'}, 'optional': True}}}}, 'outcomes': [{'file': 'tests/unit/runtimeMetadataAuth/handlers.test.ts', 'name': '36 registered modern public handlers immutable:purgeMany authorized outcomes', 'status': 'passed'}, {'file': 'tests/unit/runtimeMetadataAuth/handlers.test.ts', 'name': '36 registered modern public handlers immutable:purgeMany rejects missing verified identity without writes', 'status': 'passed'}, {'file': 'tests/unit/runtimeMetadataAuth/handlers.test.ts', 'name': '36 registered modern public handlers immutable:purgeMany rejects forged tenant without writes', 'status': 'passed'}], 'status': 'PASS bounded offline', 'sharedEvidence': ['original189 + affected03A133 + worker185 + historical151/72/19', 'native-errors106 exact bounded/private/control/infrastructure', 'scope-ambiguity80 omitted corruption, explicit healthy scope, eligibility pruning, final/pinned rollback', 'current-required18-outcomes + six required denial predicates'], 'liveEvidence': 'PENDING; no service/JWT/subscription/byte/callback/UI certification'}]
GITSDK_AUTH_IDENTICAL True
GITSDK_INDEX_IDENTICAL True
OWN_COMMANDS 41
COMMAND_EXIT_COUNTS {0: 37, 1: 4}
