132 ### Critical (must fix; blocks PASS)
133 
134 1. **Malformed lookalikes still produce operator authorization-negative PASS.** `scripts/operator-classifier.mjs:8` searches for the expected envelope anywhere in stderr. Lines11-12 search for a request marker and `Uncaught ConvexError` anywhere after it. They do not establish that the top-level official envelope belongs to the requested function or that the immediate ConvexError body has the installed server-error serialization. `operator-lookalike-assertions.json` records expected=false/actual=true and failed assertions for: a proxy description that merely contains the server marker/structured JSON; an EACCES body that prints an example marker/JSON; and an outer `runtimeAuth:authorize` envelope whose diagnostic merely mentions `runtimeAuth:recheck`. None has the required actual context/body shape, yet it yields OPERATOR_AUTHORIZATION_DENIED through operator.mjs:16 and satisfies client.ts:59. Require one complete official invocation envelope with the exact actual function and an anchored immediate server-error/structured ConvexError body; reject nested/quoted/mixed envelopes, diagnostic examples and unrelated error prefixes. Keep raw parsing in memory, add these independent falsepositive controls, and retain live compatibility as unexecuted/fail-closed. This is an offline predicate defect, not an asserted deployed exploit.
135 
136 2. **Process cleanup can claim REAPED before its owned grandchild is terminal.** `scripts/process-owner.mjs:14-16` sends SIGKILL, awaits only the direct leader's `closed`, then deletes the record. `driver-engine.mjs:72-75` derives remaining groups and REAPED solely from that Set. The unchanged actual driver probe, after the accepted root manifest correction, exits1 at driver-check.mjs:80/88: the whole-timeout operator grandchild is neither Z nor X when checked after the41-case receipt. That receipt still says REAPED/remaining0. The PID is65508, recorded in its private replay file, and later reaches Z. Two later full replays and20 focused probes sample terminal descendants, so the failure is intermittent rather than a persistent orphan. There is no bounded group-member terminal-state wait in the frozen ProcessOwner implementation. Keep direct-child waiting, then verify owned descendants are terminal/absent under a bounded Linux check before clearing ownership and emitting REAPED; inability to establish this must retain FAIL. Do not claim waitpid ownership of PID1 zombies or introduce an OS-sandbox claim. Preserve the failed check and ensure the stable required process assertion passes after repair.
137 
138 ### Important (should fix in the same bounded revision)
139 
140 3. **Deployment/cleanup still lose final operation evidence if key/target preflight becomes unavailable after shutdown.** `deploy.mjs:8` and `cleanup.mjs:11` validate initial output names but discard the output binding. After operator/process shutdown, deploy:17 and cleanup:41 call writeEvidence, whose guard.mjs:133 runs livePreflight again, rereading target/env/key/provenance. A failure there prevents the operation receipt even though work already occurred. The qualification driver correctly retains validatedOutput and uses writeDriverReceipt, proving the required pattern is available, but it is restricted to qualify basenames. Apply the initially validated exclusive binding to deployment and cleanup result/error finalization too, retaining canonical/no-alias/exclusive checks without a second target/key dependency. This finding is from the exact source path; no live deployment/cleanup or target/key mutation was performed to demonstrate it.
141 
142 ### Minor
143 
144 4. **Advertised driver discovery is35, actual final discovery is34.** README/report repeatedly state35 driver assertions; the preserved final2-driver.txt and driver-check-d5211e5c-0792-4763-8d71-64fba648fbcf.json both say34. Both successful independent replays likewise discover34 with skipped0. Correct the documents/count or supply the missing meaningful assertion; do not relabel34 as35. The live case list remains exactly41.
145 
146 No additional accepted-byte, SDK package, target-selector, private output, archive preservation, type or scoped lint defect was found. The accepted native helper ambiguity issue remains a separate unresolved dependency; it is not downgraded or certified by this review.
147 
148 ## Dimension Scores
149 
150 | Dimension | Score | Evidence |
151 | --- | --- | --- |
152 | Requirement Fulfillment |2/5 |Major original repairs verified, but exact negative classification and stable descendant finalization fail; deployment/cleanup binding criterion incomplete |
153 | Code Quality |3/5 |Clear parent/child boundary, explicit bounded calls and ledger; substring context parser and leader-only cleanup completion need repair |
154 | Test Quality |2/5 |Many exact data/effect assertions; independent falsepositive controls contradict negativePASS claim; actual required process check fails intermittently |
155 | Pattern Adherence |4/5 |Exact accepted source, official CLI/clients, separate native type configs, owned scratch and honest scope/OS limits |
156 | Completeness |2/5 |Offline candidate cannot meet its remaining adoption guarantees; three entrypoint output/finalization paths need consistent completion |
157 
158 **Average:2.6/5.** Judge-task requires Requirement Fulfillment5 and every dimension at least4 for PASS. The supplied35-check claim and later passing replays cannot override the independent failures. No requirement or assertion was weakened during this review.
159 
160 ## Recommendations
161 
162 Preserve this rejected second freeze and all raw receipts. Within the remaining bounded harness repair cycle, fix the diagnostic context/body parser, bounded group terminal-state verification and initial-binding deployment/cleanup receipts; correct discovery documentation; rerun affected original and new meaningful offline checks, freeze and obtain a fresh independent verdict. Keep the accepted4fb/c92 dependency freeze until the parent separately authorizes the independently qualified native helper refresh. No actual target/service phase should proceed from this verdict. After every dependency/harness gate passes, the parent must execute official guarded codegen, all41 real cases, owned fencing and exact project retirement, followed by an independent service verdict. All broader goal requirements remain pending.
