npm notice run @cortexmemory/sdk@0.37.0 build
npm notice run tsup src/index.ts --format cjs,esm --dts --clean
CLI Building entry: src/index.ts
CLI Using tsconfig: tsconfig.json
CLI tsup v8.5.1
CLI Target: es2022
CLI Cleaning output folder
CJS Build start
ESM Build start
ESM dist/ChunkingStrategies-GIZC5TDJ.js        8.03 KB
ESM dist/api-FDLQT46H.js                       145.00 B
ESM dist/ProgressiveStorageHandler-KJ4VPM3O.js 5.22 KB
ESM dist/FactExtractor-4ZJUPME3.js             7.98 KB
ESM dist/StreamProcessor-NL3NUOFP.js           5.76 KB
ESM dist/chunk-H4ZZ5YXT.js                     6.14 KB
ESM dist/ProgressiveGraphSync-RKOWEMT5.js      4.35 KB
ESM dist/chunk-24X3JR4G.js                     215.00 B
ESM dist/ErrorRecovery-XMWRFTO3.js             7.36 KB
ESM dist/AdaptiveProcessor-SHAPUARM.js         6.65 KB
ESM dist/chunk-EOYUOIQS.js                     5.83 KB
ESM dist/StreamMetrics-YNNJGIZN.js             119.00 B
ESM dist/chunk-3RG5ZIWI.js                     390.00 B
ESM dist/index.js                              706.16 KB
ESM ⚡️ Build success in 294ms
CJS dist/index.cjs 777.67 KB
CJS ⚡️ Build success in 294ms
DTS Build start
DTS ⚡️ Build success in 8339ms
DTS dist/index.d.cts 324.41 KB
DTS dist/index.d.ts  324.41 KB
