✔ declared exact copies and sole bootstrap divergence (11.256722ms)
✔ fixed synthetic root identity and deeply frozen graph; production root remains empty (15.80673ms)
✔ actual native registration inventory and full product schema preservation (7.176819ms)
✔ all200 public argument samples obey actual native validators without storage writes (4.604059ms)
✔ receipt allowlist rejects arbitrary secret/data fields and illegal status (0.727368ms)
✔ exclusive receipt refuses overwrite and path guard rejects symlinks/hardlinks (4.134045ms)
✔ target rejects historical/shared/selector-conflicted identities (0.83999ms)
✔ bounded HTTP body refuses oversized response before parsing (18.594804ms)
✔ case discovery includes8 repairs,2 positives,embedding/result/fallback/conflicting receipts (0.655973ms)
✔ owned process waits leader and verifies terminal process group (70.933205ms)
✔ owned process timeout kills descendants and retains honest timeout evidence (134.470178ms)
✔ all26 historical definitions and173+8 indexes unchanged against accepted before-image (17.790191ms)
ℹ tests 12
ℹ suites 0
ℹ pass 12
ℹ fail 0
ℹ cancelled 0
ℹ skipped 0
ℹ todo 0
ℹ duration_ms 2360.042947
