_goals/convex-backend-runtime-2026-10-02/qa/task04-native-admission-fixture-c1/scripts/guard.mjs(8,21): error TS7006: Parameter 'v' implicitly has an 'any' type.
_goals/convex-backend-runtime-2026-10-02/qa/task04-native-admission-fixture-c1/scripts/guard.mjs(10,27): error TS7006: Parameter 'path' implicitly has an 'any' type.
_goals/convex-backend-runtime-2026-10-02/qa/task04-native-admission-fixture-c1/scripts/guard.mjs(10,32): error TS7006: Parameter 'base' implicitly has an 'any' type.
_goals/convex-backend-runtime-2026-10-02/qa/task04-native-admission-fixture-c1/scripts/guard.mjs(11,58): error TS2322: Type 'string' is not assignable to type '"\\" | "/"'.
_goals/convex-backend-runtime-2026-10-02/qa/task04-native-admission-fixture-c1/scripts/guard.mjs(12,114): error TS2722: Cannot invoke an object which is possibly 'undefined'.
_goals/convex-backend-runtime-2026-10-02/qa/task04-native-admission-fixture-c1/scripts/guard.mjs(13,22): error TS7006: Parameter 'path' implicitly has an 'any' type.
_goals/convex-backend-runtime-2026-10-02/qa/task04-native-admission-fixture-c1/scripts/guard.mjs(14,27): error TS7006: Parameter 'path' implicitly has an 'any' type.
_goals/convex-backend-runtime-2026-10-02/qa/task04-native-admission-fixture-c1/scripts/guard.mjs(14,32): error TS7006: Parameter 'value' implicitly has an 'any' type.
_goals/convex-backend-runtime-2026-10-02/qa/task04-native-admission-fixture-c1/scripts/guard.mjs(15,10): error TS7023: 'operationalPaths' implicitly has return type 'any' because it does not have a return type annotation and is referenced directly or indirectly in one of its return expressions.
_goals/convex-backend-runtime-2026-10-02/qa/task04-native-admission-fixture-c1/scripts/guard.mjs(15,112): error TS7024: Function implicitly has return type 'any' because it does not have a return type annotation and is referenced directly or indirectly in one of its return expressions.
_goals/convex-backend-runtime-2026-10-02/qa/task04-native-admission-fixture-c1/scripts/guard.mjs(20,32): error TS7006: Parameter 'target' implicitly has an 'any' type.
_goals/convex-backend-runtime-2026-10-02/qa/task04-native-admission-fixture-c1/scripts/guard.mjs(20,39): error TS7006: Parameter 'request' implicitly has an 'any' type.
_goals/convex-backend-runtime-2026-10-02/qa/task04-native-admission-fixture-c1/scripts/guard.mjs(20,47): error TS7006: Parameter 'values' implicitly has an 'any' type.
_goals/convex-backend-runtime-2026-10-02/qa/task04-native-admission-fixture-c1/scripts/guard.mjs(22,138): error TS7053: Element implicitly has an 'any' type because expression of type 'string' can't be used to index type '{}'.
  No index signature with a parameter of type 'string' was found on type '{}'.
_goals/convex-backend-runtime-2026-10-02/qa/task04-native-admission-fixture-c1/scripts/guard.mjs(22,222): error TS7053: Element implicitly has an 'any' type because expression of type 'string' can't be used to index type '{}'.
  No index signature with a parameter of type 'string' was found on type '{}'.
_goals/convex-backend-runtime-2026-10-02/qa/task04-native-admission-fixture-c1/scripts/guard.mjs(22,239): error TS7053: Element implicitly has an 'any' type because expression of type 'string' can't be used to index type '{}'.
  No index signature with a parameter of type 'string' was found on type '{}'.
_goals/convex-backend-runtime-2026-10-02/qa/task04-native-admission-fixture-c1/scripts/guard.mjs(23,31): error TS7006: Parameter 'phase' implicitly has an 'any' type.
_goals/convex-backend-runtime-2026-10-02/qa/task04-native-admission-fixture-c1/scripts/guard.mjs(23,111): error TS2722: Cannot invoke an object which is possibly 'undefined'.
_goals/convex-backend-runtime-2026-10-02/qa/task04-native-admission-fixture-c1/scripts/guard.mjs(27,74): error TS7006: Parameter 'row' implicitly has an 'any' type.
_goals/convex-backend-runtime-2026-10-02/qa/task04-native-admission-fixture-c1/scripts/guard.mjs(29,29): error TS7006: Parameter 'value' implicitly has an 'any' type.
_goals/convex-backend-runtime-2026-10-02/qa/task04-native-admission-fixture-c1/scripts/guard.mjs(30,34): error TS7006: Parameter 'runId' implicitly has an 'any' type.
_goals/convex-backend-runtime-2026-10-02/qa/task04-native-admission-fixture-c1/scripts/guard.mjs(30,40): error TS7006: Parameter 'operation' implicitly has an 'any' type.
_goals/convex-backend-runtime-2026-10-02/qa/task04-native-admission-fixture-c1/scripts/guard.mjs(31,9): error TS7006: Parameter 'event' implicitly has an 'any' type.
_goals/convex-backend-runtime-2026-10-02/qa/task04-native-admission-fixture-c1/scripts/guard.mjs(34,37): error TS7006: Parameter 'kind' implicitly has an 'any' type.
_goals/convex-backend-runtime-2026-10-02/qa/task04-native-admission-fixture-c1/scripts/guard.mjs(34,42): error TS7006: Parameter 'max' implicitly has an 'any' type.
_goals/convex-backend-runtime-2026-10-02/qa/task04-native-admission-fixture-c1/scripts/guard.mjs(34,346): error TS18046: 'error' is of type 'unknown'.
_goals/convex-backend-runtime-2026-10-02/qa/task04-native-admission-fixture-c1/scripts/management-contract.mjs(3,42): error TS7006: Parameter 'request' implicitly has an 'any' type.
_goals/convex-backend-runtime-2026-10-02/qa/task04-native-admission-fixture-c1/scripts/management-contract.mjs(3,50): error TS7006: Parameter 'ownership' implicitly has an 'any' type.
_goals/convex-backend-runtime-2026-10-02/qa/task04-native-admission-fixture-c1/scripts/management-contract.mjs(7,36): error TS7006: Parameter 'request' implicitly has an 'any' type.
_goals/convex-backend-runtime-2026-10-02/qa/task04-native-admission-fixture-c1/scripts/management-contract.mjs(7,44): error TS7006: Parameter 'ownership' implicitly has an 'any' type.
_goals/convex-backend-runtime-2026-10-02/qa/task04-native-admission-fixture-c1/scripts/management-contract.mjs(7,54): error TS7006: Parameter 'project' implicitly has an 'any' type.
_goals/convex-backend-runtime-2026-10-02/qa/task04-native-admission-fixture-c1/scripts/management-contract.mjs(7,62): error TS7006: Parameter 'deployments' implicitly has an 'any' type.
_goals/convex-backend-runtime-2026-10-02/qa/task04-native-admission-fixture-c1/scripts/management-contract.mjs(7,74): error TS7006: Parameter 'deployment' implicitly has an 'any' type.
_goals/convex-backend-runtime-2026-10-02/qa/task04-native-admission-fixture-c1/scripts/management-contract.mjs(7,85): error TS7006: Parameter 'target' implicitly has an 'any' type.
_goals/convex-backend-runtime-2026-10-02/qa/task04-native-admission-fixture-c1/scripts/retire.mjs(7,26): error TS2345: Argument of type 'NonSharedBuffer' is not assignable to parameter of type 'string'.
_goals/convex-backend-runtime-2026-10-02/qa/task04-native-admission-fixture-c1/scripts/retire.mjs(7,86): error TS2304: Cannot find name 'fixture'.
_goals/convex-backend-runtime-2026-10-02/qa/task04-native-admission-fixture-c1/scripts/retire.mjs(8,28): error TS2345: Argument of type 'NonSharedBuffer' is not assignable to parameter of type 'string'.
_goals/convex-backend-runtime-2026-10-02/qa/task04-native-admission-fixture-c1/scripts/retire.mjs(10,118): error TS2345: Argument of type 'NonSharedBuffer' is not assignable to parameter of type 'string'.
_goals/convex-backend-runtime-2026-10-02/qa/task04-native-admission-fixture-c1/scripts/retire.mjs(13,17): error TS7006: Parameter 'path' implicitly has an 'any' type.
