(node:25285) ExperimentalWarning: VM Modules is an experimental feature and might change at any time
(Use `node --trace-warnings ...` to show where the warning was created)
PASS tests/unit/runtimeMetadataAuth/registrations.test.ts
PASS tests/unit/runtimeMetadataAuth/handlers.test.ts


════════════════════════════════════════════════════════════════════════════════
📊 TEST SUITE PERFORMANCE REPORT
════════════════════════════════════════════════════════════════════════════════

🟢 SHORT SUITES (<30s) - Fast!
--------------------------------------------------------------------------------
  ✅     3.4s | 2/2 passed | /tests/unit/runtimeMetadataAuth/registrations.test.ts
  ✅     1.5s | 135/135 passed | /tests/unit/runtimeMetadataAuth/handlers.test.ts


════════════════════════════════════════════════════════════════════════════════
⏱️  TOP 20 SLOWEST INDIVIDUAL TESTS
════════════════════════════════════════════════════════════════════════════════

 1. [32m✓[0m    0.28s ( 5.6%) - import-aware AST and native Convex registration visibility retained import-aware AST finds the exact baseline paths with zero unresolved
    /tests/unit/runtimeMetadataAuth/registrations.test.ts

 2. [32m✓[0m    0.01s ( 0.2%) - 36 registered modern public handlers immutable:store rejects missing verified identity without writes
    /tests/unit/runtimeMetadataAuth/handlers.test.ts

 3. [32m✓[0m    0.01s ( 0.1%) - import-aware AST and native Convex registration visibility actual framework registrations are exactly 41=36+5 with no public reference credentials
    /tests/unit/runtimeMetadataAuth/registrations.test.ts

 4. [32m✓[0m    0.01s ( 0.1%) - 36 registered modern public handlers immutable:store authorized outcomes
    /tests/unit/runtimeMetadataAuth/handlers.test.ts

 5. [32m✓[0m    0.01s ( 0.1%) - 36 registered modern public handlers immutable:purgeVersions rejects missing verified identity without writes
    /tests/unit/runtimeMetadataAuth/handlers.test.ts

 6. [32m✓[0m    0.00s ( 0.0%) - 36 registered modern public handlers immutable:purge authorized outcomes
    /tests/unit/runtimeMetadataAuth/handlers.test.ts

 7. [32m✓[0m    0.00s ( 0.0%) - 36 registered modern public handlers immutable:purge rejects missing verified identity without writes
    /tests/unit/runtimeMetadataAuth/handlers.test.ts

 8. [32m✓[0m    0.00s ( 0.0%) - 36 registered modern public handlers mutable:set rejects missing verified identity without writes
    /tests/unit/runtimeMetadataAuth/handlers.test.ts

 9. [32m✓[0m    0.00s ( 0.0%) - isolation, receipts, fences and transaction outcomes write-only updates/store/transactions never return old values/history/unsupplied IDs
    /tests/unit/runtimeMetadataAuth/handlers.test.ts

10. [32m✓[0m    0.00s ( 0.0%) - isolation, receipts, fences and transaction outcomes read expiry during final READ control lookup fails joint barrier and rolls back
    /tests/unit/runtimeMetadataAuth/handlers.test.ts

11. [32m✓[0m    0.00s ( 0.0%) - isolation, receipts, fences and transaction outcomes tombstoning colliding historical colon keys fences only the exact composite source
    /tests/unit/runtimeMetadataAuth/handlers.test.ts

12. [32m✓[0m    0.00s ( 0.0%) - isolation, receipts, fences and transaction outcomes deleted scope/expired grants/current corrupt duplicates deny
    /tests/unit/runtimeMetadataAuth/handlers.test.ts

13. [32m✓[0m    0.00s ( 0.0%) - isolation, receipts, fences and transaction outcomes session uniqueness/end/expiry never restores ended application sessions or revokes grants
    /tests/unit/runtimeMetadataAuth/handlers.test.ts

14. [32m✓[0m    0.00s ( 0.0%) - 36 registered modern public handlers immutable:get authorized outcomes
    /tests/unit/runtimeMetadataAuth/handlers.test.ts

15. [32m✓[0m    0.00s ( 0.0%) - 36 registered modern public handlers immutable:getVersion authorized outcomes
    /tests/unit/runtimeMetadataAuth/handlers.test.ts

16. [32m✓[0m    0.00s ( 0.0%) - 36 registered modern public handlers immutable:count authorized outcomes
    /tests/unit/runtimeMetadataAuth/handlers.test.ts

17. [32m✓[0m    0.00s ( 0.0%) - 36 registered modern public handlers immutable:purgeMany authorized outcomes
    /tests/unit/runtimeMetadataAuth/handlers.test.ts

18. [32m✓[0m    0.00s ( 0.0%) - 36 registered modern public handlers mutable:set authorized outcomes
    /tests/unit/runtimeMetadataAuth/handlers.test.ts

19. [32m✓[0m    0.00s ( 0.0%) - 36 registered modern public handlers mutable:update authorized outcomes
    /tests/unit/runtimeMetadataAuth/handlers.test.ts

20. [32m✓[0m    0.00s ( 0.0%) - 36 registered modern public handlers mutable:deleteKey authorized outcomes
    /tests/unit/runtimeMetadataAuth/handlers.test.ts

--------------------------------------------------------------------------------
Top 20 tests: 0.34s (6.6% of runtime)


════════════════════════════════════════════════════════════════════════════════
📈 SUMMARY
════════════════════════════════════════════════════════════════════════════════
  Total runtime:      5.08s
  Test suites:        2
  Individual tests:   91
  Long suites (>2m):  0
  Medium suites:      0
  Short suites (<30s): 2
════════════════════════════════════════════════════════════════════════════════


Test Suites: 2 passed, 2 total
Tests:       137 passed, 137 total
Snapshots:   0 total
Time:        5.08 s, estimated 6 s
Test results written to: _goals/convex-backend-runtime-2026-10-02/qa/task03b2a/jest-results.json
Force exiting Jest: Have you considered using `--detectOpenHandles` to detect async operations that kept running after all tests finished?
