convex-dev/facts.ts(105,7): error TS2353: Object literal may only specify known properties, and 'runtimeEditor' does not exist in type '{ object?: string | undefined; tenantId?: string | undefined; ownerPrincipalId?: string | undefined; subject?: string | undefined; lineage?: { role: "user"; trust: "user_assertion"; sourceId: string; sourceEventId: string; sourceRevision: number; } | { ...; } | { ...; } | undefined; ... 27 more ...; updatedAt: numbe...'.
convex-dev/facts.ts(205,7): error TS2353: Object literal may only specify known properties, and 'runtimeEditor' does not exist in type '{ object?: string | undefined; tenantId?: string | undefined; ownerPrincipalId?: string | undefined; subject?: string | undefined; lineage?: { role: "user"; trust: "user_assertion"; sourceId: string; sourceEventId: string; sourceRevision: number; } | { ...; } | { ...; } | undefined; ... 27 more ...; updatedAt: numbe...'.
convex-dev/facts.ts(332,39): error TS2353: Object literal may only specify known properties, and 'runtimeEditor' does not exist in type 'PatchValue<{ _id: Id<"facts">; _creationTime: number; object?: string | undefined; tenantId?: string | undefined; ownerPrincipalId?: string | undefined; subject?: string | undefined; lineage?: { ...; } | ... 2 more ... | undefined; ... 27 more ...; updatedAt: number; }>'.
convex-dev/facts.ts(339,39): error TS2353: Object literal may only specify known properties, and 'runtimeEditor' does not exist in type 'PatchValue<{ _id: Id<"facts">; _creationTime: number; object?: string | undefined; tenantId?: string | undefined; ownerPrincipalId?: string | undefined; subject?: string | undefined; lineage?: { ...; } | ... 2 more ... | undefined; ... 27 more ...; updatedAt: number; }>'.
convex-dev/facts.ts(427,52): error TS2353: Object literal may only specify known properties, and 'runtimeEditor' does not exist in type 'PatchValue<{ _id: Id<"facts">; _creationTime: number; object?: string | undefined; tenantId?: string | undefined; ownerPrincipalId?: string | undefined; subject?: string | undefined; lineage?: { ...; } | ... 2 more ... | undefined; ... 27 more ...; updatedAt: number; }>'.
convex-dev/facts.ts(1563,71): error TS2353: Object literal may only specify known properties, and 'runtimeEditor' does not exist in type 'PatchValue<{ _id: Id<"facts">; _creationTime: number; object?: string | undefined; tenantId?: string | undefined; ownerPrincipalId?: string | undefined; subject?: string | undefined; lineage?: { ...; } | ... 2 more ... | undefined; ... 27 more ...; updatedAt: number; }>'.
convex-dev/facts.ts(1565,36): error TS2353: Object literal may only specify known properties, and 'runtimeEditor' does not exist in type 'PatchValue<{ _id: Id<"facts">; _creationTime: number; object?: string | undefined; tenantId?: string | undefined; ownerPrincipalId?: string | undefined; subject?: string | undefined; lineage?: { ...; } | ... 2 more ... | undefined; ... 27 more ...; updatedAt: number; }>'.
convex-dev/memories.ts(105,7): error TS2353: Object literal may only specify known properties, and 'ownerPrincipalId' does not exist in type '{ tenantId?: string | undefined; embedding?: number[] | undefined; userId?: string | undefined; participantId?: string | undefined; agentId?: string | undefined; metadata?: any; sourceUserId?: string | undefined; ... 23 more ...; accessCount: number; }'.
convex-dev/memories.ts(172,7): error TS2353: Object literal may only specify known properties, and 'ownerPrincipalId' does not exist in type '{ tenantId?: string | undefined; embedding?: number[] | undefined; userId?: string | undefined; participantId?: string | undefined; agentId?: string | undefined; metadata?: any; sourceUserId?: string | undefined; ... 23 more ...; accessCount: number; }'.
convex-dev/memories.ts(225,38): error TS2353: Object literal may only specify known properties, and 'runtimeEditor' does not exist in type 'PatchValue<{ _id: Id<"memories">; _creationTime: number; tenantId?: string | undefined; embedding?: number[] | undefined; userId?: string | undefined; participantId?: string | undefined; agentId?: string | undefined; ... 25 more ...; accessCount: number; }>'.
convex-dev/memories.ts(266,38): error TS2353: Object literal may only specify known properties, and 'runtimeEditor' does not exist in type 'PatchValue<{ _id: Id<"memories">; _creationTime: number; tenantId?: string | undefined; embedding?: number[] | undefined; userId?: string | undefined; participantId?: string | undefined; agentId?: string | undefined; ... 25 more ...; accessCount: number; }>'.
convex-dev/memories.ts(535,38): error TS2353: Object literal may only specify known properties, and 'runtimeEditor' does not exist in type 'PatchValue<{ _id: Id<"memories">; _creationTime: number; tenantId?: string | undefined; embedding?: number[] | undefined; userId?: string | undefined; participantId?: string | undefined; agentId?: string | undefined; ... 25 more ...; accessCount: number; }>'.
convex-dev/memories.ts(549,79): error TS2339: Property 'ownerPrincipalId' does not exist on type '{ _id: Id<"memories">; _creationTime: number; tenantId?: string | undefined; embedding?: number[] | undefined; userId?: string | undefined; participantId?: string | undefined; agentId?: string | undefined; ... 25 more ...; accessCount: number; }'.
convex-dev/memories.ts(865,52): error TS2353: Object literal may only specify known properties, and 'runtimeEditor' does not exist in type 'PatchValue<{ _id: Id<"memories">; _creationTime: number; tenantId?: string | undefined; embedding?: number[] | undefined; userId?: string | undefined; participantId?: string | undefined; agentId?: string | undefined; ... 25 more ...; accessCount: number; }>'.
convex-dev/memories.ts(906,38): error TS2353: Object literal may only specify known properties, and 'runtimeEditor' does not exist in type 'PatchValue<{ _id: Id<"memories">; _creationTime: number; tenantId?: string | undefined; embedding?: number[] | undefined; userId?: string | undefined; participantId?: string | undefined; agentId?: string | undefined; ... 25 more ...; accessCount: number; }>'.
convex-dev/memories.ts(953,38): error TS2353: Object literal may only specify known properties, and 'runtimeEditor' does not exist in type 'PatchValue<{ _id: Id<"memories">; _creationTime: number; tenantId?: string | undefined; embedding?: number[] | undefined; userId?: string | undefined; participantId?: string | undefined; agentId?: string | undefined; ... 25 more ...; accessCount: number; }>'.
convex-dev/memories.ts(959,87): error TS2339: Property 'ownerPrincipalId' does not exist on type '{ _id: Id<"memories">; _creationTime: number; tenantId?: string | undefined; embedding?: number[] | undefined; userId?: string | undefined; participantId?: string | undefined; agentId?: string | undefined; ... 25 more ...; accessCount: number; }'.
convex-dev/runtimeDataAuth.ts(69,85): error TS2339: Property 'ownerPrincipalId' does not exist on type 'DataRow'.
  Property 'ownerPrincipalId' does not exist on type '{ _id: Id<"memories">; _creationTime: number; tenantId?: string | undefined; embedding?: number[] | undefined; userId?: string | undefined; participantId?: string | undefined; agentId?: string | undefined; ... 25 more ...; accessCount: number; }'.
convex-dev/runtimeDataAuth.ts(130,63): error TS2345: Argument of type '"by_runtime_scope_memoryId"' is not assignable to parameter of type '"by_tenant_space" | "by_memorySpace" | "by_tenantId" | "by_userId" | "by_memoryId" | "by_agentId" | "by_memorySpace_created" | "by_memorySpace_userId" | "by_memorySpace_agentId" | "by_participantId" | keyof SystemIndexes'.
convex-dev/runtimeDataAuth.ts(131,10): error TS2339: Property 'eq' does not exist on type 'IndexRange'.
convex-dev/runtimeDataAuth.ts(208,13): error TS2339: Property 'tombstonedAt' does not exist on type 'DataRow'.
  Property 'tombstonedAt' does not exist on type '{ _id: Id<"memories">; _creationTime: number; tenantId?: string | undefined; embedding?: number[] | undefined; userId?: string | undefined; participantId?: string | undefined; agentId?: string | undefined; ... 25 more ...; accessCount: number; }'.
convex-dev/runtimeDataAuth.ts(225,12): error TS2339: Property 'lineage' does not exist on type 'DataRow'.
  Property 'lineage' does not exist on type '{ _id: Id<"memories">; _creationTime: number; tenantId?: string | undefined; embedding?: number[] | undefined; userId?: string | undefined; participantId?: string | undefined; agentId?: string | undefined; ... 25 more ...; accessCount: number; }'.
convex-dev/runtimeDataAuth.ts(225,28): error TS2339: Property 'ownerPrincipalId' does not exist on type 'DataRow'.
  Property 'ownerPrincipalId' does not exist on type '{ _id: Id<"memories">; _creationTime: number; tenantId?: string | undefined; embedding?: number[] | undefined; userId?: string | undefined; participantId?: string | undefined; agentId?: string | undefined; ... 25 more ...; accessCount: number; }'.
convex-dev/runtimeDataAuth.ts(225,52): error TS2339: Property 'tombstonedAt' does not exist on type 'DataRow'.
  Property 'tombstonedAt' does not exist on type '{ _id: Id<"memories">; _creationTime: number; tenantId?: string | undefined; embedding?: number[] | undefined; userId?: string | undefined; participantId?: string | undefined; agentId?: string | undefined; ... 25 more ...; accessCount: number; }'.
convex-dev/runtimeDataAuth.ts(226,13): error TS2339: Property 'lineage' does not exist on type 'DataRow'.
  Property 'lineage' does not exist on type '{ _id: Id<"memories">; _creationTime: number; tenantId?: string | undefined; embedding?: number[] | undefined; userId?: string | undefined; participantId?: string | undefined; agentId?: string | undefined; ... 25 more ...; accessCount: number; }'.
convex-dev/runtimeDataAuth.ts(226,64): error TS2339: Property 'lineage' does not exist on type 'DataRow'.
  Property 'lineage' does not exist on type '{ _id: Id<"memories">; _creationTime: number; tenantId?: string | undefined; embedding?: number[] | undefined; userId?: string | undefined; participantId?: string | undefined; agentId?: string | undefined; ... 25 more ...; accessCount: number; }'.
convex-dev/runtimeDataAuth.ts(226,95): error TS2339: Property 'lineage' does not exist on type 'DataRow'.
  Property 'lineage' does not exist on type '{ _id: Id<"memories">; _creationTime: number; tenantId?: string | undefined; embedding?: number[] | undefined; userId?: string | undefined; participantId?: string | undefined; agentId?: string | undefined; ... 25 more ...; accessCount: number; }'.
convex-dev/runtimeDataAuth.ts(229,78): error TS2339: Property 'lineage' does not exist on type 'DataRow'.
  Property 'lineage' does not exist on type '{ _id: Id<"memories">; _creationTime: number; tenantId?: string | undefined; embedding?: number[] | undefined; userId?: string | undefined; participantId?: string | undefined; agentId?: string | undefined; ... 25 more ...; accessCount: number; }'.
convex-dev/runtimeDataAuth.ts(230,56): error TS2339: Property 'ownerPrincipalId' does not exist on type 'DataRow'.
  Property 'ownerPrincipalId' does not exist on type '{ _id: Id<"memories">; _creationTime: number; tenantId?: string | undefined; embedding?: number[] | undefined; userId?: string | undefined; participantId?: string | undefined; agentId?: string | undefined; ... 25 more ...; accessCount: number; }'.
convex-dev/runtimeDataAuth.ts(231,87): error TS2339: Property 'ownerPrincipalId' does not exist on type 'DataRow'.
  Property 'ownerPrincipalId' does not exist on type '{ _id: Id<"memories">; _creationTime: number; tenantId?: string | undefined; embedding?: number[] | undefined; userId?: string | undefined; participantId?: string | undefined; agentId?: string | undefined; ... 25 more ...; accessCount: number; }'.
convex-dev/runtimeDataAuth.ts(232,41): error TS2339: Property 'lineage' does not exist on type 'DataRow'.
  Property 'lineage' does not exist on type '{ _id: Id<"memories">; _creationTime: number; tenantId?: string | undefined; embedding?: number[] | undefined; userId?: string | undefined; participantId?: string | undefined; agentId?: string | undefined; ... 25 more ...; accessCount: number; }'.
convex-dev/runtimeDataAuth.ts(338,56): error TS2345: Argument of type '"by_runtime_scope_memoryId"' is not assignable to parameter of type '"by_tenant_space" | "by_memorySpace" | "by_tenantId" | "by_userId" | "by_memoryId" | "by_agentId" | "by_memorySpace_created" | "by_memorySpace_userId" | "by_memorySpace_agentId" | "by_participantId" | keyof SystemIndexes'.
convex-dev/runtimeDataAuth.ts(339,6): error TS2339: Property 'eq' does not exist on type 'IndexRange'.
convex-dev/runtimeDataAuth.ts(340,68): error TS2345: Argument of type '"ownerPrincipalId"' is not assignable to parameter of type '"_id" | ExtractFieldPaths<VObject<{ tenantId?: string | undefined; embedding?: number[] | undefined; userId?: string | undefined; participantId?: string | undefined; agentId?: string | undefined; metadata?: any; ... 24 more ...; accessCount: number; }, { ...; }, "required", "tenantId" | ... 43 more ... | `partialMet...'.
convex-dev/runtimeDataAuth.ts(341,23): error TS2345: Argument of type '"ownerPrincipalId"' is not assignable to parameter of type '"_id" | ExtractFieldPaths<VObject<{ tenantId?: string | undefined; embedding?: number[] | undefined; userId?: string | undefined; participantId?: string | undefined; agentId?: string | undefined; metadata?: any; ... 24 more ...; accessCount: number; }, { ...; }, "required", "tenantId" | ... 43 more ... | `partialMet...'.
convex-dev/runtimeDataAuth.ts(359,13): error TS2339: Property 'tombstonedAt' does not exist on type 'DataRow'.
  Property 'tombstonedAt' does not exist on type '{ _id: Id<"memories">; _creationTime: number; tenantId?: string | undefined; embedding?: number[] | undefined; userId?: string | undefined; participantId?: string | undefined; agentId?: string | undefined; ... 25 more ...; accessCount: number; }'.
convex-dev/runtimeDataAuth.ts(359,48): error TS2339: Property 'lineage' does not exist on type 'DataRow'.
  Property 'lineage' does not exist on type '{ _id: Id<"memories">; _creationTime: number; tenantId?: string | undefined; embedding?: number[] | undefined; userId?: string | undefined; participantId?: string | undefined; agentId?: string | undefined; ... 25 more ...; accessCount: number; }'.
convex-dev/runtimeDataAuth.ts(359,64): error TS2339: Property 'ownerPrincipalId' does not exist on type 'DataRow'.
  Property 'ownerPrincipalId' does not exist on type '{ _id: Id<"memories">; _creationTime: number; tenantId?: string | undefined; embedding?: number[] | undefined; userId?: string | undefined; participantId?: string | undefined; agentId?: string | undefined; ... 25 more ...; accessCount: number; }'.
convex-dev/runtimeDataAuth.ts(374,37): error TS2345: Argument of type '"tombstonedAt"' is not assignable to parameter of type '"_id" | ExtractFieldPaths<VObject<{ tenantId?: string | undefined; embedding?: number[] | undefined; userId?: string | undefined; participantId?: string | undefined; agentId?: string | undefined; metadata?: any; ... 24 more ...; accessCount: number; }, { ...; }, "required", "tenantId" | ... 43 more ... | `partialMet...'.
convex-dev/runtimeDataAuth.ts(375,57): error TS2345: Argument of type '"ownerPrincipalId"' is not assignable to parameter of type '"_id" | ExtractFieldPaths<VObject<{ tenantId?: string | undefined; embedding?: number[] | undefined; userId?: string | undefined; participantId?: string | undefined; agentId?: string | undefined; metadata?: any; ... 24 more ...; accessCount: number; }, { ...; }, "required", "tenantId" | ... 43 more ... | `partialMet...'.
convex-dev/runtimeDataAuth.ts(375,117): error TS2345: Argument of type '"ownerPrincipalId"' is not assignable to parameter of type '"_id" | ExtractFieldPaths<VObject<{ tenantId?: string | undefined; embedding?: number[] | undefined; userId?: string | undefined; participantId?: string | undefined; agentId?: string | undefined; metadata?: any; ... 24 more ...; accessCount: number; }, { ...; }, "required", "tenantId" | ... 43 more ... | `partialMet...'.
convex-dev/runtimeDataAuth.ts(387,59): error TS2345: Argument of type '"ownerPrincipalId"' is not assignable to parameter of type '"tenantId" | "memorySpaceId" | "sourceType" | "userId" | "participantId" | "agentId"'.
convex-dev/runtimeDataAuth.ts(394,59): error TS2345: Argument of type '"ownerPrincipalId"' is not assignable to parameter of type '"tenantId" | "memorySpaceId" | "factType"'.
convex-dev/runtimeDataAuth.ts(398,60): error TS2339: Property 'manualSourceBinding' does not exist on type '{ _id: Id<"facts">; _creationTime: number; object?: string | undefined; tenantId?: string | undefined; ownerPrincipalId?: string | undefined; subject?: string | undefined; lineage?: { ...; } | ... 2 more ... | undefined; ... 27 more ...; updatedAt: number; }'.
convex-dev/runtimeDataAuth.ts(437,23): error TS2339: Property 'lineage' does not exist on type 'DataRow'.
  Property 'lineage' does not exist on type '{ _id: Id<"memories">; _creationTime: number; tenantId?: string | undefined; embedding?: number[] | undefined; userId?: string | undefined; participantId?: string | undefined; agentId?: string | undefined; ... 25 more ...; accessCount: number; }'.
convex-dev/runtimeDataAuth.ts(438,23): error TS2339: Property 'manualSourceBinding' does not exist on type 'DataRow'.
  Property 'manualSourceBinding' does not exist on type '{ _id: Id<"facts">; _creationTime: number; object?: string | undefined; tenantId?: string | undefined; ownerPrincipalId?: string | undefined; subject?: string | undefined; lineage?: { ...; } | ... 2 more ... | undefined; ... 27 more ...; updatedAt: number; }'.
convex-dev/runtimeDataAuth.ts(447,91): error TS2339: Property 'ownerPrincipalId' does not exist on type 'DataRow'.
  Property 'ownerPrincipalId' does not exist on type '{ _id: Id<"memories">; _creationTime: number; tenantId?: string | undefined; embedding?: number[] | undefined; userId?: string | undefined; participantId?: string | undefined; agentId?: string | undefined; ... 25 more ...; accessCount: number; }'.
convex-dev/runtimeDataAuth.ts(455,56): error TS2339: Property 'ownerPrincipalId' does not exist on type 'DataRow'.
  Property 'ownerPrincipalId' does not exist on type '{ _id: Id<"memories">; _creationTime: number; tenantId?: string | undefined; embedding?: number[] | undefined; userId?: string | undefined; participantId?: string | undefined; agentId?: string | undefined; ... 25 more ...; accessCount: number; }'.
convex-dev/runtimeDataAuth.ts(485,92): error TS2353: Object literal may only specify known properties, and 'tombstonedAt' does not exist in type 'PatchValue<{ _id: Id<"memories">; _creationTime: number; tenantId?: string | undefined; embedding?: number[] | undefined; userId?: string | undefined; participantId?: string | undefined; agentId?: string | undefined; ... 25 more ...; accessCount: number; }>'.
convex-dev/runtimeDataAuth.ts(486,120): error TS2353: Object literal may only specify known properties, and 'runtimeEditor' does not exist in type 'PatchValue<{ _id: Id<"facts">; _creationTime: number; object?: string | undefined; tenantId?: string | undefined; ownerPrincipalId?: string | undefined; subject?: string | undefined; lineage?: { ...; } | ... 2 more ... | undefined; ... 27 more ...; updatedAt: number; }>'.
convex-dev/runtimeDataAuth.ts(494,22): error TS2345: Argument of type '"ownerPrincipalId"' is not assignable to parameter of type '"_id" | ExtractFieldPaths<VObject<{ tenantId?: string | undefined; embedding?: number[] | undefined; userId?: string | undefined; participantId?: string | undefined; agentId?: string | undefined; metadata?: any; ... 24 more ...; accessCount: number; }, { ...; }, "required", "tenantId" | ... 43 more ... | `partialMet...'.
convex-dev/runtimeDataAuth.ts(494,82): error TS2345: Argument of type '"ownerPrincipalId"' is not assignable to parameter of type '"_id" | ExtractFieldPaths<VObject<{ tenantId?: string | undefined; embedding?: number[] | undefined; userId?: string | undefined; participantId?: string | undefined; agentId?: string | undefined; metadata?: any; ... 24 more ...; accessCount: number; }, { ...; }, "required", "tenantId" | ... 43 more ... | `partialMet...'.
convex-dev/runtimeDataAuth.ts(506,106): error TS2339: Property 'runtimeEditor' does not exist on type '{ _id: Id<"facts">; _creationTime: number; object?: string | undefined; tenantId?: string | undefined; ownerPrincipalId?: string | undefined; subject?: string | undefined; lineage?: { ...; } | ... 2 more ... | undefined; ... 27 more ...; updatedAt: number; }'.
