convex-dev/immutable.ts(103,53): error TS2339: Property 'ownerPrincipalId' does not exist on type '{ _id: Id<"immutable">; _creationTime: number; metadata?: any; userId?: string | undefined; tenantId?: string | undefined; createdAt: number; updatedAt: number; version: number; type: string; id: string; data: any; previousVersions: { ...; }[]; }'.
convex-dev/immutable.ts(103,159): error TS2353: Object literal may only specify known properties, and 'tombstonedAt' does not exist in type 'PatchValue<{ _id: Id<"immutable">; _creationTime: number; metadata?: any; userId?: string | undefined; tenantId?: string | undefined; createdAt: number; updatedAt: number; version: number; type: string; id: string; data: any; previousVersions: { ...; }[]; }>'.
convex-dev/immutable.ts(104,46): error TS2339: Property 'tombstonedAt' does not exist on type '{ _id: Id<"immutable">; _creationTime: number; metadata?: any; userId?: string | undefined; tenantId?: string | undefined; createdAt: number; updatedAt: number; version: number; type: string; id: string; data: any; previousVersions: { ...; }[]; }'.
convex-dev/mutable.ts(111,53): error TS2339: Property 'ownerPrincipalId' does not exist on type '{ _id: Id<"mutable">; _creationTime: number; metadata?: any; userId?: string | undefined; tenantId?: string | undefined; createdAt: number; updatedAt: number; key: string; namespace: string; value: any; }'.
convex-dev/mutable.ts(111,155): error TS2353: Object literal may only specify known properties, and 'tombstonedAt' does not exist in type 'PatchValue<{ _id: Id<"mutable">; _creationTime: number; metadata?: any; userId?: string | undefined; tenantId?: string | undefined; createdAt: number; updatedAt: number; key: string; namespace: string; value: any; }>'.
convex-dev/mutable.ts(112,46): error TS2339: Property 'tombstonedAt' does not exist on type '{ _id: Id<"mutable">; _creationTime: number; metadata?: any; userId?: string | undefined; tenantId?: string | undefined; createdAt: number; updatedAt: number; key: string; namespace: string; value: any; }'.
convex-dev/runtimeMetadataAuth.ts(26,29): error TS2339: Property 'ownerPrincipalId' does not exist on type 'MetadataRow'.
  Property 'ownerPrincipalId' does not exist on type '{ _id: Id<"immutable">; _creationTime: number; metadata?: any; userId?: string | undefined; tenantId?: string | undefined; createdAt: number; updatedAt: number; version: number; type: string; id: string; data: any; previousVersions: { ...; }[]; }'.
convex-dev/runtimeMetadataAuth.ts(30,24): error TS2339: Property 'memorySpaceId' does not exist on type 'MetadataRow'.
  Property 'memorySpaceId' does not exist on type '{ _id: Id<"immutable">; _creationTime: number; metadata?: any; userId?: string | undefined; tenantId?: string | undefined; createdAt: number; updatedAt: number; version: number; type: string; id: string; data: any; previousVersions: { ...; }[]; }'.
convex-dev/runtimeMetadataAuth.ts(30,61): error TS2339: Property 'ownerPrincipalId' does not exist on type 'MetadataRow'.
  Property 'ownerPrincipalId' does not exist on type '{ _id: Id<"immutable">; _creationTime: number; metadata?: any; userId?: string | undefined; tenantId?: string | undefined; createdAt: number; updatedAt: number; version: number; type: string; id: string; data: any; previousVersions: { ...; }[]; }'.
convex-dev/runtimeMetadataAuth.ts(46,11): error TS2339: Property 'tombstonedAt' does not exist on type 'MetadataRow'.
  Property 'tombstonedAt' does not exist on type '{ _id: Id<"immutable">; _creationTime: number; metadata?: any; userId?: string | undefined; tenantId?: string | undefined; createdAt: number; updatedAt: number; version: number; type: string; id: string; data: any; previousVersions: { ...; }[]; }'.
convex-dev/runtimeMetadataAuth.ts(74,100): error TS2345: Argument of type '"by_runtime_key"' is not assignable to parameter of type '"by_tenantId" | "by_type" | "by_created" | "by_type_id" | "by_tenant_type_id" | "by_userId" | keyof SystemIndexes'.
convex-dev/runtimeMetadataAuth.ts(75,36): error TS2339: Property 'eq' does not exist on type 'IndexRange'.
convex-dev/runtimeMetadataAuth.ts(75,60): error TS2339: Property 'memorySpaceId' does not exist on type '{ _id: Id<"immutable">; _creationTime: number; metadata?: any; userId?: string | undefined; tenantId?: string | undefined; createdAt: number; updatedAt: number; version: number; type: string; id: string; data: any; previousVersions: { ...; }[]; }'.
convex-dev/runtimeMetadataAuth.ts(77,106): error TS2345: Argument of type '"by_runtime_key"' is not assignable to parameter of type '"by_tenantId" | "by_userId" | "by_namespace_key" | "by_namespace" | "by_tenant_namespace" | "by_tenant_namespace_key" | "by_updated" | keyof SystemIndexes'.
convex-dev/runtimeMetadataAuth.ts(78,36): error TS2339: Property 'eq' does not exist on type 'IndexRange'.
convex-dev/runtimeMetadataAuth.ts(78,60): error TS2339: Property 'memorySpaceId' does not exist on type '{ _id: Id<"mutable">; _creationTime: number; metadata?: any; userId?: string | undefined; tenantId?: string | undefined; createdAt: number; updatedAt: number; key: string; namespace: string; value: any; }'.
convex-dev/runtimeMetadataAuth.ts(80,108): error TS2345: Argument of type '"by_runtime_key"' is not assignable to parameter of type '"by_memorySpace" | "by_tenantId" | "by_status" | "by_userId" | "by_tenant_status" | "by_sessionId" | "by_tenant_user" | "by_lastActive" | keyof SystemIndexes'.
convex-dev/runtimeMetadataAuth.ts(81,36): error TS2339: Property 'eq' does not exist on type 'IndexRange'.
convex-dev/runtimeMetadataAuth.ts(92,47): error TS2345: Argument of type '"by_runtime_scope"' is not assignable to parameter of type '"by_tenantId" | "by_userId" | "by_id" | "by_creation_time"'.
convex-dev/runtimeMetadataAuth.ts(93,52): error TS2339: Property 'eq' does not exist on type 'IndexRange'.
convex-dev/runtimeMetadataAuth.ts(95,39): error TS2345: Argument of type '"tombstonedAt"' is not assignable to parameter of type '"createdAt" | "updatedAt" | "messageCount" | "metadata" | "key" | "version" | "memorySpaceId" | "userId" | "tenantId" | "sessionId" | "type" | "id" | "_creationTime" | "expiresAt" | ... 12 more ... | "memoryCount"'.
convex-dev/runtimeMetadataAuth.ts(95,82): error TS2345: Argument of type '"ownerPrincipalId"' is not assignable to parameter of type '"createdAt" | "updatedAt" | "messageCount" | "metadata" | "key" | "version" | "memorySpaceId" | "userId" | "tenantId" | "sessionId" | "type" | "id" | "_creationTime" | "expiresAt" | ... 12 more ... | "memoryCount"'.
convex-dev/runtimeMetadataAuth.ts(98,23): error TS2345: Argument of type '"ownerPrincipalId"' is not assignable to parameter of type '"createdAt" | "updatedAt" | "messageCount" | "metadata" | "key" | "version" | "memorySpaceId" | "userId" | "tenantId" | "sessionId" | "type" | "id" | "_creationTime" | "expiresAt" | ... 12 more ... | "memoryCount"'.
convex-dev/runtimeMetadataAuth.ts(108,15): error TS2339: Property 'memorySpaceId' does not exist on type '{ _id: Id<"immutable">; _creationTime: number; metadata?: any; userId?: string | undefined; tenantId?: string | undefined; createdAt: number; updatedAt: number; version: number; type: string; id: string; data: any; previousVersions: { ...; }[]; } | { ...; } | { ...; }'.
  Property 'memorySpaceId' does not exist on type '{ _id: Id<"immutable">; _creationTime: number; metadata?: any; userId?: string | undefined; tenantId?: string | undefined; createdAt: number; updatedAt: number; version: number; type: string; id: string; data: any; previousVersions: { ...; }[]; }'.
convex-dev/runtimeMetadataAuth.ts(119,56): error TS2345: Argument of type '"by_runtime_key"' is not assignable to parameter of type '"by_tenantId" | "by_type" | "by_created" | "by_type_id" | "by_tenant_type_id" | "by_userId" | keyof SystemIndexes'.
convex-dev/runtimeMetadataAuth.ts(120,37): error TS2339: Property 'eq' does not exist on type 'IndexRange'.
convex-dev/runtimeMetadataAuth.ts(122,20): error TS2345: Argument of type '"ownerPrincipalId"' is not assignable to parameter of type '"_id" | ExtractFieldPaths<VObject<{ metadata?: any; userId?: string | undefined; tenantId?: string | undefined; createdAt: number; updatedAt: number; version: number; type: string; id: string; data: any; previousVersions: { ...; }[]; }, { ...; }, "required", "createdAt" | ... 10 more ... | `data.${string}`>>'.
convex-dev/runtimeMetadataAuth.ts(122,75): error TS2345: Argument of type '"ownerPrincipalId"' is not assignable to parameter of type '"_id" | ExtractFieldPaths<VObject<{ metadata?: any; userId?: string | undefined; tenantId?: string | undefined; createdAt: number; updatedAt: number; version: number; type: string; id: string; data: any; previousVersions: { ...; }[]; }, { ...; }, "required", "createdAt" | ... 10 more ... | `data.${string}`>>'.
convex-dev/runtimeMetadataAuth.ts(125,49): error TS2345: Argument of type '"by_runtime_key"' is not assignable to parameter of type '"by_tenantId" | "by_type" | "by_created" | "by_type_id" | "by_tenant_type_id" | "by_userId" | keyof SystemIndexes'.
convex-dev/runtimeMetadataAuth.ts(126,37): error TS2339: Property 'eq' does not exist on type 'IndexRange'.
convex-dev/runtimeMetadataAuth.ts(132,54): error TS2345: Argument of type '"by_runtime_key"' is not assignable to parameter of type '"by_tenantId" | "by_userId" | "by_namespace_key" | "by_namespace" | "by_tenant_namespace" | "by_tenant_namespace_key" | "by_updated" | keyof SystemIndexes'.
convex-dev/runtimeMetadataAuth.ts(133,37): error TS2339: Property 'eq' does not exist on type 'IndexRange'.
convex-dev/runtimeMetadataAuth.ts(135,20): error TS2345: Argument of type '"ownerPrincipalId"' is not assignable to parameter of type '"_id" | ExtractFieldPaths<VObject<{ metadata?: any; userId?: string | undefined; tenantId?: string | undefined; createdAt: number; updatedAt: number; key: string; namespace: string; value: any; }, { namespace: VString<string, "required">; ... 6 more ...; updatedAt: VFloat64<...>; }, "required", "createdAt" | ... 8 m...'.
convex-dev/runtimeMetadataAuth.ts(135,75): error TS2345: Argument of type '"ownerPrincipalId"' is not assignable to parameter of type '"_id" | ExtractFieldPaths<VObject<{ metadata?: any; userId?: string | undefined; tenantId?: string | undefined; createdAt: number; updatedAt: number; key: string; namespace: string; value: any; }, { namespace: VString<string, "required">; ... 6 more ...; updatedAt: VFloat64<...>; }, "required", "createdAt" | ... 8 m...'.
convex-dev/runtimeMetadataAuth.ts(138,47): error TS2345: Argument of type '"by_runtime_key"' is not assignable to parameter of type '"by_tenantId" | "by_userId" | "by_namespace_key" | "by_namespace" | "by_tenant_namespace" | "by_tenant_namespace_key" | "by_updated" | keyof SystemIndexes'.
convex-dev/runtimeMetadataAuth.ts(139,37): error TS2339: Property 'eq' does not exist on type 'IndexRange'.
convex-dev/runtimeMetadataAuth.ts(145,55): error TS2345: Argument of type '"by_runtime_key"' is not assignable to parameter of type '"by_memorySpace" | "by_tenantId" | "by_status" | "by_userId" | "by_tenant_status" | "by_sessionId" | "by_tenant_user" | "by_lastActive" | keyof SystemIndexes'.
convex-dev/runtimeMetadataAuth.ts(146,37): error TS2339: Property 'eq' does not exist on type 'IndexRange'.
convex-dev/runtimeMetadataAuth.ts(148,20): error TS2345: Argument of type '"ownerPrincipalId"' is not assignable to parameter of type '"_id" | ExtractFieldPaths<VObject<{ metadata?: any; memorySpaceId?: string | undefined; tenantId?: string | undefined; expiresAt?: number | undefined; endedAt?: number | undefined; messageCount: number; ... 5 more ...; memoryCount: number; }, { ...; }, "required", "messageCount" | ... 11 more ... | "memoryCount">>'.
convex-dev/runtimeMetadataAuth.ts(148,75): error TS2345: Argument of type '"ownerPrincipalId"' is not assignable to parameter of type '"_id" | ExtractFieldPaths<VObject<{ metadata?: any; memorySpaceId?: string | undefined; tenantId?: string | undefined; expiresAt?: number | undefined; endedAt?: number | undefined; messageCount: number; ... 5 more ...; memoryCount: number; }, { ...; }, "required", "messageCount" | ... 11 more ... | "memoryCount">>'.
convex-dev/runtimeMetadataAuth.ts(151,48): error TS2345: Argument of type '"by_runtime_key"' is not assignable to parameter of type '"by_memorySpace" | "by_tenantId" | "by_status" | "by_userId" | "by_tenant_status" | "by_sessionId" | "by_tenant_user" | "by_lastActive" | keyof SystemIndexes'.
convex-dev/runtimeMetadataAuth.ts(152,37): error TS2339: Property 'eq' does not exist on type 'IndexRange'.
convex-dev/runtimeMetadataAuth.ts(159,49): error TS2339: Property 'memorySpaceId' does not exist on type 'MetadataRow'.
  Property 'memorySpaceId' does not exist on type '{ _id: Id<"immutable">; _creationTime: number; metadata?: any; userId?: string | undefined; tenantId?: string | undefined; createdAt: number; updatedAt: number; version: number; type: string; id: string; data: any; previousVersions: { ...; }[]; }'.
convex-dev/runtimeMetadataAuth.ts(161,11): error TS2339: Property 'tombstonedAt' does not exist on type 'MetadataRow'.
  Property 'tombstonedAt' does not exist on type '{ _id: Id<"immutable">; _creationTime: number; metadata?: any; userId?: string | undefined; tenantId?: string | undefined; createdAt: number; updatedAt: number; version: number; type: string; id: string; data: any; previousVersions: { ...; }[]; }'.
convex-dev/runtimeMetadataAuth.ts(162,92): error TS2353: Object literal may only specify known properties, and 'tombstonedAt' does not exist in type 'PatchValue<{ _id: Id<"immutable">; _creationTime: number; metadata?: any; userId?: string | undefined; tenantId?: string | undefined; createdAt: number; updatedAt: number; version: number; type: string; id: string; data: any; previousVersions: { ...; }[]; }>'.
convex-dev/runtimeMetadataAuth.ts(163,98): error TS2353: Object literal may only specify known properties, and 'tombstonedAt' does not exist in type 'PatchValue<{ _id: Id<"mutable">; _creationTime: number; metadata?: any; userId?: string | undefined; tenantId?: string | undefined; createdAt: number; updatedAt: number; key: string; namespace: string; value: any; }>'.
convex-dev/runtimeMetadataAuth.ts(164,100): error TS2353: Object literal may only specify known properties, and 'tombstonedAt' does not exist in type 'PatchValue<{ _id: Id<"sessions">; _creationTime: number; metadata?: any; memorySpaceId?: string | undefined; tenantId?: string | undefined; expiresAt?: number | undefined; endedAt?: number | undefined; ... 6 more ...; memoryCount: number; }>'.
convex-dev/runtimeMetadataAuth.ts(194,11): error TS2339: Property 'tombstonedAt' does not exist on type 'MetadataRow'.
  Property 'tombstonedAt' does not exist on type '{ _id: Id<"immutable">; _creationTime: number; metadata?: any; userId?: string | undefined; tenantId?: string | undefined; createdAt: number; updatedAt: number; version: number; type: string; id: string; data: any; previousVersions: { ...; }[]; }'.
convex-dev/sessions.ts(29,101): error TS2353: Object literal may only specify known properties, and 'authorityReference' does not exist in type '{ metadata?: any; memorySpaceId?: string | undefined; tenantId?: string | undefined; expiresAt?: number | undefined; endedAt?: number | undefined; messageCount: number; userId: string; ... 4 more ...; memoryCount: number; }'.
convex-dev/sessions.ts(33,11): error TS2339: Property 'authorityReference' does not exist on type '{ _id: Id<"sessions">; _creationTime: number; metadata?: any; memorySpaceId?: string | undefined; tenantId?: string | undefined; expiresAt?: number | undefined; endedAt?: number | undefined; ... 6 more ...; memoryCount: number; }'.
convex-dev/sessions.ts(38,34): error TS2339: Property 'authorityReference' does not exist on type '{ _id: Id<"sessions">; _creationTime: number; metadata?: any; memorySpaceId?: string | undefined; tenantId?: string | undefined; expiresAt?: number | undefined; endedAt?: number | undefined; ... 6 more ...; memoryCount: number; }'.
convex-dev/sessions.ts(60,68): error TS2339: Property 'authorityReference' does not exist on type '{ _id: Id<"sessions">; _creationTime: number; metadata?: any; memorySpaceId?: string | undefined; tenantId?: string | undefined; expiresAt?: number | undefined; endedAt?: number | undefined; ... 6 more ...; memoryCount: number; }'.
convex-dev/sessions.ts(69,12): error TS2339: Property 'authorityReference' does not exist on type '{ _id: Id<"sessions">; _creationTime: number; metadata?: any; memorySpaceId?: string | undefined; tenantId?: string | undefined; expiresAt?: number | undefined; endedAt?: number | undefined; ... 6 more ...; memoryCount: number; }'.
convex-dev/sessions.ts(69,53): error TS2339: Property 'authorityReference' does not exist on type '{ _id: Id<"sessions">; _creationTime: number; metadata?: any; memorySpaceId?: string | undefined; tenantId?: string | undefined; expiresAt?: number | undefined; endedAt?: number | undefined; ... 6 more ...; memoryCount: number; }'.
convex-dev/sessions.ts(69,91): error TS2339: Property 'tombstonedAt' does not exist on type '{ _id: Id<"sessions">; _creationTime: number; metadata?: any; memorySpaceId?: string | undefined; tenantId?: string | undefined; expiresAt?: number | undefined; endedAt?: number | undefined; ... 6 more ...; memoryCount: number; }'.
convex-dev/sessions.ts(70,48): error TS2339: Property 'authorityReference' does not exist on type '{ _id: Id<"sessions">; _creationTime: number; metadata?: any; memorySpaceId?: string | undefined; tenantId?: string | undefined; expiresAt?: number | undefined; endedAt?: number | undefined; ... 6 more ...; memoryCount: number; }'.
convex-dev/sessions.ts(73,11): error TS2339: Property 'ownerPrincipalId' does not exist on type '{ _id: Id<"sessions">; _creationTime: number; metadata?: any; memorySpaceId?: string | undefined; tenantId?: string | undefined; expiresAt?: number | undefined; endedAt?: number | undefined; ... 6 more ...; memoryCount: number; }'.
tests/helpers/cleanup.ts(58,62): error TS2339: Property 'purgeAll' does not exist on type '{ store: FunctionReference<"mutation", "public", { userId?: string | undefined; tenantId?: string | undefined; embedding?: number[] | undefined; participantId?: string | undefined; agentId?: string | undefined; ... 14 more ...; contentType: "raw" | ... 1 more ... | "fact"; }, { ...; } | DataMutationReceipt, string |...'.
tests/helpers/cleanup.ts(77,59): error TS2339: Property 'purgeAll' does not exist on type '{ store: FunctionReference<"mutation", "public", { object?: string | undefined; metadata?: any; userId?: string | undefined; tenantId?: string | undefined; subject?: string | undefined; embedding?: number[] | undefined; ... 15 more ...; sourceType: "fact-extraction" | ... 4 more ... | "manual"; }, { ...; } | DataMut...'.
tests/interactive-runner.ts(380,55): error TS2339: Property 'purgeAll' does not exist on type '{ store: FunctionReference<"mutation", "public", { userId?: string | undefined; tenantId?: string | undefined; embedding?: number[] | undefined; participantId?: string | undefined; agentId?: string | undefined; ... 14 more ...; contentType: "raw" | ... 1 more ... | "fact"; }, { ...; } | DataMutationReceipt, string |...'.
tests/unit/runtimeWorkerClient/metadata-consumers.test.ts(22,3): error TS2353: Object literal may only specify known properties, and 'memorySpaceId' does not exist in type '{ _id: Id<"immutable">; _creationTime: number; metadata?: any; userId?: string | undefined; tenantId?: string | undefined; createdAt: number; updatedAt: number; version: number; type: string; id: string; data: any; previousVersions: { ...; }[]; }'.
