{
  "node": "v24.19.0",
  "observedAt": "2026-10-03T19:58:05.128Z",
  "results": [
    {
      "name": "history-positive",
      "status": "PASS"
    },
    {
      "name": "history-tombstone",
      "status": "PASS",
      "injected": true,
      "error": {
        "version": 1,
        "code": "STALE_SOURCE",
        "message": "Canonical source changed after hashing",
        "retryable": false,
        "outcome": "not_dispatched"
      }
    },
    {
      "name": "history-event",
      "status": "PASS",
      "injected": true,
      "error": {
        "version": 1,
        "code": "STALE_SOURCE",
        "message": "Canonical source changed after hashing",
        "retryable": false,
        "outcome": "not_dispatched"
      }
    }
  ]
}
