{
  "utc": "2026-10-04T01:04:56.925472+00:00",
  "scope": "FINAL_C11_INDEPENDENT_PACKET_RECONCILIATION",
  "executionPacketFiles": 29,
  "executionManifestMatched": 28,
  "executionManifestSha256": "a83cb26c81eb31cae674d0b5915d2cc3a78b02a23203a3d309202c7b29931873",
  "manifestSha256": "e2b015f14d57692544cf73242e1a5bd784b342b43a0d3c1e6d0ecdb5b0c2fbc6",
  "frozenRowsMatched": 622,
  "journalRows": 4228,
  "journalEqualsOutcomes": true,
  "phases": {
    "rpc-observation": 2099,
    "healthy-batch-fixture": 2,
    "healthy-policy-fixture": 1,
    "authorization": 1400,
    "authorization-effect-snapshot": 200,
    "uniform-unavailability": 262,
    "internal-visibility": 118,
    "functional-family": 130,
    "authority-boundaries": 8,
    "lifecycle": 6,
    "diagnostics": 1,
    "terminal": 1
  },
  "publicCartesianCases": 1400,
  "publicCompleteNoEffects": 200,
  "closures": 262,
  "closurePaths": 67,
  "internalVisibilityCases": 118,
  "functionalMRA": 122,
  "functionalMWD": 8,
  "authorityCases": 8,
  "SDKCases": 6,
  "officialCodegenEnabledTypecheck": true,
  "nativePublicationTuples": 269,
  "allParentProcessesExit0": true,
  "cleanupComplete": true,
  "deployTerminalGroups": 1,
  "driverTerminalGroups": 1,
  "remainingGroups": 0,
  "recoveryNeeded": false,
  "independentNetworkRequest": "NOT_RUN_OPTIONAL_NOT_NEEDED",
  "noPrivateKeyCredentialAccess": true
}
