npm notice run @cortexmemory/sdk@0.37.0 npx
npm notice run 'node' work/backend-runtime/task02a/check-import-graph.mjs
{
  "platform": "browser",
  "target": "es2022",
  "inputs": [
    "src/domain/clock.ts",
    "src/domain/conflicts.ts",
    "src/domain/contracts.ts",
    "src/domain/deduplication.ts",
    "src/domain/extraction.ts",
    "src/domain/index.ts",
    "src/domain/profile.ts",
    "src/domain/recall.ts",
    "src/domain/slots.ts",
    "src/domain/sources.ts"
  ],
  "forbiddenInputs": [],
  "nodeGlobalsAbsent": true,
  "browserOutcome": {
    "text": "Café",
    "hash": "ba7816bf8f01cfea414140de5dae2223b00361a396177a9cb410ff61f20015ad",
    "chunks": [
      1600,
      201
    ]
  },
  "passed": true
}
