npm notice run @cortexmemory/sdk@0.37.0 npx
npm notice run 'node' work/backend-runtime/task02a/check-type-graph.mjs
{
  "passed": true,
  "ambientNodeTypes": false,
  "forbiddenInputs": [],
  "projectInputs": [
    "/workspace/Project-Cortex/src/domain/clock.ts",
    "/workspace/Project-Cortex/src/sessions/types.ts",
    "/workspace/Project-Cortex/src/auth/types.ts",
    "/workspace/Project-Cortex/src/types/streaming.ts",
    "/workspace/Project-Cortex/src/domain/deduplication.ts",
    "/workspace/Project-Cortex/src/types/index.ts",
    "/workspace/Project-Cortex/src/domain/conflicts.ts",
    "/workspace/Project-Cortex/src/domain/extraction.ts",
    "/workspace/Project-Cortex/src/domain/profile.ts",
    "/workspace/Project-Cortex/src/domain/contracts.ts",
    "/workspace/Project-Cortex/src/domain/sources.ts",
    "/workspace/Project-Cortex/src/domain/slots.ts",
    "/workspace/Project-Cortex/src/domain/recall.ts",
    "/workspace/Project-Cortex/src/domain/index.ts"
  ]
}
