(node:67461) ExperimentalWarning: VM Modules is an experimental feature and might change at any time
(Use `node --trace-warnings ...` to show where the warning was created)
PASS tests/unit/runtimeMetadataAuth/handlers.test.ts
PASS tests/unit/auth/credentials.test.ts (13.93 s)
PASS tests/unit/runtimeWorkerAuth/graph.test.ts
PASS tests/unit/runtimeAuth/authority.test.ts
PASS tests/unit/runtimeAuth/provisioning.test.ts
PASS tests/unit/runtimeWorkerClient/metadata-consumers.test.ts (7.084 s)
PASS tests/unit/runtimeWorkerAuth/admin-catalog.test.ts
PASS tests/unit/runtimeAuth/inventory.test.ts
PASS tests/unit/runtimeWorkerAuth/governance.test.ts
PASS tests/unit/runtimeWorkerClient/governance.test.ts
PASS tests/unit/runtimeWorkerClient/sessions-maintenance.test.ts
PASS tests/unit/runtimeMetadataAuth/native-errors.test.ts
PASS tests/unit/runtimeMetadataAuth/registrations.test.ts


════════════════════════════════════════════════════════════════════════════════
📊 TEST SUITE PERFORMANCE REPORT
════════════════════════════════════════════════════════════════════════════════

🟢 SHORT SUITES (<30s) - Fast!
--------------------------------------------------------------------------------
  ✅    13.9s | 40/40 passed | /tests/unit/auth/credentials.test.ts
  ✅     7.1s | 79/79 passed | /tests/unit/runtimeWorkerClient/metadata-consumers.test.ts
  ✅     3.4s | 187/187 passed | /tests/unit/runtimeMetadataAuth/handlers.test.ts
  ✅     2.2s | 88/88 passed | /tests/unit/runtimeWorkerAuth/graph.test.ts
  ✅     2.1s | 58/58 passed | /tests/unit/runtimeWorkerAuth/admin-catalog.test.ts
  ✅     1.4s | 64/64 passed | /tests/unit/runtimeAuth/inventory.test.ts
  ✅     1.2s | 106/106 passed | /tests/unit/runtimeMetadataAuth/native-errors.test.ts
  ✅     1.1s | 15/15 passed | /tests/unit/runtimeAuth/provisioning.test.ts
  ✅     1.1s | 39/39 passed | /tests/unit/runtimeWorkerAuth/governance.test.ts
  ✅     0.5s | 2/2 passed | /tests/unit/runtimeMetadataAuth/registrations.test.ts
  ✅     0.4s | 54/54 passed | /tests/unit/runtimeAuth/authority.test.ts
  ✅     0.3s | 27/27 passed | /tests/unit/runtimeWorkerClient/sessions-maintenance.test.ts
  ✅     0.3s | 28/28 passed | /tests/unit/runtimeWorkerClient/governance.test.ts


════════════════════════════════════════════════════════════════════════════════
⏱️  TOP 20 SLOWEST INDIVIDUAL TESTS
════════════════════════════════════════════════════════════════════════════════

 1. [32m✓[0m    0.45s ( 1.3%) - actual registered visibility and canonical schema/AST catalog AST inventory resolves exact 25 frozen paths with seven public and eighteen internal
    /tests/unit/runtimeWorkerAuth/admin-catalog.test.ts

 2. [32m✓[0m    0.32s ( 0.9%) - import-aware AST and native Convex registration visibility retained import-aware AST finds the exact baseline paths with zero unresolved
    /tests/unit/runtimeMetadataAuth/registrations.test.ts

 3. [32m✓[0m    0.29s ( 0.8%) - portable generated inventory policies: /workspace/Project-Cortex/work/backend-runtime/task03-metadata-native-errors-checkout/_goals/convex-backend-runtime-2026-10-02/qa/task03a/inventory.mjs accepts changed source bytes and an additional registration without coupling policy to frozen production hashes/counts
    /tests/unit/runtimeAuth/inventory.test.ts

 4. [32m✓[0m    0.28s ( 0.8%) - portable generated inventory policies: /workspace/Project-Cortex/work/backend-runtime/task03-metadata-native-errors-checkout/_goals/convex-backend-runtime-2026-10-02/qa/task03a/reproduction/inventory.mjs accepts changed source bytes and an additional registration without coupling policy to frozen production hashes/counts
    /tests/unit/runtimeAuth/inventory.test.ts

 5. [32m✓[0m    0.06s ( 0.2%) - open-review essential worker regressions clearSyncedItems rechecks source/fact/current READ independently after final digest
    /tests/unit/runtimeWorkerAuth/graph.test.ts

 6. [32m✓[0m    0.04s ( 0.1%) - open-review essential worker regressions getUnsyncedItems rechecks source/fact/current READ independently after final digest
    /tests/unit/runtimeWorkerAuth/graph.test.ts

 7. [32m✓[0m    0.04s ( 0.1%) - open-review essential worker regressions markSynced rechecks source/fact/current READ independently after final digest
    /tests/unit/runtimeWorkerAuth/graph.test.ts

 8. [32m✓[0m    0.03s ( 0.1%) - open-review essential worker regressions queueForSync rechecks source/fact/current READ independently after final digest
    /tests/unit/runtimeWorkerAuth/graph.test.ts

 9. [32m✓[0m    0.02s ( 0.1%) - metadata consumers (resilience=absent) bulk validation rejects malformed updates before any attempt
    /tests/unit/runtimeWorkerClient/metadata-consumers.test.ts

10. [32m✓[0m    0.01s ( 0.0%) - 36 registered modern public handlers immutable:store rejects missing verified identity without writes
    /tests/unit/runtimeMetadataAuth/handlers.test.ts

11. [32m✓[0m    0.01s ( 0.0%) - Installed Convex reactive authentication error outcomes actual Cortex constructor contains rejecting host callbacks, resumes unauthenticated and recovers
    /tests/unit/auth/credentials.test.ts

12. [32m✓[0m    0.01s ( 0.0%) - fresh queue commit after final digest late source/fact/READ invalidation cannot insert a new queue row, while current controls can
    /tests/unit/runtimeWorkerAuth/graph.test.ts

13. [32m✓[0m    0.01s ( 0.0%) - nine scoped internal worker registrations queueForSync performs its actual authorized outcome without an active JWT
    /tests/unit/runtimeWorkerAuth/graph.test.ts

14. [32m✓[0m    0.01s ( 0.0%) - nine scoped internal worker registrations exhausted failures remain failed, and a synced item cannot be reopened
    /tests/unit/runtimeWorkerAuth/graph.test.ts

15. [32m✓[0m    0.01s ( 0.0%) - Installed Convex reactive authentication error outcomes official client contains malformed results, isolates async observers and clears an existing identity
    /tests/unit/auth/credentials.test.ts

16. [32m✓[0m    0.01s ( 0.0%) - Cortex host credential constructor binding fails reactive callback errors closed with a sanitized diagnostic and no metadata credentials
    /tests/unit/auth/credentials.test.ts

17. [32m✓[0m    0.01s ( 0.0%) - Cortex host credential constructor binding auth success notifications cannot hide a getter diagnostic and stale/closed deferred clears are fenced
    /tests/unit/auth/credentials.test.ts

18. [32m✓[0m    0.01s ( 0.0%) - Installed Convex reactive authentication error outcomes overlapping official notifications while paused deliver None and preserve a newer recovered identity
    /tests/unit/auth/credentials.test.ts

19. [32m✓[0m    0.01s ( 0.0%) - open-review essential worker regressions all queue createdAt lifecycle timestamps are canonical before delivery/count/commit
    /tests/unit/runtimeWorkerAuth/graph.test.ts

20. [32m✓[0m    0.01s ( 0.0%) - actual registered visibility and canonical schema/AST catalog composing D metadata definitions preserves controlled host validators/indexes and trusted control tables
    /tests/unit/runtimeWorkerAuth/admin-catalog.test.ts

--------------------------------------------------------------------------------
Top 20 tests: 1.62s (4.6% of runtime)


════════════════════════════════════════════════════════════════════════════════
📈 SUMMARY
════════════════════════════════════════════════════════════════════════════════
  Total runtime:      35.38s
  Test suites:        13
  Individual tests:   511
  Long suites (>2m):  0
  Medium suites:      0
  Short suites (<30s): 13
════════════════════════════════════════════════════════════════════════════════


Test Suites: 13 passed, 13 total
Tests:       787 passed, 787 total
Snapshots:   0 total
Time:        35.383 s
Test results written to: _goals/convex-backend-runtime-2026-10-02/qa/task03-metadata-native-errors/followup/selected-outcomes.json
Force exiting Jest: Have you considered using `--detectOpenHandles` to detect async operations that kept running after all tests finished?
