  console.error
    ◇ injected env (0) from .env.test

      13 | import dotenv from "dotenv";
      14 | import { resolve } from "path";
    > 15 |
         | ^
      16 | // Load .env.test first (test defaults)
      17 | dotenv.config({ path: resolve(process.cwd(), ".env.test") });
      18 |

      at se (node_modules/dotenv/dist/index.cjs:7:155)
      at Object.ce [as configDotenv] (node_modules/dotenv/dist/index.cjs:7:1059)
      at Object.ae [as config] (node_modules/dotenv/dist/index.cjs:7:1168)
      at tests/env.ts:15:8

  console.error
    ◇ injected env (0) from .env.local

      15 |
      16 | // Load .env.test first (test defaults)
    > 17 | dotenv.config({ path: resolve(process.cwd(), ".env.test") });
         |        ^
      18 |
      19 | // Load .env.local second with override=true (local development overrides for test defaults AND system env vars)
      20 | dotenv.config({ path: resolve(process.cwd(), ".env.local"), override: true });

      at se (node_modules/dotenv/dist/index.cjs:7:155)
      at Object.ce [as configDotenv] (node_modules/dotenv/dist/index.cjs:7:1059)
      at Object.ae [as config] (node_modules/dotenv/dist/index.cjs:7:1168)
      at tests/env.ts:17:8

  console.log

    🧪 Testing against LOCAL Convex: http://127.0.0.1:1

      at tests/env.ts:35:13

  console.log
       Note: Vector search (.similar()) not supported in local mode

      at tests/env.ts:36:13

  console.log

    📊 Graph database testing DISABLED (no graph DB URIs configured)

      at tests/env.ts:121:13

  console.log
       To enable: Set NEO4J_URI and/or MEMGRAPH_URI in .env.local

      at tests/env.ts:122:13

  console.log
       See: https://docs.cortexmemory.dev/advanced-topics/graph-database-integration

      at tests/env.ts:123:13



════════════════════════════════════════════════════════════════════════════════
📊 TEST SUITE PERFORMANCE REPORT
════════════════════════════════════════════════════════════════════════════════

🟢 SHORT SUITES (<30s) - Fast!
--------------------------------------------------------------------------------
  ✅     2.6s | 16/16 passed | /tests/unit/runtimeAuth/inventory.test.ts


════════════════════════════════════════════════════════════════════════════════
⏱️  TOP 20 SLOWEST INDIVIDUAL TESTS
════════════════════════════════════════════════════════════════════════════════

 1. [32m✓[0m    0.00s ( 0.1%) - generated auth inventory policies: work/backend-runtime/task03a/inventory.mjs authorize uses the requested capability and inherited verified issuer/subject
    /tests/unit/runtimeAuth/inventory.test.ts

 2. [32m✓[0m    0.00s ( 0.0%) - generated auth inventory policies: work/backend-runtime/task03a/inventory.mjs recheck uses the requested capability and exact persisted versions/epochs/optional scope
    /tests/unit/runtimeAuth/inventory.test.ts

 3. [32m✓[0m    0.00s ( 0.0%) - generated auth inventory policies: work/backend-runtime/task03a/inventory.mjs provision is an operator control without public tenant/owner/current-grant authority
    /tests/unit/runtimeAuth/inventory.test.ts

 4. [32m✓[0m    0.00s ( 0.0%) - generated auth inventory policies: work/backend-runtime/task03a/inventory.mjs revokeGrant is an operator control without public tenant/owner/current-grant authority
    /tests/unit/runtimeAuth/inventory.test.ts

 5. [32m✓[0m    0.00s ( 0.0%) - generated auth inventory policies: _goals/convex-backend-runtime-2026-10-02/qa/task03a/reproduction/inventory.mjs recheck uses the requested capability and exact persisted versions/epochs/optional scope
    /tests/unit/runtimeAuth/inventory.test.ts

 6. [32m✓[0m    0.00s ( 0.0%) - generated auth inventory policies: _goals/convex-backend-runtime-2026-10-02/qa/task03a/reproduction/inventory.mjs revokeMembership is an operator control without public tenant/owner/current-grant authority
    /tests/unit/runtimeAuth/inventory.test.ts

 7. [32m✓[0m    0.00s ( 0.0%) - generated auth inventory policies: _goals/convex-backend-runtime-2026-10-02/qa/task03a/reproduction/inventory.mjs tombstoneResource is an operator control without public tenant/owner/current-grant authority
    /tests/unit/runtimeAuth/inventory.test.ts

--------------------------------------------------------------------------------
Top 20 tests: 0.01s (0.3% of runtime)


════════════════════════════════════════════════════════════════════════════════
📈 SUMMARY
════════════════════════════════════════════════════════════════════════════════
  Total runtime:      2.80s
  Test suites:        1
  Individual tests:   7
  Long suites (>2m):  0
  Medium suites:      0
  Short suites (<30s): 1
════════════════════════════════════════════════════════════════════════════════
