[
  {
    "name": "publicly-created foreign user ID: own READ denied by get, admitted by store",
    "created": {
      "updated": true,
      "type": "user",
      "id": "bob",
      "tenantId": "tenant-a",
      "memorySpaceId": "space-a",
      "createdId": "immutable:6"
    },
    "read": {
      "accepted": false,
      "error": "ConvexError: {\"code\":\"FORBIDDEN\",\"message\":\"Access denied\"}",
      "writes": 1
    },
    "store": {
      "accepted": true,
      "result": {
        "updated": true,
        "type": "user",
        "id": "bob",
        "tenantId": "tenant-a",
        "memorySpaceId": "space-a"
      },
      "writes": 2
    },
    "leakedPriorValue": false
  },
  {
    "name": "sessions.endAll duplicate",
    "accepted": false,
    "error": "ConvexError: {\"code\":\"FORBIDDEN\",\"message\":\"Access denied\"}",
    "writes": 0,
    "attemptedWrites": 0,
    "states": [
      {
        "id": "sessions:5",
        "status": "active"
      },
      {
        "id": "sessions:6",
        "status": "active"
      }
    ]
  },
  {
    "name": "sessions.expireIdle duplicate",
    "accepted": false,
    "error": "ConvexError: {\"code\":\"FORBIDDEN\",\"message\":\"Access denied\"}",
    "writes": 0,
    "attemptedWrites": 0,
    "states": [
      {
        "id": "sessions:5",
        "status": "active"
      },
      {
        "id": "sessions:6",
        "status": "active"
      }
    ]
  },
  {
    "name": "mutable.purgeMany duplicate",
    "accepted": false,
    "error": "ConvexError: {\"code\":\"FORBIDDEN\",\"message\":\"Access denied\"}",
    "writes": 0,
    "attemptedWrites": 0,
    "states": [
      {
        "id": "mutable:5"
      },
      {
        "id": "mutable:6"
      }
    ]
  },
  {
    "name": "immutable.purgeMany duplicate",
    "accepted": false,
    "error": "ConvexError: {\"code\":\"FORBIDDEN\",\"message\":\"Access denied\"}",
    "writes": 0,
    "attemptedWrites": 0,
    "states": [
      {
        "id": "immutable:5"
      },
      {
        "id": "immutable:6"
      }
    ]
  },
  {
    "name": "session expiry crosses await: touch",
    "accepted": false,
    "error": "ConvexError: {\"code\":\"FORBIDDEN\",\"message\":\"Access denied\"}",
    "writes": 0,
    "clock": 10101,
    "expiresAt": 10100,
    "finalValue": "active",
    "lastActiveAt": 1000
  },
  {
    "name": "session expiry crosses await: message-counter",
    "accepted": false,
    "error": "ConvexError: {\"code\":\"FORBIDDEN\",\"message\":\"Access denied\"}",
    "writes": 0,
    "clock": 10101,
    "expiresAt": 10100,
    "finalValue": 0,
    "lastActiveAt": 1000
  },
  {
    "name": "session expiry crosses await: memory-counter",
    "accepted": false,
    "error": "ConvexError: {\"code\":\"FORBIDDEN\",\"message\":\"Access denied\"}",
    "writes": 0,
    "clock": 10101,
    "expiresAt": 10100,
    "finalValue": 0,
    "lastActiveAt": 1000
  },
  {
    "name": "immutable version safe integer overflow",
    "accepted": false,
    "error": "ConvexError: {\"code\":\"INVALID_INPUT\",\"message\":\"Invalid metadata input\"}",
    "writes": 0,
    "version": 9007199254740991,
    "safeInteger": true
  },
  {
    "name": "JSON-array source IDs disambiguate quotes/backslashes/unicode",
    "pass": true,
    "ids": [
      "immutable:[\"a:b\",\"c\"]",
      "immutable:[\"a\",\"b:c\"]",
      "immutable:[\"a\\\"\",\"b\\\\c\"]",
      "immutable:[\"a\",\"\\\"b\\\\c\"]",
      "immutable:[\"雪\",\"☃:\"]",
      "immutable:[\"雪:☃\",\"\"]"
    ]
  }
]
