
/workspace/Project-Cortex/_goals/convex-backend-runtime-2026-10-02/qa/task03c2-live-resume-fixture/fixture/convex/auth.config.ts
  0:0  error  Parsing error: "parserOptions.project" has been provided for @typescript-eslint/parser.
The file was not found in any of the provided project(s): _goals/convex-backend-runtime-2026-10-02/qa/task03c2-live-resume-fixture/fixture/convex/auth.config.ts

/workspace/Project-Cortex/_goals/convex-backend-runtime-2026-10-02/qa/task03c2-live-resume-fixture/fixture/convex/immutable.ts
  0:0  error  Parsing error: "parserOptions.project" has been provided for @typescript-eslint/parser.
The file was not found in any of the provided project(s): _goals/convex-backend-runtime-2026-10-02/qa/task03c2-live-resume-fixture/fixture/convex/immutable.ts

/workspace/Project-Cortex/_goals/convex-backend-runtime-2026-10-02/qa/task03c2-live-resume-fixture/fixture/convex/mutable.ts
  0:0  error  Parsing error: "parserOptions.project" has been provided for @typescript-eslint/parser.
The file was not found in any of the provided project(s): _goals/convex-backend-runtime-2026-10-02/qa/task03c2-live-resume-fixture/fixture/convex/mutable.ts

/workspace/Project-Cortex/_goals/convex-backend-runtime-2026-10-02/qa/task03c2-live-resume-fixture/fixture/convex/runtimeAuth.ts
  0:0  error  Parsing error: "parserOptions.project" has been provided for @typescript-eslint/parser.
The file was not found in any of the provided project(s): _goals/convex-backend-runtime-2026-10-02/qa/task03c2-live-resume-fixture/fixture/convex/runtimeAuth.ts

/workspace/Project-Cortex/_goals/convex-backend-runtime-2026-10-02/qa/task03c2-live-resume-fixture/fixture/convex/runtimeAuthSchema.ts
  0:0  error  Parsing error: "parserOptions.project" has been provided for @typescript-eslint/parser.
The file was not found in any of the provided project(s): _goals/convex-backend-runtime-2026-10-02/qa/task03c2-live-resume-fixture/fixture/convex/runtimeAuthSchema.ts

/workspace/Project-Cortex/_goals/convex-backend-runtime-2026-10-02/qa/task03c2-live-resume-fixture/fixture/convex/runtimeMemorySchema.ts
  0:0  error  Parsing error: "parserOptions.project" has been provided for @typescript-eslint/parser.
The file was not found in any of the provided project(s): _goals/convex-backend-runtime-2026-10-02/qa/task03c2-live-resume-fixture/fixture/convex/runtimeMemorySchema.ts

/workspace/Project-Cortex/_goals/convex-backend-runtime-2026-10-02/qa/task03c2-live-resume-fixture/fixture/convex/runtimeMetadataAuth.ts
  0:0  error  Parsing error: "parserOptions.project" has been provided for @typescript-eslint/parser.
The file was not found in any of the provided project(s): _goals/convex-backend-runtime-2026-10-02/qa/task03c2-live-resume-fixture/fixture/convex/runtimeMetadataAuth.ts

/workspace/Project-Cortex/_goals/convex-backend-runtime-2026-10-02/qa/task03c2-live-resume-fixture/fixture/convex/schema.ts
  0:0  error  Parsing error: "parserOptions.project" has been provided for @typescript-eslint/parser.
The file was not found in any of the provided project(s): _goals/convex-backend-runtime-2026-10-02/qa/task03c2-live-resume-fixture/fixture/convex/schema.ts

/workspace/Project-Cortex/_goals/convex-backend-runtime-2026-10-02/qa/task03c2-live-resume-fixture/fixture/convex/sessions.ts
  0:0  error  Parsing error: "parserOptions.project" has been provided for @typescript-eslint/parser.
The file was not found in any of the provided project(s): _goals/convex-backend-runtime-2026-10-02/qa/task03c2-live-resume-fixture/fixture/convex/sessions.ts

/workspace/Project-Cortex/_goals/convex-backend-runtime-2026-10-02/qa/task03c2-live-resume-fixture/fixture/convex/users.ts
  0:0  error  Parsing error: "parserOptions.project" has been provided for @typescript-eslint/parser.
The file was not found in any of the provided project(s): _goals/convex-backend-runtime-2026-10-02/qa/task03c2-live-resume-fixture/fixture/convex/users.ts

/workspace/Project-Cortex/_goals/convex-backend-runtime-2026-10-02/qa/task03c2-live-resume-fixture/fixture/src/auth/verified.ts
  0:0  error  Parsing error: "parserOptions.project" has been provided for @typescript-eslint/parser.
The file was not found in any of the provided project(s): _goals/convex-backend-runtime-2026-10-02/qa/task03c2-live-resume-fixture/fixture/src/auth/verified.ts

/workspace/Project-Cortex/_goals/convex-backend-runtime-2026-10-02/qa/task03c2-live-resume-fixture/scripts/client-prep.ts
  0:0  error  Parsing error: "parserOptions.project" has been provided for @typescript-eslint/parser.
The file was not found in any of the provided project(s): _goals/convex-backend-runtime-2026-10-02/qa/task03c2-live-resume-fixture/scripts/client-prep.ts

/workspace/Project-Cortex/_goals/convex-backend-runtime-2026-10-02/qa/task03c2-live-resume-fixture/scripts/client.ts
  0:0  error  Parsing error: "parserOptions.project" has been provided for @typescript-eslint/parser.
The file was not found in any of the provided project(s): _goals/convex-backend-runtime-2026-10-02/qa/task03c2-live-resume-fixture/scripts/client.ts

/workspace/Project-Cortex/_goals/convex-backend-runtime-2026-10-02/qa/task03c2-live-resume-fixture/scripts/parent-channel.ts
  0:0  error  Parsing error: "parserOptions.project" has been provided for @typescript-eslint/parser.
The file was not found in any of the provided project(s): _goals/convex-backend-runtime-2026-10-02/qa/task03c2-live-resume-fixture/scripts/parent-channel.ts

✖ 14 problems (14 errors, 0 warnings)

