{
  "version": 1,
  "scope": "03B2C1 manual text artifact metadata only",
  "counts": {
    "registered": 22,
    "public": 21,
    "internal": 1,
    "unresolved": 0,
    "pendingFileRegistrations": 5
  },
  "sourceHash": "d163cc603a6838ce27b4fa0ed58dd5099ef1c47b374d9e27e34bb13a8316a8a6",
  "endpoints": [
    {
      "path": "artifacts:create",
      "builder": "mutation",
      "visibility": "public",
      "line": 49,
      "accepted03ADisposition": "guard",
      "closure": "exact verified issuer/sub; pinned current capability, canonical scope/owner, links, revision and retained controls; text only"
    },
    {
      "path": "artifacts:update",
      "builder": "mutation",
      "visibility": "public",
      "line": 111,
      "accepted03ADisposition": "guard",
      "closure": "exact verified issuer/sub; pinned current capability, canonical scope/owner, links, revision and retained controls; text only"
    },
    {
      "path": "artifacts:deleteArtifact",
      "builder": "mutation",
      "visibility": "public",
      "line": 205,
      "accepted03ADisposition": "guard",
      "closure": "exact verified issuer/sub; pinned current capability, canonical scope/owner, links, revision and retained controls; text only"
    },
    {
      "path": "artifacts:undo",
      "builder": "mutation",
      "visibility": "public",
      "line": 230,
      "accepted03ADisposition": "guard",
      "closure": "exact verified issuer/sub; pinned current capability, canonical scope/owner, links, revision and retained controls; text only"
    },
    {
      "path": "artifacts:redo",
      "builder": "mutation",
      "visibility": "public",
      "line": 280,
      "accepted03ADisposition": "guard",
      "closure": "exact verified issuer/sub; pinned current capability, canonical scope/owner, links, revision and retained controls; text only"
    },
    {
      "path": "artifacts:setStreamingState",
      "builder": "mutation",
      "visibility": "public",
      "line": 332,
      "accepted03ADisposition": "guard",
      "closure": "exact verified issuer/sub; pinned current capability, canonical scope/owner, links, revision and retained controls; text only"
    },
    {
      "path": "artifacts:purgeVersions",
      "builder": "mutation",
      "visibility": "public",
      "line": 425,
      "accepted03ADisposition": "guard",
      "closure": "exact verified issuer/sub; pinned current capability, canonical scope/owner, links, revision and retained controls; text only"
    },
    {
      "path": "artifacts:purgeAll",
      "builder": "internalMutation",
      "visibility": "internal",
      "line": 505,
      "accepted03ADisposition": "internalize",
      "closure": "trusted operator internal; exact tenant/space; full file/link preflight; retained rows+tombstones"
    },
    {
      "path": "artifacts:get",
      "builder": "query",
      "visibility": "public",
      "line": 548,
      "accepted03ADisposition": "guard",
      "closure": "exact verified issuer/sub; pinned current capability, canonical scope/owner, links, revision and retained controls; text only"
    },
    {
      "path": "artifacts:getByConversation",
      "builder": "query",
      "visibility": "public",
      "line": 575,
      "accepted03ADisposition": "guard",
      "closure": "exact verified issuer/sub; pinned current capability, canonical scope/owner, links, revision and retained controls; text only"
    },
    {
      "path": "artifacts:list",
      "builder": "query",
      "visibility": "public",
      "line": 596,
      "accepted03ADisposition": "guard",
      "closure": "exact verified issuer/sub; pinned current capability, canonical scope/owner, links, revision and retained controls; text only"
    },
    {
      "path": "artifacts:count",
      "builder": "query",
      "visibility": "public",
      "line": 643,
      "accepted03ADisposition": "guard",
      "closure": "exact verified issuer/sub; pinned current capability, canonical scope/owner, links, revision and retained controls; text only"
    },
    {
      "path": "artifacts:getVersion",
      "builder": "query",
      "visibility": "public",
      "line": 669,
      "accepted03ADisposition": "guard",
      "closure": "exact verified issuer/sub; pinned current capability, canonical scope/owner, links, revision and retained controls; text only"
    },
    {
      "path": "artifacts:getHistory",
      "builder": "query",
      "visibility": "public",
      "line": 707,
      "accepted03ADisposition": "guard",
      "closure": "exact verified issuer/sub; pinned current capability, canonical scope/owner, links, revision and retained controls; text only"
    },
    {
      "path": "artifacts:startStreaming",
      "builder": "mutation",
      "visibility": "public",
      "line": 826,
      "accepted03ADisposition": "guard",
      "closure": "exact verified issuer/sub; pinned current capability, canonical scope/owner, links, revision and retained controls; text only"
    },
    {
      "path": "artifacts:appendContent",
      "builder": "mutation",
      "visibility": "public",
      "line": 900,
      "accepted03ADisposition": "guard",
      "closure": "exact verified issuer/sub; pinned current capability, canonical scope/owner, links, revision and retained controls; text only"
    },
    {
      "path": "artifacts:pauseStreaming",
      "builder": "mutation",
      "visibility": "public",
      "line": 983,
      "accepted03ADisposition": "guard",
      "closure": "exact verified issuer/sub; pinned current capability, canonical scope/owner, links, revision and retained controls; text only"
    },
    {
      "path": "artifacts:resumeStreaming",
      "builder": "mutation",
      "visibility": "public",
      "line": 1050,
      "accepted03ADisposition": "guard",
      "closure": "exact verified issuer/sub; pinned current capability, canonical scope/owner, links, revision and retained controls; text only"
    },
    {
      "path": "artifacts:cancelStreaming",
      "builder": "mutation",
      "visibility": "public",
      "line": 1116,
      "accepted03ADisposition": "guard",
      "closure": "exact verified issuer/sub; pinned current capability, canonical scope/owner, links, revision and retained controls; text only"
    },
    {
      "path": "artifacts:finalizeStreaming",
      "builder": "mutation",
      "visibility": "public",
      "line": 1205,
      "accepted03ADisposition": "guard",
      "closure": "exact verified issuer/sub; pinned current capability, canonical scope/owner, links, revision and retained controls; text only"
    },
    {
      "path": "artifacts:setStreamingError",
      "builder": "mutation",
      "visibility": "public",
      "line": 1322,
      "accepted03ADisposition": "guard",
      "closure": "exact verified issuer/sub; pinned current capability, canonical scope/owner, links, revision and retained controls; text only"
    },
    {
      "path": "artifacts:retryFromError",
      "builder": "mutation",
      "visibility": "public",
      "line": 1391,
      "accepted03ADisposition": "guard",
      "closure": "exact verified issuer/sub; pinned current capability, canonical scope/owner, links, revision and retained controls; text only"
    }
  ],
  "frozenFilePaths": [
    {
      "path": "artifacts:setFileRef",
      "unchanged": true,
      "state": "PENDING full C2 owned-file admission/private delivery Task12"
    },
    {
      "path": "artifacts:generateArtifactUploadUrl",
      "unchanged": true,
      "state": "PENDING full C2 owned-file admission/private delivery Task12"
    },
    {
      "path": "artifacts:completeArtifactUpload",
      "unchanged": true,
      "state": "PENDING full C2 owned-file admission/private delivery Task12"
    },
    {
      "path": "artifacts:getArtifactFileUrl",
      "unchanged": true,
      "state": "PENDING full C2 owned-file admission/private delivery Task12"
    },
    {
      "path": "artifacts:detachFile",
      "unchanged": true,
      "state": "PENDING full C2 owned-file admission/private delivery Task12"
    }
  ],
  "excludedAttachments": "all 12 attachments registrations/source unchanged"
}
