{
  "classification": "executor outcome probe, not independent judgment",
  "total": 14,
  "outcomes": [
    {
      "endpoint": "immutable",
      "timestamp": 999,
      "data": null,
      "pass": true
    },
    {
      "endpoint": "immutable",
      "timestamp": 1000,
      "data": "first",
      "pass": true
    },
    {
      "endpoint": "immutable",
      "timestamp": 1999,
      "data": "first",
      "pass": true
    },
    {
      "endpoint": "immutable",
      "timestamp": 2000,
      "data": "second",
      "pass": true
    },
    {
      "endpoint": "immutable",
      "timestamp": 3000,
      "data": "current",
      "pass": true
    },
    {
      "endpoint": "immutable",
      "timestamp": 4000,
      "data": "current",
      "pass": true
    },
    {
      "endpoint": "immutable",
      "missingRow": true,
      "data": null,
      "pass": true
    },
    {
      "endpoint": "users",
      "timestamp": 999,
      "data": null,
      "pass": true
    },
    {
      "endpoint": "users",
      "timestamp": 1000,
      "data": "first",
      "pass": true
    },
    {
      "endpoint": "users",
      "timestamp": 1999,
      "data": "first",
      "pass": true
    },
    {
      "endpoint": "users",
      "timestamp": 2000,
      "data": "second",
      "pass": true
    },
    {
      "endpoint": "users",
      "timestamp": 3000,
      "data": "current",
      "pass": true
    },
    {
      "endpoint": "users",
      "timestamp": 4000,
      "data": "current",
      "pass": true
    },
    {
      "endpoint": "users",
      "missingRow": true,
      "data": null,
      "pass": true
    }
  ]
}
