{
  "archives": [
    {
      "cycle": "cycle1-final",
      "records": 69
    },
    {
      "cycle": "cycle2-final",
      "records": 101
    }
  ],
  "registered": {
    "total": 41,
    "public": 36,
    "internal": 5,
    "unresolved": 0,
    "dispositionsUnchanged": true,
    "nativeValidatorsUnchanged": true
  },
  "tests": {
    "total": 189,
    "passed": 189,
    "failed": 0,
    "skipped": 0,
    "suites": 2,
    "namesUnchangedFromCycle2": true
  },
  "timestampOutcomes": 14,
  "actualBackendES2021": "PASS",
  "fullRootDiagnostics": 5,
  "baselineDiagnostics": 0
}
