[
  {
    "name": "remember",
    "serializedReferenceKeys": [
      "actorKind",
      "capabilities",
      "grantId",
      "grantVersion",
      "membershipId",
      "membershipVersion",
      "memorySpaceEpoch",
      "memorySpaceId",
      "principalId",
      "principalVersion",
      "resourceAccess",
      "tenantEpoch",
      "tenantId",
      "userId"
    ],
    "nativeAcceptedReferenceKeys": [
      "principalId",
      "principalVersion",
      "membershipId",
      "membershipVersion",
      "grantId",
      "grantVersion",
      "tenantId",
      "tenantEpoch",
      "memorySpaceId",
      "memorySpaceEpoch"
    ],
    "extraFields": [
      "actorKind",
      "capabilities",
      "resourceAccess",
      "userId"
    ],
    "fixtureReturnedError": {
      "version": 1,
      "code": "CAPABILITY_UNAVAILABLE",
      "message": "Memory capability unavailable.",
      "retryable": false,
      "outcome": "not_dispatched"
    }
  },
  {
    "name": "recall",
    "serializedReferenceKeys": [
      "actorKind",
      "capabilities",
      "grantId",
      "grantVersion",
      "membershipId",
      "membershipVersion",
      "memorySpaceEpoch",
      "memorySpaceId",
      "principalId",
      "principalVersion",
      "resourceAccess",
      "tenantEpoch",
      "tenantId",
      "userId"
    ],
    "nativeAcceptedReferenceKeys": [
      "principalId",
      "principalVersion",
      "membershipId",
      "membershipVersion",
      "grantId",
      "grantVersion",
      "tenantId",
      "tenantEpoch",
      "memorySpaceId",
      "memorySpaceEpoch"
    ],
    "extraFields": [
      "actorKind",
      "capabilities",
      "resourceAccess",
      "userId"
    ],
    "fixtureReturnedError": {
      "version": 1,
      "code": "CAPABILITY_UNAVAILABLE",
      "message": "Memory capability unavailable.",
      "retryable": false,
      "outcome": "not_dispatched"
    }
  }
]
[
  {
    "name": "remember",
    "location": "runtimeAuth:authorize",
    "reached": true,
    "result": {
      "data": {
        "code": "UNKNOWN_BACKEND_FAILURE",
        "message": "PRIVATE_DIAGNOSTIC_MARKER",
        "privateControl": "PRIVATE_CONTROL_MARKER"
      },
      "message": "{\"code\":\"UNKNOWN_BACKEND_FAILURE\",\"message\":\"PRIVATE_DIAGNOSTIC_MARKER\",\"privateControl\":\"PRIVATE_CONTROL_MARKER\"}"
    },
    "writes": 0,
    "sourceCount": 0
  },
  {
    "name": "remember",
    "location": "runtimeMemory:checkAuthority",
    "reached": true,
    "result": {
      "data": {
        "code": "UNKNOWN_BACKEND_FAILURE",
        "message": "PRIVATE_DIAGNOSTIC_MARKER",
        "privateControl": "PRIVATE_CONTROL_MARKER"
      },
      "message": "{\"code\":\"UNKNOWN_BACKEND_FAILURE\",\"message\":\"PRIVATE_DIAGNOSTIC_MARKER\",\"privateControl\":\"PRIVATE_CONTROL_MARKER\"}"
    },
    "writes": 0,
    "sourceCount": 0
  },
  {
    "name": "recall",
    "location": "runtimeAuth:authorize",
    "reached": true,
    "result": {
      "data": {
        "code": "UNKNOWN_BACKEND_FAILURE",
        "message": "PRIVATE_DIAGNOSTIC_MARKER",
        "privateControl": "PRIVATE_CONTROL_MARKER"
      },
      "message": "{\"code\":\"UNKNOWN_BACKEND_FAILURE\",\"message\":\"PRIVATE_DIAGNOSTIC_MARKER\",\"privateControl\":\"PRIVATE_CONTROL_MARKER\"}"
    },
    "writes": 0,
    "sourceCount": 0
  },
  {
    "name": "recall",
    "location": "runtimeMemory:checkAuthority",
    "reached": true,
    "result": {
      "data": {
        "code": "UNKNOWN_BACKEND_FAILURE",
        "message": "PRIVATE_DIAGNOSTIC_MARKER",
        "privateControl": "PRIVATE_CONTROL_MARKER"
      },
      "message": "{\"code\":\"UNKNOWN_BACKEND_FAILURE\",\"message\":\"PRIVATE_DIAGNOSTIC_MARKER\",\"privateControl\":\"PRIVATE_CONTROL_MARKER\"}"
    },
    "writes": 0,
    "sourceCount": 0
  }
]
