after-freeze 50 0
after-qa 322 0
after-candidate-head 0
after-candidate-status 0
after-main-head 0
after-main-status 0
total QA 2160
{
  "utc": "2026-10-03T14:07:15.441010+00:00",
  "all2160CandidateQaUnchanged": true,
  "candidateHeadUnchanged": true,
  "candidateStatusUnchanged": true,
  "sourceCount": 50,
  "thirdQaCount": 322,
  "allSourceAndThirdQaMatchBeforeAndAfter": true,
  "mainBeforeHead": "022e2e3d61161766e90e91dd572bb9b7063d5957",
  "mainAfterHead": "b54bc105c9492732add2375315b4a1f889d825f4",
  "mainStatusEqualityIsNotAssumed": true,
  "candidatereport.md": {
    "sha256": "f8353d0c35f7a1ae571aaacec3fc758c8ebc0d68e8712172f6744f9595e6caea",
    "bytes": 17049
  },
  "candidatesource-freeze.json": {
    "sha256": "5f2ca08969e62c6f5d3abf458f639b503eda6db4607c96390881a757d1a12530",
    "bytes": 15109
  },
  "candidateqa-manifest.json": {
    "sha256": "0f77a87fd1ae4b18689317ea521eec500990a8cb0d7ebfefa9b058826b74f67b",
    "bytes": 60694
  }
}
