{
  "count": 3,
  "observations": [
    {
      "table": "agents",
      "reached": true,
      "identityCalls": 4,
      "attempts": 1,
      "commits": 1,
      "result": {
        "accepted": true,
        "resourceType": "agents",
        "resourceId": "agent-a"
      },
      "errorData": null
    },
    {
      "table": "memorySpaces",
      "reached": true,
      "identityCalls": 5,
      "attempts": 1,
      "commits": 1,
      "result": {
        "accepted": true,
        "resourceType": "memorySpaces",
        "resourceId": "space-a"
      },
      "errorData": null
    },
    {
      "table": "contexts",
      "reached": true,
      "identityCalls": 6,
      "attempts": 1,
      "commits": 1,
      "result": {
        "accepted": true,
        "resourceType": "contexts",
        "resourceId": "context-a"
      },
      "errorData": null
    }
  ]
}
