{
  "classification": "Synthetic hostile/accessor-bearing runtime exceptions at actual registered handlers; installed unique is ordinary Error and already covered by passing native probes. No live transport claim.",
  "count": 88,
  "outcomes": [
    {
      "path": "agents:count",
      "seam": "initial driver read Error.message getter",
      "reached": true,
      "writes": 0,
      "errorType": "ConvexError",
      "errorMessage": "{\"version\":1,\"code\":\"REGISTRY_OPERATION_FAILED\",\"message\":\"Registry operation failed\",\"retryable\":false,\"outcome\":\"failed\"}",
      "errorData": {
        "version": 1,
        "code": "REGISTRY_OPERATION_FAILED",
        "message": "Registry operation failed",
        "retryable": false,
        "outcome": "failed"
      },
      "structuredBoundary": true,
      "privateOutputLeak": false
    },
    {
      "path": "agents:exists",
      "seam": "initial driver read Error.message getter",
      "reached": true,
      "writes": 0,
      "errorType": "ConvexError",
      "errorMessage": "{\"version\":1,\"code\":\"REGISTRY_OPERATION_FAILED\",\"message\":\"Registry operation failed\",\"retryable\":false,\"outcome\":\"failed\"}",
      "errorData": {
        "version": 1,
        "code": "REGISTRY_OPERATION_FAILED",
        "message": "Registry operation failed",
        "retryable": false,
        "outcome": "failed"
      },
      "structuredBoundary": true,
      "privateOutputLeak": false
    },
    {
      "path": "agents:get",
      "seam": "initial driver read Error.message getter",
      "reached": true,
      "writes": 0,
      "errorType": "ConvexError",
      "errorMessage": "{\"version\":1,\"code\":\"REGISTRY_OPERATION_FAILED\",\"message\":\"Registry operation failed\",\"retryable\":false,\"outcome\":\"failed\"}",
      "errorData": {
        "version": 1,
        "code": "REGISTRY_OPERATION_FAILED",
        "message": "Registry operation failed",
        "retryable": false,
        "outcome": "failed"
      },
      "structuredBoundary": true,
      "privateOutputLeak": false
    },
    {
      "path": "agents:list",
      "seam": "initial driver read Error.message getter",
      "reached": true,
      "writes": 0,
      "errorType": "ConvexError",
      "errorMessage": "{\"version\":1,\"code\":\"REGISTRY_OPERATION_FAILED\",\"message\":\"Registry operation failed\",\"retryable\":false,\"outcome\":\"failed\"}",
      "errorData": {
        "version": 1,
        "code": "REGISTRY_OPERATION_FAILED",
        "message": "Registry operation failed",
        "retryable": false,
        "outcome": "failed"
      },
      "structuredBoundary": true,
      "privateOutputLeak": false
    },
    {
      "path": "agents:purgeAll",
      "seam": "initial driver read Error.message getter",
      "reached": true,
      "writes": 0,
      "errorType": "ConvexError",
      "errorMessage": "{\"version\":1,\"code\":\"REGISTRY_OPERATION_FAILED\",\"message\":\"Registry operation failed\",\"retryable\":false,\"outcome\":\"failed\"}",
      "errorData": {
        "version": 1,
        "code": "REGISTRY_OPERATION_FAILED",
        "message": "Registry operation failed",
        "retryable": false,
        "outcome": "failed"
      },
      "structuredBoundary": true,
      "privateOutputLeak": false
    },
    {
      "path": "agents:register",
      "seam": "initial driver read Error.message getter",
      "reached": true,
      "writes": 0,
      "errorType": "ConvexError",
      "errorMessage": "{\"version\":1,\"code\":\"REGISTRY_OPERATION_FAILED\",\"message\":\"Registry operation failed\",\"retryable\":false,\"outcome\":\"failed\"}",
      "errorData": {
        "version": 1,
        "code": "REGISTRY_OPERATION_FAILED",
        "message": "Registry operation failed",
        "retryable": false,
        "outcome": "failed"
      },
      "structuredBoundary": true,
      "privateOutputLeak": false
    },
    {
      "path": "agents:unregister",
      "seam": "initial driver read Error.message getter",
      "reached": true,
      "writes": 0,
      "errorType": "ConvexError",
      "errorMessage": "{\"version\":1,\"code\":\"REGISTRY_OPERATION_FAILED\",\"message\":\"Registry operation failed\",\"retryable\":false,\"outcome\":\"failed\"}",
      "errorData": {
        "version": 1,
        "code": "REGISTRY_OPERATION_FAILED",
        "message": "Registry operation failed",
        "retryable": false,
        "outcome": "failed"
      },
      "structuredBoundary": true,
      "privateOutputLeak": false
    },
    {
      "path": "agents:unregisterMany",
      "seam": "initial driver read Error.message getter",
      "reached": true,
      "writes": 0,
      "errorType": "ConvexError",
      "errorMessage": "{\"version\":1,\"code\":\"REGISTRY_OPERATION_FAILED\",\"message\":\"Registry operation failed\",\"retryable\":false,\"outcome\":\"failed\"}",
      "errorData": {
        "version": 1,
        "code": "REGISTRY_OPERATION_FAILED",
        "message": "Registry operation failed",
        "retryable": false,
        "outcome": "failed"
      },
      "structuredBoundary": true,
      "privateOutputLeak": false
    },
    {
      "path": "agents:update",
      "seam": "initial driver read Error.message getter",
      "reached": true,
      "writes": 0,
      "errorType": "ConvexError",
      "errorMessage": "{\"version\":1,\"code\":\"REGISTRY_OPERATION_FAILED\",\"message\":\"Registry operation failed\",\"retryable\":false,\"outcome\":\"failed\"}",
      "errorData": {
        "version": 1,
        "code": "REGISTRY_OPERATION_FAILED",
        "message": "Registry operation failed",
        "retryable": false,
        "outcome": "failed"
      },
      "structuredBoundary": true,
      "privateOutputLeak": false
    },
    {
      "path": "agents:updateMany",
      "seam": "initial driver read Error.message getter",
      "reached": true,
      "writes": 0,
      "errorType": "ConvexError",
      "errorMessage": "{\"version\":1,\"code\":\"REGISTRY_OPERATION_FAILED\",\"message\":\"Registry operation failed\",\"retryable\":false,\"outcome\":\"failed\"}",
      "errorData": {
        "version": 1,
        "code": "REGISTRY_OPERATION_FAILED",
        "message": "Registry operation failed",
        "retryable": false,
        "outcome": "failed"
      },
      "structuredBoundary": true,
      "privateOutputLeak": false
    },
    {
      "path": "memorySpaces:addParticipant",
      "seam": "initial driver read Error.message getter",
      "reached": true,
      "writes": 0,
      "errorType": "ConvexError",
      "errorMessage": "{\"version\":1,\"code\":\"REGISTRY_OPERATION_FAILED\",\"message\":\"Registry operation failed\",\"retryable\":false,\"outcome\":\"failed\"}",
      "errorData": {
        "version": 1,
        "code": "REGISTRY_OPERATION_FAILED",
        "message": "Registry operation failed",
        "retryable": false,
        "outcome": "failed"
      },
      "structuredBoundary": true,
      "privateOutputLeak": false
    },
    {
      "path": "memorySpaces:archive",
      "seam": "initial driver read Error.message getter",
      "reached": true,
      "writes": 0,
      "errorType": "ConvexError",
      "errorMessage": "{\"version\":1,\"code\":\"REGISTRY_OPERATION_FAILED\",\"message\":\"Registry operation failed\",\"retryable\":false,\"outcome\":\"failed\"}",
      "errorData": {
        "version": 1,
        "code": "REGISTRY_OPERATION_FAILED",
        "message": "Registry operation failed",
        "retryable": false,
        "outcome": "failed"
      },
      "structuredBoundary": true,
      "privateOutputLeak": false
    },
    {
      "path": "memorySpaces:count",
      "seam": "initial driver read Error.message getter",
      "reached": true,
      "writes": 0,
      "errorType": "ConvexError",
      "errorMessage": "{\"version\":1,\"code\":\"REGISTRY_OPERATION_FAILED\",\"message\":\"Registry operation failed\",\"retryable\":false,\"outcome\":\"failed\"}",
      "errorData": {
        "version": 1,
        "code": "REGISTRY_OPERATION_FAILED",
        "message": "Registry operation failed",
        "retryable": false,
        "outcome": "failed"
      },
      "structuredBoundary": true,
      "privateOutputLeak": false
    },
    {
      "path": "memorySpaces:deleteSpace",
      "seam": "initial driver read Error.message getter",
      "reached": true,
      "writes": 0,
      "errorType": "ConvexError",
      "errorMessage": "{\"version\":1,\"code\":\"REGISTRY_OPERATION_FAILED\",\"message\":\"Registry operation failed\",\"retryable\":false,\"outcome\":\"failed\"}",
      "errorData": {
        "version": 1,
        "code": "REGISTRY_OPERATION_FAILED",
        "message": "Registry operation failed",
        "retryable": false,
        "outcome": "failed"
      },
      "structuredBoundary": true,
      "privateOutputLeak": false
    },
    {
      "path": "memorySpaces:findByParticipant",
      "seam": "initial driver read Error.message getter",
      "reached": true,
      "writes": 0,
      "errorType": "ConvexError",
      "errorMessage": "{\"version\":1,\"code\":\"REGISTRY_OPERATION_FAILED\",\"message\":\"Registry operation failed\",\"retryable\":false,\"outcome\":\"failed\"}",
      "errorData": {
        "version": 1,
        "code": "REGISTRY_OPERATION_FAILED",
        "message": "Registry operation failed",
        "retryable": false,
        "outcome": "failed"
      },
      "structuredBoundary": true,
      "privateOutputLeak": false
    },
    {
      "path": "memorySpaces:get",
      "seam": "initial driver read Error.message getter",
      "reached": true,
      "writes": 0,
      "errorType": "ConvexError",
      "errorMessage": "{\"version\":1,\"code\":\"REGISTRY_OPERATION_FAILED\",\"message\":\"Registry operation failed\",\"retryable\":false,\"outcome\":\"failed\"}",
      "errorData": {
        "version": 1,
        "code": "REGISTRY_OPERATION_FAILED",
        "message": "Registry operation failed",
        "retryable": false,
        "outcome": "failed"
      },
      "structuredBoundary": true,
      "privateOutputLeak": false
    },
    {
      "path": "memorySpaces:list",
      "seam": "initial driver read Error.message getter",
      "reached": true,
      "writes": 0,
      "errorType": "ConvexError",
      "errorMessage": "{\"version\":1,\"code\":\"REGISTRY_OPERATION_FAILED\",\"message\":\"Registry operation failed\",\"retryable\":false,\"outcome\":\"failed\"}",
      "errorData": {
        "version": 1,
        "code": "REGISTRY_OPERATION_FAILED",
        "message": "Registry operation failed",
        "retryable": false,
        "outcome": "failed"
      },
      "structuredBoundary": true,
      "privateOutputLeak": false
    },
    {
      "path": "memorySpaces:purgeAll",
      "seam": "initial driver read Error.message getter",
      "reached": true,
      "writes": 0,
      "errorType": "ConvexError",
      "errorMessage": "{\"version\":1,\"code\":\"REGISTRY_OPERATION_FAILED\",\"message\":\"Registry operation failed\",\"retryable\":false,\"outcome\":\"failed\"}",
      "errorData": {
        "version": 1,
        "code": "REGISTRY_OPERATION_FAILED",
        "message": "Registry operation failed",
        "retryable": false,
        "outcome": "failed"
      },
      "structuredBoundary": true,
      "privateOutputLeak": false
    },
    {
      "path": "memorySpaces:reactivate",
      "seam": "initial driver read Error.message getter",
      "reached": true,
      "writes": 0,
      "errorType": "ConvexError",
      "errorMessage": "{\"version\":1,\"code\":\"REGISTRY_OPERATION_FAILED\",\"message\":\"Registry operation failed\",\"retryable\":false,\"outcome\":\"failed\"}",
      "errorData": {
        "version": 1,
        "code": "REGISTRY_OPERATION_FAILED",
        "message": "Registry operation failed",
        "retryable": false,
        "outcome": "failed"
      },
      "structuredBoundary": true,
      "privateOutputLeak": false
    },
    {
      "path": "memorySpaces:register",
      "seam": "initial driver read Error.message getter",
      "reached": true,
      "writes": 0,
      "errorType": "ConvexError",
      "errorMessage": "{\"version\":1,\"code\":\"REGISTRY_OPERATION_FAILED\",\"message\":\"Registry operation failed\",\"retryable\":false,\"outcome\":\"failed\"}",
      "errorData": {
        "version": 1,
        "code": "REGISTRY_OPERATION_FAILED",
        "message": "Registry operation failed",
        "retryable": false,
        "outcome": "failed"
      },
      "structuredBoundary": true,
      "privateOutputLeak": false
    },
    {
      "path": "memorySpaces:removeParticipant",
      "seam": "initial driver read Error.message getter",
      "reached": true,
      "writes": 0,
      "errorType": "ConvexError",
      "errorMessage": "{\"version\":1,\"code\":\"REGISTRY_OPERATION_FAILED\",\"message\":\"Registry operation failed\",\"retryable\":false,\"outcome\":\"failed\"}",
      "errorData": {
        "version": 1,
        "code": "REGISTRY_OPERATION_FAILED",
        "message": "Registry operation failed",
        "retryable": false,
        "outcome": "failed"
      },
      "structuredBoundary": true,
      "privateOutputLeak": false
    },
    {
      "path": "memorySpaces:search",
      "seam": "initial driver read Error.message getter",
      "reached": true,
      "writes": 0,
      "errorType": "ConvexError",
      "errorMessage": "{\"version\":1,\"code\":\"REGISTRY_OPERATION_FAILED\",\"message\":\"Registry operation failed\",\"retryable\":false,\"outcome\":\"failed\"}",
      "errorData": {
        "version": 1,
        "code": "REGISTRY_OPERATION_FAILED",
        "message": "Registry operation failed",
        "retryable": false,
        "outcome": "failed"
      },
      "structuredBoundary": true,
      "privateOutputLeak": false
    },
    {
      "path": "memorySpaces:update",
      "seam": "initial driver read Error.message getter",
      "reached": true,
      "writes": 0,
      "errorType": "ConvexError",
      "errorMessage": "{\"version\":1,\"code\":\"REGISTRY_OPERATION_FAILED\",\"message\":\"Registry operation failed\",\"retryable\":false,\"outcome\":\"failed\"}",
      "errorData": {
        "version": 1,
        "code": "REGISTRY_OPERATION_FAILED",
        "message": "Registry operation failed",
        "retryable": false,
        "outcome": "failed"
      },
      "structuredBoundary": true,
      "privateOutputLeak": false
    },
    {
      "path": "memorySpaces:updateParticipants",
      "seam": "initial driver read Error.message getter",
      "reached": true,
      "writes": 0,
      "errorType": "ConvexError",
      "errorMessage": "{\"version\":1,\"code\":\"REGISTRY_OPERATION_FAILED\",\"message\":\"Registry operation failed\",\"retryable\":false,\"outcome\":\"failed\"}",
      "errorData": {
        "version": 1,
        "code": "REGISTRY_OPERATION_FAILED",
        "message": "Registry operation failed",
        "retryable": false,
        "outcome": "failed"
      },
      "structuredBoundary": true,
      "privateOutputLeak": false
    },
    {
      "path": "contexts:addParticipant",
      "seam": "initial driver read Error.message getter",
      "reached": true,
      "writes": 0,
      "errorType": "ConvexError",
      "errorMessage": "{\"version\":1,\"code\":\"REGISTRY_OPERATION_FAILED\",\"message\":\"Registry operation failed\",\"retryable\":false,\"outcome\":\"failed\"}",
      "errorData": {
        "version": 1,
        "code": "REGISTRY_OPERATION_FAILED",
        "message": "Registry operation failed",
        "retryable": false,
        "outcome": "failed"
      },
      "structuredBoundary": true,
      "privateOutputLeak": false
    },
    {
      "path": "contexts:count",
      "seam": "initial driver read Error.message getter",
      "reached": true,
      "writes": 0,
      "errorType": "ConvexError",
      "errorMessage": "{\"version\":1,\"code\":\"REGISTRY_OPERATION_FAILED\",\"message\":\"Registry operation failed\",\"retryable\":false,\"outcome\":\"failed\"}",
      "errorData": {
        "version": 1,
        "code": "REGISTRY_OPERATION_FAILED",
        "message": "Registry operation failed",
        "retryable": false,
        "outcome": "failed"
      },
      "structuredBoundary": true,
      "privateOutputLeak": false
    },
    {
      "path": "contexts:create",
      "seam": "initial driver read Error.message getter",
      "reached": true,
      "writes": 0,
      "errorType": "ConvexError",
      "errorMessage": "{\"version\":1,\"code\":\"REGISTRY_OPERATION_FAILED\",\"message\":\"Registry operation failed\",\"retryable\":false,\"outcome\":\"failed\"}",
      "errorData": {
        "version": 1,
        "code": "REGISTRY_OPERATION_FAILED",
        "message": "Registry operation failed",
        "retryable": false,
        "outcome": "failed"
      },
      "structuredBoundary": true,
      "privateOutputLeak": false
    },
    {
      "path": "contexts:deleteContext",
      "seam": "initial driver read Error.message getter",
      "reached": true,
      "writes": 0,
      "errorType": "ConvexError",
      "errorMessage": "{\"version\":1,\"code\":\"REGISTRY_OPERATION_FAILED\",\"message\":\"Registry operation failed\",\"retryable\":false,\"outcome\":\"failed\"}",
      "errorData": {
        "version": 1,
        "code": "REGISTRY_OPERATION_FAILED",
        "message": "Registry operation failed",
        "retryable": false,
        "outcome": "failed"
      },
      "structuredBoundary": true,
      "privateOutputLeak": false
    },
    {
      "path": "contexts:deleteMany",
      "seam": "initial driver read Error.message getter",
      "reached": true,
      "writes": 0,
      "errorType": "ConvexError",
      "errorMessage": "{\"version\":1,\"code\":\"REGISTRY_OPERATION_FAILED\",\"message\":\"Registry operation failed\",\"retryable\":false,\"outcome\":\"failed\"}",
      "errorData": {
        "version": 1,
        "code": "REGISTRY_OPERATION_FAILED",
        "message": "Registry operation failed",
        "retryable": false,
        "outcome": "failed"
      },
      "structuredBoundary": true,
      "privateOutputLeak": false
    },
    {
      "path": "contexts:exportContexts",
      "seam": "initial driver read Error.message getter",
      "reached": true,
      "writes": 0,
      "errorType": "ConvexError",
      "errorMessage": "{\"version\":1,\"code\":\"REGISTRY_OPERATION_FAILED\",\"message\":\"Registry operation failed\",\"retryable\":false,\"outcome\":\"failed\"}",
      "errorData": {
        "version": 1,
        "code": "REGISTRY_OPERATION_FAILED",
        "message": "Registry operation failed",
        "retryable": false,
        "outcome": "failed"
      },
      "structuredBoundary": true,
      "privateOutputLeak": false
    },
    {
      "path": "contexts:findOrphaned",
      "seam": "initial driver read Error.message getter",
      "reached": true,
      "writes": 0,
      "errorType": "ConvexError",
      "errorMessage": "{\"version\":1,\"code\":\"REGISTRY_OPERATION_FAILED\",\"message\":\"Registry operation failed\",\"retryable\":false,\"outcome\":\"failed\"}",
      "errorData": {
        "version": 1,
        "code": "REGISTRY_OPERATION_FAILED",
        "message": "Registry operation failed",
        "retryable": false,
        "outcome": "failed"
      },
      "structuredBoundary": true,
      "privateOutputLeak": false
    },
    {
      "path": "contexts:get",
      "seam": "initial driver read Error.message getter",
      "reached": true,
      "writes": 0,
      "errorType": "ConvexError",
      "errorMessage": "{\"version\":1,\"code\":\"REGISTRY_OPERATION_FAILED\",\"message\":\"Registry operation failed\",\"retryable\":false,\"outcome\":\"failed\"}",
      "errorData": {
        "version": 1,
        "code": "REGISTRY_OPERATION_FAILED",
        "message": "Registry operation failed",
        "retryable": false,
        "outcome": "failed"
      },
      "structuredBoundary": true,
      "privateOutputLeak": false
    },
    {
      "path": "contexts:getAtTimestamp",
      "seam": "initial driver read Error.message getter",
      "reached": true,
      "writes": 0,
      "errorType": "ConvexError",
      "errorMessage": "{\"version\":1,\"code\":\"REGISTRY_OPERATION_FAILED\",\"message\":\"Registry operation failed\",\"retryable\":false,\"outcome\":\"failed\"}",
      "errorData": {
        "version": 1,
        "code": "REGISTRY_OPERATION_FAILED",
        "message": "Registry operation failed",
        "retryable": false,
        "outcome": "failed"
      },
      "structuredBoundary": true,
      "privateOutputLeak": false
    },
    {
      "path": "contexts:getByConversation",
      "seam": "initial driver read Error.message getter",
      "reached": true,
      "writes": 0,
      "errorType": "ConvexError",
      "errorMessage": "{\"version\":1,\"code\":\"REGISTRY_OPERATION_FAILED\",\"message\":\"Registry operation failed\",\"retryable\":false,\"outcome\":\"failed\"}",
      "errorData": {
        "version": 1,
        "code": "REGISTRY_OPERATION_FAILED",
        "message": "Registry operation failed",
        "retryable": false,
        "outcome": "failed"
      },
      "structuredBoundary": true,
      "privateOutputLeak": false
    },
    {
      "path": "contexts:getChain",
      "seam": "initial driver read Error.message getter",
      "reached": true,
      "writes": 0,
      "errorType": "ConvexError",
      "errorMessage": "{\"version\":1,\"code\":\"REGISTRY_OPERATION_FAILED\",\"message\":\"Registry operation failed\",\"retryable\":false,\"outcome\":\"failed\"}",
      "errorData": {
        "version": 1,
        "code": "REGISTRY_OPERATION_FAILED",
        "message": "Registry operation failed",
        "retryable": false,
        "outcome": "failed"
      },
      "structuredBoundary": true,
      "privateOutputLeak": false
    },
    {
      "path": "contexts:getChildren",
      "seam": "initial driver read Error.message getter",
      "reached": true,
      "writes": 0,
      "errorType": "ConvexError",
      "errorMessage": "{\"version\":1,\"code\":\"REGISTRY_OPERATION_FAILED\",\"message\":\"Registry operation failed\",\"retryable\":false,\"outcome\":\"failed\"}",
      "errorData": {
        "version": 1,
        "code": "REGISTRY_OPERATION_FAILED",
        "message": "Registry operation failed",
        "retryable": false,
        "outcome": "failed"
      },
      "structuredBoundary": true,
      "privateOutputLeak": false
    },
    {
      "path": "contexts:getHistory",
      "seam": "initial driver read Error.message getter",
      "reached": true,
      "writes": 0,
      "errorType": "ConvexError",
      "errorMessage": "{\"version\":1,\"code\":\"REGISTRY_OPERATION_FAILED\",\"message\":\"Registry operation failed\",\"retryable\":false,\"outcome\":\"failed\"}",
      "errorData": {
        "version": 1,
        "code": "REGISTRY_OPERATION_FAILED",
        "message": "Registry operation failed",
        "retryable": false,
        "outcome": "failed"
      },
      "structuredBoundary": true,
      "privateOutputLeak": false
    },
    {
      "path": "contexts:getRoot",
      "seam": "initial driver read Error.message getter",
      "reached": true,
      "writes": 0,
      "errorType": "ConvexError",
      "errorMessage": "{\"version\":1,\"code\":\"REGISTRY_OPERATION_FAILED\",\"message\":\"Registry operation failed\",\"retryable\":false,\"outcome\":\"failed\"}",
      "errorData": {
        "version": 1,
        "code": "REGISTRY_OPERATION_FAILED",
        "message": "Registry operation failed",
        "retryable": false,
        "outcome": "failed"
      },
      "structuredBoundary": true,
      "privateOutputLeak": false
    },
    {
      "path": "contexts:getVersion",
      "seam": "initial driver read Error.message getter",
      "reached": true,
      "writes": 0,
      "errorType": "ConvexError",
      "errorMessage": "{\"version\":1,\"code\":\"REGISTRY_OPERATION_FAILED\",\"message\":\"Registry operation failed\",\"retryable\":false,\"outcome\":\"failed\"}",
      "errorData": {
        "version": 1,
        "code": "REGISTRY_OPERATION_FAILED",
        "message": "Registry operation failed",
        "retryable": false,
        "outcome": "failed"
      },
      "structuredBoundary": true,
      "privateOutputLeak": false
    },
    {
      "path": "contexts:grantAccess",
      "seam": "initial driver read Error.message getter",
      "reached": true,
      "writes": 0,
      "errorType": "ConvexError",
      "errorMessage": "{\"version\":1,\"code\":\"REGISTRY_OPERATION_FAILED\",\"message\":\"Registry operation failed\",\"retryable\":false,\"outcome\":\"failed\"}",
      "errorData": {
        "version": 1,
        "code": "REGISTRY_OPERATION_FAILED",
        "message": "Registry operation failed",
        "retryable": false,
        "outcome": "failed"
      },
      "structuredBoundary": true,
      "privateOutputLeak": false
    },
    {
      "path": "contexts:list",
      "seam": "initial driver read Error.message getter",
      "reached": true,
      "writes": 0,
      "errorType": "ConvexError",
      "errorMessage": "{\"version\":1,\"code\":\"REGISTRY_OPERATION_FAILED\",\"message\":\"Registry operation failed\",\"retryable\":false,\"outcome\":\"failed\"}",
      "errorData": {
        "version": 1,
        "code": "REGISTRY_OPERATION_FAILED",
        "message": "Registry operation failed",
        "retryable": false,
        "outcome": "failed"
      },
      "structuredBoundary": true,
      "privateOutputLeak": false
    },
    {
      "path": "contexts:purgeAll",
      "seam": "initial driver read Error.message getter",
      "reached": true,
      "writes": 0,
      "errorType": "ConvexError",
      "errorMessage": "{\"version\":1,\"code\":\"REGISTRY_OPERATION_FAILED\",\"message\":\"Registry operation failed\",\"retryable\":false,\"outcome\":\"failed\"}",
      "errorData": {
        "version": 1,
        "code": "REGISTRY_OPERATION_FAILED",
        "message": "Registry operation failed",
        "retryable": false,
        "outcome": "failed"
      },
      "structuredBoundary": true,
      "privateOutputLeak": false
    },
    {
      "path": "contexts:removeParticipant",
      "seam": "initial driver read Error.message getter",
      "reached": true,
      "writes": 0,
      "errorType": "ConvexError",
      "errorMessage": "{\"version\":1,\"code\":\"REGISTRY_OPERATION_FAILED\",\"message\":\"Registry operation failed\",\"retryable\":false,\"outcome\":\"failed\"}",
      "errorData": {
        "version": 1,
        "code": "REGISTRY_OPERATION_FAILED",
        "message": "Registry operation failed",
        "retryable": false,
        "outcome": "failed"
      },
      "structuredBoundary": true,
      "privateOutputLeak": false
    },
    {
      "path": "contexts:search",
      "seam": "initial driver read Error.message getter",
      "reached": true,
      "writes": 0,
      "errorType": "ConvexError",
      "errorMessage": "{\"version\":1,\"code\":\"REGISTRY_OPERATION_FAILED\",\"message\":\"Registry operation failed\",\"retryable\":false,\"outcome\":\"failed\"}",
      "errorData": {
        "version": 1,
        "code": "REGISTRY_OPERATION_FAILED",
        "message": "Registry operation failed",
        "retryable": false,
        "outcome": "failed"
      },
      "structuredBoundary": true,
      "privateOutputLeak": false
    },
    {
      "path": "contexts:update",
      "seam": "initial driver read Error.message getter",
      "reached": true,
      "writes": 0,
      "errorType": "ConvexError",
      "errorMessage": "{\"version\":1,\"code\":\"REGISTRY_OPERATION_FAILED\",\"message\":\"Registry operation failed\",\"retryable\":false,\"outcome\":\"failed\"}",
      "errorData": {
        "version": 1,
        "code": "REGISTRY_OPERATION_FAILED",
        "message": "Registry operation failed",
        "retryable": false,
        "outcome": "failed"
      },
      "structuredBoundary": true,
      "privateOutputLeak": false
    },
    {
      "path": "contexts:updateMany",
      "seam": "initial driver read Error.message getter",
      "reached": true,
      "writes": 0,
      "errorType": "ConvexError",
      "errorMessage": "{\"version\":1,\"code\":\"REGISTRY_OPERATION_FAILED\",\"message\":\"Registry operation failed\",\"retryable\":false,\"outcome\":\"failed\"}",
      "errorData": {
        "version": 1,
        "code": "REGISTRY_OPERATION_FAILED",
        "message": "Registry operation failed",
        "retryable": false,
        "outcome": "failed"
      },
      "structuredBoundary": true,
      "privateOutputLeak": false
    },
    {
      "path": "agents:purgeAll",
      "seam": "actual first driver write Error.message getter",
      "attempts": 1,
      "writes": 0,
      "errorType": "ConvexError",
      "errorMessage": "{\"version\":1,\"code\":\"REGISTRY_OPERATION_FAILED\",\"message\":\"Registry operation failed\",\"retryable\":false,\"outcome\":\"rolled_back\"}",
      "errorData": {
        "version": 1,
        "code": "REGISTRY_OPERATION_FAILED",
        "message": "Registry operation failed",
        "retryable": false,
        "outcome": "rolled_back"
      },
      "structuredBoundary": true,
      "privateOutputLeak": false
    },
    {
      "path": "agents:register",
      "seam": "actual first driver write Error.message getter",
      "attempts": 1,
      "writes": 0,
      "errorType": "ConvexError",
      "errorMessage": "{\"version\":1,\"code\":\"REGISTRY_OPERATION_FAILED\",\"message\":\"Registry operation failed\",\"retryable\":false,\"outcome\":\"rolled_back\"}",
      "errorData": {
        "version": 1,
        "code": "REGISTRY_OPERATION_FAILED",
        "message": "Registry operation failed",
        "retryable": false,
        "outcome": "rolled_back"
      },
      "structuredBoundary": true,
      "privateOutputLeak": false
    },
    {
      "path": "agents:unregister",
      "seam": "actual first driver write Error.message getter",
      "attempts": 1,
      "writes": 0,
      "errorType": "ConvexError",
      "errorMessage": "{\"version\":1,\"code\":\"REGISTRY_OPERATION_FAILED\",\"message\":\"Registry operation failed\",\"retryable\":false,\"outcome\":\"rolled_back\"}",
      "errorData": {
        "version": 1,
        "code": "REGISTRY_OPERATION_FAILED",
        "message": "Registry operation failed",
        "retryable": false,
        "outcome": "rolled_back"
      },
      "structuredBoundary": true,
      "privateOutputLeak": false
    },
    {
      "path": "agents:unregisterMany",
      "seam": "actual first driver write Error.message getter",
      "attempts": 1,
      "writes": 0,
      "errorType": "ConvexError",
      "errorMessage": "{\"version\":1,\"code\":\"REGISTRY_OPERATION_FAILED\",\"message\":\"Registry operation failed\",\"retryable\":false,\"outcome\":\"rolled_back\"}",
      "errorData": {
        "version": 1,
        "code": "REGISTRY_OPERATION_FAILED",
        "message": "Registry operation failed",
        "retryable": false,
        "outcome": "rolled_back"
      },
      "structuredBoundary": true,
      "privateOutputLeak": false
    },
    {
      "path": "agents:update",
      "seam": "actual first driver write Error.message getter",
      "attempts": 1,
      "writes": 0,
      "errorType": "ConvexError",
      "errorMessage": "{\"version\":1,\"code\":\"REGISTRY_OPERATION_FAILED\",\"message\":\"Registry operation failed\",\"retryable\":false,\"outcome\":\"rolled_back\"}",
      "errorData": {
        "version": 1,
        "code": "REGISTRY_OPERATION_FAILED",
        "message": "Registry operation failed",
        "retryable": false,
        "outcome": "rolled_back"
      },
      "structuredBoundary": true,
      "privateOutputLeak": false
    },
    {
      "path": "agents:updateMany",
      "seam": "actual first driver write Error.message getter",
      "attempts": 1,
      "writes": 0,
      "errorType": "ConvexError",
      "errorMessage": "{\"version\":1,\"code\":\"REGISTRY_OPERATION_FAILED\",\"message\":\"Registry operation failed\",\"retryable\":false,\"outcome\":\"rolled_back\"}",
      "errorData": {
        "version": 1,
        "code": "REGISTRY_OPERATION_FAILED",
        "message": "Registry operation failed",
        "retryable": false,
        "outcome": "rolled_back"
      },
      "structuredBoundary": true,
      "privateOutputLeak": false
    },
    {
      "path": "memorySpaces:addParticipant",
      "seam": "actual first driver write Error.message getter",
      "attempts": 1,
      "writes": 0,
      "errorType": "ConvexError",
      "errorMessage": "{\"version\":1,\"code\":\"REGISTRY_OPERATION_FAILED\",\"message\":\"Registry operation failed\",\"retryable\":false,\"outcome\":\"rolled_back\"}",
      "errorData": {
        "version": 1,
        "code": "REGISTRY_OPERATION_FAILED",
        "message": "Registry operation failed",
        "retryable": false,
        "outcome": "rolled_back"
      },
      "structuredBoundary": true,
      "privateOutputLeak": false
    },
    {
      "path": "memorySpaces:archive",
      "seam": "actual first driver write Error.message getter",
      "attempts": 1,
      "writes": 0,
      "errorType": "ConvexError",
      "errorMessage": "{\"version\":1,\"code\":\"REGISTRY_OPERATION_FAILED\",\"message\":\"Registry operation failed\",\"retryable\":false,\"outcome\":\"rolled_back\"}",
      "errorData": {
        "version": 1,
        "code": "REGISTRY_OPERATION_FAILED",
        "message": "Registry operation failed",
        "retryable": false,
        "outcome": "rolled_back"
      },
      "structuredBoundary": true,
      "privateOutputLeak": false
    },
    {
      "path": "memorySpaces:deleteSpace",
      "seam": "actual first driver write Error.message getter",
      "attempts": 1,
      "writes": 0,
      "errorType": "ConvexError",
      "errorMessage": "{\"version\":1,\"code\":\"REGISTRY_OPERATION_FAILED\",\"message\":\"Registry operation failed\",\"retryable\":false,\"outcome\":\"rolled_back\"}",
      "errorData": {
        "version": 1,
        "code": "REGISTRY_OPERATION_FAILED",
        "message": "Registry operation failed",
        "retryable": false,
        "outcome": "rolled_back"
      },
      "structuredBoundary": true,
      "privateOutputLeak": false
    },
    {
      "path": "memorySpaces:purgeAll",
      "seam": "actual first driver write Error.message getter",
      "attempts": 1,
      "writes": 0,
      "errorType": "ConvexError",
      "errorMessage": "{\"version\":1,\"code\":\"REGISTRY_OPERATION_FAILED\",\"message\":\"Registry operation failed\",\"retryable\":false,\"outcome\":\"rolled_back\"}",
      "errorData": {
        "version": 1,
        "code": "REGISTRY_OPERATION_FAILED",
        "message": "Registry operation failed",
        "retryable": false,
        "outcome": "rolled_back"
      },
      "structuredBoundary": true,
      "privateOutputLeak": false
    },
    {
      "path": "memorySpaces:reactivate",
      "seam": "actual first driver write Error.message getter",
      "attempts": 1,
      "writes": 0,
      "errorType": "ConvexError",
      "errorMessage": "{\"version\":1,\"code\":\"REGISTRY_OPERATION_FAILED\",\"message\":\"Registry operation failed\",\"retryable\":false,\"outcome\":\"rolled_back\"}",
      "errorData": {
        "version": 1,
        "code": "REGISTRY_OPERATION_FAILED",
        "message": "Registry operation failed",
        "retryable": false,
        "outcome": "rolled_back"
      },
      "structuredBoundary": true,
      "privateOutputLeak": false
    },
    {
      "path": "memorySpaces:register",
      "seam": "actual first driver write Error.message getter",
      "attempts": 1,
      "writes": 0,
      "errorType": "ConvexError",
      "errorMessage": "{\"version\":1,\"code\":\"REGISTRY_OPERATION_FAILED\",\"message\":\"Registry operation failed\",\"retryable\":false,\"outcome\":\"rolled_back\"}",
      "errorData": {
        "version": 1,
        "code": "REGISTRY_OPERATION_FAILED",
        "message": "Registry operation failed",
        "retryable": false,
        "outcome": "rolled_back"
      },
      "structuredBoundary": true,
      "privateOutputLeak": false
    },
    {
      "path": "memorySpaces:removeParticipant",
      "seam": "actual first driver write Error.message getter",
      "attempts": 1,
      "writes": 0,
      "errorType": "ConvexError",
      "errorMessage": "{\"version\":1,\"code\":\"REGISTRY_OPERATION_FAILED\",\"message\":\"Registry operation failed\",\"retryable\":false,\"outcome\":\"rolled_back\"}",
      "errorData": {
        "version": 1,
        "code": "REGISTRY_OPERATION_FAILED",
        "message": "Registry operation failed",
        "retryable": false,
        "outcome": "rolled_back"
      },
      "structuredBoundary": true,
      "privateOutputLeak": false
    },
    {
      "path": "memorySpaces:update",
      "seam": "actual first driver write Error.message getter",
      "attempts": 1,
      "writes": 0,
      "errorType": "ConvexError",
      "errorMessage": "{\"version\":1,\"code\":\"REGISTRY_OPERATION_FAILED\",\"message\":\"Registry operation failed\",\"retryable\":false,\"outcome\":\"rolled_back\"}",
      "errorData": {
        "version": 1,
        "code": "REGISTRY_OPERATION_FAILED",
        "message": "Registry operation failed",
        "retryable": false,
        "outcome": "rolled_back"
      },
      "structuredBoundary": true,
      "privateOutputLeak": false
    },
    {
      "path": "memorySpaces:updateParticipants",
      "seam": "actual first driver write Error.message getter",
      "attempts": 1,
      "writes": 0,
      "errorType": "ConvexError",
      "errorMessage": "{\"version\":1,\"code\":\"REGISTRY_OPERATION_FAILED\",\"message\":\"Registry operation failed\",\"retryable\":false,\"outcome\":\"rolled_back\"}",
      "errorData": {
        "version": 1,
        "code": "REGISTRY_OPERATION_FAILED",
        "message": "Registry operation failed",
        "retryable": false,
        "outcome": "rolled_back"
      },
      "structuredBoundary": true,
      "privateOutputLeak": false
    },
    {
      "path": "contexts:addParticipant",
      "seam": "actual first driver write Error.message getter",
      "attempts": 1,
      "writes": 0,
      "errorType": "ConvexError",
      "errorMessage": "{\"version\":1,\"code\":\"REGISTRY_OPERATION_FAILED\",\"message\":\"Registry operation failed\",\"retryable\":false,\"outcome\":\"rolled_back\"}",
      "errorData": {
        "version": 1,
        "code": "REGISTRY_OPERATION_FAILED",
        "message": "Registry operation failed",
        "retryable": false,
        "outcome": "rolled_back"
      },
      "structuredBoundary": true,
      "privateOutputLeak": false
    },
    {
      "path": "contexts:create",
      "seam": "actual first driver write Error.message getter",
      "attempts": 1,
      "writes": 0,
      "errorType": "ConvexError",
      "errorMessage": "{\"version\":1,\"code\":\"REGISTRY_OPERATION_FAILED\",\"message\":\"Registry operation failed\",\"retryable\":false,\"outcome\":\"rolled_back\"}",
      "errorData": {
        "version": 1,
        "code": "REGISTRY_OPERATION_FAILED",
        "message": "Registry operation failed",
        "retryable": false,
        "outcome": "rolled_back"
      },
      "structuredBoundary": true,
      "privateOutputLeak": false
    },
    {
      "path": "contexts:deleteContext",
      "seam": "actual first driver write Error.message getter",
      "attempts": 1,
      "writes": 0,
      "errorType": "ConvexError",
      "errorMessage": "{\"version\":1,\"code\":\"REGISTRY_OPERATION_FAILED\",\"message\":\"Registry operation failed\",\"retryable\":false,\"outcome\":\"rolled_back\"}",
      "errorData": {
        "version": 1,
        "code": "REGISTRY_OPERATION_FAILED",
        "message": "Registry operation failed",
        "retryable": false,
        "outcome": "rolled_back"
      },
      "structuredBoundary": true,
      "privateOutputLeak": false
    },
    {
      "path": "contexts:deleteMany",
      "seam": "actual first driver write Error.message getter",
      "attempts": 1,
      "writes": 0,
      "errorType": "ConvexError",
      "errorMessage": "{\"version\":1,\"code\":\"REGISTRY_OPERATION_FAILED\",\"message\":\"Registry operation failed\",\"retryable\":false,\"outcome\":\"rolled_back\"}",
      "errorData": {
        "version": 1,
        "code": "REGISTRY_OPERATION_FAILED",
        "message": "Registry operation failed",
        "retryable": false,
        "outcome": "rolled_back"
      },
      "structuredBoundary": true,
      "privateOutputLeak": false
    },
    {
      "path": "contexts:grantAccess",
      "seam": "actual first driver write Error.message getter",
      "attempts": 1,
      "writes": 0,
      "errorType": "ConvexError",
      "errorMessage": "{\"version\":1,\"code\":\"REGISTRY_OPERATION_FAILED\",\"message\":\"Registry operation failed\",\"retryable\":false,\"outcome\":\"rolled_back\"}",
      "errorData": {
        "version": 1,
        "code": "REGISTRY_OPERATION_FAILED",
        "message": "Registry operation failed",
        "retryable": false,
        "outcome": "rolled_back"
      },
      "structuredBoundary": true,
      "privateOutputLeak": false
    },
    {
      "path": "contexts:purgeAll",
      "seam": "actual first driver write Error.message getter",
      "attempts": 1,
      "writes": 0,
      "errorType": "ConvexError",
      "errorMessage": "{\"version\":1,\"code\":\"REGISTRY_OPERATION_FAILED\",\"message\":\"Registry operation failed\",\"retryable\":false,\"outcome\":\"rolled_back\"}",
      "errorData": {
        "version": 1,
        "code": "REGISTRY_OPERATION_FAILED",
        "message": "Registry operation failed",
        "retryable": false,
        "outcome": "rolled_back"
      },
      "structuredBoundary": true,
      "privateOutputLeak": false
    },
    {
      "path": "contexts:removeParticipant",
      "seam": "actual first driver write Error.message getter",
      "attempts": 1,
      "writes": 0,
      "errorType": "ConvexError",
      "errorMessage": "{\"version\":1,\"code\":\"REGISTRY_OPERATION_FAILED\",\"message\":\"Registry operation failed\",\"retryable\":false,\"outcome\":\"rolled_back\"}",
      "errorData": {
        "version": 1,
        "code": "REGISTRY_OPERATION_FAILED",
        "message": "Registry operation failed",
        "retryable": false,
        "outcome": "rolled_back"
      },
      "structuredBoundary": true,
      "privateOutputLeak": false
    },
    {
      "path": "contexts:update",
      "seam": "actual first driver write Error.message getter",
      "attempts": 1,
      "writes": 0,
      "errorType": "ConvexError",
      "errorMessage": "{\"version\":1,\"code\":\"REGISTRY_OPERATION_FAILED\",\"message\":\"Registry operation failed\",\"retryable\":false,\"outcome\":\"rolled_back\"}",
      "errorData": {
        "version": 1,
        "code": "REGISTRY_OPERATION_FAILED",
        "message": "Registry operation failed",
        "retryable": false,
        "outcome": "rolled_back"
      },
      "structuredBoundary": true,
      "privateOutputLeak": false
    },
    {
      "path": "contexts:updateMany",
      "seam": "actual first driver write Error.message getter",
      "attempts": 1,
      "writes": 0,
      "errorType": "ConvexError",
      "errorMessage": "{\"version\":1,\"code\":\"REGISTRY_OPERATION_FAILED\",\"message\":\"Registry operation failed\",\"retryable\":false,\"outcome\":\"rolled_back\"}",
      "errorData": {
        "version": 1,
        "code": "REGISTRY_OPERATION_FAILED",
        "message": "Registry operation failed",
        "retryable": false,
        "outcome": "rolled_back"
      },
      "structuredBoundary": true,
      "privateOutputLeak": false
    },
    {
      "path": "agents:update",
      "seam": "canonicalRead ConvexError.data getter",
      "reached": true,
      "attempts": 0,
      "writes": 0,
      "errorType": "ConvexError",
      "errorMessage": "{\"version\":1,\"code\":\"REGISTRY_OPERATION_FAILED\",\"message\":\"Registry operation failed\",\"retryable\":false,\"outcome\":\"failed\"}",
      "errorData": {
        "version": 1,
        "code": "REGISTRY_OPERATION_FAILED",
        "message": "Registry operation failed",
        "retryable": false,
        "outcome": "failed"
      },
      "structuredBoundary": true,
      "privateOutputLeak": false
    },
    {
      "path": "agents:update",
      "seam": "firstWrite ConvexError.data getter",
      "reached": true,
      "attempts": 1,
      "writes": 0,
      "errorType": "ConvexError",
      "errorMessage": "{\"version\":1,\"code\":\"REGISTRY_OPERATION_FAILED\",\"message\":\"Registry operation failed\",\"retryable\":false,\"outcome\":\"rolled_back\"}",
      "errorData": {
        "version": 1,
        "code": "REGISTRY_OPERATION_FAILED",
        "message": "Registry operation failed",
        "retryable": false,
        "outcome": "rolled_back"
      },
      "structuredBoundary": true,
      "privateOutputLeak": false
    },
    {
      "path": "agents:update",
      "seam": "postEffectReload ConvexError.data getter",
      "reached": true,
      "attempts": 0,
      "writes": 0,
      "errorType": "ConvexError",
      "errorMessage": "{\"version\":1,\"code\":\"REGISTRY_OPERATION_FAILED\",\"message\":\"Registry operation failed\",\"retryable\":false,\"outcome\":\"rolled_back\"}",
      "errorData": {
        "version": 1,
        "code": "REGISTRY_OPERATION_FAILED",
        "message": "Registry operation failed",
        "retryable": false,
        "outcome": "rolled_back"
      },
      "structuredBoundary": true,
      "privateOutputLeak": false
    },
    {
      "path": "agents:update",
      "seam": "canonicalRead ConvexError.data.code getter",
      "reached": true,
      "attempts": 0,
      "writes": 0,
      "errorType": "ConvexError",
      "errorMessage": "{\"version\":1,\"code\":\"REGISTRY_OPERATION_FAILED\",\"message\":\"Registry operation failed\",\"retryable\":false,\"outcome\":\"failed\"}",
      "errorData": {
        "version": 1,
        "code": "REGISTRY_OPERATION_FAILED",
        "message": "Registry operation failed",
        "retryable": false,
        "outcome": "failed"
      },
      "structuredBoundary": true,
      "privateOutputLeak": false
    },
    {
      "path": "agents:update",
      "seam": "firstWrite ConvexError.data.code getter",
      "reached": true,
      "attempts": 1,
      "writes": 0,
      "errorType": "ConvexError",
      "errorMessage": "{\"version\":1,\"code\":\"REGISTRY_OPERATION_FAILED\",\"message\":\"Registry operation failed\",\"retryable\":false,\"outcome\":\"rolled_back\"}",
      "errorData": {
        "version": 1,
        "code": "REGISTRY_OPERATION_FAILED",
        "message": "Registry operation failed",
        "retryable": false,
        "outcome": "rolled_back"
      },
      "structuredBoundary": true,
      "privateOutputLeak": false
    },
    {
      "path": "agents:update",
      "seam": "postEffectReload ConvexError.data.code getter",
      "reached": true,
      "attempts": 0,
      "writes": 0,
      "errorType": "ConvexError",
      "errorMessage": "{\"version\":1,\"code\":\"REGISTRY_OPERATION_FAILED\",\"message\":\"Registry operation failed\",\"retryable\":false,\"outcome\":\"rolled_back\"}",
      "errorData": {
        "version": 1,
        "code": "REGISTRY_OPERATION_FAILED",
        "message": "Registry operation failed",
        "retryable": false,
        "outcome": "rolled_back"
      },
      "structuredBoundary": true,
      "privateOutputLeak": false
    },
    {
      "path": "memorySpaces:update",
      "seam": "canonicalRead ConvexError.data getter",
      "reached": true,
      "attempts": 0,
      "writes": 0,
      "errorType": "ConvexError",
      "errorMessage": "{\"version\":1,\"code\":\"REGISTRY_OPERATION_FAILED\",\"message\":\"Registry operation failed\",\"retryable\":false,\"outcome\":\"failed\"}",
      "errorData": {
        "version": 1,
        "code": "REGISTRY_OPERATION_FAILED",
        "message": "Registry operation failed",
        "retryable": false,
        "outcome": "failed"
      },
      "structuredBoundary": true,
      "privateOutputLeak": false
    },
    {
      "path": "memorySpaces:update",
      "seam": "firstWrite ConvexError.data getter",
      "reached": true,
      "attempts": 1,
      "writes": 0,
      "errorType": "ConvexError",
      "errorMessage": "{\"version\":1,\"code\":\"REGISTRY_OPERATION_FAILED\",\"message\":\"Registry operation failed\",\"retryable\":false,\"outcome\":\"rolled_back\"}",
      "errorData": {
        "version": 1,
        "code": "REGISTRY_OPERATION_FAILED",
        "message": "Registry operation failed",
        "retryable": false,
        "outcome": "rolled_back"
      },
      "structuredBoundary": true,
      "privateOutputLeak": false
    },
    {
      "path": "memorySpaces:update",
      "seam": "postEffectReload ConvexError.data getter",
      "reached": true,
      "attempts": 0,
      "writes": 0,
      "errorType": "ConvexError",
      "errorMessage": "{\"version\":1,\"code\":\"REGISTRY_OPERATION_FAILED\",\"message\":\"Registry operation failed\",\"retryable\":false,\"outcome\":\"rolled_back\"}",
      "errorData": {
        "version": 1,
        "code": "REGISTRY_OPERATION_FAILED",
        "message": "Registry operation failed",
        "retryable": false,
        "outcome": "rolled_back"
      },
      "structuredBoundary": true,
      "privateOutputLeak": false
    },
    {
      "path": "memorySpaces:update",
      "seam": "canonicalRead ConvexError.data.code getter",
      "reached": true,
      "attempts": 0,
      "writes": 0,
      "errorType": "ConvexError",
      "errorMessage": "{\"version\":1,\"code\":\"REGISTRY_OPERATION_FAILED\",\"message\":\"Registry operation failed\",\"retryable\":false,\"outcome\":\"failed\"}",
      "errorData": {
        "version": 1,
        "code": "REGISTRY_OPERATION_FAILED",
        "message": "Registry operation failed",
        "retryable": false,
        "outcome": "failed"
      },
      "structuredBoundary": true,
      "privateOutputLeak": false
    },
    {
      "path": "memorySpaces:update",
      "seam": "firstWrite ConvexError.data.code getter",
      "reached": true,
      "attempts": 1,
      "writes": 0,
      "errorType": "ConvexError",
      "errorMessage": "{\"version\":1,\"code\":\"REGISTRY_OPERATION_FAILED\",\"message\":\"Registry operation failed\",\"retryable\":false,\"outcome\":\"rolled_back\"}",
      "errorData": {
        "version": 1,
        "code": "REGISTRY_OPERATION_FAILED",
        "message": "Registry operation failed",
        "retryable": false,
        "outcome": "rolled_back"
      },
      "structuredBoundary": true,
      "privateOutputLeak": false
    },
    {
      "path": "memorySpaces:update",
      "seam": "postEffectReload ConvexError.data.code getter",
      "reached": true,
      "attempts": 0,
      "writes": 0,
      "errorType": "ConvexError",
      "errorMessage": "{\"version\":1,\"code\":\"REGISTRY_OPERATION_FAILED\",\"message\":\"Registry operation failed\",\"retryable\":false,\"outcome\":\"rolled_back\"}",
      "errorData": {
        "version": 1,
        "code": "REGISTRY_OPERATION_FAILED",
        "message": "Registry operation failed",
        "retryable": false,
        "outcome": "rolled_back"
      },
      "structuredBoundary": true,
      "privateOutputLeak": false
    },
    {
      "path": "contexts:update",
      "seam": "canonicalRead ConvexError.data getter",
      "reached": true,
      "attempts": 0,
      "writes": 0,
      "errorType": "ConvexError",
      "errorMessage": "{\"version\":1,\"code\":\"REGISTRY_OPERATION_FAILED\",\"message\":\"Registry operation failed\",\"retryable\":false,\"outcome\":\"failed\"}",
      "errorData": {
        "version": 1,
        "code": "REGISTRY_OPERATION_FAILED",
        "message": "Registry operation failed",
        "retryable": false,
        "outcome": "failed"
      },
      "structuredBoundary": true,
      "privateOutputLeak": false
    },
    {
      "path": "contexts:update",
      "seam": "firstWrite ConvexError.data getter",
      "reached": true,
      "attempts": 1,
      "writes": 0,
      "errorType": "ConvexError",
      "errorMessage": "{\"version\":1,\"code\":\"REGISTRY_OPERATION_FAILED\",\"message\":\"Registry operation failed\",\"retryable\":false,\"outcome\":\"rolled_back\"}",
      "errorData": {
        "version": 1,
        "code": "REGISTRY_OPERATION_FAILED",
        "message": "Registry operation failed",
        "retryable": false,
        "outcome": "rolled_back"
      },
      "structuredBoundary": true,
      "privateOutputLeak": false
    },
    {
      "path": "contexts:update",
      "seam": "postEffectReload ConvexError.data getter",
      "reached": true,
      "attempts": 0,
      "writes": 0,
      "errorType": "ConvexError",
      "errorMessage": "{\"version\":1,\"code\":\"REGISTRY_OPERATION_FAILED\",\"message\":\"Registry operation failed\",\"retryable\":false,\"outcome\":\"rolled_back\"}",
      "errorData": {
        "version": 1,
        "code": "REGISTRY_OPERATION_FAILED",
        "message": "Registry operation failed",
        "retryable": false,
        "outcome": "rolled_back"
      },
      "structuredBoundary": true,
      "privateOutputLeak": false
    },
    {
      "path": "contexts:update",
      "seam": "canonicalRead ConvexError.data.code getter",
      "reached": true,
      "attempts": 0,
      "writes": 0,
      "errorType": "ConvexError",
      "errorMessage": "{\"version\":1,\"code\":\"REGISTRY_OPERATION_FAILED\",\"message\":\"Registry operation failed\",\"retryable\":false,\"outcome\":\"failed\"}",
      "errorData": {
        "version": 1,
        "code": "REGISTRY_OPERATION_FAILED",
        "message": "Registry operation failed",
        "retryable": false,
        "outcome": "failed"
      },
      "structuredBoundary": true,
      "privateOutputLeak": false
    },
    {
      "path": "contexts:update",
      "seam": "firstWrite ConvexError.data.code getter",
      "reached": true,
      "attempts": 1,
      "writes": 0,
      "errorType": "ConvexError",
      "errorMessage": "{\"version\":1,\"code\":\"REGISTRY_OPERATION_FAILED\",\"message\":\"Registry operation failed\",\"retryable\":false,\"outcome\":\"rolled_back\"}",
      "errorData": {
        "version": 1,
        "code": "REGISTRY_OPERATION_FAILED",
        "message": "Registry operation failed",
        "retryable": false,
        "outcome": "rolled_back"
      },
      "structuredBoundary": true,
      "privateOutputLeak": false
    },
    {
      "path": "contexts:update",
      "seam": "postEffectReload ConvexError.data.code getter",
      "reached": true,
      "attempts": 0,
      "writes": 0,
      "errorType": "ConvexError",
      "errorMessage": "{\"version\":1,\"code\":\"REGISTRY_OPERATION_FAILED\",\"message\":\"Registry operation failed\",\"retryable\":false,\"outcome\":\"rolled_back\"}",
      "errorData": {
        "version": 1,
        "code": "REGISTRY_OPERATION_FAILED",
        "message": "Registry operation failed",
        "retryable": false,
        "outcome": "rolled_back"
      },
      "structuredBoundary": true,
      "privateOutputLeak": false
    }
  ]
}
