(node:29060) ExperimentalWarning: VM Modules is an experimental feature and might change at any time
(Use `node --trace-warnings ...` to show where the warning was created)
FAIL tests/unit/runtimeEndpointAuth/facts.test.ts
  ● Console

    console.error
      ◇ injected env (0) from .env.test

      13 | import dotenv from "dotenv";
      14 | import { resolve } from "path";
    > 15 |
         | ^
      16 | // Load .env.test first (test defaults)
      17 | dotenv.config({ path: resolve(process.cwd(), ".env.test") });
      18 |

      at se (node_modules/dotenv/dist/index.cjs:7:155)
      at Object.ce [as configDotenv] (node_modules/dotenv/dist/index.cjs:7:1059)
      at Object.ae [as config] (node_modules/dotenv/dist/index.cjs:7:1168)
      at tests/env.ts:15:8

    console.error
      ◇ injected env (0) from .env.local

      15 |
      16 | // Load .env.test first (test defaults)
    > 17 | dotenv.config({ path: resolve(process.cwd(), ".env.test") });
         |        ^
      18 |
      19 | // Load .env.local second with override=true (local development overrides for test defaults AND system env vars)
      20 | dotenv.config({ path: resolve(process.cwd(), ".env.local"), override: true });

      at se (node_modules/dotenv/dist/index.cjs:7:155)
      at Object.ce [as configDotenv] (node_modules/dotenv/dist/index.cjs:7:1059)
      at Object.ae [as config] (node_modules/dotenv/dist/index.cjs:7:1168)
      at tests/env.ts:17:8

    console.log
      
      🧪 Testing against LOCAL Convex: http://127.0.0.1:1

      at tests/env.ts:35:13

    console.log
         Note: Vector search (.similar()) not supported in local mode

      at tests/env.ts:36:13

    console.log
      
      📊 Graph database testing DISABLED (no graph DB URIs configured)

      at tests/env.ts:121:13

    console.log
         To enable: Set NEO4J_URI and/or MEMGRAPH_URI in .env.local

      at tests/env.ts:122:13

    console.log
         See: https://docs.cortexmemory.dev/advanced-topics/graph-database-integration

      at tests/env.ts:123:13

  ● actual facts endpoint closure › getHistory constrains actual canonical selection and mutation with a foreign same-ID row inserted first

    TypeError: expect(received).toHaveLength(expected)

    Matcher error: received value must have a length property whose value must be a number

    Received has value: undefined

      37 |       if (outcome === "row") expect(result).toMatchObject({ tenantId: "tenant-a", ownerPrincipalId: owner.principalId });
      38 |       else if (outcome === "deleted") expect(result).toEqual({ deleted: true, factId: "same-id" });
    > 39 |       else if (outcome === "array") expect(result).toHaveLength(1);
         |                                                    ^
      40 |       else if (outcome === "count") expect(result).toBe(1);
      41 |       else if (outcome === "bulk") expect(result).toMatchObject({ deleted: 1 });
      42 |       else if (outcome === "superseded") expect(result).toMatchObject({ superseded: true, oldFactId: "same-id", newFactId: "peer" });

      at tests/unit/runtimeEndpointAuth/facts.test.ts:39:52

  ● actual facts endpoint closure › explicit audited history returns both versions after an update while normal current reads exclude the stale old version

    TypeError: Cannot read properties of undefined (reading 'map')

      162 |     const history = await h.invoke<Array<Doc<"facts"> & { historical: boolean; stale: boolean; currentSourceRevision: number }>>(facts.getHistory,
      163 |       { memorySpaceId: "space-a", factId: updated.factId });
    > 164 |     expect(history.map(row => [row.version, row.historical, row.stale, row.currentSourceRevision])).toEqual([[1, true, true, 2], [2, true, false, 2]]);
          |                    ^
      165 |     expect(history[0].runtimeEditor).toEqual(original.runtimeEditor);
      166 |     expect(updated.runtimeEditor?.principalId).toBe(owner.principalId);
      167 |     await expect(h.invoke(facts.get, { memorySpaceId: "space-a", factId: original.factId })).rejects.toMatchObject({ data: { code: "STALE_SOURCE" } });

      at Object.<anonymous> (tests/unit/runtimeEndpointAuth/facts.test.ts:164:20)

  ● actual facts endpoint closure › cross-principal edits retain canonical ownership and bind editor audit from verified authority, ignoring caller metadata editor labels

    TypeError: Cannot read properties of undefined (reading '0')

      191 |     expect(updated.metadata).toEqual({ runtimeEditor: { principalId: "forged-admin" }, custom: "preserved" });
      192 |     const history = await h.invoke<Doc<"facts">[]>(facts.getHistory, { memorySpaceId: "space-a", factId: updated.factId });
    > 193 |     expect(history[0].runtimeEditor).toEqual(original.runtimeEditor);
          |                   ^
      194 |     expect(history[1].runtimeEditor?.principalId).toBe(alice.principalId);
      195 |     const source = h.db.rows.get("runtimeMemorySources")![0]; expect(source.ownerPrincipalId).toBe(bob.principalId);
      196 |   });

      at Object.<anonymous> (tests/unit/runtimeEndpointAuth/facts.test.ts:193:19)

  ● actual facts endpoint closure › current historical source witnesses preserve real audited stale revisions without adopting them for current reads

    expect(received).toMatchObject(expected)

    Matcher error: received value must be a non-null object

    Received has value: undefined

      413 |     const h = harness(); await h.provisionScope(); const first = await h.invoke<Doc<"facts">>(facts.store, factStoreArgs);
      414 |     const updated = await h.invoke<Doc<"facts">>(facts.update, { memorySpaceId: "space-a", factId: first.factId, fact: "Updated fact" });
    > 415 |     expect(await h.invoke(facts.getHistory, { memorySpaceId: "space-a", factId: updated.factId })).toMatchObject([
          |                                                                                                    ^
      416 |       { factId: first.factId, historical: true, stale: true, currentSourceRevision: 2 }, { factId: updated.factId, historical: true, stale: false, currentSourceRevision: 2 },
      417 |     ]);
      418 |     await expect(h.invoke(facts.get, { memorySpaceId: "space-a", factId: first.factId })).rejects.toMatchObject({ data: { code: "STALE_SOURCE" } });

      at Object.<anonymous> (tests/unit/runtimeEndpointAuth/facts.test.ts:415:100)

PASS tests/unit/runtimeEndpointAuth/memory.test.ts
  ● Console

    console.error
      ◇ injected env (0) from .env.test

      15 |
      16 | // Load .env.test first (test defaults)
    > 17 | dotenv.config({ path: resolve(process.cwd(), ".env.test") });
         |        ^
      18 |
      19 | // Load .env.local second with override=true (local development overrides for test defaults AND system env vars)
      20 | dotenv.config({ path: resolve(process.cwd(), ".env.local"), override: true });

      at se (node_modules/dotenv/dist/index.cjs:7:155)
      at Object.ce [as configDotenv] (node_modules/dotenv/dist/index.cjs:7:1059)
      at Object.ae [as config] (node_modules/dotenv/dist/index.cjs:7:1168)
      at tests/env.ts:17:8

    console.error
      ◇ injected env (0) from .env.local

      18 |
      19 | // Load .env.local second with override=true (local development overrides for test defaults AND system env vars)
    > 20 | dotenv.config({ path: resolve(process.cwd(), ".env.local"), override: true });
         |        ^
      21 |
      22 | // Determine which Convex deployment to test against
      23 | // Note: In auto mode, the test-runner.mjs script handles detection and orchestration

      at se (node_modules/dotenv/dist/index.cjs:7:155)
      at Object.ce [as configDotenv] (node_modules/dotenv/dist/index.cjs:7:1059)
      at Object.ae [as config] (node_modules/dotenv/dist/index.cjs:7:1168)
      at tests/env.ts:20:8

    console.log
      
      🧪 Testing against LOCAL Convex: http://127.0.0.1:1

      at tests/env.ts:44:11

    console.log
         Note: Vector search (.similar()) not supported in local mode

      at tests/env.ts:45:11

    console.log
      
      📊 Graph database testing DISABLED (no graph DB URIs configured)

      at tests/env.ts:147:11

    console.log
         To enable: Set NEO4J_URI and/or MEMGRAPH_URI in .env.local

      at tests/env.ts:150:11

    console.log
         See: https://docs.cortexmemory.dev/advanced-topics/graph-database-integration

      at tests/env.ts:151:11

PASS tests/unit/runtimeAuth/inventory.test.ts
  ● Console

    console.error
      ◇ injected env (0) from .env.test

      15 |
      16 | // Load .env.test first (test defaults)
    > 17 | dotenv.config({ path: resolve(process.cwd(), ".env.test") });
         |        ^
      18 |
      19 | // Load .env.local second with override=true (local development overrides for test defaults AND system env vars)
      20 | dotenv.config({ path: resolve(process.cwd(), ".env.local"), override: true });

      at se (node_modules/dotenv/dist/index.cjs:7:155)
      at Object.ce [as configDotenv] (node_modules/dotenv/dist/index.cjs:7:1059)
      at Object.ae [as config] (node_modules/dotenv/dist/index.cjs:7:1168)
      at tests/env.ts:17:8

    console.error
      ◇ injected env (0) from .env.local

      18 |
      19 | // Load .env.local second with override=true (local development overrides for test defaults AND system env vars)
    > 20 | dotenv.config({ path: resolve(process.cwd(), ".env.local"), override: true });
         |        ^
      21 |
      22 | // Determine which Convex deployment to test against
      23 | // Note: In auto mode, the test-runner.mjs script handles detection and orchestration

      at se (node_modules/dotenv/dist/index.cjs:7:155)
      at Object.ce [as configDotenv] (node_modules/dotenv/dist/index.cjs:7:1059)
      at Object.ae [as config] (node_modules/dotenv/dist/index.cjs:7:1168)
      at tests/env.ts:20:8

    console.log
      
      🧪 Testing against LOCAL Convex: http://127.0.0.1:1

      at tests/env.ts:44:11

    console.log
         Note: Vector search (.similar()) not supported in local mode

      at tests/env.ts:45:11

    console.log
      
      📊 Graph database testing DISABLED (no graph DB URIs configured)

      at tests/env.ts:147:11

    console.log
         To enable: Set NEO4J_URI and/or MEMGRAPH_URI in .env.local

      at tests/env.ts:150:11

    console.log
         See: https://docs.cortexmemory.dev/advanced-topics/graph-database-integration

      at tests/env.ts:151:11

PASS tests/unit/runtimeAuth/authority.test.ts
  ● Console

    console.error
      ◇ injected env (0) from .env.test

      15 |
      16 | // Load .env.test first (test defaults)
    > 17 | dotenv.config({ path: resolve(process.cwd(), ".env.test") });
         |        ^
      18 |
      19 | // Load .env.local second with override=true (local development overrides for test defaults AND system env vars)
      20 | dotenv.config({ path: resolve(process.cwd(), ".env.local"), override: true });

      at se (node_modules/dotenv/dist/index.cjs:7:155)
      at Object.ce [as configDotenv] (node_modules/dotenv/dist/index.cjs:7:1059)
      at Object.ae [as config] (node_modules/dotenv/dist/index.cjs:7:1168)
      at tests/env.ts:17:8

    console.error
      ◇ injected env (0) from .env.local

      18 |
      19 | // Load .env.local second with override=true (local development overrides for test defaults AND system env vars)
    > 20 | dotenv.config({ path: resolve(process.cwd(), ".env.local"), override: true });
         |        ^
      21 |
      22 | // Determine which Convex deployment to test against
      23 | // Note: In auto mode, the test-runner.mjs script handles detection and orchestration

      at se (node_modules/dotenv/dist/index.cjs:7:155)
      at Object.ce [as configDotenv] (node_modules/dotenv/dist/index.cjs:7:1059)
      at Object.ae [as config] (node_modules/dotenv/dist/index.cjs:7:1168)
      at tests/env.ts:20:8

    console.log
      
      🧪 Testing against LOCAL Convex: http://127.0.0.1:1

      at tests/env.ts:44:11

    console.log
         Note: Vector search (.similar()) not supported in local mode

      at tests/env.ts:45:11

    console.log
      
      📊 Graph database testing DISABLED (no graph DB URIs configured)

      at tests/env.ts:147:11

    console.log
         To enable: Set NEO4J_URI and/or MEMGRAPH_URI in .env.local

      at tests/env.ts:150:11

    console.log
         See: https://docs.cortexmemory.dev/advanced-topics/graph-database-integration

      at tests/env.ts:151:11

PASS tests/unit/runtimeAuth/provisioning.test.ts
  ● Console

    console.error
      ◇ injected env (0) from .env.test

      15 |
      16 | // Load .env.test first (test defaults)
    > 17 | dotenv.config({ path: resolve(process.cwd(), ".env.test") });
         |        ^
      18 |
      19 | // Load .env.local second with override=true (local development overrides for test defaults AND system env vars)
      20 | dotenv.config({ path: resolve(process.cwd(), ".env.local"), override: true });

      at se (node_modules/dotenv/dist/index.cjs:7:155)
      at Object.ce [as configDotenv] (node_modules/dotenv/dist/index.cjs:7:1059)
      at Object.ae [as config] (node_modules/dotenv/dist/index.cjs:7:1168)
      at tests/env.ts:17:8

    console.error
      ◇ injected env (0) from .env.local

      18 |
      19 | // Load .env.local second with override=true (local development overrides for test defaults AND system env vars)
    > 20 | dotenv.config({ path: resolve(process.cwd(), ".env.local"), override: true });
         |        ^
      21 |
      22 | // Determine which Convex deployment to test against
      23 | // Note: In auto mode, the test-runner.mjs script handles detection and orchestration

      at se (node_modules/dotenv/dist/index.cjs:7:155)
      at Object.ce [as configDotenv] (node_modules/dotenv/dist/index.cjs:7:1059)
      at Object.ae [as config] (node_modules/dotenv/dist/index.cjs:7:1168)
      at tests/env.ts:20:8

    console.log
      
      🧪 Testing against LOCAL Convex: http://127.0.0.1:1

      at tests/env.ts:44:11

    console.log
         Note: Vector search (.similar()) not supported in local mode

      at tests/env.ts:45:11

    console.log
      
      📊 Graph database testing DISABLED (no graph DB URIs configured)

      at tests/env.ts:147:11

    console.log
         To enable: Set NEO4J_URI and/or MEMGRAPH_URI in .env.local

      at tests/env.ts:150:11

    console.log
         See: https://docs.cortexmemory.dev/advanced-topics/graph-database-integration

      at tests/env.ts:151:11


Test Suites: 1 failed, 4 passed, 5 total
Tests:       4 failed, 357 passed, 361 total
Snapshots:   0 total
Time:        8.562 s, estimated 9 s
Ran all test suites matching tests/unit/(runtimeEndpointAuth|runtimeAuth).
Force exiting Jest: Have you considered using `--detectOpenHandles` to detect async operations that kept running after all tests finished?
