(node:74826) ExperimentalWarning: VM Modules is an experimental feature and might change at any time
(Use `node --trace-warnings ...` to show where the warning was created)
PASS tests/unit/runtimeMetadataAuth/handlers.test.ts (5.152 s)
PASS tests/unit/auth/credentials.test.ts (24.023 s)
PASS tests/unit/runtimeWorkerAuth/graph.test.ts
PASS tests/unit/runtimeAuth/authority.test.ts
PASS tests/unit/runtimeMetadataAuth/native-errors.test.ts
PASS tests/unit/runtimeAuth/provisioning.test.ts
PASS tests/unit/runtimeWorkerClient/metadata-consumers.test.ts (5.186 s)
PASS tests/unit/runtimeWorkerAuth/admin-catalog.test.ts
PASS tests/unit/runtimeAuth/inventory.test.ts
PASS tests/unit/runtimeWorkerAuth/governance.test.ts
PASS tests/unit/runtimeWorkerClient/governance.test.ts
PASS tests/unit/runtimeWorkerClient/sessions-maintenance.test.ts
PASS tests/unit/runtimeMetadataAuth/registrations.test.ts

Test Suites: 13 passed, 13 total
Tests:       787 passed, 787 total
Snapshots:   0 total
Time:        46.565 s
Test results written to: ../../../../../tmp/task03-metadata-native-errors-review1-7MWpo4Y1/selected.json
Force exiting Jest: Have you considered using `--detectOpenHandles` to detect async operations that kept running after all tests finished?
