(node:15794) ExperimentalWarning: VM Modules is an experimental feature and might change at any time
(Use `node --trace-warnings ...` to show where the warning was created)
PASS tests/unit/runtimeRegistryAuth/adversarial.test.ts (7.016 s)
  ● Console

    console.error
      ◇ injected env (0) from .env.test

      13 | import dotenv from "dotenv";
      14 | import { resolve } from "path";
    > 15 |
         | ^
      16 | // Load .env.test first (test defaults)
      17 | dotenv.config({ path: resolve(process.cwd(), ".env.test") });
      18 |

      at se (node_modules/dotenv/dist/index.cjs:7:155)
      at Object.ce [as configDotenv] (node_modules/dotenv/dist/index.cjs:7:1059)
      at Object.ae [as config] (node_modules/dotenv/dist/index.cjs:7:1168)
      at tests/env.ts:15:8

    console.error
      ◇ injected env (0) from .env.local

      15 |
      16 | // Load .env.test first (test defaults)
    > 17 | dotenv.config({ path: resolve(process.cwd(), ".env.test") });
         |        ^
      18 |
      19 | // Load .env.local second with override=true (local development overrides for test defaults AND system env vars)
      20 | dotenv.config({ path: resolve(process.cwd(), ".env.local"), override: true });

      at se (node_modules/dotenv/dist/index.cjs:7:155)
      at Object.ce [as configDotenv] (node_modules/dotenv/dist/index.cjs:7:1059)
      at Object.ae [as config] (node_modules/dotenv/dist/index.cjs:7:1168)
      at tests/env.ts:17:8

    console.log
      
      🧪 Testing against MANAGED Convex: https://example.convex.cloud

      at tests/env.ts:62:17

    console.log
         Note: Vector search fully supported in managed mode

      at tests/env.ts:63:17

    console.log
      
      📊 Graph database testing DISABLED (no graph DB URIs configured)

      at tests/env.ts:121:13

    console.log
         To enable: Set NEO4J_URI and/or MEMGRAPH_URI in .env.local

      at tests/env.ts:122:13

    console.log
         See: https://docs.cortexmemory.dev/advanced-topics/graph-database-integration

      at tests/env.ts:123:13

PASS tests/unit/runtimeRegistryAuth/closureRepair.test.ts
  ● Console

    console.error
      ◇ injected env (0) from .env.test

      15 |
      16 | // Load .env.test first (test defaults)
    > 17 | dotenv.config({ path: resolve(process.cwd(), ".env.test") });
         |        ^
      18 |
      19 | // Load .env.local second with override=true (local development overrides for test defaults AND system env vars)
      20 | dotenv.config({ path: resolve(process.cwd(), ".env.local"), override: true });

      at se (node_modules/dotenv/dist/index.cjs:7:155)
      at Object.ce [as configDotenv] (node_modules/dotenv/dist/index.cjs:7:1059)
      at Object.ae [as config] (node_modules/dotenv/dist/index.cjs:7:1168)
      at tests/env.ts:17:8

    console.error
      ◇ injected env (0) from .env.local

      18 |
      19 | // Load .env.local second with override=true (local development overrides for test defaults AND system env vars)
    > 20 | dotenv.config({ path: resolve(process.cwd(), ".env.local"), override: true });
         |        ^
      21 |
      22 | // Determine which Convex deployment to test against
      23 | // Note: In auto mode, the test-runner.mjs script handles detection and orchestration

      at se (node_modules/dotenv/dist/index.cjs:7:155)
      at Object.ce [as configDotenv] (node_modules/dotenv/dist/index.cjs:7:1059)
      at Object.ae [as config] (node_modules/dotenv/dist/index.cjs:7:1168)
      at tests/env.ts:20:8

    console.log
      
      🧪 Testing against MANAGED Convex: https://example.convex.cloud

      at tests/env.ts:72:13

    console.log
         Note: Vector search fully supported in managed mode

      at tests/env.ts:75:13

    console.log
      
      📊 Graph database testing DISABLED (no graph DB URIs configured)

      at tests/env.ts:147:11

    console.log
         To enable: Set NEO4J_URI and/or MEMGRAPH_URI in .env.local

      at tests/env.ts:150:11

    console.log
         See: https://docs.cortexmemory.dev/advanced-topics/graph-database-integration

      at tests/env.ts:151:11

PASS tests/unit/runtimeRegistryAuth/failureBoundary.test.ts
  ● Console

    console.error
      ◇ injected env (0) from .env.test

      15 |
      16 | // Load .env.test first (test defaults)
    > 17 | dotenv.config({ path: resolve(process.cwd(), ".env.test") });
         |        ^
      18 |
      19 | // Load .env.local second with override=true (local development overrides for test defaults AND system env vars)
      20 | dotenv.config({ path: resolve(process.cwd(), ".env.local"), override: true });

      at se (node_modules/dotenv/dist/index.cjs:7:155)
      at Object.ce [as configDotenv] (node_modules/dotenv/dist/index.cjs:7:1059)
      at Object.ae [as config] (node_modules/dotenv/dist/index.cjs:7:1168)
      at tests/env.ts:17:8

    console.error
      ◇ injected env (0) from .env.local

      18 |
      19 | // Load .env.local second with override=true (local development overrides for test defaults AND system env vars)
    > 20 | dotenv.config({ path: resolve(process.cwd(), ".env.local"), override: true });
         |        ^
      21 |
      22 | // Determine which Convex deployment to test against
      23 | // Note: In auto mode, the test-runner.mjs script handles detection and orchestration

      at se (node_modules/dotenv/dist/index.cjs:7:155)
      at Object.ce [as configDotenv] (node_modules/dotenv/dist/index.cjs:7:1059)
      at Object.ae [as config] (node_modules/dotenv/dist/index.cjs:7:1168)
      at tests/env.ts:20:8

    console.log
      
      🧪 Testing against MANAGED Convex: https://example.convex.cloud

      at tests/env.ts:72:13

    console.log
         Note: Vector search fully supported in managed mode

      at tests/env.ts:75:13

    console.log
      
      📊 Graph database testing DISABLED (no graph DB URIs configured)

      at tests/env.ts:147:11

    console.log
         To enable: Set NEO4J_URI and/or MEMGRAPH_URI in .env.local

      at tests/env.ts:150:11

    console.log
         See: https://docs.cortexmemory.dev/advanced-topics/graph-database-integration

      at tests/env.ts:151:11

PASS tests/unit/runtimeRegistryAuth/registered.test.ts
  ● Console

    console.error
      ◇ injected env (0) from .env.test

      15 |
      16 | // Load .env.test first (test defaults)
    > 17 | dotenv.config({ path: resolve(process.cwd(), ".env.test") });
         |        ^
      18 |
      19 | // Load .env.local second with override=true (local development overrides for test defaults AND system env vars)
      20 | dotenv.config({ path: resolve(process.cwd(), ".env.local"), override: true });

      at se (node_modules/dotenv/dist/index.cjs:7:155)
      at Object.ce [as configDotenv] (node_modules/dotenv/dist/index.cjs:7:1059)
      at Object.ae [as config] (node_modules/dotenv/dist/index.cjs:7:1168)
      at tests/env.ts:17:8

    console.error
      ◇ injected env (0) from .env.local

      18 |
      19 | // Load .env.local second with override=true (local development overrides for test defaults AND system env vars)
    > 20 | dotenv.config({ path: resolve(process.cwd(), ".env.local"), override: true });
         |        ^
      21 |
      22 | // Determine which Convex deployment to test against
      23 | // Note: In auto mode, the test-runner.mjs script handles detection and orchestration

      at se (node_modules/dotenv/dist/index.cjs:7:155)
      at Object.ce [as configDotenv] (node_modules/dotenv/dist/index.cjs:7:1059)
      at Object.ae [as config] (node_modules/dotenv/dist/index.cjs:7:1168)
      at tests/env.ts:20:8

    console.log
      
      🧪 Testing against MANAGED Convex: https://example.convex.cloud

      at tests/env.ts:72:13

    console.log
         Note: Vector search fully supported in managed mode

      at tests/env.ts:75:13

    console.log
      
      📊 Graph database testing DISABLED (no graph DB URIs configured)

      at tests/env.ts:147:11

    console.log
         To enable: Set NEO4J_URI and/or MEMGRAPH_URI in .env.local

      at tests/env.ts:150:11

    console.log
         See: https://docs.cortexmemory.dev/advanced-topics/graph-database-integration

      at tests/env.ts:151:11

PASS tests/unit/runtimeRegistryAuth/admissionBoundary.test.ts
  ● Console

    console.error
      ◇ injected env (0) from .env.test

      15 |
      16 | // Load .env.test first (test defaults)
    > 17 | dotenv.config({ path: resolve(process.cwd(), ".env.test") });
         |        ^
      18 |
      19 | // Load .env.local second with override=true (local development overrides for test defaults AND system env vars)
      20 | dotenv.config({ path: resolve(process.cwd(), ".env.local"), override: true });

      at se (node_modules/dotenv/dist/index.cjs:7:155)
      at Object.ce [as configDotenv] (node_modules/dotenv/dist/index.cjs:7:1059)
      at Object.ae [as config] (node_modules/dotenv/dist/index.cjs:7:1168)
      at tests/env.ts:17:8

    console.error
      ◇ injected env (0) from .env.local

      18 |
      19 | // Load .env.local second with override=true (local development overrides for test defaults AND system env vars)
    > 20 | dotenv.config({ path: resolve(process.cwd(), ".env.local"), override: true });
         |        ^
      21 |
      22 | // Determine which Convex deployment to test against
      23 | // Note: In auto mode, the test-runner.mjs script handles detection and orchestration

      at se (node_modules/dotenv/dist/index.cjs:7:155)
      at Object.ce [as configDotenv] (node_modules/dotenv/dist/index.cjs:7:1059)
      at Object.ae [as config] (node_modules/dotenv/dist/index.cjs:7:1168)
      at tests/env.ts:20:8

    console.log
      
      🧪 Testing against MANAGED Convex: https://example.convex.cloud

      at tests/env.ts:72:13

    console.log
         Note: Vector search fully supported in managed mode

      at tests/env.ts:75:13

    console.log
      
      📊 Graph database testing DISABLED (no graph DB URIs configured)

      at tests/env.ts:147:11

    console.log
         To enable: Set NEO4J_URI and/or MEMGRAPH_URI in .env.local

      at tests/env.ts:150:11

    console.log
         See: https://docs.cortexmemory.dev/advanced-topics/graph-database-integration

      at tests/env.ts:151:11

PASS tests/unit/runtimeRegistryAuth/catalog.test.ts
  ● Console

    console.error
      ◇ injected env (0) from .env.test

      15 |
      16 | // Load .env.test first (test defaults)
    > 17 | dotenv.config({ path: resolve(process.cwd(), ".env.test") });
         |        ^
      18 |
      19 | // Load .env.local second with override=true (local development overrides for test defaults AND system env vars)
      20 | dotenv.config({ path: resolve(process.cwd(), ".env.local"), override: true });

      at se (node_modules/dotenv/dist/index.cjs:7:155)
      at Object.ce [as configDotenv] (node_modules/dotenv/dist/index.cjs:7:1059)
      at Object.ae [as config] (node_modules/dotenv/dist/index.cjs:7:1168)
      at tests/env.ts:17:8

    console.error
      ◇ injected env (0) from .env.local

      18 |
      19 | // Load .env.local second with override=true (local development overrides for test defaults AND system env vars)
    > 20 | dotenv.config({ path: resolve(process.cwd(), ".env.local"), override: true });
         |        ^
      21 |
      22 | // Determine which Convex deployment to test against
      23 | // Note: In auto mode, the test-runner.mjs script handles detection and orchestration

      at se (node_modules/dotenv/dist/index.cjs:7:155)
      at Object.ce [as configDotenv] (node_modules/dotenv/dist/index.cjs:7:1059)
      at Object.ae [as config] (node_modules/dotenv/dist/index.cjs:7:1168)
      at tests/env.ts:20:8

    console.log
      
      🧪 Testing against MANAGED Convex: https://example.convex.cloud

      at tests/env.ts:72:13

    console.log
         Note: Vector search fully supported in managed mode

      at tests/env.ts:75:13

    console.log
      
      📊 Graph database testing DISABLED (no graph DB URIs configured)

      at tests/env.ts:147:11

    console.log
         To enable: Set NEO4J_URI and/or MEMGRAPH_URI in .env.local

      at tests/env.ts:150:11

    console.log
         See: https://docs.cortexmemory.dev/advanced-topics/graph-database-integration

      at tests/env.ts:151:11

PASS tests/unit/runtimeRegistryAuth/controlAmbiguity.test.ts
  ● Console

    console.error
      ◇ injected env (0) from .env.test

      15 |
      16 | // Load .env.test first (test defaults)
    > 17 | dotenv.config({ path: resolve(process.cwd(), ".env.test") });
         |        ^
      18 |
      19 | // Load .env.local second with override=true (local development overrides for test defaults AND system env vars)
      20 | dotenv.config({ path: resolve(process.cwd(), ".env.local"), override: true });

      at se (node_modules/dotenv/dist/index.cjs:7:155)
      at Object.ce [as configDotenv] (node_modules/dotenv/dist/index.cjs:7:1059)
      at Object.ae [as config] (node_modules/dotenv/dist/index.cjs:7:1168)
      at tests/env.ts:17:8

    console.error
      ◇ injected env (0) from .env.local

      18 |
      19 | // Load .env.local second with override=true (local development overrides for test defaults AND system env vars)
    > 20 | dotenv.config({ path: resolve(process.cwd(), ".env.local"), override: true });
         |        ^
      21 |
      22 | // Determine which Convex deployment to test against
      23 | // Note: In auto mode, the test-runner.mjs script handles detection and orchestration

      at se (node_modules/dotenv/dist/index.cjs:7:155)
      at Object.ce [as configDotenv] (node_modules/dotenv/dist/index.cjs:7:1059)
      at Object.ae [as config] (node_modules/dotenv/dist/index.cjs:7:1168)
      at tests/env.ts:20:8

    console.log
      
      🧪 Testing against MANAGED Convex: https://example.convex.cloud

      at tests/env.ts:72:13

    console.log
         Note: Vector search fully supported in managed mode

      at tests/env.ts:75:13

    console.log
      
      📊 Graph database testing DISABLED (no graph DB URIs configured)

      at tests/env.ts:147:11

    console.log
         To enable: Set NEO4J_URI and/or MEMGRAPH_URI in .env.local

      at tests/env.ts:150:11

    console.log
         See: https://docs.cortexmemory.dev/advanced-topics/graph-database-integration

      at tests/env.ts:151:11

PASS tests/unit/runtimeRegistryAuth/admissionFailure.test.ts
  ● Console

    console.error
      ◇ injected env (0) from .env.test

      15 |
      16 | // Load .env.test first (test defaults)
    > 17 | dotenv.config({ path: resolve(process.cwd(), ".env.test") });
         |        ^
      18 |
      19 | // Load .env.local second with override=true (local development overrides for test defaults AND system env vars)
      20 | dotenv.config({ path: resolve(process.cwd(), ".env.local"), override: true });

      at se (node_modules/dotenv/dist/index.cjs:7:155)
      at Object.ce [as configDotenv] (node_modules/dotenv/dist/index.cjs:7:1059)
      at Object.ae [as config] (node_modules/dotenv/dist/index.cjs:7:1168)
      at tests/env.ts:17:8

    console.error
      ◇ injected env (0) from .env.local

      18 |
      19 | // Load .env.local second with override=true (local development overrides for test defaults AND system env vars)
    > 20 | dotenv.config({ path: resolve(process.cwd(), ".env.local"), override: true });
         |        ^
      21 |
      22 | // Determine which Convex deployment to test against
      23 | // Note: In auto mode, the test-runner.mjs script handles detection and orchestration

      at se (node_modules/dotenv/dist/index.cjs:7:155)
      at Object.ce [as configDotenv] (node_modules/dotenv/dist/index.cjs:7:1059)
      at Object.ae [as config] (node_modules/dotenv/dist/index.cjs:7:1168)
      at tests/env.ts:20:8

    console.log
      
      🧪 Testing against MANAGED Convex: https://example.convex.cloud

      at tests/env.ts:72:13

    console.log
         Note: Vector search fully supported in managed mode

      at tests/env.ts:75:13

    console.log
      
      📊 Graph database testing DISABLED (no graph DB URIs configured)

      at tests/env.ts:147:11

    console.log
         To enable: Set NEO4J_URI and/or MEMGRAPH_URI in .env.local

      at tests/env.ts:150:11

    console.log
         See: https://docs.cortexmemory.dev/advanced-topics/graph-database-integration

      at tests/env.ts:151:11

PASS tests/unit/runtimeRegistryAuth/identityReadBoundary.test.ts
  ● Console

    console.error
      ◇ injected env (0) from .env.test

      15 |
      16 | // Load .env.test first (test defaults)
    > 17 | dotenv.config({ path: resolve(process.cwd(), ".env.test") });
         |        ^
      18 |
      19 | // Load .env.local second with override=true (local development overrides for test defaults AND system env vars)
      20 | dotenv.config({ path: resolve(process.cwd(), ".env.local"), override: true });

      at se (node_modules/dotenv/dist/index.cjs:7:155)
      at Object.ce [as configDotenv] (node_modules/dotenv/dist/index.cjs:7:1059)
      at Object.ae [as config] (node_modules/dotenv/dist/index.cjs:7:1168)
      at tests/env.ts:17:8

    console.error
      ◇ injected env (0) from .env.local

      18 |
      19 | // Load .env.local second with override=true (local development overrides for test defaults AND system env vars)
    > 20 | dotenv.config({ path: resolve(process.cwd(), ".env.local"), override: true });
         |        ^
      21 |
      22 | // Determine which Convex deployment to test against
      23 | // Note: In auto mode, the test-runner.mjs script handles detection and orchestration

      at se (node_modules/dotenv/dist/index.cjs:7:155)
      at Object.ce [as configDotenv] (node_modules/dotenv/dist/index.cjs:7:1059)
      at Object.ae [as config] (node_modules/dotenv/dist/index.cjs:7:1168)
      at tests/env.ts:20:8

    console.log
      
      🧪 Testing against MANAGED Convex: https://example.convex.cloud

      at tests/env.ts:72:13

    console.log
         Note: Vector search fully supported in managed mode

      at tests/env.ts:75:13

    console.log
      
      📊 Graph database testing DISABLED (no graph DB URIs configured)

      at tests/env.ts:147:11

    console.log
         To enable: Set NEO4J_URI and/or MEMGRAPH_URI in .env.local

      at tests/env.ts:150:11

    console.log
         See: https://docs.cortexmemory.dev/advanced-topics/graph-database-integration

      at tests/env.ts:151:11

PASS tests/unit/runtimeRegistryAuth/controlReadBoundary.test.ts
  ● Console

    console.error
      ◇ injected env (0) from .env.test

      15 |
      16 | // Load .env.test first (test defaults)
    > 17 | dotenv.config({ path: resolve(process.cwd(), ".env.test") });
         |        ^
      18 |
      19 | // Load .env.local second with override=true (local development overrides for test defaults AND system env vars)
      20 | dotenv.config({ path: resolve(process.cwd(), ".env.local"), override: true });

      at se (node_modules/dotenv/dist/index.cjs:7:155)
      at Object.ce [as configDotenv] (node_modules/dotenv/dist/index.cjs:7:1059)
      at Object.ae [as config] (node_modules/dotenv/dist/index.cjs:7:1168)
      at tests/env.ts:17:8

    console.error
      ◇ injected env (0) from .env.local

      18 |
      19 | // Load .env.local second with override=true (local development overrides for test defaults AND system env vars)
    > 20 | dotenv.config({ path: resolve(process.cwd(), ".env.local"), override: true });
         |        ^
      21 |
      22 | // Determine which Convex deployment to test against
      23 | // Note: In auto mode, the test-runner.mjs script handles detection and orchestration

      at se (node_modules/dotenv/dist/index.cjs:7:155)
      at Object.ce [as configDotenv] (node_modules/dotenv/dist/index.cjs:7:1059)
      at Object.ae [as config] (node_modules/dotenv/dist/index.cjs:7:1168)
      at tests/env.ts:20:8

    console.log
      
      🧪 Testing against MANAGED Convex: https://example.convex.cloud

      at tests/env.ts:72:13

    console.log
         Note: Vector search fully supported in managed mode

      at tests/env.ts:75:13

    console.log
      
      📊 Graph database testing DISABLED (no graph DB URIs configured)

      at tests/env.ts:147:11

    console.log
         To enable: Set NEO4J_URI and/or MEMGRAPH_URI in .env.local

      at tests/env.ts:150:11

    console.log
         See: https://docs.cortexmemory.dev/advanced-topics/graph-database-integration

      at tests/env.ts:151:11


Test Suites: 10 passed, 10 total
Tests:       1182 passed, 1182 total
Snapshots:   0 total
Time:        21.891 s
Ran all test suites matching tests/unit/runtimeRegistryAuth.
Test results written to: work/resume/registry-main-unit.results.json
Force exiting Jest: Have you considered using `--detectOpenHandles` to detect async operations that kept running after all tests finished?
