_goals/convex-backend-runtime-2026-10-02/qa/task03c2-live-fixture/scripts/client-prep.ts(4,33): error TS2307: Cannot find module '../../../../../work/backend-runtime/task03c2-live-fixture/packed-sdk/package/dist/index.js' or its corresponding type declarations.
_goals/convex-backend-runtime-2026-10-02/qa/task03c2-live-fixture/scripts/client-prep.ts(5,53): error TS2307: Cannot find module '../../../../../work/backend-runtime/task03c2-live-fixture/sdk/src/sessions/index' or its corresponding type declarations.
_goals/convex-backend-runtime-2026-10-02/qa/task03c2-live-fixture/scripts/client-prep.ts(6,35): error TS2307: Cannot find module '../../../../../work/backend-runtime/task03c2-live-fixture/sdk/src/auth/context' or its corresponding type declarations.
_goals/convex-backend-runtime-2026-10-02/qa/task03c2-live-fixture/scripts/client-prep.ts(16,67): error TS18046: 'error' is of type 'unknown'.
_goals/convex-backend-runtime-2026-10-02/qa/task03c2-live-fixture/scripts/client-prep.ts(17,18): error TS18046: 'error' is of type 'unknown'.
_goals/convex-backend-runtime-2026-10-02/qa/task03c2-live-fixture/scripts/client-prep.ts(17,65): error TS18046: 'error' is of type 'unknown'.
_goals/convex-backend-runtime-2026-10-02/qa/task03c2-live-fixture/scripts/client.ts(5,84): error TS2307: Cannot find module '../../../../../work/backend-runtime/task03c2-live-fixture/packed-sdk/package/dist/index.js' or its corresponding type declarations.
_goals/convex-backend-runtime-2026-10-02/qa/task03c2-live-fixture/scripts/client.ts(251,28): error TS7006: Parameter 'request' implicitly has an 'any' type.
_goals/convex-backend-runtime-2026-10-02/qa/task03c2-live-fixture/scripts/client.ts(256,28): error TS7006: Parameter 'failure' implicitly has an 'any' type.
_goals/convex-backend-runtime-2026-10-02/qa/task03c2-live-fixture/scripts/client.ts(262,18): error TS18046: 'session' is of type 'unknown'.
_goals/convex-backend-runtime-2026-10-02/qa/task03c2-live-fixture/scripts/client.ts(262,87): error TS18046: 'session' is of type 'unknown'.
_goals/convex-backend-runtime-2026-10-02/qa/task03c2-live-fixture/scripts/client.ts(263,65): error TS2339: Property 'sessionId' does not exist on type '{}'.
_goals/convex-backend-runtime-2026-10-02/qa/task03c2-live-fixture/scripts/client.ts(264,101): error TS18046: 'profile' is of type 'unknown'.
_goals/convex-backend-runtime-2026-10-02/qa/task03c2-live-fixture/scripts/client.ts(265,68): error TS2339: Property 'data' does not exist on type '{}'.
_goals/convex-backend-runtime-2026-10-02/qa/task03c2-live-fixture/scripts/client.ts(270,74): error TS7006: Parameter 'value' implicitly has an 'any' type.
_goals/convex-backend-runtime-2026-10-02/qa/task03c2-live-fixture/scripts/client.ts(275,9): error TS7006: Parameter 'error' implicitly has an 'any' type.
_goals/convex-backend-runtime-2026-10-02/qa/task03c2-live-fixture/scripts/client.ts(303,79): error TS7006: Parameter 'client' implicitly has an 'any' type.
_goals/convex-backend-runtime-2026-10-02/qa/task03c2-live-fixture/scripts/client.ts(308,58): error TS7006: Parameter 'client' implicitly has an 'any' type.
_goals/convex-backend-runtime-2026-10-02/qa/task03c2-live-fixture/scripts/client.ts(332,83): error TS18046: 'error' is of type 'unknown'.
_goals/convex-backend-runtime-2026-10-02/qa/task03c2-live-fixture/scripts/client.ts(332,130): error TS18046: 'error' is of type 'unknown'.
_goals/convex-backend-runtime-2026-10-02/qa/task03c2-live-fixture/scripts/client.ts(336,110): error TS2339: Property 'status' does not exist on type '{}'.
