
/workspace/Project-Cortex/_goals/convex-backend-runtime-2026-10-02/qa/task03c2-live-fixture/scripts/client.ts
   50:49   warning  Unsafe member access .code on an `any` value                                     @typescript-eslint/no-unsafe-member-access
  127:3    warning  Unsafe call of a type that could not be resolved                                 @typescript-eslint/no-unsafe-call
  127:3    warning  Unsafe construction of a type that could not be resolved                         @typescript-eslint/no-unsafe-call
  127:52   warning  Unsafe member access .bindReactiveClient on a type that cannot be resolved       @typescript-eslint/no-unsafe-member-access
  162:100  warning  Unsafe call of a type that could not be resolved                                 @typescript-eslint/no-unsafe-call
  162:100  warning  Unsafe construction of a type that could not be resolved                         @typescript-eslint/no-unsafe-call
  162:138  warning  Unsafe member access .fetchToken on a type that cannot be resolved               @typescript-eslint/no-unsafe-member-access
  250:5    warning  Unsafe assignment of an error typed value                                        @typescript-eslint/no-unsafe-assignment
  250:11   warning  Unsafe construction of a type that could not be resolved                         @typescript-eslint/no-unsafe-call
  250:89   warning  Unsafe assignment of an error typed value                                        @typescript-eslint/no-unsafe-assignment
  250:95   warning  Unsafe call of a type that could not be resolved                                 @typescript-eslint/no-unsafe-call
  252:36   warning  Unsafe member access .forceRefreshToken on an `any` value                        @typescript-eslint/no-unsafe-member-access
  256:69   warning  Unsafe member access .code on an `any` value                                     @typescript-eslint/no-unsafe-member-access
  261:35   warning  Unsafe call of a type that could not be resolved                                 @typescript-eslint/no-unsafe-call
  261:39   warning  Unsafe member access .sessions on a type that cannot be resolved                 @typescript-eslint/no-unsafe-member-access
  263:33   warning  Unsafe call of a type that could not be resolved                                 @typescript-eslint/no-unsafe-call
  263:37   warning  Unsafe member access .sessions on a type that cannot be resolved                 @typescript-eslint/no-unsafe-member-access
  264:35   warning  Unsafe call of a type that could not be resolved                                 @typescript-eslint/no-unsafe-call
  264:39   warning  Unsafe member access .users on a type that cannot be resolved                    @typescript-eslint/no-unsafe-member-access
  264:114  warning  Unsafe member access .marker on a type that cannot be resolved                   @typescript-eslint/no-unsafe-member-access
  265:33   warning  Unsafe call of a type that could not be resolved                                 @typescript-eslint/no-unsafe-call
  265:37   warning  Unsafe member access .users on a type that cannot be resolved                    @typescript-eslint/no-unsafe-member-access
  265:73   warning  Unsafe member access .marker on a type that cannot be resolved                   @typescript-eslint/no-unsafe-member-access
  270:11   warning  Unsafe assignment of an error typed value                                        @typescript-eslint/no-unsafe-assignment
  270:18   warning  Unsafe call of a type that could not be resolved                                 @typescript-eslint/no-unsafe-call
  270:18   warning  Unsafe call of a type that could not be resolved                                 @typescript-eslint/no-unsafe-call
  270:22   warning  Unsafe member access .getClient on a type that cannot be resolved                @typescript-eslint/no-unsafe-member-access
  270:34   warning  Unsafe member access .onUpdate on a type that cannot be resolved                 @typescript-eslint/no-unsafe-member-access
  272:13   warning  Unsafe assignment of an `any` value                                              @typescript-eslint/no-unsafe-assignment
  272:94   warning  Unsafe member access .value on an `any` value                                    @typescript-eslint/no-unsafe-member-access
  276:21   warning  Unsafe assignment of an error typed value                                        @typescript-eslint/no-unsafe-assignment
  283:59   warning  Unsafe call of a type that could not be resolved                                 @typescript-eslint/no-unsafe-call
  283:63   warning  Unsafe member access .credentials on a type that cannot be resolved              @typescript-eslint/no-unsafe-member-access
  283:76   warning  Unsafe member access .notifySessionChanged on a type that cannot be resolved     @typescript-eslint/no-unsafe-member-access
  285:46   warning  Unsafe call of a type that could not be resolved                                 @typescript-eslint/no-unsafe-call
  285:50   warning  Unsafe member access .credentials on a type that cannot be resolved              @typescript-eslint/no-unsafe-member-access
  285:63   warning  Unsafe member access .notifySessionChanged on a type that cannot be resolved     @typescript-eslint/no-unsafe-member-access
  295:20   warning  Unsafe call of a type that could not be resolved                                 @typescript-eslint/no-unsafe-call
  295:20   warning  Unsafe call of a type that could not be resolved                                 @typescript-eslint/no-unsafe-call
  295:24   warning  Unsafe member access .getClient on a type that cannot be resolved                @typescript-eslint/no-unsafe-member-access
  295:36   warning  Unsafe member access .query on a type that cannot be resolved                    @typescript-eslint/no-unsafe-member-access
  298:17   warning  Unsafe call of a type that could not be resolved                                 @typescript-eslint/no-unsafe-call
  301:50   warning  Unsafe call of a type that could not be resolved                                 @typescript-eslint/no-unsafe-call
  301:54   warning  Unsafe member access .credentials on a type that cannot be resolved              @typescript-eslint/no-unsafe-member-access
  301:67   warning  Unsafe member access .notifySessionChanged on a type that cannot be resolved     @typescript-eslint/no-unsafe-member-access
  302:39   warning  Unsafe call of a type that could not be resolved                                 @typescript-eslint/no-unsafe-call
  302:39   warning  Unsafe call of a type that could not be resolved                                 @typescript-eslint/no-unsafe-call
  302:43   warning  Unsafe member access .getClient on a type that cannot be resolved                @typescript-eslint/no-unsafe-member-access
  302:55   warning  Unsafe member access .query on a type that cannot be resolved                    @typescript-eslint/no-unsafe-member-access
  303:39   warning  Unsafe call of a type that could not be resolved                                 @typescript-eslint/no-unsafe-call
  303:43   warning  Unsafe member access .credentials on a type that cannot be resolved              @typescript-eslint/no-unsafe-member-access
  303:56   warning  Unsafe member access .withHttpAuth on a type that cannot be resolved             @typescript-eslint/no-unsafe-member-access
  303:98   warning  Unsafe call of an `any` typed value                                              @typescript-eslint/no-unsafe-call
  303:105  warning  Unsafe member access .query on an `any` value                                    @typescript-eslint/no-unsafe-member-access
  308:18   warning  Unsafe call of a type that could not be resolved                                 @typescript-eslint/no-unsafe-call
  308:22   warning  Unsafe member access .credentials on a type that cannot be resolved              @typescript-eslint/no-unsafe-member-access
  308:35   warning  Unsafe member access .withHttpAuth on a type that cannot be resolved             @typescript-eslint/no-unsafe-member-access
  308:77   warning  Unsafe call of an `any` typed value                                              @typescript-eslint/no-unsafe-call
  308:84   warning  Unsafe member access .query on an `any` value                                    @typescript-eslint/no-unsafe-member-access
  309:36   warning  Unsafe call of a type that could not be resolved                                 @typescript-eslint/no-unsafe-call
  309:40   warning  Unsafe member access .credentials on a type that cannot be resolved              @typescript-eslint/no-unsafe-member-access
  309:53   warning  Unsafe member access .getAuthorizationHeaders on a type that cannot be resolved  @typescript-eslint/no-unsafe-member-access
  312:11   warning  Unsafe assignment of an error typed value                                        @typescript-eslint/no-unsafe-assignment
  312:20   warning  Unsafe construction of a type that could not be resolved                         @typescript-eslint/no-unsafe-call
  312:98   warning  Unsafe assignment of an error typed value                                        @typescript-eslint/no-unsafe-assignment
  312:104  warning  Unsafe call of a type that could not be resolved                                 @typescript-eslint/no-unsafe-call
  313:18   warning  Unsafe call of a type that could not be resolved                                 @typescript-eslint/no-unsafe-call
  313:18   warning  Unsafe call of a type that could not be resolved                                 @typescript-eslint/no-unsafe-call
  313:25   warning  Unsafe member access .getClient on a type that cannot be resolved                @typescript-eslint/no-unsafe-member-access
  313:37   warning  Unsafe member access .query on a type that cannot be resolved                    @typescript-eslint/no-unsafe-member-access
  317:68   warning  Unsafe call of a type that could not be resolved                                 @typescript-eslint/no-unsafe-call
  317:72   warning  Unsafe member access .credentials on a type that cannot be resolved              @typescript-eslint/no-unsafe-member-access
  317:85   warning  Unsafe member access .notifySessionChanged on a type that cannot be resolved     @typescript-eslint/no-unsafe-member-access
  321:21   warning  Unsafe call of a type that could not be resolved                                 @typescript-eslint/no-unsafe-call
  321:25   warning  Unsafe member access .credentials on a type that cannot be resolved              @typescript-eslint/no-unsafe-member-access
  321:38   warning  Unsafe member access .notifySessionChanged on a type that cannot be resolved     @typescript-eslint/no-unsafe-member-access
  322:38   warning  Unsafe member access .credentials on a type that cannot be resolved              @typescript-eslint/no-unsafe-member-access
  322:51   warning  Unsafe member access .authFailure on a type that cannot be resolved              @typescript-eslint/no-unsafe-member-access
  324:18   warning  Unsafe call of a type that could not be resolved                                 @typescript-eslint/no-unsafe-call
  324:18   warning  Unsafe call of a type that could not be resolved                                 @typescript-eslint/no-unsafe-call
  324:22   warning  Unsafe member access .getClient on a type that cannot be resolved                @typescript-eslint/no-unsafe-member-access
  324:34   warning  Unsafe member access .query on a type that cannot be resolved                    @typescript-eslint/no-unsafe-member-access
  325:68   warning  Unsafe call of a type that could not be resolved                                 @typescript-eslint/no-unsafe-call
  325:72   warning  Unsafe member access .credentials on a type that cannot be resolved              @typescript-eslint/no-unsafe-member-access
  325:85   warning  Unsafe member access .notifySessionChanged on a type that cannot be resolved     @typescript-eslint/no-unsafe-member-access
  326:36   warning  Unsafe call of a type that could not be resolved                                 @typescript-eslint/no-unsafe-call
  326:40   warning  Unsafe member access .getClient on a type that cannot be resolved                @typescript-eslint/no-unsafe-member-access
  327:39   warning  Unsafe call of a type that could not be resolved                                 @typescript-eslint/no-unsafe-call
  327:39   warning  Unsafe call of a type that could not be resolved                                 @typescript-eslint/no-unsafe-call
  327:43   warning  Unsafe member access .getClient on a type that cannot be resolved                @typescript-eslint/no-unsafe-member-access
  327:55   warning  Unsafe member access .query on a type that cannot be resolved                    @typescript-eslint/no-unsafe-member-access
  328:22   warning  Unsafe member access .credentials on a type that cannot be resolved              @typescript-eslint/no-unsafe-member-access
  328:35   warning  Unsafe member access .authFailure on a type that cannot be resolved              @typescript-eslint/no-unsafe-member-access
  331:25   warning  Unsafe call of a type that could not be resolved                                 @typescript-eslint/no-unsafe-call
  331:29   warning  Unsafe member access .sessions on a type that cannot be resolved                 @typescript-eslint/no-unsafe-member-access
  336:19   warning  Unsafe call of a type that could not be resolved                                 @typescript-eslint/no-unsafe-call
  336:23   warning  Unsafe member access .sessions on a type that cannot be resolved                 @typescript-eslint/no-unsafe-member-access
  336:78   warning  Unsafe call of a type that could not be resolved                                 @typescript-eslint/no-unsafe-call
  336:82   warning  Unsafe member access .sessions on a type that cannot be resolved                 @typescript-eslint/no-unsafe-member-access
  352:71   warning  Unsafe call of a type that could not be resolved                                 @typescript-eslint/no-unsafe-call
  352:78   warning  Unsafe member access .shutdown on a type that cannot be resolved                 @typescript-eslint/no-unsafe-member-access

✖ 101 problems (0 errors, 101 warnings)

