(node:81299) ExperimentalWarning: VM Modules is an experimental feature and might change at any time
(Use `node --trace-warnings ...` to show where the warning was created)
PASS tests/unit/runtimeMetadataAuth/handlers.test.ts (13.16 s)
PASS tests/unit/auth/credentials.test.ts (24.282 s)
PASS tests/unit/runtimeWorkerAuth/graph.test.ts
PASS tests/unit/runtimeAuth/authority.test.ts
PASS tests/unit/runtimeMetadataAuth/native-errors.test.ts
PASS tests/unit/runtimeAuth/provisioning.test.ts
PASS tests/unit/runtimeWorkerClient/metadata-consumers.test.ts (6.095 s)
PASS tests/unit/runtimeWorkerAuth/admin-catalog.test.ts
PASS tests/unit/runtimeAuth/inventory.test.ts
PASS tests/unit/runtimeWorkerAuth/governance.test.ts
PASS tests/unit/runtimeWorkerClient/governance.test.ts
PASS tests/unit/runtimeWorkerClient/sessions-maintenance.test.ts
PASS tests/unit/runtimeMetadataAuth/registrations.test.ts
PASS tests/unit/runtimeMetadataAuth/scope-ambiguity.test.ts


════════════════════════════════════════════════════════════════════════════════
📊 TEST SUITE PERFORMANCE REPORT
════════════════════════════════════════════════════════════════════════════════

🟢 SHORT SUITES (<30s) - Fast!
--------------------------------------------------------------------------------
  ✅    24.3s | 40/40 passed | /tests/unit/auth/credentials.test.ts
  ✅    13.2s | 187/187 passed | /tests/unit/runtimeMetadataAuth/handlers.test.ts
  ✅     6.1s | 79/79 passed | /tests/unit/runtimeWorkerClient/metadata-consumers.test.ts
  ✅     1.9s | 58/58 passed | /tests/unit/runtimeWorkerAuth/admin-catalog.test.ts
  ✅     1.7s | 2/2 passed | /tests/unit/runtimeMetadataAuth/registrations.test.ts
  ✅     1.6s | 88/88 passed | /tests/unit/runtimeWorkerAuth/graph.test.ts
  ✅     1.3s | 64/64 passed | /tests/unit/runtimeAuth/inventory.test.ts
  ✅     1.1s | 39/39 passed | /tests/unit/runtimeWorkerAuth/governance.test.ts
  ✅     1.1s | 106/106 passed | /tests/unit/runtimeMetadataAuth/native-errors.test.ts
  ✅     0.9s | 15/15 passed | /tests/unit/runtimeAuth/provisioning.test.ts
  ✅     0.4s | 54/54 passed | /tests/unit/runtimeAuth/authority.test.ts
  ✅     0.3s | 28/28 passed | /tests/unit/runtimeWorkerClient/governance.test.ts
  ✅     0.3s | 27/27 passed | /tests/unit/runtimeWorkerClient/sessions-maintenance.test.ts
  ✅     0.3s | 80/80 passed | /tests/unit/runtimeMetadataAuth/scope-ambiguity.test.ts


════════════════════════════════════════════════════════════════════════════════
⏱️  TOP 20 SLOWEST INDIVIDUAL TESTS
════════════════════════════════════════════════════════════════════════════════

 1. [32m✓[0m    0.49s ( 0.9%) - actual registered visibility and canonical schema/AST catalog AST inventory resolves exact 25 frozen paths with seven public and eighteen internal
    /tests/unit/runtimeWorkerAuth/admin-catalog.test.ts

 2. [32m✓[0m    0.37s ( 0.7%) - import-aware AST and native Convex registration visibility retained import-aware AST finds the exact baseline paths with zero unresolved
    /tests/unit/runtimeMetadataAuth/registrations.test.ts

 3. [32m✓[0m    0.27s ( 0.5%) - portable generated inventory policies: /workspace/Project-Cortex/work/backend-runtime/task03-metadata-native-errors-checkout/_goals/convex-backend-runtime-2026-10-02/qa/task03a/reproduction/inventory.mjs accepts changed source bytes and an additional registration without coupling policy to frozen production hashes/counts
    /tests/unit/runtimeAuth/inventory.test.ts

 4. [32m✓[0m    0.25s ( 0.5%) - portable generated inventory policies: /workspace/Project-Cortex/work/backend-runtime/task03-metadata-native-errors-checkout/_goals/convex-backend-runtime-2026-10-02/qa/task03a/inventory.mjs accepts changed source bytes and an additional registration without coupling policy to frozen production hashes/counts
    /tests/unit/runtimeAuth/inventory.test.ts

 5. [32m✓[0m    0.05s ( 0.1%) - open-review essential worker regressions clearSyncedItems rechecks source/fact/current READ independently after final digest
    /tests/unit/runtimeWorkerAuth/graph.test.ts

 6. [32m✓[0m    0.04s ( 0.1%) - open-review essential worker regressions queueForSync rechecks source/fact/current READ independently after final digest
    /tests/unit/runtimeWorkerAuth/graph.test.ts

 7. [32m✓[0m    0.04s ( 0.1%) - open-review essential worker regressions markSynced rechecks source/fact/current READ independently after final digest
    /tests/unit/runtimeWorkerAuth/graph.test.ts

 8. [32m✓[0m    0.03s ( 0.1%) - 36 registered modern public handlers immutable:store rejects missing verified identity without writes
    /tests/unit/runtimeMetadataAuth/handlers.test.ts

 9. [32m✓[0m    0.03s ( 0.1%) - isolation, receipts, fences and transaction outcomes authorized history retention removes only requested old versions and rejects invalid keep
    /tests/unit/runtimeMetadataAuth/handlers.test.ts

10. [32m✓[0m    0.03s ( 0.1%) - cycle2 independent-review regressions session create rejects supplied expiry after-effect across awaited controls
    /tests/unit/runtimeMetadataAuth/handlers.test.ts

11. [32m✓[0m    0.03s ( 0.1%) - cycle2 independent-review regressions immutable stored version 9007199254740991 rejects before version writes
    /tests/unit/runtimeMetadataAuth/handlers.test.ts

12. [32m✓[0m    0.03s ( 0.1%) - cycle2 independent-review regressions immutable stored version 0 rejects before version writes
    /tests/unit/runtimeMetadataAuth/handlers.test.ts

13. [32m✓[0m    0.03s ( 0.0%) - 36 registered modern public handlers sessions:endAll authorized outcomes
    /tests/unit/runtimeMetadataAuth/handlers.test.ts

14. [32m✓[0m    0.03s ( 0.0%) - open-review essential worker regressions getUnsyncedItems rechecks source/fact/current READ independently after final digest
    /tests/unit/runtimeWorkerAuth/graph.test.ts

15. [32m✓[0m    0.02s ( 0.0%) - 36 registered modern public handlers users:get rejects missing verified identity without writes
    /tests/unit/runtimeMetadataAuth/handlers.test.ts

16. [32m✓[0m    0.02s ( 0.0%) - 36 registered modern public handlers sessions:get rejects missing verified identity without writes
    /tests/unit/runtimeMetadataAuth/handlers.test.ts

17. [32m✓[0m    0.02s ( 0.0%) - metadata consumers (resilience=disabled) validates malformed profile data before merge reads or writes
    /tests/unit/runtimeWorkerClient/metadata-consumers.test.ts

18. [32m✓[0m    0.01s ( 0.0%) - import-aware AST and native Convex registration visibility actual framework registrations are exactly 41=36+5 with no public reference credentials
    /tests/unit/runtimeMetadataAuth/registrations.test.ts

19. [32m✓[0m    0.01s ( 0.0%) - nine scoped internal worker registrations queueForSync performs its actual authorized outcome without an active JWT
    /tests/unit/runtimeWorkerAuth/graph.test.ts

20. [32m✓[0m    0.01s ( 0.0%) - Installed Convex reactive authentication error outcomes official refresh/logout/login updates identity with no getter failure diagnostic
    /tests/unit/auth/credentials.test.ts

--------------------------------------------------------------------------------
Top 20 tests: 1.81s (3.3% of runtime)


════════════════════════════════════════════════════════════════════════════════
📈 SUMMARY
════════════════════════════════════════════════════════════════════════════════
  Total runtime:      55.42s
  Test suites:        14
  Individual tests:   594
  Long suites (>2m):  0
  Medium suites:      0
  Short suites (<30s): 14
════════════════════════════════════════════════════════════════════════════════


Test Suites: 14 passed, 14 total
Tests:       867 passed, 867 total
Snapshots:   0 total
Time:        55.425 s
Test results written to: _goals/convex-backend-runtime-2026-10-02/qa/task03-metadata-native-errors/followup-cycle2/final-selected-outcomes.json
Force exiting Jest: Have you considered using `--detectOpenHandles` to detect async operations that kept running after all tests finished?
