{
  "count": 27,
  "passed": 27,
  "observations": [
    {
      "table": "agents",
      "stage": "initial",
      "mode": "property-getter",
      "reached": true,
      "attempts": 0,
      "commits": 0,
      "error": {
        "version": 1,
        "code": "REGISTRY_OPERATION_FAILED",
        "message": "Registry operation failed",
        "retryable": false,
        "outcome": "failed"
      }
    },
    {
      "table": "agents",
      "stage": "initial",
      "mode": "synchronous-call",
      "reached": true,
      "attempts": 0,
      "commits": 0,
      "error": {
        "version": 1,
        "code": "REGISTRY_OPERATION_FAILED",
        "message": "Registry operation failed",
        "retryable": false,
        "outcome": "failed"
      }
    },
    {
      "table": "agents",
      "stage": "initial",
      "mode": "rejected-thenable",
      "reached": true,
      "attempts": 0,
      "commits": 0,
      "error": {
        "version": 1,
        "code": "REGISTRY_OPERATION_FAILED",
        "message": "Registry operation failed",
        "retryable": false,
        "outcome": "failed"
      }
    },
    {
      "table": "memorySpaces",
      "stage": "initial",
      "mode": "property-getter",
      "reached": true,
      "attempts": 0,
      "commits": 0,
      "error": {
        "version": 1,
        "code": "REGISTRY_OPERATION_FAILED",
        "message": "Registry operation failed",
        "retryable": false,
        "outcome": "failed"
      }
    },
    {
      "table": "memorySpaces",
      "stage": "initial",
      "mode": "synchronous-call",
      "reached": true,
      "attempts": 0,
      "commits": 0,
      "error": {
        "version": 1,
        "code": "REGISTRY_OPERATION_FAILED",
        "message": "Registry operation failed",
        "retryable": false,
        "outcome": "failed"
      }
    },
    {
      "table": "memorySpaces",
      "stage": "initial",
      "mode": "rejected-thenable",
      "reached": true,
      "attempts": 0,
      "commits": 0,
      "error": {
        "version": 1,
        "code": "REGISTRY_OPERATION_FAILED",
        "message": "Registry operation failed",
        "retryable": false,
        "outcome": "failed"
      }
    },
    {
      "table": "contexts",
      "stage": "initial",
      "mode": "property-getter",
      "reached": true,
      "attempts": 0,
      "commits": 0,
      "error": {
        "version": 1,
        "code": "REGISTRY_OPERATION_FAILED",
        "message": "Registry operation failed",
        "retryable": false,
        "outcome": "failed"
      }
    },
    {
      "table": "contexts",
      "stage": "initial",
      "mode": "synchronous-call",
      "reached": true,
      "attempts": 0,
      "commits": 0,
      "error": {
        "version": 1,
        "code": "REGISTRY_OPERATION_FAILED",
        "message": "Registry operation failed",
        "retryable": false,
        "outcome": "failed"
      }
    },
    {
      "table": "contexts",
      "stage": "initial",
      "mode": "rejected-thenable",
      "reached": true,
      "attempts": 0,
      "commits": 0,
      "error": {
        "version": 1,
        "code": "REGISTRY_OPERATION_FAILED",
        "message": "Registry operation failed",
        "retryable": false,
        "outcome": "failed"
      }
    },
    {
      "table": "agents",
      "stage": "optionalRead",
      "mode": "property-getter",
      "reached": true,
      "attempts": 0,
      "commits": 0,
      "error": {
        "version": 1,
        "code": "REGISTRY_OPERATION_FAILED",
        "message": "Registry operation failed",
        "retryable": false,
        "outcome": "failed"
      }
    },
    {
      "table": "agents",
      "stage": "optionalRead",
      "mode": "synchronous-call",
      "reached": true,
      "attempts": 0,
      "commits": 0,
      "error": {
        "version": 1,
        "code": "REGISTRY_OPERATION_FAILED",
        "message": "Registry operation failed",
        "retryable": false,
        "outcome": "failed"
      }
    },
    {
      "table": "agents",
      "stage": "optionalRead",
      "mode": "rejected-thenable",
      "reached": true,
      "attempts": 0,
      "commits": 0,
      "error": {
        "version": 1,
        "code": "REGISTRY_OPERATION_FAILED",
        "message": "Registry operation failed",
        "retryable": false,
        "outcome": "failed"
      }
    },
    {
      "table": "memorySpaces",
      "stage": "optionalRead",
      "mode": "property-getter",
      "reached": true,
      "attempts": 0,
      "commits": 0,
      "error": {
        "version": 1,
        "code": "REGISTRY_OPERATION_FAILED",
        "message": "Registry operation failed",
        "retryable": false,
        "outcome": "failed"
      }
    },
    {
      "table": "memorySpaces",
      "stage": "optionalRead",
      "mode": "synchronous-call",
      "reached": true,
      "attempts": 0,
      "commits": 0,
      "error": {
        "version": 1,
        "code": "REGISTRY_OPERATION_FAILED",
        "message": "Registry operation failed",
        "retryable": false,
        "outcome": "failed"
      }
    },
    {
      "table": "memorySpaces",
      "stage": "optionalRead",
      "mode": "rejected-thenable",
      "reached": true,
      "attempts": 0,
      "commits": 0,
      "error": {
        "version": 1,
        "code": "REGISTRY_OPERATION_FAILED",
        "message": "Registry operation failed",
        "retryable": false,
        "outcome": "failed"
      }
    },
    {
      "table": "contexts",
      "stage": "optionalRead",
      "mode": "property-getter",
      "reached": true,
      "attempts": 0,
      "commits": 0,
      "error": {
        "version": 1,
        "code": "REGISTRY_OPERATION_FAILED",
        "message": "Registry operation failed",
        "retryable": false,
        "outcome": "failed"
      }
    },
    {
      "table": "contexts",
      "stage": "optionalRead",
      "mode": "synchronous-call",
      "reached": true,
      "attempts": 0,
      "commits": 0,
      "error": {
        "version": 1,
        "code": "REGISTRY_OPERATION_FAILED",
        "message": "Registry operation failed",
        "retryable": false,
        "outcome": "failed"
      }
    },
    {
      "table": "contexts",
      "stage": "optionalRead",
      "mode": "rejected-thenable",
      "reached": true,
      "attempts": 0,
      "commits": 0,
      "error": {
        "version": 1,
        "code": "REGISTRY_OPERATION_FAILED",
        "message": "Registry operation failed",
        "retryable": false,
        "outcome": "failed"
      }
    },
    {
      "table": "agents",
      "stage": "postInsert",
      "mode": "property-getter",
      "reached": true,
      "attempts": 1,
      "commits": 0,
      "error": {
        "version": 1,
        "code": "REGISTRY_OPERATION_FAILED",
        "message": "Registry operation failed",
        "retryable": false,
        "outcome": "rolled_back"
      }
    },
    {
      "table": "agents",
      "stage": "postInsert",
      "mode": "synchronous-call",
      "reached": true,
      "attempts": 1,
      "commits": 0,
      "error": {
        "version": 1,
        "code": "REGISTRY_OPERATION_FAILED",
        "message": "Registry operation failed",
        "retryable": false,
        "outcome": "rolled_back"
      }
    },
    {
      "table": "agents",
      "stage": "postInsert",
      "mode": "rejected-thenable",
      "reached": true,
      "attempts": 1,
      "commits": 0,
      "error": {
        "version": 1,
        "code": "REGISTRY_OPERATION_FAILED",
        "message": "Registry operation failed",
        "retryable": false,
        "outcome": "rolled_back"
      }
    },
    {
      "table": "memorySpaces",
      "stage": "postInsert",
      "mode": "property-getter",
      "reached": true,
      "attempts": 1,
      "commits": 0,
      "error": {
        "version": 1,
        "code": "REGISTRY_OPERATION_FAILED",
        "message": "Registry operation failed",
        "retryable": false,
        "outcome": "rolled_back"
      }
    },
    {
      "table": "memorySpaces",
      "stage": "postInsert",
      "mode": "synchronous-call",
      "reached": true,
      "attempts": 1,
      "commits": 0,
      "error": {
        "version": 1,
        "code": "REGISTRY_OPERATION_FAILED",
        "message": "Registry operation failed",
        "retryable": false,
        "outcome": "rolled_back"
      }
    },
    {
      "table": "memorySpaces",
      "stage": "postInsert",
      "mode": "rejected-thenable",
      "reached": true,
      "attempts": 1,
      "commits": 0,
      "error": {
        "version": 1,
        "code": "REGISTRY_OPERATION_FAILED",
        "message": "Registry operation failed",
        "retryable": false,
        "outcome": "rolled_back"
      }
    },
    {
      "table": "contexts",
      "stage": "postInsert",
      "mode": "property-getter",
      "reached": true,
      "attempts": 1,
      "commits": 0,
      "error": {
        "version": 1,
        "code": "REGISTRY_OPERATION_FAILED",
        "message": "Registry operation failed",
        "retryable": false,
        "outcome": "rolled_back"
      }
    },
    {
      "table": "contexts",
      "stage": "postInsert",
      "mode": "synchronous-call",
      "reached": true,
      "attempts": 1,
      "commits": 0,
      "error": {
        "version": 1,
        "code": "REGISTRY_OPERATION_FAILED",
        "message": "Registry operation failed",
        "retryable": false,
        "outcome": "rolled_back"
      }
    },
    {
      "table": "contexts",
      "stage": "postInsert",
      "mode": "rejected-thenable",
      "reached": true,
      "attempts": 1,
      "commits": 0,
      "error": {
        "version": 1,
        "code": "REGISTRY_OPERATION_FAILED",
        "message": "Registry operation failed",
        "retryable": false,
        "outcome": "rolled_back"
      }
    }
  ]
}
