[
  {
    "capability": "read",
    "defect": "none",
    "kind": "actual registered handler omitted selectors",
    "duplicateLookupReached": 0,
    "accepted": false,
    "errorType": "ConvexError",
    "errorData": {
      "version": 1,
      "code": "FORBIDDEN",
      "message": "Access denied",
      "retryable": false,
      "outcome": "not_dispatched"
    },
    "errorMessage": "{\"version\":1,\"code\":\"FORBIDDEN\",\"message\":\"Access denied\",\"retryable\":false,\"outcome\":\"not_dispatched\"}",
    "attempts": 0,
    "writes": 0
  },
  {
    "capability": "read",
    "defect": "scope",
    "kind": "actual registered handler omitted selectors",
    "duplicateLookupReached": 1,
    "accepted": true,
    "value": {
      "tenantId": "tenant-a",
      "memorySpaceId": "space-b",
      "ownerPrincipalId": "runtimeAuthPrincipals:1",
      "namespace": "counter",
      "key": "one",
      "userId": "alice",
      "value": "private-b-value",
      "createdAt": 1000,
      "updatedAt": 1000,
      "_id": "mutable:private-b",
      "_creationTime": 1000
    },
    "attempts": 0,
    "writes": 0
  },
  {
    "capability": "read",
    "defect": "space-tombstone",
    "kind": "actual registered handler omitted selectors",
    "duplicateLookupReached": 1,
    "accepted": true,
    "value": {
      "tenantId": "tenant-a",
      "memorySpaceId": "space-b",
      "ownerPrincipalId": "runtimeAuthPrincipals:1",
      "namespace": "counter",
      "key": "one",
      "userId": "alice",
      "value": "private-b-value",
      "createdAt": 1000,
      "updatedAt": 1000,
      "_id": "mutable:private-b",
      "_creationTime": 1000
    },
    "attempts": 0,
    "writes": 0
  },
  {
    "capability": "write",
    "defect": "none",
    "kind": "actual registered handler omitted selectors",
    "duplicateLookupReached": 0,
    "accepted": false,
    "errorType": "ConvexError",
    "errorData": {
      "version": 1,
      "code": "FORBIDDEN",
      "message": "Access denied",
      "retryable": false,
      "outcome": "not_dispatched"
    },
    "errorMessage": "{\"version\":1,\"code\":\"FORBIDDEN\",\"message\":\"Access denied\",\"retryable\":false,\"outcome\":\"not_dispatched\"}",
    "attempts": 0,
    "writes": 0
  },
  {
    "capability": "write",
    "defect": "scope",
    "kind": "actual registered handler omitted selectors",
    "duplicateLookupReached": 1,
    "accepted": true,
    "value": {
      "updated": true,
      "namespace": "counter",
      "key": "one"
    },
    "attempts": 1,
    "writes": 1
  },
  {
    "capability": "write",
    "defect": "space-tombstone",
    "kind": "actual registered handler omitted selectors",
    "duplicateLookupReached": 1,
    "accepted": true,
    "value": {
      "updated": true,
      "namespace": "counter",
      "key": "one"
    },
    "attempts": 1,
    "writes": 1
  },
  {
    "capability": "read",
    "defect": "none",
    "kind": "byte-preserved accepted baseline authority with native unique protocol",
    "duplicateLookupReached": 0,
    "accepted": false,
    "errorType": "ConvexError",
    "errorData": {
      "version": 1,
      "code": "FORBIDDEN",
      "message": "Access denied",
      "retryable": false,
      "outcome": "not_dispatched"
    },
    "errorMessage": "{\"version\":1,\"code\":\"FORBIDDEN\",\"message\":\"Access denied\",\"retryable\":false,\"outcome\":\"not_dispatched\"}",
    "attempts": 0,
    "writes": 0
  },
  {
    "capability": "read",
    "defect": "scope",
    "kind": "byte-preserved accepted baseline authority with native unique protocol",
    "duplicateLookupReached": 1,
    "accepted": false,
    "errorType": "Error",
    "errorMessage": "unique() query returned more than one result from table runtimeAuthScopes:\n [runtimeAuthScopes:4, runtimeAuthScopes:duplicate-a, ...]",
    "attempts": 0,
    "writes": 0
  },
  {
    "capability": "read",
    "defect": "space-tombstone",
    "kind": "byte-preserved accepted baseline authority with native unique protocol",
    "duplicateLookupReached": 1,
    "accepted": false,
    "errorType": "Error",
    "errorMessage": "unique() query returned more than one result from table runtimeAuthTombstones:\n [runtimeAuthTombstones:private-one, runtimeAuthTombstones:private-two, ...]",
    "attempts": 0,
    "writes": 0
  },
  {
    "capability": "write",
    "defect": "none",
    "kind": "byte-preserved accepted baseline authority with native unique protocol",
    "duplicateLookupReached": 0,
    "accepted": false,
    "errorType": "ConvexError",
    "errorData": {
      "version": 1,
      "code": "FORBIDDEN",
      "message": "Access denied",
      "retryable": false,
      "outcome": "not_dispatched"
    },
    "errorMessage": "{\"version\":1,\"code\":\"FORBIDDEN\",\"message\":\"Access denied\",\"retryable\":false,\"outcome\":\"not_dispatched\"}",
    "attempts": 0,
    "writes": 0
  },
  {
    "capability": "write",
    "defect": "scope",
    "kind": "byte-preserved accepted baseline authority with native unique protocol",
    "duplicateLookupReached": 1,
    "accepted": false,
    "errorType": "Error",
    "errorMessage": "unique() query returned more than one result from table runtimeAuthScopes:\n [runtimeAuthScopes:4, runtimeAuthScopes:duplicate-a, ...]",
    "attempts": 0,
    "writes": 0
  },
  {
    "capability": "write",
    "defect": "space-tombstone",
    "kind": "byte-preserved accepted baseline authority with native unique protocol",
    "duplicateLookupReached": 1,
    "accepted": false,
    "errorType": "Error",
    "errorMessage": "unique() query returned more than one result from table runtimeAuthTombstones:\n [runtimeAuthTombstones:private-one, runtimeAuthTombstones:private-two, ...]",
    "attempts": 0,
    "writes": 0
  },
  {
    "capability": "read",
    "defect": "none",
    "kind": "accepted baseline actual registered handler with native unique protocol",
    "duplicateLookupReached": 0,
    "accepted": false,
    "errorType": "ConvexError",
    "errorData": {
      "version": 1,
      "code": "FORBIDDEN",
      "message": "Access denied",
      "retryable": false,
      "outcome": "not_dispatched"
    },
    "errorMessage": "{\"version\":1,\"code\":\"FORBIDDEN\",\"message\":\"Access denied\",\"retryable\":false,\"outcome\":\"not_dispatched\"}",
    "attempts": 0,
    "writes": 0
  },
  {
    "capability": "read",
    "defect": "scope",
    "kind": "accepted baseline actual registered handler with native unique protocol",
    "duplicateLookupReached": 1,
    "accepted": false,
    "errorType": "Error",
    "errorMessage": "unique() query returned more than one result from table runtimeAuthScopes:\n [runtimeAuthScopes:4, runtimeAuthScopes:duplicate-a, ...]",
    "attempts": 0,
    "writes": 0
  },
  {
    "capability": "read",
    "defect": "space-tombstone",
    "kind": "accepted baseline actual registered handler with native unique protocol",
    "duplicateLookupReached": 1,
    "accepted": false,
    "errorType": "Error",
    "errorMessage": "unique() query returned more than one result from table runtimeAuthTombstones:\n [runtimeAuthTombstones:private-one, runtimeAuthTombstones:private-two, ...]",
    "attempts": 0,
    "writes": 0
  },
  {
    "capability": "write",
    "defect": "none",
    "kind": "accepted baseline actual registered handler with native unique protocol",
    "duplicateLookupReached": 0,
    "accepted": false,
    "errorType": "ConvexError",
    "errorData": {
      "version": 1,
      "code": "FORBIDDEN",
      "message": "Access denied",
      "retryable": false,
      "outcome": "not_dispatched"
    },
    "errorMessage": "{\"version\":1,\"code\":\"FORBIDDEN\",\"message\":\"Access denied\",\"retryable\":false,\"outcome\":\"not_dispatched\"}",
    "attempts": 0,
    "writes": 0
  },
  {
    "capability": "write",
    "defect": "scope",
    "kind": "accepted baseline actual registered handler with native unique protocol",
    "duplicateLookupReached": 1,
    "accepted": false,
    "errorType": "Error",
    "errorMessage": "unique() query returned more than one result from table runtimeAuthScopes:\n [runtimeAuthScopes:4, runtimeAuthScopes:duplicate-a, ...]",
    "attempts": 0,
    "writes": 0
  },
  {
    "capability": "write",
    "defect": "space-tombstone",
    "kind": "accepted baseline actual registered handler with native unique protocol",
    "duplicateLookupReached": 1,
    "accepted": false,
    "errorType": "Error",
    "errorMessage": "unique() query returned more than one result from table runtimeAuthTombstones:\n [runtimeAuthTombstones:private-one, runtimeAuthTombstones:private-two, ...]",
    "attempts": 0,
    "writes": 0
  }
]
