

════════════════════════════════════════════════════════════════════════════════
📊 TEST SUITE PERFORMANCE REPORT
════════════════════════════════════════════════════════════════════════════════

🟢 SHORT SUITES (<30s) - Fast!
--------------------------------------------------------------------------------
  ✅    20.8s | 40/40 passed | /tests/unit/auth/credentials.test.ts
  ✅     9.6s | 187/187 passed | /tests/unit/runtimeMetadataAuth/handlers.test.ts
  ✅     6.2s | 79/79 passed | /tests/unit/runtimeWorkerClient/metadata-consumers.test.ts
  ✅     2.3s | 58/58 passed | /tests/unit/runtimeWorkerAuth/admin-catalog.test.ts
  ✅     1.9s | 88/88 passed | /tests/unit/runtimeWorkerAuth/graph.test.ts
  ✅     1.5s | 2/2 passed | /tests/unit/runtimeMetadataAuth/registrations.test.ts
  ✅     1.3s | 106/106 passed | /tests/unit/runtimeMetadataAuth/native-errors.test.ts
  ✅     1.3s | 64/64 passed | /tests/unit/runtimeAuth/inventory.test.ts
  ✅     1.1s | 15/15 passed | /tests/unit/runtimeAuth/provisioning.test.ts
  ✅     1.1s | 80/80 passed | /tests/unit/runtimeMetadataAuth/scope-ambiguity.test.ts
  ✅     1.1s | 39/39 passed | /tests/unit/runtimeWorkerAuth/governance.test.ts
  ✅     0.4s | 54/54 passed | /tests/unit/runtimeAuth/authority.test.ts
  ✅     0.3s | 27/27 passed | /tests/unit/runtimeWorkerClient/sessions-maintenance.test.ts
  ✅     0.3s | 28/28 passed | /tests/unit/runtimeWorkerClient/governance.test.ts


════════════════════════════════════════════════════════════════════════════════
⏱️  TOP 20 SLOWEST INDIVIDUAL TESTS
════════════════════════════════════════════════════════════════════════════════

 1. [32m✓[0m    0.51s ( 1.0%) - actual registered visibility and canonical schema/AST catalog AST inventory resolves exact 25 frozen paths with seven public and eighteen internal
    /tests/unit/runtimeWorkerAuth/admin-catalog.test.ts

 2. [32m✓[0m    0.38s ( 0.8%) - import-aware AST and native Convex registration visibility retained import-aware AST finds the exact baseline paths with zero unresolved
    /tests/unit/runtimeMetadataAuth/registrations.test.ts

 3. [32m✓[0m    0.26s ( 0.5%) - portable generated inventory policies: /workspace/Project-Cortex/work/backend-runtime/task03-metadata-native-errors-checkout/_goals/convex-backend-runtime-2026-10-02/qa/task03a/reproduction/inventory.mjs accepts changed source bytes and an additional registration without coupling policy to frozen production hashes/counts
    /tests/unit/runtimeAuth/inventory.test.ts

 4. [32m✓[0m    0.26s ( 0.5%) - portable generated inventory policies: /workspace/Project-Cortex/work/backend-runtime/task03-metadata-native-errors-checkout/_goals/convex-backend-runtime-2026-10-02/qa/task03a/inventory.mjs accepts changed source bytes and an additional registration without coupling policy to frozen production hashes/counts
    /tests/unit/runtimeAuth/inventory.test.ts

 5. [32m✓[0m    0.04s ( 0.1%) - open-review essential worker regressions queueForSync rechecks source/fact/current READ independently after final digest
    /tests/unit/runtimeWorkerAuth/graph.test.ts

 6. [32m✓[0m    0.03s ( 0.1%) - open-review essential worker regressions clearSyncedItems rechecks source/fact/current READ independently after final digest
    /tests/unit/runtimeWorkerAuth/graph.test.ts

 7. [32m✓[0m    0.02s ( 0.0%) - open-review essential worker regressions markSynced rechecks source/fact/current READ independently after final digest
    /tests/unit/runtimeWorkerAuth/graph.test.ts

 8. [32m✓[0m    0.02s ( 0.0%) - open-review essential worker regressions getUnsyncedItems rechecks source/fact/current READ independently after final digest
    /tests/unit/runtimeWorkerAuth/graph.test.ts

 9. [32m✓[0m    0.02s ( 0.0%) - 36 registered modern public handlers immutable:getAtTimestamp authorized outcomes
    /tests/unit/runtimeMetadataAuth/handlers.test.ts

10. [32m✓[0m    0.02s ( 0.0%) - 36 registered modern public handlers mutable:set rejects forged tenant without writes
    /tests/unit/runtimeMetadataAuth/handlers.test.ts

11. [32m✓[0m    0.02s ( 0.0%) - metadata consumers (resilience=absent) getOrCreate preserves the empty defaults and hydrated creation result
    /tests/unit/runtimeWorkerClient/metadata-consumers.test.ts

12. [32m✓[0m    0.01s ( 0.0%) - cycle2 independent-review regressions background memory rejects mismatched canonical owner with broad space grant
    /tests/unit/runtimeMetadataAuth/handlers.test.ts

13. [32m✓[0m    0.01s ( 0.0%) - Installed Convex reactive authentication error outcomes actual Cortex constructor contains rejecting host callbacks, resumes unauthenticated and recovers
    /tests/unit/auth/credentials.test.ts

14. [32m✓[0m    0.01s ( 0.0%) - Cortex host credential constructor binding auth success notifications cannot hide a getter diagnostic and stale/closed deferred clears are fenced
    /tests/unit/auth/credentials.test.ts

15. [32m✓[0m    0.01s ( 0.0%) - 36 registered modern public handlers immutable:store rejects missing verified identity without writes
    /tests/unit/runtimeMetadataAuth/handlers.test.ts

16. [32m✓[0m    0.01s ( 0.0%) - 36 registered modern public handlers mutable:set rejects missing verified identity without writes
    /tests/unit/runtimeMetadataAuth/handlers.test.ts

17. [32m✓[0m    0.01s ( 0.0%) - accepted shared authority reader native ambiguity and infrastructure distinction tenant-scope read/own duplicate control lookup denies with zero effects
    /tests/unit/runtimeMetadataAuth/native-errors.test.ts

18. [32m✓[0m    0.01s ( 0.0%) - import-aware AST and native Convex registration visibility actual framework registrations are exactly 41=36+5 with no public reference credentials
    /tests/unit/runtimeMetadataAuth/registrations.test.ts

19. [32m✓[0m    0.01s ( 0.0%) - pinned and final control ambiguity never switches scope or returns a WRITE-only receipt spaces/tombstone pinned-before aborts with exact nonpermission error and rollback
    /tests/unit/runtimeMetadataAuth/scope-ambiguity.test.ts

20. [32m✓[0m    0.01s ( 0.0%) - nine scoped internal worker registrations getHighPriorityItems performs its actual authorized outcome without an active JWT
    /tests/unit/runtimeWorkerAuth/graph.test.ts

--------------------------------------------------------------------------------
Top 20 tests: 1.67s (3.4% of runtime)


════════════════════════════════════════════════════════════════════════════════
📈 SUMMARY
════════════════════════════════════════════════════════════════════════════════
  Total runtime:      49.57s
  Test suites:        14
  Individual tests:   565
  Long suites (>2m):  0
  Medium suites:      0
  Short suites (<30s): 14
════════════════════════════════════════════════════════════════════════════════

