{
  "findings": [
    {
      "family": "tool definition",
      "accepted": true,
      "originalOwnKeys": [
        "__proto__"
      ],
      "admittedOwnKeys": [
        "__proto__"
      ],
      "callerFrozen": false,
      "lostExactJSON": false,
      "canonicalEqual": false,
      "hashEqual": false,
      "identityComparisonRejects": true,
      "pass": true
    },
    {
      "family": "output schema",
      "accepted": true,
      "originalOwnKeys": [
        "__proto__"
      ],
      "admittedOwnKeys": [
        "__proto__"
      ],
      "callerFrozen": false,
      "lostExactJSON": false,
      "canonicalEqual": false,
      "hashEqual": false,
      "identityComparisonRejects": true,
      "pass": true
    },
    {
      "family": "tool call input",
      "accepted": true,
      "originalOwnKeys": [
        "__proto__"
      ],
      "admittedOwnKeys": [
        "__proto__"
      ],
      "callerFrozen": false,
      "lostExactJSON": false,
      "canonicalEqual": false,
      "hashEqual": false,
      "identityComparisonRejects": true,
      "pass": true
    },
    {
      "family": "tool result output",
      "accepted": true,
      "originalOwnKeys": [
        "__proto__"
      ],
      "admittedOwnKeys": [
        "__proto__"
      ],
      "callerFrozen": false,
      "lostExactJSON": false,
      "canonicalEqual": false,
      "hashEqual": false,
      "identityComparisonRejects": true,
      "pass": true
    }
  ]
}
