{
  "observedAtUTC": "2026-10-04T01:37:13.189877+00:00",
  "producerManifestVerifiedRows": 75,
  "C2TestBytes": 28011,
  "C2PrefixSHA256": "1bfb874dc2fe4bac9900c2c699e2985c4925129f55aad03b2f84a1f738acf714",
  "exactPrefix": true,
  "red": {
    "passed": 30,
    "failed": 5
  },
  "green": {
    "passed": 35,
    "failed": 0
  },
  "independent": {
    "passed": 35,
    "failed": 0,
    "pending": 0,
    "todo": 0,
    "suites": 1
  },
  "sourceStable": true,
  "sourceMirrorExact": true,
  "oldProbeSourcesExact": true,
  "historyLimitation": "Initial C1 missing/truncated producer raw streams and source preimages remain missing; new red/green and this review cannot retroactively supply them."
}
