{
  "outcomes": [
    {
      "name": "definition deeply preserves ordinary keys, descriptors, aliases and caller mutability",
      "pass": true
    },
    {
      "name": "definition malformed roots and descendants reject without effects or caller freeze",
      "pass": true
    },
    {
      "name": "definition null-prototype JSON remains lossless detached plain admitted data",
      "pass": true
    },
    {
      "name": "schema deeply preserves ordinary keys, descriptors, aliases and caller mutability",
      "pass": true
    },
    {
      "name": "schema malformed roots and descendants reject without effects or caller freeze",
      "pass": true
    },
    {
      "name": "schema null-prototype JSON remains lossless detached plain admitted data",
      "pass": true
    },
    {
      "name": "input deeply preserves ordinary keys, descriptors, aliases and caller mutability",
      "pass": true
    },
    {
      "name": "input malformed roots and descendants reject without effects or caller freeze",
      "pass": true
    },
    {
      "name": "input null-prototype JSON remains lossless detached plain admitted data",
      "pass": true
    },
    {
      "name": "output deeply preserves ordinary keys, descriptors, aliases and caller mutability",
      "pass": true
    },
    {
      "name": "output malformed roots and descendants reject without effects or caller freeze",
      "pass": true
    },
    {
      "name": "output null-prototype JSON remains lossless detached plain admitted data",
      "pass": true
    }
  ],
  "total": 12,
  "passed": 12,
  "failed": 0
}
