{
  "findings": [
    {
      "family": "tool definition",
      "accepted": true,
      "originalOwnKeys": [
        "__proto__"
      ],
      "admittedOwnKeys": [],
      "callerFrozen": false,
      "lostExactJSON": true,
      "canonicalEqual": true,
      "hashEqual": true,
      "identityComparisonRejects": false,
      "pass": false
    },
    {
      "family": "output schema",
      "accepted": true,
      "originalOwnKeys": [
        "__proto__"
      ],
      "admittedOwnKeys": [],
      "callerFrozen": false,
      "lostExactJSON": true,
      "canonicalEqual": true,
      "hashEqual": true,
      "identityComparisonRejects": false,
      "pass": false
    },
    {
      "family": "tool call input",
      "accepted": true,
      "originalOwnKeys": [
        "__proto__"
      ],
      "admittedOwnKeys": [],
      "callerFrozen": false,
      "lostExactJSON": true,
      "canonicalEqual": true,
      "hashEqual": true,
      "identityComparisonRejects": false,
      "pass": false
    },
    {
      "family": "tool result output",
      "accepted": true,
      "originalOwnKeys": [
        "__proto__"
      ],
      "admittedOwnKeys": [],
      "callerFrozen": false,
      "lostExactJSON": true,
      "canonicalEqual": true,
      "hashEqual": true,
      "identityComparisonRejects": false,
      "pass": false
    }
  ]
}
