(node:64901) ExperimentalWarning: VM Modules is an experimental feature and might change at any time
(Use `node --trace-warnings ...` to show where the warning was created)
FAIL tests/unit/runtimeMetadataAuth/handlers.test.ts (5.674 s)
  ● isolation, receipts, fences and transaction outcomes › foreign duplicate first cannot shadow exact scoped lookup

    expect(received).rejects.toThrow(expected)

    Expected substring: "Nonunique"
    Received message:   "{\"code\":\"FORBIDDEN\",\"message\":\"Access denied\"}"

        [0m [90m 11 |[39m [36mexport[39m type [33mMetadataRow[39m [33m=[39m [33mDoc[39m[33m<[39m[32m"immutable"[39m[33m>[39m [33m|[39m [33mDoc[39m[33m<[39m[32m"mutable"[39m[33m>[39m [33m|[39m [33mDoc[39m[33m<[39m[32m"sessions"[39m[33m>[39m[33m;[39m
         [90m 12 |[39m type [33mReadCtx[39m [33m=[39m [33mPick[39m[33m<[39m[33mQueryCtx[39m[33m,[39m [32m"db"[39m [33m|[39m [32m"auth"[39m[33m>[39m[33m;[39m
        [31m[1m>[22m[39m[90m 13 |[39m [36mexport[39m [36mfunction[39m denied()[33m:[39m never { [36mthrow[39m [36mnew[39m [33mConvexError[39m({ code[33m:[39m [32m"FORBIDDEN"[39m[33m,[39m message[33m:[39m [32m"Access denied"[39m })[33m;[39m }
         [90m    |[39m                                         [31m[1m^[22m[39m
         [90m 14 |[39m [36mexport[39m [36mfunction[39m invalid()[33m:[39m never { [36mthrow[39m [36mnew[39m [33mConvexError[39m({ code[33m:[39m [32m"INVALID_INPUT"[39m[33m,[39m message[33m:[39m [32m"Invalid metadata input"[39m })[33m;[39m }
         [90m 15 |[39m [36mexport[39m [36mfunction[39m nonempty([33m...[39mvalues[33m:[39m string[])[33m:[39m [36mvoid[39m { [36mif[39m (values[33m.[39msome((value) [33m=>[39m [33m![39mvalue[33m.[39mtrim())) invalid()[33m;[39m }
         [90m 16 |[39m [36mexport[39m [36mfunction[39m page(value[33m:[39m number [33m|[39m undefined[33m,[39m fallback[33m:[39m number)[33m:[39m number {[0m

      at denied (convex-dev/runtimeMetadataAuth.ts:13:41)
      at immutableRow (convex-dev/runtimeMetadataAuth.ts:123:24)
      at handler (convex-dev/immutable.ts:45:73)
      at tests/unit/runtimeMetadataAuth/fixture.ts:83:101
      at MetadataTestDb.transaction (tests/unit/runtimeMetadataAuth/fixture.ts:61:18)
      at Object.run (tests/unit/runtimeMetadataAuth/fixture.ts:83:68)
      at Object.<anonymous> (tests/unit/runtimeMetadataAuth/handlers.test.ts:64:5)
      at Object.toThrow (../../../node_modules/expect/build/index.js:2155:20)
      at Object.<anonymous> (tests/unit/runtimeMetadataAuth/handlers.test.ts:64:77)

  ● cycle2 independent-review regressions › sessions:touch rejects session expiry before-effect across awaited controls

    expect(received).rejects.toThrow()

    Received promise resolved instead of rejected
    Resolved to value: undefined

    [0m [90m 262 |[39m     } [36melse[39m f[33m.[39mdb[33m.[39mafterWrite [33m=[39m () [33m=>[39m { clock[33m.[39mmockReturnValue(now [33m+[39m [35m101[39m)[33m;[39m }[33m;[39m
     [90m 263 |[39m     [36mtry[39m {
    [31m[1m>[22m[39m[90m 264 |[39m       [36mawait[39m expect(f[33m.[39mrun(registration[33m,[39m { sessionId[33m:[39m [32m"one"[39m[33m,[39m [33m...[39m(internal [33m?[39m { reference[33m:[39m f[33m.[39mreference } [33m:[39m {}) }))[33m.[39mrejects[33m.[39mtoThrow()[33m;[39m
     [90m     |[39m             [31m[1m^[22m[39m
     [90m 265 |[39m       expect(f[33m.[39mdb[33m.[39mwrites)[33m.[39mtoBe([35m0[39m)[33m;[39m expect(f[33m.[39mdb[33m.[39mattemptedWrites)[33m.[39mtoBe(phase [33m===[39m [32m"before-effect"[39m [33m?[39m [35m0[39m [33m:[39m [35m1[39m)[33m;[39m
     [90m 266 |[39m       expect(f[33m.[39mdb[33m.[39mtable([32m"sessions"[39m)[[35m0[39m])[33m.[39mtoMatchObject({ status[33m:[39m [32m"idle"[39m[33m,[39m lastActiveAt[33m:[39m [35m1000[39m[33m,[39m messageCount[33m:[39m [35m0[39m[33m,[39m memoryCount[33m:[39m [35m0[39m })[33m;[39m
     [90m 267 |[39m       [36mif[39m (phase [33m===[39m [32m"before-effect"[39m) expect(grantGets)[33m.[39mtoBeGreaterThanOrEqual(beforeEffectGrantGet)[33m;[39m[0m

      at expect (../../../node_modules/expect/build/index.js:2116:15)
      at tests/unit/runtimeMetadataAuth/handlers.test.ts:264:13

  ● cycle2 independent-review regressions › sessions:incrementMessageCount rejects session expiry before-effect across awaited controls

    expect(received).rejects.toThrow()

    Received promise resolved instead of rejected
    Resolved to value: undefined

    [0m [90m 262 |[39m     } [36melse[39m f[33m.[39mdb[33m.[39mafterWrite [33m=[39m () [33m=>[39m { clock[33m.[39mmockReturnValue(now [33m+[39m [35m101[39m)[33m;[39m }[33m;[39m
     [90m 263 |[39m     [36mtry[39m {
    [31m[1m>[22m[39m[90m 264 |[39m       [36mawait[39m expect(f[33m.[39mrun(registration[33m,[39m { sessionId[33m:[39m [32m"one"[39m[33m,[39m [33m...[39m(internal [33m?[39m { reference[33m:[39m f[33m.[39mreference } [33m:[39m {}) }))[33m.[39mrejects[33m.[39mtoThrow()[33m;[39m
     [90m     |[39m             [31m[1m^[22m[39m
     [90m 265 |[39m       expect(f[33m.[39mdb[33m.[39mwrites)[33m.[39mtoBe([35m0[39m)[33m;[39m expect(f[33m.[39mdb[33m.[39mattemptedWrites)[33m.[39mtoBe(phase [33m===[39m [32m"before-effect"[39m [33m?[39m [35m0[39m [33m:[39m [35m1[39m)[33m;[39m
     [90m 266 |[39m       expect(f[33m.[39mdb[33m.[39mtable([32m"sessions"[39m)[[35m0[39m])[33m.[39mtoMatchObject({ status[33m:[39m [32m"idle"[39m[33m,[39m lastActiveAt[33m:[39m [35m1000[39m[33m,[39m messageCount[33m:[39m [35m0[39m[33m,[39m memoryCount[33m:[39m [35m0[39m })[33m;[39m
     [90m 267 |[39m       [36mif[39m (phase [33m===[39m [32m"before-effect"[39m) expect(grantGets)[33m.[39mtoBeGreaterThanOrEqual(beforeEffectGrantGet)[33m;[39m[0m

      at expect (../../../node_modules/expect/build/index.js:2116:15)
      at tests/unit/runtimeMetadataAuth/handlers.test.ts:264:13

  ● cycle2 independent-review regressions › sessions:incrementMemoryCount rejects session expiry before-effect across awaited controls

    expect(received).rejects.toThrow()

    Received promise resolved instead of rejected
    Resolved to value: undefined

    [0m [90m 262 |[39m     } [36melse[39m f[33m.[39mdb[33m.[39mafterWrite [33m=[39m () [33m=>[39m { clock[33m.[39mmockReturnValue(now [33m+[39m [35m101[39m)[33m;[39m }[33m;[39m
     [90m 263 |[39m     [36mtry[39m {
    [31m[1m>[22m[39m[90m 264 |[39m       [36mawait[39m expect(f[33m.[39mrun(registration[33m,[39m { sessionId[33m:[39m [32m"one"[39m[33m,[39m [33m...[39m(internal [33m?[39m { reference[33m:[39m f[33m.[39mreference } [33m:[39m {}) }))[33m.[39mrejects[33m.[39mtoThrow()[33m;[39m
     [90m     |[39m             [31m[1m^[22m[39m
     [90m 265 |[39m       expect(f[33m.[39mdb[33m.[39mwrites)[33m.[39mtoBe([35m0[39m)[33m;[39m expect(f[33m.[39mdb[33m.[39mattemptedWrites)[33m.[39mtoBe(phase [33m===[39m [32m"before-effect"[39m [33m?[39m [35m0[39m [33m:[39m [35m1[39m)[33m;[39m
     [90m 266 |[39m       expect(f[33m.[39mdb[33m.[39mtable([32m"sessions"[39m)[[35m0[39m])[33m.[39mtoMatchObject({ status[33m:[39m [32m"idle"[39m[33m,[39m lastActiveAt[33m:[39m [35m1000[39m[33m,[39m messageCount[33m:[39m [35m0[39m[33m,[39m memoryCount[33m:[39m [35m0[39m })[33m;[39m
     [90m 267 |[39m       [36mif[39m (phase [33m===[39m [32m"before-effect"[39m) expect(grantGets)[33m.[39mtoBeGreaterThanOrEqual(beforeEffectGrantGet)[33m;[39m[0m

      at expect (../../../node_modules/expect/build/index.js:2116:15)
      at tests/unit/runtimeMetadataAuth/handlers.test.ts:264:13

PASS tests/unit/runtimeMetadataAuth/registrations.test.ts


════════════════════════════════════════════════════════════════════════════════
📊 TEST SUITE PERFORMANCE REPORT
════════════════════════════════════════════════════════════════════════════════

🟢 SHORT SUITES (<30s) - Fast!
--------------------------------------------------------------------------------
  ❌     5.7s | 183/187 passed | /tests/unit/runtimeMetadataAuth/handlers.test.ts
  ✅     1.5s | 2/2 passed | /tests/unit/runtimeMetadataAuth/registrations.test.ts


════════════════════════════════════════════════════════════════════════════════
⏱️  TOP 20 SLOWEST INDIVIDUAL TESTS
════════════════════════════════════════════════════════════════════════════════

 1. [32m✓[0m    0.36s ( 4.8%) - import-aware AST and native Convex registration visibility retained import-aware AST finds the exact baseline paths with zero unresolved
    /tests/unit/runtimeMetadataAuth/registrations.test.ts

 2. [31m✗[0m    0.02s ( 0.3%) - isolation, receipts, fences and transaction outcomes foreign duplicate first cannot shadow exact scoped lookup
    /tests/unit/runtimeMetadataAuth/handlers.test.ts

 3. [32m✓[0m    0.01s ( 0.2%) - 36 registered modern public handlers immutable:store rejects missing verified identity without writes
    /tests/unit/runtimeMetadataAuth/handlers.test.ts

 4. [32m✓[0m    0.01s ( 0.2%) - cycle2 independent-review regressions sessions:incrementMemoryCount rejects session expiry after-effect across awaited controls
    /tests/unit/runtimeMetadataAuth/handlers.test.ts

 5. [32m✓[0m    0.01s ( 0.1%) - import-aware AST and native Convex registration visibility actual framework registrations are exactly 41=36+5 with no public reference credentials
    /tests/unit/runtimeMetadataAuth/registrations.test.ts

 6. [32m✓[0m    0.01s ( 0.1%) - 36 registered modern public handlers immutable:store authorized outcomes
    /tests/unit/runtimeMetadataAuth/handlers.test.ts

 7. [32m✓[0m    0.01s ( 0.1%) - 36 registered modern public handlers immutable:getAtTimestamp rejects missing verified identity without writes
    /tests/unit/runtimeMetadataAuth/handlers.test.ts

 8. [32m✓[0m    0.00s ( 0.1%) - isolation, receipts, fences and transaction outcomes write-only updates/store/transactions never return old values/history/unsupplied IDs
    /tests/unit/runtimeMetadataAuth/handlers.test.ts

 9. [32m✓[0m    0.00s ( 0.0%) - isolation, receipts, fences and transaction outcomes user binding blocks arbitrary own profiles and forged actor labels
    /tests/unit/runtimeMetadataAuth/handlers.test.ts

10. [32m✓[0m    0.00s ( 0.0%) - isolation, receipts, fences and transaction outcomes tenant-wide undefined-space and explicit concrete-space records stay separate
    /tests/unit/runtimeMetadataAuth/handlers.test.ts

11. [32m✓[0m    0.00s ( 0.0%) - isolation, receipts, fences and transaction outcomes batch authorization and numeric validation preflight later operations with rollback
    /tests/unit/runtimeMetadataAuth/handlers.test.ts

12. [32m✓[0m    0.00s ( 0.0%) - 36 registered modern public handlers immutable:purge authorized outcomes
    /tests/unit/runtimeMetadataAuth/handlers.test.ts

13. [32m✓[0m    0.00s ( 0.0%) - 36 registered modern public handlers immutable:purge rejects missing verified identity without writes
    /tests/unit/runtimeMetadataAuth/handlers.test.ts

14. [32m✓[0m    0.00s ( 0.0%) - 36 registered modern public handlers mutable:set rejects missing verified identity without writes
    /tests/unit/runtimeMetadataAuth/handlers.test.ts

15. [32m✓[0m    0.00s ( 0.0%) - 36 registered modern public handlers sessions:get rejects forged tenant without writes
    /tests/unit/runtimeMetadataAuth/handlers.test.ts

16. [32m✓[0m    0.00s ( 0.0%) - isolation, receipts, fences and transaction outcomes same scoped composite key with a foreign owner duplicate denies even when own row exists
    /tests/unit/runtimeMetadataAuth/handlers.test.ts

17. [32m✓[0m    0.00s ( 0.0%) - isolation, receipts, fences and transaction outcomes owner and trusted scope selection precede pagination/count/search
    /tests/unit/runtimeMetadataAuth/handlers.test.ts

18. [32m✓[0m    0.00s ( 0.0%) - isolation, receipts, fences and transaction outcomes distinct tenant READ and space WRITE final READ revocation fails without receipt downgrade
    /tests/unit/runtimeMetadataAuth/handlers.test.ts

19. [32m✓[0m    0.00s ( 0.0%) - isolation, receipts, fences and transaction outcomes read expiry during final READ control lookup fails joint barrier and rolls back
    /tests/unit/runtimeMetadataAuth/handlers.test.ts

20. [32m✓[0m    0.00s ( 0.0%) - isolation, receipts, fences and transaction outcomes retained row/control tombstones block recreation and exclude lists/counts
    /tests/unit/runtimeMetadataAuth/handlers.test.ts

--------------------------------------------------------------------------------
Top 20 tests: 0.46s (6.2% of runtime)


════════════════════════════════════════════════════════════════════════════════
📈 SUMMARY
════════════════════════════════════════════════════════════════════════════════
  Total runtime:      7.44s
  Test suites:        2
  Individual tests:   160
  Long suites (>2m):  0
  Medium suites:      0
  Short suites (<30s): 2
════════════════════════════════════════════════════════════════════════════════


Test Suites: 1 failed, 1 passed, 2 total
Tests:       4 failed, 185 passed, 189 total
Snapshots:   0 total
Time:        7.443 s
Test results written to: _goals/convex-backend-runtime-2026-10-02/qa/task03-metadata-native-errors/followup/literal-original-metadata.json
Force exiting Jest: Have you considered using `--detectOpenHandles` to detect async operations that kept running after all tests finished?
