npm notice run @cortexmemory/sdk@0.37.0 build
npm notice run tsup src/index.ts --format cjs,esm --dts --clean
[34mCLI[39m Building entry: src/index.ts
[34mCLI[39m Using tsconfig: tsconfig.json
[34mCLI[39m tsup v8.5.1
[34mCLI[39m Target: es2022
[34mCLI[39m Cleaning output folder
[34mCJS[39m Build start
[34mESM[39m Build start
[32mESM[39m [1mdist/ChunkingStrategies-GIZC5TDJ.js        [22m[32m8.03 KB[39m
[32mESM[39m [1mdist/ProgressiveGraphSync-RKOWEMT5.js      [22m[32m4.35 KB[39m
[32mESM[39m [1mdist/api-FDLQT46H.js                       [22m[32m145.00 B[39m
[32mESM[39m [1mdist/StreamProcessor-NL3NUOFP.js           [22m[32m5.76 KB[39m
[32mESM[39m [1mdist/chunk-EOYUOIQS.js                     [22m[32m5.83 KB[39m
[32mESM[39m [1mdist/StreamMetrics-YNNJGIZN.js             [22m[32m119.00 B[39m
[32mESM[39m [1mdist/ProgressiveStorageHandler-KJ4VPM3O.js [22m[32m5.22 KB[39m
[32mESM[39m [1mdist/FactExtractor-F42FAMZE.js             [22m[32m7.98 KB[39m
[32mESM[39m [1mdist/chunk-VEHCF6HD.js                     [22m[32m6.28 KB[39m
[32mESM[39m [1mdist/ErrorRecovery-XMWRFTO3.js             [22m[32m7.36 KB[39m
[32mESM[39m [1mdist/chunk-24X3JR4G.js                     [22m[32m215.00 B[39m
[32mESM[39m [1mdist/AdaptiveProcessor-SHAPUARM.js         [22m[32m6.65 KB[39m
[32mESM[39m [1mdist/chunk-3RG5ZIWI.js                     [22m[32m390.00 B[39m
[32mESM[39m [1mdist/index.js                              [22m[32m714.20 KB[39m
[32mESM[39m ⚡️ Build success in 613ms
[32mCJS[39m [1mdist/index.cjs [22m[32m786.07 KB[39m
[32mCJS[39m ⚡️ Build success in 641ms
[34mDTS[39m Build start
[32mDTS[39m ⚡️ Build success in 26658ms
[32mDTS[39m [1mdist/index.d.cts [22m[32m331.01 KB[39m
[32mDTS[39m [1mdist/index.d.ts  [22m[32m331.01 KB[39m
